
> eva@0.0.0 test:integration
> vitest run --config vitest.integration.config.mts


[1m[46m RUN [49m[22m [36mv4.0.16 [39m[90mD:/PRO/PROJETS/eva[39m

[90mstdout[2m | tests/integration/auth.test.ts
[22m[39m[DB] Initializing database connection...
[DB] Connection target: postgresql://eva_user:***@localhost:5432/eva_db_test
[DB] Connection attempt 1/5...

[90mstdout[2m | tests/integration/auth.test.ts
[22m[39m[DB] New client connected to pool
[DB] Client acquired from pool

[90mstdout[2m | tests/integration/auth.test.ts
[22m[39m[DB] Connection successful! Server time: Sat Jan 31 2026 16:59:42 GMT+0100 (heure normale dÔÇÖEurope centrale)

[90mstdout[2m | tests/integration/auth.test.ts
[22m[39m[DB] Client acquired from pool

[90mstdout[2m | tests/integration/auth.test.ts[2m > [22m[2mAuth API[2m > [22m[2mPOST /api/auth/register[2m > [22m[2mshould register a new user successfully
[22m[39m[DB] Client acquired from pool

[90mstdout[2m | tests/integration/auth.test.ts[2m > [22m[2mAuth API[2m > [22m[2mPOST /api/auth/register[2m > [22m[2mshould register a new user successfully
[22m[39m[DB] Client acquired from pool

[90mstdout[2m | tests/integration/auth.test.ts[2m > [22m[2mAuth API[2m > [22m[2mPOST /api/auth/register[2m > [22m[2mshould register a new user successfully
[22m[39m[DB] Client acquired from pool

[90mstdout[2m | tests/integration/auth.test.ts[2m > [22m[2mAuth API[2m > [22m[2mPOST /api/auth/register[2m > [22m[2mshould register a new user successfully
[22m[39m[DB] Client acquired from pool

[90mstdout[2m | tests/integration/auth.test.ts[2m > [22m[2mAuth API[2m > [22m[2mPOST /api/auth/register[2m > [22m[2mshould register a new user successfully
[22m[39m[DB] Client acquired from pool

[90mstdout[2m | tests/integration/auth.test.ts[2m > [22m[2mAuth API[2m > [22m[2mPOST /api/auth/register[2m > [22m[2mshould register a new user successfully
[22m[39m[DB] Client acquired from pool

[90mstdout[2m | tests/integration/auth.test.ts[2m > [22m[2mAuth API[2m > [22m[2mPOST /api/auth/register[2m > [22m[2mshould register a new user successfully
[22m[39m[DB] Client acquired from pool

[90mstdout[2m | tests/integration/auth.test.ts[2m > [22m[2mAuth API[2m > [22m[2mPOST /api/auth/register[2m > [22m[2mshould register a new user successfully
[22m[39m[DB] Client acquired from pool

[90mstdout[2m | tests/integration/auth.test.ts[2m > [22m[2mAuth API[2m > [22m[2mPOST /api/auth/register[2m > [22m[2mshould register a new user successfully
[22m[39m[DB] Client acquired from pool

[90mstdout[2m | tests/integration/auth.test.ts[2m > [22m[2mAuth API[2m > [22m[2mPOST /api/auth/register[2m > [22m[2mshould register a new user successfully
[22m[39m[AUTH] POST /api/auth/register

[90mstdout[2m | tests/integration/auth.test.ts[2m > [22m[2mAuth API[2m > [22m[2mPOST /api/auth/register[2m > [22m[2mshould register a new user successfully
[22m[39m[DB] Client acquired from pool

[90mstdout[2m | tests/integration/auth.test.ts[2m > [22m[2mAuth API[2m > [22m[2mPOST /api/auth/register[2m > [22m[2mshould register a new user successfully
[22m[39m[DB] Client acquired from pool

[90mstdout[2m | tests/integration/auth.test.ts[2m > [22m[2mAuth API[2m > [22m[2mPOST /api/auth/register[2m > [22m[2mshould register a new user successfully
[22m[39m[DB] Client acquired from pool

[90mstdout[2m | tests/integration/auth.test.ts[2m > [22m[2mAuth API[2m > [22m[2mPOST /api/auth/register[2m > [22m[2mshould register a new user successfully
[22m[39m[AUTH] Register success for: newuser@example.com

[90mstdout[2m | tests/integration/auth.test.ts[2m > [22m[2mAuth API[2m > [22m[2mPOST /api/auth/register[2m > [22m[2mshould register a new user successfully
[22m[39m[DB] Client acquired from pool

[90mstdout[2m | tests/integration/auth.test.ts[2m > [22m[2mAuth API[2m > [22m[2mPOST /api/auth/register[2m > [22m[2mshould reject registration with existing email
[22m[39m[DB] Client acquired from pool

[90mstdout[2m | tests/integration/auth.test.ts[2m > [22m[2mAuth API[2m > [22m[2mPOST /api/auth/register[2m > [22m[2mshould reject registration with existing email
[22m[39m[DB] Client acquired from pool

[90mstdout[2m | tests/integration/auth.test.ts[2m > [22m[2mAuth API[2m > [22m[2mPOST /api/auth/register[2m > [22m[2mshould reject registration with existing email
[22m[39m[DB] Client acquired from pool

[90mstdout[2m | tests/integration/auth.test.ts[2m > [22m[2mAuth API[2m > [22m[2mPOST /api/auth/register[2m > [22m[2mshould reject registration with existing email
[22m[39m[DB] Client acquired from pool

[90mstdout[2m | tests/integration/auth.test.ts[2m > [22m[2mAuth API[2m > [22m[2mPOST /api/auth/register[2m > [22m[2mshould reject registration with existing email
[22m[39m[DB] Client acquired from pool

[90mstdout[2m | tests/integration/auth.test.ts[2m > [22m[2mAuth API[2m > [22m[2mPOST /api/auth/register[2m > [22m[2mshould reject registration with existing email
[22m[39m[DB] Client acquired from pool

[90mstdout[2m | tests/integration/auth.test.ts[2m > [22m[2mAuth API[2m > [22m[2mPOST /api/auth/register[2m > [22m[2mshould reject registration with existing email
[22m[39m[DB] Client acquired from pool

[90mstdout[2m | tests/integration/auth.test.ts[2m > [22m[2mAuth API[2m > [22m[2mPOST /api/auth/register[2m > [22m[2mshould reject registration with existing email
[22m[39m[DB] Client acquired from pool

[90mstdout[2m | tests/integration/auth.test.ts[2m > [22m[2mAuth API[2m > [22m[2mPOST /api/auth/register[2m > [22m[2mshould reject registration with existing email
[22m[39m[DB] Client acquired from pool

[90mstdout[2m | tests/integration/auth.test.ts[2m > [22m[2mAuth API[2m > [22m[2mPOST /api/auth/register[2m > [22m[2mshould reject registration with existing email
[22m[39m[AUTH] POST /api/auth/register

[90mstdout[2m | tests/integration/auth.test.ts[2m > [22m[2mAuth API[2m > [22m[2mPOST /api/auth/register[2m > [22m[2mshould reject registration with existing email
[22m[39m[DB] Client acquired from pool

[90mstdout[2m | tests/integration/auth.test.ts[2m > [22m[2mAuth API[2m > [22m[2mPOST /api/auth/register[2m > [22m[2mshould reject registration with existing email
[22m[39m[DB] Client acquired from pool

[90mstdout[2m | tests/integration/auth.test.ts[2m > [22m[2mAuth API[2m > [22m[2mPOST /api/auth/register[2m > [22m[2mshould reject registration with existing email
[22m[39m[DB] Client acquired from pool

[90mstdout[2m | tests/integration/auth.test.ts[2m > [22m[2mAuth API[2m > [22m[2mPOST /api/auth/register[2m > [22m[2mshould reject registration with existing email
[22m[39m[AUTH] Register success for: existing@example.com

[90mstdout[2m | tests/integration/auth.test.ts[2m > [22m[2mAuth API[2m > [22m[2mPOST /api/auth/register[2m > [22m[2mshould reject registration with existing email
[22m[39m[DB] Client acquired from pool

[90mstdout[2m | tests/integration/auth.test.ts[2m > [22m[2mAuth API[2m > [22m[2mPOST /api/auth/register[2m > [22m[2mshould reject registration with existing email
[22m[39m[AUTH] POST /api/auth/register

[90mstdout[2m | tests/integration/auth.test.ts[2m > [22m[2mAuth API[2m > [22m[2mPOST /api/auth/register[2m > [22m[2mshould reject registration with existing email
[22m[39m[DB] Client acquired from pool

[90mstdout[2m | tests/integration/auth.test.ts[2m > [22m[2mAuth API[2m > [22m[2mPOST /api/auth/register[2m > [22m[2mshould reject registration with existing email
[22m[39m[AUTH] Register failed: email already exists

[90mstdout[2m | tests/integration/auth.test.ts[2m > [22m[2mAuth API[2m > [22m[2mPOST /api/auth/register[2m > [22m[2mshould reject registration with invalid password
[22m[39m[DB] Client acquired from pool

[90mstdout[2m | tests/integration/auth.test.ts[2m > [22m[2mAuth API[2m > [22m[2mPOST /api/auth/register[2m > [22m[2mshould reject registration with invalid password
[22m[39m[DB] Client acquired from pool

[90mstdout[2m | tests/integration/auth.test.ts[2m > [22m[2mAuth API[2m > [22m[2mPOST /api/auth/register[2m > [22m[2mshould reject registration with invalid password
[22m[39m[DB] Client acquired from pool

[90mstdout[2m | tests/integration/auth.test.ts[2m > [22m[2mAuth API[2m > [22m[2mPOST /api/auth/register[2m > [22m[2mshould reject registration with invalid password
[22m[39m[DB] Client acquired from pool

[90mstdout[2m | tests/integration/auth.test.ts[2m > [22m[2mAuth API[2m > [22m[2mPOST /api/auth/register[2m > [22m[2mshould reject registration with invalid password
[22m[39m[DB] Client acquired from pool

[90mstdout[2m | tests/integration/auth.test.ts[2m > [22m[2mAuth API[2m > [22m[2mPOST /api/auth/register[2m > [22m[2mshould reject registration with invalid password
[22m[39m[DB] Client acquired from pool

[90mstdout[2m | tests/integration/auth.test.ts[2m > [22m[2mAuth API[2m > [22m[2mPOST /api/auth/register[2m > [22m[2mshould reject registration with invalid password
[22m[39m[DB] Client acquired from pool

[90mstdout[2m | tests/integration/auth.test.ts[2m > [22m[2mAuth API[2m > [22m[2mPOST /api/auth/register[2m > [22m[2mshould reject registration with invalid password
[22m[39m[DB] Client acquired from pool

[90mstdout[2m | tests/integration/auth.test.ts[2m > [22m[2mAuth API[2m > [22m[2mPOST /api/auth/register[2m > [22m[2mshould reject registration with invalid password
[22m[39m[DB] Client acquired from pool

[90mstdout[2m | tests/integration/auth.test.ts[2m > [22m[2mAuth API[2m > [22m[2mPOST /api/auth/register[2m > [22m[2mshould reject registration with invalid password
[22m[39m[AUTH] POST /api/auth/register
[AUTH] Register failed: password validation failed

[90mstdout[2m | tests/integration/auth.test.ts[2m > [22m[2mAuth API[2m > [22m[2mPOST /api/auth/register[2m > [22m[2mshould reject registration with invalid email
[22m[39m[DB] Client acquired from pool

[90mstdout[2m | tests/integration/auth.test.ts[2m > [22m[2mAuth API[2m > [22m[2mPOST /api/auth/register[2m > [22m[2mshould reject registration with invalid email
[22m[39m[DB] Client acquired from pool

[90mstdout[2m | tests/integration/auth.test.ts[2m > [22m[2mAuth API[2m > [22m[2mPOST /api/auth/register[2m > [22m[2mshould reject registration with invalid email
[22m[39m[DB] Client acquired from pool

[90mstdout[2m | tests/integration/auth.test.ts[2m > [22m[2mAuth API[2m > [22m[2mPOST /api/auth/register[2m > [22m[2mshould reject registration with invalid email
[22m[39m[DB] Client acquired from pool

[90mstdout[2m | tests/integration/auth.test.ts[2m > [22m[2mAuth API[2m > [22m[2mPOST /api/auth/register[2m > [22m[2mshould reject registration with invalid email
[22m[39m[DB] Client acquired from pool

[90mstdout[2m | tests/integration/auth.test.ts[2m > [22m[2mAuth API[2m > [22m[2mPOST /api/auth/register[2m > [22m[2mshould reject registration with invalid email
[22m[39m[DB] Client acquired from pool

[90mstdout[2m | tests/integration/auth.test.ts[2m > [22m[2mAuth API[2m > [22m[2mPOST /api/auth/register[2m > [22m[2mshould reject registration with invalid email
[22m[39m[DB] Client acquired from pool

[90mstdout[2m | tests/integration/auth.test.ts[2m > [22m[2mAuth API[2m > [22m[2mPOST /api/auth/register[2m > [22m[2mshould reject registration with invalid email
[22m[39m[DB] Client acquired from pool

[90mstdout[2m | tests/integration/auth.test.ts[2m > [22m[2mAuth API[2m > [22m[2mPOST /api/auth/register[2m > [22m[2mshould reject registration with invalid email
[22m[39m[DB] Client acquired from pool

[90mstdout[2m | tests/integration/auth.test.ts[2m > [22m[2mAuth API[2m > [22m[2mPOST /api/auth/register[2m > [22m[2mshould reject registration with invalid email
[22m[39m[AUTH] POST /api/auth/register
[AUTH] Register failed: invalid email format

[90mstdout[2m | tests/integration/auth.test.ts[2m > [22m[2mAuth API[2m > [22m[2mPOST /api/auth/register[2m > [22m[2mshould reject registration with invalid username
[22m[39m[DB] Client acquired from pool

[90mstdout[2m | tests/integration/auth.test.ts[2m > [22m[2mAuth API[2m > [22m[2mPOST /api/auth/register[2m > [22m[2mshould reject registration with invalid username
[22m[39m[DB] Client acquired from pool

[90mstdout[2m | tests/integration/auth.test.ts[2m > [22m[2mAuth API[2m > [22m[2mPOST /api/auth/register[2m > [22m[2mshould reject registration with invalid username
[22m[39m[DB] Client acquired from pool

[90mstdout[2m | tests/integration/auth.test.ts[2m > [22m[2mAuth API[2m > [22m[2mPOST /api/auth/register[2m > [22m[2mshould reject registration with invalid username
[22m[39m[DB] Client acquired from pool

[90mstdout[2m | tests/integration/auth.test.ts[2m > [22m[2mAuth API[2m > [22m[2mPOST /api/auth/register[2m > [22m[2mshould reject registration with invalid username
[22m[39m[DB] Client acquired from pool

[90mstdout[2m | tests/integration/auth.test.ts[2m > [22m[2mAuth API[2m > [22m[2mPOST /api/auth/register[2m > [22m[2mshould reject registration with invalid username
[22m[39m[DB] Client acquired from pool

[90mstdout[2m | tests/integration/auth.test.ts[2m > [22m[2mAuth API[2m > [22m[2mPOST /api/auth/register[2m > [22m[2mshould reject registration with invalid username
[22m[39m[DB] Client acquired from pool

[90mstdout[2m | tests/integration/auth.test.ts[2m > [22m[2mAuth API[2m > [22m[2mPOST /api/auth/register[2m > [22m[2mshould reject registration with invalid username
[22m[39m[DB] Client acquired from pool

[90mstdout[2m | tests/integration/auth.test.ts[2m > [22m[2mAuth API[2m > [22m[2mPOST /api/auth/register[2m > [22m[2mshould reject registration with invalid username
[22m[39m[DB] Client acquired from pool

[90mstdout[2m | tests/integration/auth.test.ts[2m > [22m[2mAuth API[2m > [22m[2mPOST /api/auth/register[2m > [22m[2mshould reject registration with invalid username
[22m[39m[AUTH] POST /api/auth/register
[AUTH] Register failed: name validation failed

[90mstdout[2m | tests/integration/auth.test.ts[2m > [22m[2mAuth API[2m > [22m[2mPOST /api/auth/login[2m > [22m[2mshould login successfully with valid credentials
[22m[39m[DB] Client acquired from pool

[90mstdout[2m | tests/integration/auth.test.ts[2m > [22m[2mAuth API[2m > [22m[2mPOST /api/auth/login[2m > [22m[2mshould login successfully with valid credentials
[22m[39m[DB] Client acquired from pool

[90mstdout[2m | tests/integration/auth.test.ts[2m > [22m[2mAuth API[2m > [22m[2mPOST /api/auth/login[2m > [22m[2mshould login successfully with valid credentials
[22m[39m[DB] Client acquired from pool

[90mstdout[2m | tests/integration/auth.test.ts[2m > [22m[2mAuth API[2m > [22m[2mPOST /api/auth/login[2m > [22m[2mshould login successfully with valid credentials
[22m[39m[DB] Client acquired from pool

[90mstdout[2m | tests/integration/auth.test.ts[2m > [22m[2mAuth API[2m > [22m[2mPOST /api/auth/login[2m > [22m[2mshould login successfully with valid credentials
[22m[39m[DB] Client acquired from pool

[90mstdout[2m | tests/integration/auth.test.ts[2m > [22m[2mAuth API[2m > [22m[2mPOST /api/auth/login[2m > [22m[2mshould login successfully with valid credentials
[22m[39m[DB] Client acquired from pool

[90mstdout[2m | tests/integration/auth.test.ts[2m > [22m[2mAuth API[2m > [22m[2mPOST /api/auth/login[2m > [22m[2mshould login successfully with valid credentials
[22m[39m[DB] Client acquired from pool

[90mstdout[2m | tests/integration/auth.test.ts[2m > [22m[2mAuth API[2m > [22m[2mPOST /api/auth/login[2m > [22m[2mshould login successfully with valid credentials
[22m[39m[DB] Client acquired from pool

[90mstdout[2m | tests/integration/auth.test.ts[2m > [22m[2mAuth API[2m > [22m[2mPOST /api/auth/login[2m > [22m[2mshould login successfully with valid credentials
[22m[39m[DB] Client acquired from pool

[90mstdout[2m | tests/integration/auth.test.ts[2m > [22m[2mAuth API[2m > [22m[2mPOST /api/auth/login[2m > [22m[2mshould login successfully with valid credentials
[22m[39m[AUTH] POST /api/auth/register

[90mstdout[2m | tests/integration/auth.test.ts[2m > [22m[2mAuth API[2m > [22m[2mPOST /api/auth/login[2m > [22m[2mshould login successfully with valid credentials
[22m[39m[DB] Client acquired from pool

[90mstdout[2m | tests/integration/auth.test.ts[2m > [22m[2mAuth API[2m > [22m[2mPOST /api/auth/login[2m > [22m[2mshould login successfully with valid credentials
[22m[39m[DB] Client acquired from pool

[90mstdout[2m | tests/integration/auth.test.ts[2m > [22m[2mAuth API[2m > [22m[2mPOST /api/auth/login[2m > [22m[2mshould login successfully with valid credentials
[22m[39m[DB] Client acquired from pool

[90mstdout[2m | tests/integration/auth.test.ts[2m > [22m[2mAuth API[2m > [22m[2mPOST /api/auth/login[2m > [22m[2mshould login successfully with valid credentials
[22m[39m[AUTH] Register success for: login@example.com

[90mstdout[2m | tests/integration/auth.test.ts[2m > [22m[2mAuth API[2m > [22m[2mPOST /api/auth/login[2m > [22m[2mshould login successfully with valid credentials
[22m[39m[DB] Client acquired from pool

[90mstdout[2m | tests/integration/auth.test.ts[2m > [22m[2mAuth API[2m > [22m[2mPOST /api/auth/login[2m > [22m[2mshould login successfully with valid credentials
[22m[39m[AUTH] POST /api/auth/login
[AUTH] Login attempt for: login@example.com

[90mstdout[2m | tests/integration/auth.test.ts[2m > [22m[2mAuth API[2m > [22m[2mPOST /api/auth/login[2m > [22m[2mshould login successfully with valid credentials
[22m[39m[DB] Client acquired from pool

[90mstdout[2m | tests/integration/auth.test.ts[2m > [22m[2mAuth API[2m > [22m[2mPOST /api/auth/login[2m > [22m[2mshould login successfully with valid credentials
[22m[39m[DB] Client acquired from pool

[90mstdout[2m | tests/integration/auth.test.ts[2m > [22m[2mAuth API[2m > [22m[2mPOST /api/auth/login[2m > [22m[2mshould login successfully with valid credentials
[22m[39m[DB] Client acquired from pool

[90mstdout[2m | tests/integration/auth.test.ts[2m > [22m[2mAuth API[2m > [22m[2mPOST /api/auth/login[2m > [22m[2mshould login successfully with valid credentials
[22m[39m[DB] New client connected to pool
[DB] Client acquired from pool

[90mstdout[2m | tests/integration/auth.test.ts[2m > [22m[2mAuth API[2m > [22m[2mPOST /api/auth/login[2m > [22m[2mshould login successfully with valid credentials
[22m[39m[DB] New client connected to pool
[DB] Client acquired from pool

[90mstdout[2m | tests/integration/auth.test.ts[2m > [22m[2mAuth API[2m > [22m[2mPOST /api/auth/login[2m > [22m[2mshould login successfully with valid credentials
[22m[39m[DB] Client acquired from pool

[90mstdout[2m | tests/integration/auth.test.ts[2m > [22m[2mAuth API[2m > [22m[2mPOST /api/auth/login[2m > [22m[2mshould login successfully with valid credentials
[22m[39m[DB] Client acquired from pool

[90mstdout[2m | tests/integration/auth.test.ts[2m > [22m[2mAuth API[2m > [22m[2mPOST /api/auth/login[2m > [22m[2mshould login successfully with valid credentials
[22m[39m[DB] Client acquired from pool

[90mstdout[2m | tests/integration/auth.test.ts[2m > [22m[2mAuth API[2m > [22m[2mPOST /api/auth/login[2m > [22m[2mshould login successfully with valid credentials
[22m[39m[DB] Client acquired from pool
[DB] Client acquired from pool
[DB] Client acquired from pool

[90mstdout[2m | tests/integration/auth.test.ts[2m > [22m[2mAuth API[2m > [22m[2mPOST /api/auth/login[2m > [22m[2mshould login successfully with valid credentials
[22m[39m[DB] Client acquired from pool

[90mstdout[2m | tests/integration/auth.test.ts[2m > [22m[2mAuth API[2m > [22m[2mPOST /api/auth/login[2m > [22m[2mshould login successfully with valid credentials
[22m[39m[AUTH] Login success for: login@example.com

[90mstdout[2m | tests/integration/auth.test.ts[2m > [22m[2mAuth API[2m > [22m[2mPOST /api/auth/login[2m > [22m[2mshould login with email case-insensitive
[22m[39m[DB] Client acquired from pool

[90mstdout[2m | tests/integration/auth.test.ts[2m > [22m[2mAuth API[2m > [22m[2mPOST /api/auth/login[2m > [22m[2mshould login with email case-insensitive
[22m[39m[DB] Client acquired from pool

[90mstdout[2m | tests/integration/auth.test.ts[2m > [22m[2mAuth API[2m > [22m[2mPOST /api/auth/login[2m > [22m[2mshould login with email case-insensitive
[22m[39m[DB] Client acquired from pool

[90mstdout[2m | tests/integration/auth.test.ts[2m > [22m[2mAuth API[2m > [22m[2mPOST /api/auth/login[2m > [22m[2mshould login with email case-insensitive
[22m[39m[DB] Client acquired from pool

[90mstdout[2m | tests/integration/auth.test.ts[2m > [22m[2mAuth API[2m > [22m[2mPOST /api/auth/login[2m > [22m[2mshould login with email case-insensitive
[22m[39m[DB] Client acquired from pool

[90mstdout[2m | tests/integration/auth.test.ts[2m > [22m[2mAuth API[2m > [22m[2mPOST /api/auth/login[2m > [22m[2mshould login with email case-insensitive
[22m[39m[DB] Client acquired from pool

[90mstdout[2m | tests/integration/auth.test.ts[2m > [22m[2mAuth API[2m > [22m[2mPOST /api/auth/login[2m > [22m[2mshould login with email case-insensitive
[22m[39m[DB] Client acquired from pool

[90mstdout[2m | tests/integration/auth.test.ts[2m > [22m[2mAuth API[2m > [22m[2mPOST /api/auth/login[2m > [22m[2mshould login with email case-insensitive
[22m[39m[DB] Client acquired from pool

[90mstdout[2m | tests/integration/auth.test.ts[2m > [22m[2mAuth API[2m > [22m[2mPOST /api/auth/login[2m > [22m[2mshould login with email case-insensitive
[22m[39m[DB] Client acquired from pool

[90mstdout[2m | tests/integration/auth.test.ts[2m > [22m[2mAuth API[2m > [22m[2mPOST /api/auth/login[2m > [22m[2mshould login with email case-insensitive
[22m[39m[AUTH] POST /api/auth/register

[90mstdout[2m | tests/integration/auth.test.ts[2m > [22m[2mAuth API[2m > [22m[2mPOST /api/auth/login[2m > [22m[2mshould login with email case-insensitive
[22m[39m[DB] Client acquired from pool

[90mstdout[2m | tests/integration/auth.test.ts[2m > [22m[2mAuth API[2m > [22m[2mPOST /api/auth/login[2m > [22m[2mshould login with email case-insensitive
[22m[39m[DB] Client acquired from pool

[90mstdout[2m | tests/integration/auth.test.ts[2m > [22m[2mAuth API[2m > [22m[2mPOST /api/auth/login[2m > [22m[2mshould login with email case-insensitive
[22m[39m[DB] Client acquired from pool

[90mstdout[2m | tests/integration/auth.test.ts[2m > [22m[2mAuth API[2m > [22m[2mPOST /api/auth/login[2m > [22m[2mshould login with email case-insensitive
[22m[39m[AUTH] Register success for: CaseTest@Example.com

[90mstdout[2m | tests/integration/auth.test.ts[2m > [22m[2mAuth API[2m > [22m[2mPOST /api/auth/login[2m > [22m[2mshould login with email case-insensitive
[22m[39m[DB] Client acquired from pool

[90mstdout[2m | tests/integration/auth.test.ts[2m > [22m[2mAuth API[2m > [22m[2mPOST /api/auth/login[2m > [22m[2mshould login with email case-insensitive
[22m[39m[AUTH] POST /api/auth/login
[AUTH] Login attempt for: casetest@example.com

[90mstdout[2m | tests/integration/auth.test.ts[2m > [22m[2mAuth API[2m > [22m[2mPOST /api/auth/login[2m > [22m[2mshould login with email case-insensitive
[22m[39m[DB] Client acquired from pool

[90mstdout[2m | tests/integration/auth.test.ts[2m > [22m[2mAuth API[2m > [22m[2mPOST /api/auth/login[2m > [22m[2mshould login with email case-insensitive
[22m[39m[DB] Client acquired from pool
[DB] Client acquired from pool
[DB] Client acquired from pool

[90mstdout[2m | tests/integration/auth.test.ts[2m > [22m[2mAuth API[2m > [22m[2mPOST /api/auth/login[2m > [22m[2mshould login with email case-insensitive
[22m[39m[DB] Client acquired from pool

[90mstdout[2m | tests/integration/auth.test.ts[2m > [22m[2mAuth API[2m > [22m[2mPOST /api/auth/login[2m > [22m[2mshould login with email case-insensitive
[22m[39m[DB] Client acquired from pool

[90mstdout[2m | tests/integration/auth.test.ts[2m > [22m[2mAuth API[2m > [22m[2mPOST /api/auth/login[2m > [22m[2mshould login with email case-insensitive
[22m[39m[DB] Client acquired from pool

[90mstdout[2m | tests/integration/auth.test.ts[2m > [22m[2mAuth API[2m > [22m[2mPOST /api/auth/login[2m > [22m[2mshould login with email case-insensitive
[22m[39m[DB] Client acquired from pool

[90mstdout[2m | tests/integration/auth.test.ts[2m > [22m[2mAuth API[2m > [22m[2mPOST /api/auth/login[2m > [22m[2mshould login with email case-insensitive
[22m[39m[DB] Client acquired from pool
[DB] Client acquired from pool
[DB] Client acquired from pool

[90mstdout[2m | tests/integration/auth.test.ts[2m > [22m[2mAuth API[2m > [22m[2mPOST /api/auth/login[2m > [22m[2mshould login with email case-insensitive
[22m[39m[DB] Client acquired from pool

[90mstdout[2m | tests/integration/auth.test.ts[2m > [22m[2mAuth API[2m > [22m[2mPOST /api/auth/login[2m > [22m[2mshould login with email case-insensitive
[22m[39m[AUTH] Login success for: casetest@example.com

[90mstdout[2m | tests/integration/auth.test.ts[2m > [22m[2mAuth API[2m > [22m[2mPOST /api/auth/login[2m > [22m[2mshould reject login with wrong password
[22m[39m[DB] Client acquired from pool

[90mstdout[2m | tests/integration/auth.test.ts[2m > [22m[2mAuth API[2m > [22m[2mPOST /api/auth/login[2m > [22m[2mshould reject login with wrong password
[22m[39m[DB] Client acquired from pool

[90mstdout[2m | tests/integration/auth.test.ts[2m > [22m[2mAuth API[2m > [22m[2mPOST /api/auth/login[2m > [22m[2mshould reject login with wrong password
[22m[39m[DB] Client acquired from pool

[90mstdout[2m | tests/integration/auth.test.ts[2m > [22m[2mAuth API[2m > [22m[2mPOST /api/auth/login[2m > [22m[2mshould reject login with wrong password
[22m[39m[DB] Client acquired from pool

[90mstdout[2m | tests/integration/auth.test.ts[2m > [22m[2mAuth API[2m > [22m[2mPOST /api/auth/login[2m > [22m[2mshould reject login with wrong password
[22m[39m[DB] Client acquired from pool

[90mstdout[2m | tests/integration/auth.test.ts[2m > [22m[2mAuth API[2m > [22m[2mPOST /api/auth/login[2m > [22m[2mshould reject login with wrong password
[22m[39m[DB] Client acquired from pool

[90mstdout[2m | tests/integration/auth.test.ts[2m > [22m[2mAuth API[2m > [22m[2mPOST /api/auth/login[2m > [22m[2mshould reject login with wrong password
[22m[39m[DB] Client acquired from pool

[90mstdout[2m | tests/integration/auth.test.ts[2m > [22m[2mAuth API[2m > [22m[2mPOST /api/auth/login[2m > [22m[2mshould reject login with wrong password
[22m[39m[DB] Client acquired from pool

[90mstdout[2m | tests/integration/auth.test.ts[2m > [22m[2mAuth API[2m > [22m[2mPOST /api/auth/login[2m > [22m[2mshould reject login with wrong password
[22m[39m[DB] Client acquired from pool

[90mstdout[2m | tests/integration/auth.test.ts[2m > [22m[2mAuth API[2m > [22m[2mPOST /api/auth/login[2m > [22m[2mshould reject login with wrong password
[22m[39m[AUTH] POST /api/auth/register

[90mstdout[2m | tests/integration/auth.test.ts[2m > [22m[2mAuth API[2m > [22m[2mPOST /api/auth/login[2m > [22m[2mshould reject login with wrong password
[22m[39m[DB] Client acquired from pool

[90mstdout[2m | tests/integration/auth.test.ts[2m > [22m[2mAuth API[2m > [22m[2mPOST /api/auth/login[2m > [22m[2mshould reject login with wrong password
[22m[39m[DB] Client acquired from pool

[90mstdout[2m | tests/integration/auth.test.ts[2m > [22m[2mAuth API[2m > [22m[2mPOST /api/auth/login[2m > [22m[2mshould reject login with wrong password
[22m[39m[DB] Client acquired from pool

[90mstdout[2m | tests/integration/auth.test.ts[2m > [22m[2mAuth API[2m > [22m[2mPOST /api/auth/login[2m > [22m[2mshould reject login with wrong password
[22m[39m[AUTH] Register success for: wrongpass@example.com

[90mstdout[2m | tests/integration/auth.test.ts[2m > [22m[2mAuth API[2m > [22m[2mPOST /api/auth/login[2m > [22m[2mshould reject login with wrong password
[22m[39m[DB] Client acquired from pool

[90mstdout[2m | tests/integration/auth.test.ts[2m > [22m[2mAuth API[2m > [22m[2mPOST /api/auth/login[2m > [22m[2mshould reject login with wrong password
[22m[39m[AUTH] POST /api/auth/login
[AUTH] Login attempt for: wrongpass@example.com

[90mstdout[2m | tests/integration/auth.test.ts[2m > [22m[2mAuth API[2m > [22m[2mPOST /api/auth/login[2m > [22m[2mshould reject login with wrong password
[22m[39m[DB] Client acquired from pool

[90mstdout[2m | tests/integration/auth.test.ts[2m > [22m[2mAuth API[2m > [22m[2mPOST /api/auth/login[2m > [22m[2mshould reject login with wrong password
[22m[39m[DB] Client acquired from pool
[DB] Client acquired from pool
[DB] Client acquired from pool

[90mstdout[2m | tests/integration/auth.test.ts[2m > [22m[2mAuth API[2m > [22m[2mPOST /api/auth/login[2m > [22m[2mshould reject login with wrong password
[22m[39m[DB] Client acquired from pool

[90mstdout[2m | tests/integration/auth.test.ts[2m > [22m[2mAuth API[2m > [22m[2mPOST /api/auth/login[2m > [22m[2mshould reject login with wrong password
[22m[39m[DB] Client acquired from pool

[90mstdout[2m | tests/integration/auth.test.ts[2m > [22m[2mAuth API[2m > [22m[2mPOST /api/auth/login[2m > [22m[2mshould reject login with wrong password
[22m[39m[AUTH] Login failed: invalid password

[90mstdout[2m | tests/integration/auth.test.ts[2m > [22m[2mAuth API[2m > [22m[2mPOST /api/auth/login[2m > [22m[2mshould reject login with non-existent user
[22m[39m[DB] Client acquired from pool

[90mstdout[2m | tests/integration/auth.test.ts[2m > [22m[2mAuth API[2m > [22m[2mPOST /api/auth/login[2m > [22m[2mshould reject login with non-existent user
[22m[39m[DB] Client acquired from pool

[90mstdout[2m | tests/integration/auth.test.ts[2m > [22m[2mAuth API[2m > [22m[2mPOST /api/auth/login[2m > [22m[2mshould reject login with non-existent user
[22m[39m[DB] Client acquired from pool

[90mstdout[2m | tests/integration/auth.test.ts[2m > [22m[2mAuth API[2m > [22m[2mPOST /api/auth/login[2m > [22m[2mshould reject login with non-existent user
[22m[39m[DB] Client acquired from pool

[90mstdout[2m | tests/integration/auth.test.ts[2m > [22m[2mAuth API[2m > [22m[2mPOST /api/auth/login[2m > [22m[2mshould reject login with non-existent user
[22m[39m[DB] Client acquired from pool

[90mstdout[2m | tests/integration/auth.test.ts[2m > [22m[2mAuth API[2m > [22m[2mPOST /api/auth/login[2m > [22m[2mshould reject login with non-existent user
[22m[39m[DB] Client acquired from pool

[90mstdout[2m | tests/integration/auth.test.ts[2m > [22m[2mAuth API[2m > [22m[2mPOST /api/auth/login[2m > [22m[2mshould reject login with non-existent user
[22m[39m[DB] Client acquired from pool

[90mstdout[2m | tests/integration/auth.test.ts[2m > [22m[2mAuth API[2m > [22m[2mPOST /api/auth/login[2m > [22m[2mshould reject login with non-existent user
[22m[39m[DB] Client acquired from pool

[90mstdout[2m | tests/integration/auth.test.ts[2m > [22m[2mAuth API[2m > [22m[2mPOST /api/auth/login[2m > [22m[2mshould reject login with non-existent user
[22m[39m[DB] Client acquired from pool

[90mstdout[2m | tests/integration/auth.test.ts[2m > [22m[2mAuth API[2m > [22m[2mPOST /api/auth/login[2m > [22m[2mshould reject login with non-existent user
[22m[39m[AUTH] POST /api/auth/login
[AUTH] Login attempt for: nonexistent@example.com

[90mstdout[2m | tests/integration/auth.test.ts[2m > [22m[2mAuth API[2m > [22m[2mPOST /api/auth/login[2m > [22m[2mshould reject login with non-existent user
[22m[39m[DB] Client acquired from pool

[90mstdout[2m | tests/integration/auth.test.ts[2m > [22m[2mAuth API[2m > [22m[2mPOST /api/auth/login[2m > [22m[2mshould reject login with non-existent user
[22m[39m[DB] Client acquired from pool
[DB] Client acquired from pool
[DB] Client acquired from pool

[90mstdout[2m | tests/integration/auth.test.ts[2m > [22m[2mAuth API[2m > [22m[2mPOST /api/auth/login[2m > [22m[2mshould reject login with non-existent user
[22m[39m[DB] Client acquired from pool

[90mstdout[2m | tests/integration/auth.test.ts[2m > [22m[2mAuth API[2m > [22m[2mPOST /api/auth/login[2m > [22m[2mshould reject login with non-existent user
[22m[39m[DB] Client acquired from pool

[90mstdout[2m | tests/integration/auth.test.ts[2m > [22m[2mAuth API[2m > [22m[2mPOST /api/auth/login[2m > [22m[2mshould reject login with non-existent user
[22m[39m[AUTH] Login failed: account not found

[90mstdout[2m | tests/integration/auth.test.ts[2m > [22m[2mAuth API[2m > [22m[2mPOST /api/auth/login[2m > [22m[2mshould return same error for wrong email and wrong password (security)
[22m[39m[DB] Client acquired from pool

[90mstdout[2m | tests/integration/auth.test.ts[2m > [22m[2mAuth API[2m > [22m[2mPOST /api/auth/login[2m > [22m[2mshould return same error for wrong email and wrong password (security)
[22m[39m[DB] Client acquired from pool

[90mstdout[2m | tests/integration/auth.test.ts[2m > [22m[2mAuth API[2m > [22m[2mPOST /api/auth/login[2m > [22m[2mshould return same error for wrong email and wrong password (security)
[22m[39m[DB] Client acquired from pool

[90mstdout[2m | tests/integration/auth.test.ts[2m > [22m[2mAuth API[2m > [22m[2mPOST /api/auth/login[2m > [22m[2mshould return same error for wrong email and wrong password (security)
[22m[39m[DB] Client acquired from pool

[90mstdout[2m | tests/integration/auth.test.ts[2m > [22m[2mAuth API[2m > [22m[2mPOST /api/auth/login[2m > [22m[2mshould return same error for wrong email and wrong password (security)
[22m[39m[DB] Client acquired from pool

[90mstdout[2m | tests/integration/auth.test.ts[2m > [22m[2mAuth API[2m > [22m[2mPOST /api/auth/login[2m > [22m[2mshould return same error for wrong email and wrong password (security)
[22m[39m[DB] Client acquired from pool

[90mstdout[2m | tests/integration/auth.test.ts[2m > [22m[2mAuth API[2m > [22m[2mPOST /api/auth/login[2m > [22m[2mshould return same error for wrong email and wrong password (security)
[22m[39m[DB] Client acquired from pool

[90mstdout[2m | tests/integration/auth.test.ts[2m > [22m[2mAuth API[2m > [22m[2mPOST /api/auth/login[2m > [22m[2mshould return same error for wrong email and wrong password (security)
[22m[39m[DB] Client acquired from pool

[90mstdout[2m | tests/integration/auth.test.ts[2m > [22m[2mAuth API[2m > [22m[2mPOST /api/auth/login[2m > [22m[2mshould return same error for wrong email and wrong password (security)
[22m[39m[DB] Client acquired from pool

[90mstdout[2m | tests/integration/auth.test.ts[2m > [22m[2mAuth API[2m > [22m[2mPOST /api/auth/login[2m > [22m[2mshould return same error for wrong email and wrong password (security)
[22m[39m[AUTH] POST /api/auth/register

[90mstdout[2m | tests/integration/auth.test.ts[2m > [22m[2mAuth API[2m > [22m[2mPOST /api/auth/login[2m > [22m[2mshould return same error for wrong email and wrong password (security)
[22m[39m[DB] Client acquired from pool

[90mstdout[2m | tests/integration/auth.test.ts[2m > [22m[2mAuth API[2m > [22m[2mPOST /api/auth/login[2m > [22m[2mshould return same error for wrong email and wrong password (security)
[22m[39m[DB] Client acquired from pool

[90mstdout[2m | tests/integration/auth.test.ts[2m > [22m[2mAuth API[2m > [22m[2mPOST /api/auth/login[2m > [22m[2mshould return same error for wrong email and wrong password (security)
[22m[39m[DB] Client acquired from pool

[90mstdout[2m | tests/integration/auth.test.ts[2m > [22m[2mAuth API[2m > [22m[2mPOST /api/auth/login[2m > [22m[2mshould return same error for wrong email and wrong password (security)
[22m[39m[AUTH] Register success for: security@example.com

[90mstdout[2m | tests/integration/auth.test.ts[2m > [22m[2mAuth API[2m > [22m[2mPOST /api/auth/login[2m > [22m[2mshould return same error for wrong email and wrong password (security)
[22m[39m[DB] Client acquired from pool

[90mstdout[2m | tests/integration/auth.test.ts[2m > [22m[2mAuth API[2m > [22m[2mPOST /api/auth/login[2m > [22m[2mshould return same error for wrong email and wrong password (security)
[22m[39m[AUTH] POST /api/auth/login
[AUTH] Login attempt for: wrongemail@example.com

[90mstdout[2m | tests/integration/auth.test.ts[2m > [22m[2mAuth API[2m > [22m[2mPOST /api/auth/login[2m > [22m[2mshould return same error for wrong email and wrong password (security)
[22m[39m[DB] Client acquired from pool

[90mstdout[2m | tests/integration/auth.test.ts[2m > [22m[2mAuth API[2m > [22m[2mPOST /api/auth/login[2m > [22m[2mshould return same error for wrong email and wrong password (security)
[22m[39m[DB] Client acquired from pool
[DB] Client acquired from pool
[DB] Client acquired from pool

[90mstdout[2m | tests/integration/auth.test.ts[2m > [22m[2mAuth API[2m > [22m[2mPOST /api/auth/login[2m > [22m[2mshould return same error for wrong email and wrong password (security)
[22m[39m[DB] Client acquired from pool

[90mstdout[2m | tests/integration/auth.test.ts[2m > [22m[2mAuth API[2m > [22m[2mPOST /api/auth/login[2m > [22m[2mshould return same error for wrong email and wrong password (security)
[22m[39m[DB] Client acquired from pool

[90mstdout[2m | tests/integration/auth.test.ts[2m > [22m[2mAuth API[2m > [22m[2mPOST /api/auth/login[2m > [22m[2mshould return same error for wrong email and wrong password (security)
[22m[39m[AUTH] Login failed: account not found

[90mstdout[2m | tests/integration/auth.test.ts[2m > [22m[2mAuth API[2m > [22m[2mPOST /api/auth/login[2m > [22m[2mshould return same error for wrong email and wrong password (security)
[22m[39m[AUTH] POST /api/auth/login
[AUTH] Login attempt for: security@example.com

[90mstdout[2m | tests/integration/auth.test.ts[2m > [22m[2mAuth API[2m > [22m[2mPOST /api/auth/login[2m > [22m[2mshould return same error for wrong email and wrong password (security)
[22m[39m[DB] Client acquired from pool

[90mstdout[2m | tests/integration/auth.test.ts[2m > [22m[2mAuth API[2m > [22m[2mPOST /api/auth/login[2m > [22m[2mshould return same error for wrong email and wrong password (security)
[22m[39m[DB] Client acquired from pool
[DB] Client acquired from pool
[DB] Client acquired from pool

[90mstdout[2m | tests/integration/auth.test.ts[2m > [22m[2mAuth API[2m > [22m[2mPOST /api/auth/login[2m > [22m[2mshould return same error for wrong email and wrong password (security)
[22m[39m[DB] Client acquired from pool

[90mstdout[2m | tests/integration/auth.test.ts[2m > [22m[2mAuth API[2m > [22m[2mPOST /api/auth/login[2m > [22m[2mshould return same error for wrong email and wrong password (security)
[22m[39m[DB] Client acquired from pool

[90mstdout[2m | tests/integration/auth.test.ts[2m > [22m[2mAuth API[2m > [22m[2mPOST /api/auth/login[2m > [22m[2mshould return same error for wrong email and wrong password (security)
[22m[39m[AUTH] Login failed: invalid password

[90mstdout[2m | tests/integration/auth.test.ts
[22m[39m[DB] Client acquired from pool

[90mstdout[2m | tests/integration/auth.test.ts
[22m[39m[DB] Client acquired from pool

[90mstdout[2m | tests/integration/auth.test.ts
[22m[39m[DB] Client acquired from pool

[90mstdout[2m | tests/integration/auth.test.ts
[22m[39m[DB] Client acquired from pool

[90mstdout[2m | tests/integration/auth.test.ts
[22m[39m[DB] Client acquired from pool

[90mstdout[2m | tests/integration/auth.test.ts
[22m[39m[DB] Client acquired from pool

[90mstdout[2m | tests/integration/auth.test.ts
[22m[39m[DB] Client acquired from pool

[90mstdout[2m | tests/integration/auth.test.ts
[22m[39m[DB] Client acquired from pool

[90mstdout[2m | tests/integration/auth.test.ts
[22m[39m[DB] Client acquired from pool

 [31mÔØ»[39m tests/integration/auth.test.ts [2m([22m[2m10 tests[22m[2m | [22m[31m1 failed[39m[2m)[22m[33m 821[2mms[22m[39m
       [32mÔ£ô[39m should register a new user successfully[32m 113[2mms[22m[39m
       [32mÔ£ô[39m should reject registration with existing email[32m 74[2mms[22m[39m
       [32mÔ£ô[39m should reject registration with invalid password[32m 9[2mms[22m[39m
       [32mÔ£ô[39m should reject registration with invalid email[32m 9[2mms[22m[39m
       [32mÔ£ô[39m should reject registration with invalid username[32m 10[2mms[22m[39m
[31m       [31m├ù[31m should login successfully with valid credentials[39m[32m 145[2mms[22m[39m
       [32mÔ£ô[39m should login with email case-insensitive[32m 135[2mms[22m[39m
       [32mÔ£ô[39m should reject login with wrong password[32m 127[2mms[22m[39m
       [32mÔ£ô[39m should reject login with non-existent user[32m 16[2mms[22m[39m
       [32mÔ£ô[39m should return same error for wrong email and wrong password (security)[32m 138[2mms[22m[39m
[90mstdout[2m | tests/integration/calendar.test.ts
[22m[39m[DB] Initializing database connection...
[DB] Connection target: postgresql://eva_user:***@localhost:5432/eva_db_test
[DB] Connection attempt 1/5...

[90mstdout[2m | tests/integration/calendar.test.ts
[22m[39m[DB] New client connected to pool
[DB] Client acquired from pool

[90mstdout[2m | tests/integration/calendar.test.ts
[22m[39m[DB] Connection successful! Server time: Sat Jan 31 2026 16:59:44 GMT+0100 (heure normale dÔÇÖEurope centrale)

[90mstdout[2m | tests/integration/calendar.test.ts
[22m[39m[DB] Client acquired from pool

[90mstdout[2m | tests/integration/calendar.test.ts[2m > [22m[2mCalendar API[2m > [22m[2mGET /api/calendar/availability[2m > [22m[2mshould return availability for authenticated user with team
[22m[39m[DB] Client acquired from pool

[90mstdout[2m | tests/integration/calendar.test.ts[2m > [22m[2mCalendar API[2m > [22m[2mGET /api/calendar/availability[2m > [22m[2mshould return availability for authenticated user with team
[22m[39m[DB] Client acquired from pool

[90mstdout[2m | tests/integration/calendar.test.ts[2m > [22m[2mCalendar API[2m > [22m[2mGET /api/calendar/availability[2m > [22m[2mshould return availability for authenticated user with team
[22m[39m[DB] Client acquired from pool

[90mstdout[2m | tests/integration/calendar.test.ts[2m > [22m[2mCalendar API[2m > [22m[2mGET /api/calendar/availability[2m > [22m[2mshould return availability for authenticated user with team
[22m[39m[DB] Client acquired from pool

[90mstdout[2m | tests/integration/calendar.test.ts[2m > [22m[2mCalendar API[2m > [22m[2mGET /api/calendar/availability[2m > [22m[2mshould return availability for authenticated user with team
[22m[39m[DB] Client acquired from pool

[90mstdout[2m | tests/integration/calendar.test.ts[2m > [22m[2mCalendar API[2m > [22m[2mGET /api/calendar/availability[2m > [22m[2mshould return availability for authenticated user with team
[22m[39m[DB] Client acquired from pool

[90mstdout[2m | tests/integration/calendar.test.ts[2m > [22m[2mCalendar API[2m > [22m[2mGET /api/calendar/availability[2m > [22m[2mshould return availability for authenticated user with team
[22m[39m[DB] Client acquired from pool

[90mstdout[2m | tests/integration/calendar.test.ts[2m > [22m[2mCalendar API[2m > [22m[2mGET /api/calendar/availability[2m > [22m[2mshould return availability for authenticated user with team
[22m[39m[DB] Client acquired from pool

[90mstdout[2m | tests/integration/calendar.test.ts[2m > [22m[2mCalendar API[2m > [22m[2mGET /api/calendar/availability[2m > [22m[2mshould return availability for authenticated user with team
[22m[39m[DB] Client acquired from pool

[90mstdout[2m | tests/integration/calendar.test.ts[2m > [22m[2mCalendar API[2m > [22m[2mGET /api/calendar/availability[2m > [22m[2mshould return availability for authenticated user with team
[22m[39m[AUTH] POST /api/auth/register

[90mstdout[2m | tests/integration/calendar.test.ts[2m > [22m[2mCalendar API[2m > [22m[2mGET /api/calendar/availability[2m > [22m[2mshould return availability for authenticated user with team
[22m[39m[DB] Client acquired from pool

[90mstdout[2m | tests/integration/calendar.test.ts[2m > [22m[2mCalendar API[2m > [22m[2mGET /api/calendar/availability[2m > [22m[2mshould return availability for authenticated user with team
[22m[39m[DB] Client acquired from pool

[90mstdout[2m | tests/integration/calendar.test.ts[2m > [22m[2mCalendar API[2m > [22m[2mGET /api/calendar/availability[2m > [22m[2mshould return availability for authenticated user with team
[22m[39m[DB] Client acquired from pool

[90mstdout[2m | tests/integration/calendar.test.ts[2m > [22m[2mCalendar API[2m > [22m[2mGET /api/calendar/availability[2m > [22m[2mshould return availability for authenticated user with team
[22m[39m[AUTH] Register success for: test-1769875184506@example.com

[90mstdout[2m | tests/integration/calendar.test.ts[2m > [22m[2mCalendar API[2m > [22m[2mGET /api/calendar/availability[2m > [22m[2mshould return availability for authenticated user with team
[22m[39m[DB] Client acquired from pool

[90mstdout[2m | tests/integration/calendar.test.ts[2m > [22m[2mCalendar API[2m > [22m[2mGET /api/calendar/availability[2m > [22m[2mshould return availability for authenticated user with team
[22m[39m[AUTH] POST /api/auth/login
[AUTH] Login attempt for: test-1769875184506@example.com

[90mstdout[2m | tests/integration/calendar.test.ts[2m > [22m[2mCalendar API[2m > [22m[2mGET /api/calendar/availability[2m > [22m[2mshould return availability for authenticated user with team
[22m[39m[DB] Client acquired from pool

[90mstdout[2m | tests/integration/calendar.test.ts[2m > [22m[2mCalendar API[2m > [22m[2mGET /api/calendar/availability[2m > [22m[2mshould return availability for authenticated user with team
[22m[39m[DB] Client acquired from pool

[90mstdout[2m | tests/integration/calendar.test.ts[2m > [22m[2mCalendar API[2m > [22m[2mGET /api/calendar/availability[2m > [22m[2mshould return availability for authenticated user with team
[22m[39m[DB] Client acquired from pool

[90mstdout[2m | tests/integration/calendar.test.ts[2m > [22m[2mCalendar API[2m > [22m[2mGET /api/calendar/availability[2m > [22m[2mshould return availability for authenticated user with team
[22m[39m[DB] New client connected to pool
[DB] Client acquired from pool

[90mstdout[2m | tests/integration/calendar.test.ts[2m > [22m[2mCalendar API[2m > [22m[2mGET /api/calendar/availability[2m > [22m[2mshould return availability for authenticated user with team
[22m[39m[DB] New client connected to pool
[DB] Client acquired from pool

[90mstdout[2m | tests/integration/calendar.test.ts[2m > [22m[2mCalendar API[2m > [22m[2mGET /api/calendar/availability[2m > [22m[2mshould return availability for authenticated user with team
[22m[39m[DB] Client acquired from pool

[90mstdout[2m | tests/integration/calendar.test.ts[2m > [22m[2mCalendar API[2m > [22m[2mGET /api/calendar/availability[2m > [22m[2mshould return availability for authenticated user with team
[22m[39m[DB] Client acquired from pool

[90mstdout[2m | tests/integration/calendar.test.ts[2m > [22m[2mCalendar API[2m > [22m[2mGET /api/calendar/availability[2m > [22m[2mshould return availability for authenticated user with team
[22m[39m[DB] Client acquired from pool

[90mstdout[2m | tests/integration/calendar.test.ts[2m > [22m[2mCalendar API[2m > [22m[2mGET /api/calendar/availability[2m > [22m[2mshould return availability for authenticated user with team
[22m[39m[DB] Client acquired from pool
[DB] Client acquired from pool
[DB] Client acquired from pool

[90mstdout[2m | tests/integration/calendar.test.ts[2m > [22m[2mCalendar API[2m > [22m[2mGET /api/calendar/availability[2m > [22m[2mshould return availability for authenticated user with team
[22m[39m[DB] Client acquired from pool

[90mstdout[2m | tests/integration/calendar.test.ts[2m > [22m[2mCalendar API[2m > [22m[2mGET /api/calendar/availability[2m > [22m[2mshould return availability for authenticated user with team
[22m[39m[AUTH] Login success for: test-1769875184506@example.com

[90mstdout[2m | tests/integration/calendar.test.ts[2m > [22m[2mCalendar API[2m > [22m[2mGET /api/calendar/availability[2m > [22m[2mshould return availability for authenticated user with team
[22m[39m[DB] Client acquired from pool

[90mstdout[2m | tests/integration/calendar.test.ts[2m > [22m[2mCalendar API[2m > [22m[2mGET /api/calendar/availability[2m > [22m[2mshould return availability for authenticated user with team
[22m[39m[AUTH] Middleware: Token valid for player test-1769875184506@example.com team: [90mundefined[39m

[90mstdout[2m | tests/integration/calendar.test.ts[2m > [22m[2mCalendar API[2m > [22m[2mGET /api/calendar/availability[2m > [22m[2mshould return availability for authenticated user with team
[22m[39m[DB] Client acquired from pool

[90mstdout[2m | tests/integration/calendar.test.ts[2m > [22m[2mCalendar API[2m > [22m[2mGET /api/calendar/availability[2m > [22m[2mshould return availability for authenticated user with team
[22m[39m[DB] Client acquired from pool

[90mstdout[2m | tests/integration/calendar.test.ts[2m > [22m[2mCalendar API[2m > [22m[2mGET /api/calendar/availability[2m > [22m[2mshould return availability for authenticated user with team
[22m[39m[DB] Client acquired from pool

[90mstdout[2m | tests/integration/calendar.test.ts[2m > [22m[2mCalendar API[2m > [22m[2mGET /api/calendar/availability[2m > [22m[2mshould return availability for authenticated user with team
[22m[39m[DB] Client acquired from pool

[90mstdout[2m | tests/integration/calendar.test.ts[2m > [22m[2mCalendar API[2m > [22m[2mGET /api/calendar/availability[2m > [22m[2mshould return availability for authenticated user with team
[22m[39m[DB] Client acquired from pool

[90mstdout[2m | tests/integration/calendar.test.ts[2m > [22m[2mCalendar API[2m > [22m[2mGET /api/calendar/availability[2m > [22m[2mshould return availability for authenticated user with team
[22m[39m[DB] Client acquired from pool

[90mstdout[2m | tests/integration/calendar.test.ts[2m > [22m[2mCalendar API[2m > [22m[2mGET /api/calendar/availability[2m > [22m[2mshould return availability for authenticated user with team
[22m[39m[DB] Client acquired from pool

[90mstdout[2m | tests/integration/calendar.test.ts[2m > [22m[2mCalendar API[2m > [22m[2mGET /api/calendar/availability[2m > [22m[2mshould return availability for authenticated user with team
[22m[39m[DB] Client acquired from pool

[90mstdout[2m | tests/integration/calendar.test.ts[2m > [22m[2mCalendar API[2m > [22m[2mGET /api/calendar/availability[2m > [22m[2mshould return availability for authenticated user with team
[22m[39m[AUTH] Middleware: Token valid for player test-1769875184506@example.com team: cml2hzkmw0003xsui67fx03ur

[90mstdout[2m | tests/integration/calendar.test.ts[2m > [22m[2mCalendar API[2m > [22m[2mGET /api/calendar/availability[2m > [22m[2mshould return availability for authenticated user with team
[22m[39m[DB] Client acquired from pool

[90mstdout[2m | tests/integration/calendar.test.ts[2m > [22m[2mCalendar API[2m > [22m[2mGET /api/calendar/availability[2m > [22m[2mshould return availability for authenticated user with team
[22m[39m[DB] Client acquired from pool

[90mstdout[2m | tests/integration/calendar.test.ts[2m > [22m[2mCalendar API[2m > [22m[2mGET /api/calendar/availability[2m > [22m[2mshould return availability for authenticated user with team
[22m[39m[DB] Client acquired from pool

[90mstdout[2m | tests/integration/calendar.test.ts[2m > [22m[2mCalendar API[2m > [22m[2mGET /api/calendar/availability[2m > [22m[2mshould return availability for authenticated user with team
[22m[39m[DB] Client acquired from pool

[90mstdout[2m | tests/integration/calendar.test.ts[2m > [22m[2mCalendar API[2m > [22m[2mGET /api/calendar/availability[2m > [22m[2mshould return availability for authenticated user with team
[22m[39m[DB] Client acquired from pool

[90mstdout[2m | tests/integration/calendar.test.ts[2m > [22m[2mCalendar API[2m > [22m[2mGET /api/calendar/availability[2m > [22m[2mshould return availability for authenticated user with team
[22m[39m[DB] Client acquired from pool

[90mstdout[2m | tests/integration/calendar.test.ts[2m > [22m[2mCalendar API[2m > [22m[2mGET /api/calendar/availability[2m > [22m[2mshould reject without authentication
[22m[39m[DB] Client acquired from pool

[90mstdout[2m | tests/integration/calendar.test.ts[2m > [22m[2mCalendar API[2m > [22m[2mGET /api/calendar/availability[2m > [22m[2mshould reject without authentication
[22m[39m[DB] Client acquired from pool

[90mstdout[2m | tests/integration/calendar.test.ts[2m > [22m[2mCalendar API[2m > [22m[2mGET /api/calendar/availability[2m > [22m[2mshould reject without authentication
[22m[39m[DB] Client acquired from pool

[90mstdout[2m | tests/integration/calendar.test.ts[2m > [22m[2mCalendar API[2m > [22m[2mGET /api/calendar/availability[2m > [22m[2mshould reject without authentication
[22m[39m[DB] Client acquired from pool

[90mstdout[2m | tests/integration/calendar.test.ts[2m > [22m[2mCalendar API[2m > [22m[2mGET /api/calendar/availability[2m > [22m[2mshould reject without authentication
[22m[39m[DB] Client acquired from pool

[90mstdout[2m | tests/integration/calendar.test.ts[2m > [22m[2mCalendar API[2m > [22m[2mGET /api/calendar/availability[2m > [22m[2mshould reject without authentication
[22m[39m[DB] Client acquired from pool

[90mstdout[2m | tests/integration/calendar.test.ts[2m > [22m[2mCalendar API[2m > [22m[2mGET /api/calendar/availability[2m > [22m[2mshould reject without authentication
[22m[39m[DB] Client acquired from pool

[90mstdout[2m | tests/integration/calendar.test.ts[2m > [22m[2mCalendar API[2m > [22m[2mGET /api/calendar/availability[2m > [22m[2mshould reject without authentication
[22m[39m[DB] Client acquired from pool

[90mstdout[2m | tests/integration/calendar.test.ts[2m > [22m[2mCalendar API[2m > [22m[2mGET /api/calendar/availability[2m > [22m[2mshould reject without authentication
[22m[39m[DB] Client acquired from pool

[90mstdout[2m | tests/integration/calendar.test.ts[2m > [22m[2mCalendar API[2m > [22m[2mGET /api/calendar/availability[2m > [22m[2mshould reject without authentication
[22m[39m[AUTH] Middleware: Missing or invalid Authorization header

[90mstdout[2m | tests/integration/calendar.test.ts[2m > [22m[2mCalendar API[2m > [22m[2mGET /api/calendar/availability[2m > [22m[2mshould reject with invalid month parameter
[22m[39m[DB] Client acquired from pool

[90mstdout[2m | tests/integration/calendar.test.ts[2m > [22m[2mCalendar API[2m > [22m[2mGET /api/calendar/availability[2m > [22m[2mshould reject with invalid month parameter
[22m[39m[DB] Client acquired from pool

[90mstdout[2m | tests/integration/calendar.test.ts[2m > [22m[2mCalendar API[2m > [22m[2mGET /api/calendar/availability[2m > [22m[2mshould reject with invalid month parameter
[22m[39m[DB] Client acquired from pool

[90mstdout[2m | tests/integration/calendar.test.ts[2m > [22m[2mCalendar API[2m > [22m[2mGET /api/calendar/availability[2m > [22m[2mshould reject with invalid month parameter
[22m[39m[DB] Client acquired from pool

[90mstdout[2m | tests/integration/calendar.test.ts[2m > [22m[2mCalendar API[2m > [22m[2mGET /api/calendar/availability[2m > [22m[2mshould reject with invalid month parameter
[22m[39m[DB] Client acquired from pool

[90mstdout[2m | tests/integration/calendar.test.ts[2m > [22m[2mCalendar API[2m > [22m[2mGET /api/calendar/availability[2m > [22m[2mshould reject with invalid month parameter
[22m[39m[DB] Client acquired from pool

[90mstdout[2m | tests/integration/calendar.test.ts[2m > [22m[2mCalendar API[2m > [22m[2mGET /api/calendar/availability[2m > [22m[2mshould reject with invalid month parameter
[22m[39m[DB] Client acquired from pool

[90mstdout[2m | tests/integration/calendar.test.ts[2m > [22m[2mCalendar API[2m > [22m[2mGET /api/calendar/availability[2m > [22m[2mshould reject with invalid month parameter
[22m[39m[DB] Client acquired from pool

[90mstdout[2m | tests/integration/calendar.test.ts[2m > [22m[2mCalendar API[2m > [22m[2mGET /api/calendar/availability[2m > [22m[2mshould reject with invalid month parameter
[22m[39m[DB] Client acquired from pool

[90mstdout[2m | tests/integration/calendar.test.ts[2m > [22m[2mCalendar API[2m > [22m[2mGET /api/calendar/availability[2m > [22m[2mshould reject with invalid month parameter
[22m[39m[AUTH] POST /api/auth/register

[90mstdout[2m | tests/integration/calendar.test.ts[2m > [22m[2mCalendar API[2m > [22m[2mGET /api/calendar/availability[2m > [22m[2mshould reject with invalid month parameter
[22m[39m[DB] Client acquired from pool

[90mstdout[2m | tests/integration/calendar.test.ts[2m > [22m[2mCalendar API[2m > [22m[2mGET /api/calendar/availability[2m > [22m[2mshould reject with invalid month parameter
[22m[39m[DB] Client acquired from pool

[90mstdout[2m | tests/integration/calendar.test.ts[2m > [22m[2mCalendar API[2m > [22m[2mGET /api/calendar/availability[2m > [22m[2mshould reject with invalid month parameter
[22m[39m[DB] Client acquired from pool

[90mstdout[2m | tests/integration/calendar.test.ts[2m > [22m[2mCalendar API[2m > [22m[2mGET /api/calendar/availability[2m > [22m[2mshould reject with invalid month parameter
[22m[39m[AUTH] Register success for: test-1769875184743@example.com

[90mstdout[2m | tests/integration/calendar.test.ts[2m > [22m[2mCalendar API[2m > [22m[2mGET /api/calendar/availability[2m > [22m[2mshould reject with invalid month parameter
[22m[39m[DB] Client acquired from pool

[90mstdout[2m | tests/integration/calendar.test.ts[2m > [22m[2mCalendar API[2m > [22m[2mGET /api/calendar/availability[2m > [22m[2mshould reject with invalid month parameter
[22m[39m[AUTH] POST /api/auth/login
[AUTH] Login attempt for: test-1769875184743@example.com

[90mstdout[2m | tests/integration/calendar.test.ts[2m > [22m[2mCalendar API[2m > [22m[2mGET /api/calendar/availability[2m > [22m[2mshould reject with invalid month parameter
[22m[39m[DB] Client acquired from pool

[90mstdout[2m | tests/integration/calendar.test.ts[2m > [22m[2mCalendar API[2m > [22m[2mGET /api/calendar/availability[2m > [22m[2mshould reject with invalid month parameter
[22m[39m[DB] Client acquired from pool
[DB] Client acquired from pool
[DB] Client acquired from pool

[90mstdout[2m | tests/integration/calendar.test.ts[2m > [22m[2mCalendar API[2m > [22m[2mGET /api/calendar/availability[2m > [22m[2mshould reject with invalid month parameter
[22m[39m[DB] Client acquired from pool

[90mstdout[2m | tests/integration/calendar.test.ts[2m > [22m[2mCalendar API[2m > [22m[2mGET /api/calendar/availability[2m > [22m[2mshould reject with invalid month parameter
[22m[39m[DB] Client acquired from pool

[90mstdout[2m | tests/integration/calendar.test.ts[2m > [22m[2mCalendar API[2m > [22m[2mGET /api/calendar/availability[2m > [22m[2mshould reject with invalid month parameter
[22m[39m[DB] Client acquired from pool

[90mstdout[2m | tests/integration/calendar.test.ts[2m > [22m[2mCalendar API[2m > [22m[2mGET /api/calendar/availability[2m > [22m[2mshould reject with invalid month parameter
[22m[39m[DB] Client acquired from pool

[90mstdout[2m | tests/integration/calendar.test.ts[2m > [22m[2mCalendar API[2m > [22m[2mGET /api/calendar/availability[2m > [22m[2mshould reject with invalid month parameter
[22m[39m[DB] Client acquired from pool
[DB] Client acquired from pool
[DB] Client acquired from pool

[90mstdout[2m | tests/integration/calendar.test.ts[2m > [22m[2mCalendar API[2m > [22m[2mGET /api/calendar/availability[2m > [22m[2mshould reject with invalid month parameter
[22m[39m[DB] Client acquired from pool

[90mstdout[2m | tests/integration/calendar.test.ts[2m > [22m[2mCalendar API[2m > [22m[2mGET /api/calendar/availability[2m > [22m[2mshould reject with invalid month parameter
[22m[39m[AUTH] Login success for: test-1769875184743@example.com

[90mstdout[2m | tests/integration/calendar.test.ts[2m > [22m[2mCalendar API[2m > [22m[2mGET /api/calendar/availability[2m > [22m[2mshould reject with invalid month parameter
[22m[39m[DB] Client acquired from pool

[90mstdout[2m | tests/integration/calendar.test.ts[2m > [22m[2mCalendar API[2m > [22m[2mGET /api/calendar/availability[2m > [22m[2mshould reject with invalid month parameter
[22m[39m[AUTH] Middleware: Token valid for player test-1769875184743@example.com team: [90mundefined[39m

[90mstdout[2m | tests/integration/calendar.test.ts[2m > [22m[2mCalendar API[2m > [22m[2mGET /api/calendar/availability[2m > [22m[2mshould reject with invalid month parameter
[22m[39m[DB] Client acquired from pool

[90mstdout[2m | tests/integration/calendar.test.ts[2m > [22m[2mCalendar API[2m > [22m[2mGET /api/calendar/availability[2m > [22m[2mshould reject with invalid month parameter
[22m[39m[DB] Client acquired from pool

[90mstdout[2m | tests/integration/calendar.test.ts[2m > [22m[2mCalendar API[2m > [22m[2mGET /api/calendar/availability[2m > [22m[2mshould reject with invalid month parameter
[22m[39m[DB] Client acquired from pool

[90mstdout[2m | tests/integration/calendar.test.ts[2m > [22m[2mCalendar API[2m > [22m[2mGET /api/calendar/availability[2m > [22m[2mshould reject with invalid month parameter
[22m[39m[DB] Client acquired from pool

[90mstdout[2m | tests/integration/calendar.test.ts[2m > [22m[2mCalendar API[2m > [22m[2mGET /api/calendar/availability[2m > [22m[2mshould reject with invalid month parameter
[22m[39m[DB] Client acquired from pool

[90mstdout[2m | tests/integration/calendar.test.ts[2m > [22m[2mCalendar API[2m > [22m[2mGET /api/calendar/availability[2m > [22m[2mshould reject with invalid month parameter
[22m[39m[DB] Client acquired from pool

[90mstdout[2m | tests/integration/calendar.test.ts[2m > [22m[2mCalendar API[2m > [22m[2mGET /api/calendar/availability[2m > [22m[2mshould reject with invalid month parameter
[22m[39m[DB] Client acquired from pool

[90mstdout[2m | tests/integration/calendar.test.ts[2m > [22m[2mCalendar API[2m > [22m[2mGET /api/calendar/availability[2m > [22m[2mshould reject with invalid month parameter
[22m[39m[DB] Client acquired from pool

[90mstdout[2m | tests/integration/calendar.test.ts[2m > [22m[2mCalendar API[2m > [22m[2mGET /api/calendar/availability[2m > [22m[2mshould reject with invalid month parameter
[22m[39m[AUTH] Middleware: Token valid for player test-1769875184743@example.com team: cml2hzks00009xsuiusq0xvfx

[90mstdout[2m | tests/integration/calendar.test.ts[2m > [22m[2mCalendar API[2m > [22m[2mGET /api/calendar/availability[2m > [22m[2mshould reject user without team
[22m[39m[DB] Client acquired from pool

[90mstdout[2m | tests/integration/calendar.test.ts[2m > [22m[2mCalendar API[2m > [22m[2mGET /api/calendar/availability[2m > [22m[2mshould reject user without team
[22m[39m[DB] Client acquired from pool

[90mstdout[2m | tests/integration/calendar.test.ts[2m > [22m[2mCalendar API[2m > [22m[2mGET /api/calendar/availability[2m > [22m[2mshould reject user without team
[22m[39m[DB] Client acquired from pool

[90mstdout[2m | tests/integration/calendar.test.ts[2m > [22m[2mCalendar API[2m > [22m[2mGET /api/calendar/availability[2m > [22m[2mshould reject user without team
[22m[39m[DB] Client acquired from pool

[90mstdout[2m | tests/integration/calendar.test.ts[2m > [22m[2mCalendar API[2m > [22m[2mGET /api/calendar/availability[2m > [22m[2mshould reject user without team
[22m[39m[DB] Client acquired from pool

[90mstdout[2m | tests/integration/calendar.test.ts[2m > [22m[2mCalendar API[2m > [22m[2mGET /api/calendar/availability[2m > [22m[2mshould reject user without team
[22m[39m[DB] Client acquired from pool

[90mstdout[2m | tests/integration/calendar.test.ts[2m > [22m[2mCalendar API[2m > [22m[2mGET /api/calendar/availability[2m > [22m[2mshould reject user without team
[22m[39m[DB] Client acquired from pool

[90mstdout[2m | tests/integration/calendar.test.ts[2m > [22m[2mCalendar API[2m > [22m[2mGET /api/calendar/availability[2m > [22m[2mshould reject user without team
[22m[39m[DB] Client acquired from pool

[90mstdout[2m | tests/integration/calendar.test.ts[2m > [22m[2mCalendar API[2m > [22m[2mGET /api/calendar/availability[2m > [22m[2mshould reject user without team
[22m[39m[DB] Client acquired from pool

[90mstdout[2m | tests/integration/calendar.test.ts[2m > [22m[2mCalendar API[2m > [22m[2mGET /api/calendar/availability[2m > [22m[2mshould reject user without team
[22m[39m[AUTH] POST /api/auth/register

[90mstdout[2m | tests/integration/calendar.test.ts[2m > [22m[2mCalendar API[2m > [22m[2mGET /api/calendar/availability[2m > [22m[2mshould reject user without team
[22m[39m[DB] Client acquired from pool

[90mstdout[2m | tests/integration/calendar.test.ts[2m > [22m[2mCalendar API[2m > [22m[2mGET /api/calendar/availability[2m > [22m[2mshould reject user without team
[22m[39m[DB] Client acquired from pool

[90mstdout[2m | tests/integration/calendar.test.ts[2m > [22m[2mCalendar API[2m > [22m[2mGET /api/calendar/availability[2m > [22m[2mshould reject user without team
[22m[39m[DB] Client acquired from pool

[90mstdout[2m | tests/integration/calendar.test.ts[2m > [22m[2mCalendar API[2m > [22m[2mGET /api/calendar/availability[2m > [22m[2mshould reject user without team
[22m[39m[AUTH] Register success for: test-1769875184906@example.com

[90mstdout[2m | tests/integration/calendar.test.ts[2m > [22m[2mCalendar API[2m > [22m[2mGET /api/calendar/availability[2m > [22m[2mshould reject user without team
[22m[39m[DB] Client acquired from pool

[90mstdout[2m | tests/integration/calendar.test.ts[2m > [22m[2mCalendar API[2m > [22m[2mGET /api/calendar/availability[2m > [22m[2mshould reject user without team
[22m[39m[AUTH] POST /api/auth/login
[AUTH] Login attempt for: test-1769875184906@example.com

[90mstdout[2m | tests/integration/calendar.test.ts[2m > [22m[2mCalendar API[2m > [22m[2mGET /api/calendar/availability[2m > [22m[2mshould reject user without team
[22m[39m[DB] Client acquired from pool

[90mstdout[2m | tests/integration/calendar.test.ts[2m > [22m[2mCalendar API[2m > [22m[2mGET /api/calendar/availability[2m > [22m[2mshould reject user without team
[22m[39m[DB] Client acquired from pool
[DB] Client acquired from pool
[DB] Client acquired from pool

[90mstdout[2m | tests/integration/calendar.test.ts[2m > [22m[2mCalendar API[2m > [22m[2mGET /api/calendar/availability[2m > [22m[2mshould reject user without team
[22m[39m[DB] Client acquired from pool

[90mstdout[2m | tests/integration/calendar.test.ts[2m > [22m[2mCalendar API[2m > [22m[2mGET /api/calendar/availability[2m > [22m[2mshould reject user without team
[22m[39m[DB] Client acquired from pool

[90mstdout[2m | tests/integration/calendar.test.ts[2m > [22m[2mCalendar API[2m > [22m[2mGET /api/calendar/availability[2m > [22m[2mshould reject user without team
[22m[39m[DB] Client acquired from pool

[90mstdout[2m | tests/integration/calendar.test.ts[2m > [22m[2mCalendar API[2m > [22m[2mGET /api/calendar/availability[2m > [22m[2mshould reject user without team
[22m[39m[DB] Client acquired from pool

[90mstdout[2m | tests/integration/calendar.test.ts[2m > [22m[2mCalendar API[2m > [22m[2mGET /api/calendar/availability[2m > [22m[2mshould reject user without team
[22m[39m[DB] Client acquired from pool
[DB] Client acquired from pool
[DB] Client acquired from pool

[90mstdout[2m | tests/integration/calendar.test.ts[2m > [22m[2mCalendar API[2m > [22m[2mGET /api/calendar/availability[2m > [22m[2mshould reject user without team
[22m[39m[DB] Client acquired from pool

[90mstdout[2m | tests/integration/calendar.test.ts[2m > [22m[2mCalendar API[2m > [22m[2mGET /api/calendar/availability[2m > [22m[2mshould reject user without team
[22m[39m[AUTH] Login success for: test-1769875184906@example.com

[90mstdout[2m | tests/integration/calendar.test.ts[2m > [22m[2mCalendar API[2m > [22m[2mGET /api/calendar/availability[2m > [22m[2mshould reject user without team
[22m[39m[DB] Client acquired from pool

[90mstdout[2m | tests/integration/calendar.test.ts[2m > [22m[2mCalendar API[2m > [22m[2mGET /api/calendar/availability[2m > [22m[2mshould reject user without team
[22m[39m[AUTH] Middleware: Token valid for player test-1769875184906@example.com team: [90mundefined[39m

[90mstdout[2m | tests/integration/calendar.test.ts[2m > [22m[2mCalendar API[2m > [22m[2mPOST /api/calendar/availability[2m > [22m[2mshould set availability successfully
[22m[39m[DB] Client acquired from pool

[90mstdout[2m | tests/integration/calendar.test.ts[2m > [22m[2mCalendar API[2m > [22m[2mPOST /api/calendar/availability[2m > [22m[2mshould set availability successfully
[22m[39m[DB] Client acquired from pool

[90mstdout[2m | tests/integration/calendar.test.ts[2m > [22m[2mCalendar API[2m > [22m[2mPOST /api/calendar/availability[2m > [22m[2mshould set availability successfully
[22m[39m[DB] Client acquired from pool

[90mstdout[2m | tests/integration/calendar.test.ts[2m > [22m[2mCalendar API[2m > [22m[2mPOST /api/calendar/availability[2m > [22m[2mshould set availability successfully
[22m[39m[DB] Client acquired from pool

[90mstdout[2m | tests/integration/calendar.test.ts[2m > [22m[2mCalendar API[2m > [22m[2mPOST /api/calendar/availability[2m > [22m[2mshould set availability successfully
[22m[39m[DB] Client acquired from pool

[90mstdout[2m | tests/integration/calendar.test.ts[2m > [22m[2mCalendar API[2m > [22m[2mPOST /api/calendar/availability[2m > [22m[2mshould set availability successfully
[22m[39m[DB] Client acquired from pool

[90mstdout[2m | tests/integration/calendar.test.ts[2m > [22m[2mCalendar API[2m > [22m[2mPOST /api/calendar/availability[2m > [22m[2mshould set availability successfully
[22m[39m[DB] Client acquired from pool

[90mstdout[2m | tests/integration/calendar.test.ts[2m > [22m[2mCalendar API[2m > [22m[2mPOST /api/calendar/availability[2m > [22m[2mshould set availability successfully
[22m[39m[DB] Client acquired from pool

[90mstdout[2m | tests/integration/calendar.test.ts[2m > [22m[2mCalendar API[2m > [22m[2mPOST /api/calendar/availability[2m > [22m[2mshould set availability successfully
[22m[39m[DB] Client acquired from pool

[90mstdout[2m | tests/integration/calendar.test.ts[2m > [22m[2mCalendar API[2m > [22m[2mPOST /api/calendar/availability[2m > [22m[2mshould set availability successfully
[22m[39m[AUTH] POST /api/auth/register

[90mstdout[2m | tests/integration/calendar.test.ts[2m > [22m[2mCalendar API[2m > [22m[2mPOST /api/calendar/availability[2m > [22m[2mshould set availability successfully
[22m[39m[DB] Client acquired from pool

[90mstdout[2m | tests/integration/calendar.test.ts[2m > [22m[2mCalendar API[2m > [22m[2mPOST /api/calendar/availability[2m > [22m[2mshould set availability successfully
[22m[39m[DB] Client acquired from pool

[90mstdout[2m | tests/integration/calendar.test.ts[2m > [22m[2mCalendar API[2m > [22m[2mPOST /api/calendar/availability[2m > [22m[2mshould set availability successfully
[22m[39m[DB] Client acquired from pool

[90mstdout[2m | tests/integration/calendar.test.ts[2m > [22m[2mCalendar API[2m > [22m[2mPOST /api/calendar/availability[2m > [22m[2mshould set availability successfully
[22m[39m[AUTH] Register success for: test-1769875185045@example.com

[90mstdout[2m | tests/integration/calendar.test.ts[2m > [22m[2mCalendar API[2m > [22m[2mPOST /api/calendar/availability[2m > [22m[2mshould set availability successfully
[22m[39m[DB] Client acquired from pool

[90mstdout[2m | tests/integration/calendar.test.ts[2m > [22m[2mCalendar API[2m > [22m[2mPOST /api/calendar/availability[2m > [22m[2mshould set availability successfully
[22m[39m[AUTH] POST /api/auth/login
[AUTH] Login attempt for: test-1769875185045@example.com

[90mstdout[2m | tests/integration/calendar.test.ts[2m > [22m[2mCalendar API[2m > [22m[2mPOST /api/calendar/availability[2m > [22m[2mshould set availability successfully
[22m[39m[DB] Client acquired from pool

[90mstdout[2m | tests/integration/calendar.test.ts[2m > [22m[2mCalendar API[2m > [22m[2mPOST /api/calendar/availability[2m > [22m[2mshould set availability successfully
[22m[39m[DB] Client acquired from pool
[DB] Client acquired from pool
[DB] Client acquired from pool

[90mstdout[2m | tests/integration/calendar.test.ts[2m > [22m[2mCalendar API[2m > [22m[2mPOST /api/calendar/availability[2m > [22m[2mshould set availability successfully
[22m[39m[DB] Client acquired from pool

[90mstdout[2m | tests/integration/calendar.test.ts[2m > [22m[2mCalendar API[2m > [22m[2mPOST /api/calendar/availability[2m > [22m[2mshould set availability successfully
[22m[39m[DB] Client acquired from pool

[90mstdout[2m | tests/integration/calendar.test.ts[2m > [22m[2mCalendar API[2m > [22m[2mPOST /api/calendar/availability[2m > [22m[2mshould set availability successfully
[22m[39m[DB] Client acquired from pool

[90mstdout[2m | tests/integration/calendar.test.ts[2m > [22m[2mCalendar API[2m > [22m[2mPOST /api/calendar/availability[2m > [22m[2mshould set availability successfully
[22m[39m[DB] Client acquired from pool

[90mstdout[2m | tests/integration/calendar.test.ts[2m > [22m[2mCalendar API[2m > [22m[2mPOST /api/calendar/availability[2m > [22m[2mshould set availability successfully
[22m[39m[DB] Client acquired from pool
[DB] Client acquired from pool
[DB] Client acquired from pool

[90mstdout[2m | tests/integration/calendar.test.ts[2m > [22m[2mCalendar API[2m > [22m[2mPOST /api/calendar/availability[2m > [22m[2mshould set availability successfully
[22m[39m[DB] Client acquired from pool

[90mstdout[2m | tests/integration/calendar.test.ts[2m > [22m[2mCalendar API[2m > [22m[2mPOST /api/calendar/availability[2m > [22m[2mshould set availability successfully
[22m[39m[AUTH] Login success for: test-1769875185045@example.com

[90mstdout[2m | tests/integration/calendar.test.ts[2m > [22m[2mCalendar API[2m > [22m[2mPOST /api/calendar/availability[2m > [22m[2mshould set availability successfully
[22m[39m[DB] Client acquired from pool

[90mstdout[2m | tests/integration/calendar.test.ts[2m > [22m[2mCalendar API[2m > [22m[2mPOST /api/calendar/availability[2m > [22m[2mshould set availability successfully
[22m[39m[AUTH] Middleware: Token valid for player test-1769875185045@example.com team: [90mundefined[39m

[90mstdout[2m | tests/integration/calendar.test.ts[2m > [22m[2mCalendar API[2m > [22m[2mPOST /api/calendar/availability[2m > [22m[2mshould set availability successfully
[22m[39m[DB] Client acquired from pool

[90mstdout[2m | tests/integration/calendar.test.ts[2m > [22m[2mCalendar API[2m > [22m[2mPOST /api/calendar/availability[2m > [22m[2mshould set availability successfully
[22m[39m[DB] Client acquired from pool

[90mstdout[2m | tests/integration/calendar.test.ts[2m > [22m[2mCalendar API[2m > [22m[2mPOST /api/calendar/availability[2m > [22m[2mshould set availability successfully
[22m[39m[DB] Client acquired from pool

[90mstdout[2m | tests/integration/calendar.test.ts[2m > [22m[2mCalendar API[2m > [22m[2mPOST /api/calendar/availability[2m > [22m[2mshould set availability successfully
[22m[39m[DB] Client acquired from pool

[90mstdout[2m | tests/integration/calendar.test.ts[2m > [22m[2mCalendar API[2m > [22m[2mPOST /api/calendar/availability[2m > [22m[2mshould set availability successfully
[22m[39m[DB] Client acquired from pool

[90mstdout[2m | tests/integration/calendar.test.ts[2m > [22m[2mCalendar API[2m > [22m[2mPOST /api/calendar/availability[2m > [22m[2mshould set availability successfully
[22m[39m[DB] Client acquired from pool

[90mstdout[2m | tests/integration/calendar.test.ts[2m > [22m[2mCalendar API[2m > [22m[2mPOST /api/calendar/availability[2m > [22m[2mshould set availability successfully
[22m[39m[DB] Client acquired from pool

[90mstdout[2m | tests/integration/calendar.test.ts[2m > [22m[2mCalendar API[2m > [22m[2mPOST /api/calendar/availability[2m > [22m[2mshould set availability successfully
[22m[39m[DB] Client acquired from pool

[90mstdout[2m | tests/integration/calendar.test.ts[2m > [22m[2mCalendar API[2m > [22m[2mPOST /api/calendar/availability[2m > [22m[2mshould set availability successfully
[22m[39m[AUTH] Middleware: Token valid for player test-1769875185045@example.com team: cml2hzl08000ixsuihu9un4rv

[90mstdout[2m | tests/integration/calendar.test.ts[2m > [22m[2mCalendar API[2m > [22m[2mPOST /api/calendar/availability[2m > [22m[2mshould set availability successfully
[22m[39m[DB] Client acquired from pool

[90mstdout[2m | tests/integration/calendar.test.ts[2m > [22m[2mCalendar API[2m > [22m[2mPOST /api/calendar/availability[2m > [22m[2mshould set availability successfully
[22m[39m[DB] Client acquired from pool

[90mstdout[2m | tests/integration/calendar.test.ts[2m > [22m[2mCalendar API[2m > [22m[2mPOST /api/calendar/availability[2m > [22m[2mshould reject without authentication
[22m[39m[DB] Client acquired from pool

[90mstdout[2m | tests/integration/calendar.test.ts[2m > [22m[2mCalendar API[2m > [22m[2mPOST /api/calendar/availability[2m > [22m[2mshould reject without authentication
[22m[39m[DB] Client acquired from pool

[90mstdout[2m | tests/integration/calendar.test.ts[2m > [22m[2mCalendar API[2m > [22m[2mPOST /api/calendar/availability[2m > [22m[2mshould reject without authentication
[22m[39m[DB] Client acquired from pool

[90mstdout[2m | tests/integration/calendar.test.ts[2m > [22m[2mCalendar API[2m > [22m[2mPOST /api/calendar/availability[2m > [22m[2mshould reject without authentication
[22m[39m[DB] Client acquired from pool

[90mstdout[2m | tests/integration/calendar.test.ts[2m > [22m[2mCalendar API[2m > [22m[2mPOST /api/calendar/availability[2m > [22m[2mshould reject without authentication
[22m[39m[DB] Client acquired from pool

[90mstdout[2m | tests/integration/calendar.test.ts[2m > [22m[2mCalendar API[2m > [22m[2mPOST /api/calendar/availability[2m > [22m[2mshould reject without authentication
[22m[39m[DB] Client acquired from pool

[90mstdout[2m | tests/integration/calendar.test.ts[2m > [22m[2mCalendar API[2m > [22m[2mPOST /api/calendar/availability[2m > [22m[2mshould reject without authentication
[22m[39m[DB] Client acquired from pool

[90mstdout[2m | tests/integration/calendar.test.ts[2m > [22m[2mCalendar API[2m > [22m[2mPOST /api/calendar/availability[2m > [22m[2mshould reject without authentication
[22m[39m[DB] Client acquired from pool

[90mstdout[2m | tests/integration/calendar.test.ts[2m > [22m[2mCalendar API[2m > [22m[2mPOST /api/calendar/availability[2m > [22m[2mshould reject without authentication
[22m[39m[DB] Client acquired from pool

[90mstdout[2m | tests/integration/calendar.test.ts[2m > [22m[2mCalendar API[2m > [22m[2mPOST /api/calendar/availability[2m > [22m[2mshould reject without authentication
[22m[39m[AUTH] Middleware: Missing or invalid Authorization header

[90mstdout[2m | tests/integration/calendar.test.ts[2m > [22m[2mCalendar API[2m > [22m[2mPOST /api/calendar/availability[2m > [22m[2mshould reject with invalid date
[22m[39m[DB] Client acquired from pool

[90mstdout[2m | tests/integration/calendar.test.ts[2m > [22m[2mCalendar API[2m > [22m[2mPOST /api/calendar/availability[2m > [22m[2mshould reject with invalid date
[22m[39m[DB] Client acquired from pool

[90mstdout[2m | tests/integration/calendar.test.ts[2m > [22m[2mCalendar API[2m > [22m[2mPOST /api/calendar/availability[2m > [22m[2mshould reject with invalid date
[22m[39m[DB] Client acquired from pool

[90mstdout[2m | tests/integration/calendar.test.ts[2m > [22m[2mCalendar API[2m > [22m[2mPOST /api/calendar/availability[2m > [22m[2mshould reject with invalid date
[22m[39m[DB] Client acquired from pool

[90mstdout[2m | tests/integration/calendar.test.ts[2m > [22m[2mCalendar API[2m > [22m[2mPOST /api/calendar/availability[2m > [22m[2mshould reject with invalid date
[22m[39m[DB] Client acquired from pool

[90mstdout[2m | tests/integration/calendar.test.ts[2m > [22m[2mCalendar API[2m > [22m[2mPOST /api/calendar/availability[2m > [22m[2mshould reject with invalid date
[22m[39m[DB] Client acquired from pool

[90mstdout[2m | tests/integration/calendar.test.ts[2m > [22m[2mCalendar API[2m > [22m[2mPOST /api/calendar/availability[2m > [22m[2mshould reject with invalid date
[22m[39m[DB] Client acquired from pool

[90mstdout[2m | tests/integration/calendar.test.ts[2m > [22m[2mCalendar API[2m > [22m[2mPOST /api/calendar/availability[2m > [22m[2mshould reject with invalid date
[22m[39m[DB] Client acquired from pool

[90mstdout[2m | tests/integration/calendar.test.ts[2m > [22m[2mCalendar API[2m > [22m[2mPOST /api/calendar/availability[2m > [22m[2mshould reject with invalid date
[22m[39m[DB] Client acquired from pool

[90mstdout[2m | tests/integration/calendar.test.ts[2m > [22m[2mCalendar API[2m > [22m[2mPOST /api/calendar/availability[2m > [22m[2mshould reject with invalid date
[22m[39m[AUTH] POST /api/auth/register

[90mstdout[2m | tests/integration/calendar.test.ts[2m > [22m[2mCalendar API[2m > [22m[2mPOST /api/calendar/availability[2m > [22m[2mshould reject with invalid date
[22m[39m[DB] Client acquired from pool

[90mstdout[2m | tests/integration/calendar.test.ts[2m > [22m[2mCalendar API[2m > [22m[2mPOST /api/calendar/availability[2m > [22m[2mshould reject with invalid date
[22m[39m[DB] Client acquired from pool

[90mstdout[2m | tests/integration/calendar.test.ts[2m > [22m[2mCalendar API[2m > [22m[2mPOST /api/calendar/availability[2m > [22m[2mshould reject with invalid date
[22m[39m[DB] Client acquired from pool

[90mstdout[2m | tests/integration/calendar.test.ts[2m > [22m[2mCalendar API[2m > [22m[2mPOST /api/calendar/availability[2m > [22m[2mshould reject with invalid date
[22m[39m[AUTH] Register success for: test-1769875185211@example.com

[90mstdout[2m | tests/integration/calendar.test.ts[2m > [22m[2mCalendar API[2m > [22m[2mPOST /api/calendar/availability[2m > [22m[2mshould reject with invalid date
[22m[39m[DB] Client acquired from pool

[90mstdout[2m | tests/integration/calendar.test.ts[2m > [22m[2mCalendar API[2m > [22m[2mPOST /api/calendar/availability[2m > [22m[2mshould reject with invalid date
[22m[39m[AUTH] POST /api/auth/login
[AUTH] Login attempt for: test-1769875185211@example.com

[90mstdout[2m | tests/integration/calendar.test.ts[2m > [22m[2mCalendar API[2m > [22m[2mPOST /api/calendar/availability[2m > [22m[2mshould reject with invalid date
[22m[39m[DB] Client acquired from pool

[90mstdout[2m | tests/integration/calendar.test.ts[2m > [22m[2mCalendar API[2m > [22m[2mPOST /api/calendar/availability[2m > [22m[2mshould reject with invalid date
[22m[39m[DB] Client acquired from pool
[DB] Client acquired from pool
[DB] Client acquired from pool

[90mstdout[2m | tests/integration/calendar.test.ts[2m > [22m[2mCalendar API[2m > [22m[2mPOST /api/calendar/availability[2m > [22m[2mshould reject with invalid date
[22m[39m[DB] Client acquired from pool

[90mstdout[2m | tests/integration/calendar.test.ts[2m > [22m[2mCalendar API[2m > [22m[2mPOST /api/calendar/availability[2m > [22m[2mshould reject with invalid date
[22m[39m[DB] Client acquired from pool

[90mstdout[2m | tests/integration/calendar.test.ts[2m > [22m[2mCalendar API[2m > [22m[2mPOST /api/calendar/availability[2m > [22m[2mshould reject with invalid date
[22m[39m[DB] Client acquired from pool

[90mstdout[2m | tests/integration/calendar.test.ts[2m > [22m[2mCalendar API[2m > [22m[2mPOST /api/calendar/availability[2m > [22m[2mshould reject with invalid date
[22m[39m[DB] Client acquired from pool

[90mstdout[2m | tests/integration/calendar.test.ts[2m > [22m[2mCalendar API[2m > [22m[2mPOST /api/calendar/availability[2m > [22m[2mshould reject with invalid date
[22m[39m[DB] Client acquired from pool
[DB] Client acquired from pool
[DB] Client acquired from pool

[90mstdout[2m | tests/integration/calendar.test.ts[2m > [22m[2mCalendar API[2m > [22m[2mPOST /api/calendar/availability[2m > [22m[2mshould reject with invalid date
[22m[39m[DB] Client acquired from pool

[90mstdout[2m | tests/integration/calendar.test.ts[2m > [22m[2mCalendar API[2m > [22m[2mPOST /api/calendar/availability[2m > [22m[2mshould reject with invalid date
[22m[39m[AUTH] Login success for: test-1769875185211@example.com

[90mstdout[2m | tests/integration/calendar.test.ts[2m > [22m[2mCalendar API[2m > [22m[2mPOST /api/calendar/availability[2m > [22m[2mshould reject with invalid date
[22m[39m[DB] Client acquired from pool

[90mstdout[2m | tests/integration/calendar.test.ts[2m > [22m[2mCalendar API[2m > [22m[2mPOST /api/calendar/availability[2m > [22m[2mshould reject with invalid date
[22m[39m[AUTH] Middleware: Token valid for player test-1769875185211@example.com team: [90mundefined[39m

[90mstdout[2m | tests/integration/calendar.test.ts[2m > [22m[2mCalendar API[2m > [22m[2mPOST /api/calendar/availability[2m > [22m[2mshould reject with invalid date
[22m[39m[DB] Client acquired from pool

[90mstdout[2m | tests/integration/calendar.test.ts[2m > [22m[2mCalendar API[2m > [22m[2mPOST /api/calendar/availability[2m > [22m[2mshould reject with invalid date
[22m[39m[DB] Client acquired from pool

[90mstdout[2m | tests/integration/calendar.test.ts[2m > [22m[2mCalendar API[2m > [22m[2mPOST /api/calendar/availability[2m > [22m[2mshould reject with invalid date
[22m[39m[DB] Client acquired from pool

[90mstdout[2m | tests/integration/calendar.test.ts[2m > [22m[2mCalendar API[2m > [22m[2mPOST /api/calendar/availability[2m > [22m[2mshould reject with invalid date
[22m[39m[DB] Client acquired from pool

[90mstdout[2m | tests/integration/calendar.test.ts[2m > [22m[2mCalendar API[2m > [22m[2mPOST /api/calendar/availability[2m > [22m[2mshould reject with invalid date
[22m[39m[DB] Client acquired from pool

[90mstdout[2m | tests/integration/calendar.test.ts[2m > [22m[2mCalendar API[2m > [22m[2mPOST /api/calendar/availability[2m > [22m[2mshould reject with invalid date
[22m[39m[DB] Client acquired from pool

[90mstdout[2m | tests/integration/calendar.test.ts[2m > [22m[2mCalendar API[2m > [22m[2mPOST /api/calendar/availability[2m > [22m[2mshould reject with invalid date
[22m[39m[DB] Client acquired from pool

[90mstdout[2m | tests/integration/calendar.test.ts[2m > [22m[2mCalendar API[2m > [22m[2mPOST /api/calendar/availability[2m > [22m[2mshould reject with invalid date
[22m[39m[DB] Client acquired from pool

[90mstdout[2m | tests/integration/calendar.test.ts[2m > [22m[2mCalendar API[2m > [22m[2mPOST /api/calendar/availability[2m > [22m[2mshould reject with invalid date
[22m[39m[AUTH] Middleware: Token valid for player test-1769875185211@example.com team: cml2hzl4s000pxsui18xm8kq3

[90mstdout[2m | tests/integration/calendar.test.ts[2m > [22m[2mCalendar API[2m > [22m[2mPOST /api/calendar/availability[2m > [22m[2mshould reject with invalid status
[22m[39m[DB] Client acquired from pool

[90mstdout[2m | tests/integration/calendar.test.ts[2m > [22m[2mCalendar API[2m > [22m[2mPOST /api/calendar/availability[2m > [22m[2mshould reject with invalid status
[22m[39m[DB] Client acquired from pool

[90mstdout[2m | tests/integration/calendar.test.ts[2m > [22m[2mCalendar API[2m > [22m[2mPOST /api/calendar/availability[2m > [22m[2mshould reject with invalid status
[22m[39m[DB] Client acquired from pool

[90mstdout[2m | tests/integration/calendar.test.ts[2m > [22m[2mCalendar API[2m > [22m[2mPOST /api/calendar/availability[2m > [22m[2mshould reject with invalid status
[22m[39m[DB] Client acquired from pool

[90mstdout[2m | tests/integration/calendar.test.ts[2m > [22m[2mCalendar API[2m > [22m[2mPOST /api/calendar/availability[2m > [22m[2mshould reject with invalid status
[22m[39m[DB] Client acquired from pool

[90mstdout[2m | tests/integration/calendar.test.ts[2m > [22m[2mCalendar API[2m > [22m[2mPOST /api/calendar/availability[2m > [22m[2mshould reject with invalid status
[22m[39m[DB] Client acquired from pool

[90mstdout[2m | tests/integration/calendar.test.ts[2m > [22m[2mCalendar API[2m > [22m[2mPOST /api/calendar/availability[2m > [22m[2mshould reject with invalid status
[22m[39m[DB] Client acquired from pool

[90mstdout[2m | tests/integration/calendar.test.ts[2m > [22m[2mCalendar API[2m > [22m[2mPOST /api/calendar/availability[2m > [22m[2mshould reject with invalid status
[22m[39m[DB] Client acquired from pool

[90mstdout[2m | tests/integration/calendar.test.ts[2m > [22m[2mCalendar API[2m > [22m[2mPOST /api/calendar/availability[2m > [22m[2mshould reject with invalid status
[22m[39m[DB] Client acquired from pool

[90mstdout[2m | tests/integration/calendar.test.ts[2m > [22m[2mCalendar API[2m > [22m[2mPOST /api/calendar/availability[2m > [22m[2mshould reject with invalid status
[22m[39m[AUTH] POST /api/auth/register

[90mstdout[2m | tests/integration/calendar.test.ts[2m > [22m[2mCalendar API[2m > [22m[2mPOST /api/calendar/availability[2m > [22m[2mshould reject with invalid status
[22m[39m[DB] Client acquired from pool

[90mstdout[2m | tests/integration/calendar.test.ts[2m > [22m[2mCalendar API[2m > [22m[2mPOST /api/calendar/availability[2m > [22m[2mshould reject with invalid status
[22m[39m[DB] Client acquired from pool

[90mstdout[2m | tests/integration/calendar.test.ts[2m > [22m[2mCalendar API[2m > [22m[2mPOST /api/calendar/availability[2m > [22m[2mshould reject with invalid status
[22m[39m[DB] Client acquired from pool

[90mstdout[2m | tests/integration/calendar.test.ts[2m > [22m[2mCalendar API[2m > [22m[2mPOST /api/calendar/availability[2m > [22m[2mshould reject with invalid status
[22m[39m[AUTH] Register success for: test-1769875185361@example.com

[90mstdout[2m | tests/integration/calendar.test.ts[2m > [22m[2mCalendar API[2m > [22m[2mPOST /api/calendar/availability[2m > [22m[2mshould reject with invalid status
[22m[39m[DB] Client acquired from pool

[90mstdout[2m | tests/integration/calendar.test.ts[2m > [22m[2mCalendar API[2m > [22m[2mPOST /api/calendar/availability[2m > [22m[2mshould reject with invalid status
[22m[39m[AUTH] POST /api/auth/login
[AUTH] Login attempt for: test-1769875185361@example.com

[90mstdout[2m | tests/integration/calendar.test.ts[2m > [22m[2mCalendar API[2m > [22m[2mPOST /api/calendar/availability[2m > [22m[2mshould reject with invalid status
[22m[39m[DB] Client acquired from pool

[90mstdout[2m | tests/integration/calendar.test.ts[2m > [22m[2mCalendar API[2m > [22m[2mPOST /api/calendar/availability[2m > [22m[2mshould reject with invalid status
[22m[39m[DB] Client acquired from pool
[DB] Client acquired from pool
[DB] Client acquired from pool

[90mstdout[2m | tests/integration/calendar.test.ts[2m > [22m[2mCalendar API[2m > [22m[2mPOST /api/calendar/availability[2m > [22m[2mshould reject with invalid status
[22m[39m[DB] Client acquired from pool

[90mstdout[2m | tests/integration/calendar.test.ts[2m > [22m[2mCalendar API[2m > [22m[2mPOST /api/calendar/availability[2m > [22m[2mshould reject with invalid status
[22m[39m[DB] Client acquired from pool

[90mstdout[2m | tests/integration/calendar.test.ts[2m > [22m[2mCalendar API[2m > [22m[2mPOST /api/calendar/availability[2m > [22m[2mshould reject with invalid status
[22m[39m[DB] Client acquired from pool

[90mstdout[2m | tests/integration/calendar.test.ts[2m > [22m[2mCalendar API[2m > [22m[2mPOST /api/calendar/availability[2m > [22m[2mshould reject with invalid status
[22m[39m[DB] Client acquired from pool

[90mstdout[2m | tests/integration/calendar.test.ts[2m > [22m[2mCalendar API[2m > [22m[2mPOST /api/calendar/availability[2m > [22m[2mshould reject with invalid status
[22m[39m[DB] Client acquired from pool
[DB] Client acquired from pool
[DB] Client acquired from pool

[90mstdout[2m | tests/integration/calendar.test.ts[2m > [22m[2mCalendar API[2m > [22m[2mPOST /api/calendar/availability[2m > [22m[2mshould reject with invalid status
[22m[39m[DB] Client acquired from pool

[90mstdout[2m | tests/integration/calendar.test.ts[2m > [22m[2mCalendar API[2m > [22m[2mPOST /api/calendar/availability[2m > [22m[2mshould reject with invalid status
[22m[39m[AUTH] Login success for: test-1769875185361@example.com

[90mstdout[2m | tests/integration/calendar.test.ts[2m > [22m[2mCalendar API[2m > [22m[2mPOST /api/calendar/availability[2m > [22m[2mshould reject with invalid status
[22m[39m[DB] Client acquired from pool

[90mstdout[2m | tests/integration/calendar.test.ts[2m > [22m[2mCalendar API[2m > [22m[2mPOST /api/calendar/availability[2m > [22m[2mshould reject with invalid status
[22m[39m[AUTH] Middleware: Token valid for player test-1769875185361@example.com team: [90mundefined[39m

[90mstdout[2m | tests/integration/calendar.test.ts[2m > [22m[2mCalendar API[2m > [22m[2mPOST /api/calendar/availability[2m > [22m[2mshould reject with invalid status
[22m[39m[DB] Client acquired from pool

[90mstdout[2m | tests/integration/calendar.test.ts[2m > [22m[2mCalendar API[2m > [22m[2mPOST /api/calendar/availability[2m > [22m[2mshould reject with invalid status
[22m[39m[DB] Client acquired from pool

[90mstdout[2m | tests/integration/calendar.test.ts[2m > [22m[2mCalendar API[2m > [22m[2mPOST /api/calendar/availability[2m > [22m[2mshould reject with invalid status
[22m[39m[DB] Client acquired from pool

[90mstdout[2m | tests/integration/calendar.test.ts[2m > [22m[2mCalendar API[2m > [22m[2mPOST /api/calendar/availability[2m > [22m[2mshould reject with invalid status
[22m[39m[DB] Client acquired from pool

[90mstdout[2m | tests/integration/calendar.test.ts[2m > [22m[2mCalendar API[2m > [22m[2mPOST /api/calendar/availability[2m > [22m[2mshould reject with invalid status
[22m[39m[DB] Client acquired from pool

[90mstdout[2m | tests/integration/calendar.test.ts[2m > [22m[2mCalendar API[2m > [22m[2mPOST /api/calendar/availability[2m > [22m[2mshould reject with invalid status
[22m[39m[DB] Client acquired from pool

[90mstdout[2m | tests/integration/calendar.test.ts[2m > [22m[2mCalendar API[2m > [22m[2mPOST /api/calendar/availability[2m > [22m[2mshould reject with invalid status
[22m[39m[DB] Client acquired from pool

[90mstdout[2m | tests/integration/calendar.test.ts[2m > [22m[2mCalendar API[2m > [22m[2mPOST /api/calendar/availability[2m > [22m[2mshould reject with invalid status
[22m[39m[DB] Client acquired from pool

[90mstdout[2m | tests/integration/calendar.test.ts[2m > [22m[2mCalendar API[2m > [22m[2mPOST /api/calendar/availability[2m > [22m[2mshould reject with invalid status
[22m[39m[AUTH] Middleware: Token valid for player test-1769875185361@example.com team: cml2hzl91000vxsui82bynbfh

[90mstdout[2m | tests/integration/calendar.test.ts[2m > [22m[2mCalendar API[2m > [22m[2mGET /api/calendar/events[2m > [22m[2mshould return events for authenticated user with team
[22m[39m[DB] Client acquired from pool

[90mstdout[2m | tests/integration/calendar.test.ts[2m > [22m[2mCalendar API[2m > [22m[2mGET /api/calendar/events[2m > [22m[2mshould return events for authenticated user with team
[22m[39m[DB] Client acquired from pool

[90mstdout[2m | tests/integration/calendar.test.ts[2m > [22m[2mCalendar API[2m > [22m[2mGET /api/calendar/events[2m > [22m[2mshould return events for authenticated user with team
[22m[39m[DB] Client acquired from pool

[90mstdout[2m | tests/integration/calendar.test.ts[2m > [22m[2mCalendar API[2m > [22m[2mGET /api/calendar/events[2m > [22m[2mshould return events for authenticated user with team
[22m[39m[DB] Client acquired from pool

[90mstdout[2m | tests/integration/calendar.test.ts[2m > [22m[2mCalendar API[2m > [22m[2mGET /api/calendar/events[2m > [22m[2mshould return events for authenticated user with team
[22m[39m[DB] Client acquired from pool

[90mstdout[2m | tests/integration/calendar.test.ts[2m > [22m[2mCalendar API[2m > [22m[2mGET /api/calendar/events[2m > [22m[2mshould return events for authenticated user with team
[22m[39m[DB] Client acquired from pool

[90mstdout[2m | tests/integration/calendar.test.ts[2m > [22m[2mCalendar API[2m > [22m[2mGET /api/calendar/events[2m > [22m[2mshould return events for authenticated user with team
[22m[39m[DB] Client acquired from pool

[90mstdout[2m | tests/integration/calendar.test.ts[2m > [22m[2mCalendar API[2m > [22m[2mGET /api/calendar/events[2m > [22m[2mshould return events for authenticated user with team
[22m[39m[DB] Client acquired from pool

[90mstdout[2m | tests/integration/calendar.test.ts[2m > [22m[2mCalendar API[2m > [22m[2mGET /api/calendar/events[2m > [22m[2mshould return events for authenticated user with team
[22m[39m[DB] Client acquired from pool

[90mstdout[2m | tests/integration/calendar.test.ts[2m > [22m[2mCalendar API[2m > [22m[2mGET /api/calendar/events[2m > [22m[2mshould return events for authenticated user with team
[22m[39m[AUTH] POST /api/auth/register

[90mstdout[2m | tests/integration/calendar.test.ts[2m > [22m[2mCalendar API[2m > [22m[2mGET /api/calendar/events[2m > [22m[2mshould return events for authenticated user with team
[22m[39m[DB] Client acquired from pool

[90mstdout[2m | tests/integration/calendar.test.ts[2m > [22m[2mCalendar API[2m > [22m[2mGET /api/calendar/events[2m > [22m[2mshould return events for authenticated user with team
[22m[39m[DB] Client acquired from pool

[90mstdout[2m | tests/integration/calendar.test.ts[2m > [22m[2mCalendar API[2m > [22m[2mGET /api/calendar/events[2m > [22m[2mshould return events for authenticated user with team
[22m[39m[DB] Client acquired from pool

[90mstdout[2m | tests/integration/calendar.test.ts[2m > [22m[2mCalendar API[2m > [22m[2mGET /api/calendar/events[2m > [22m[2mshould return events for authenticated user with team
[22m[39m[AUTH] Register success for: test-1769875185515@example.com

[90mstdout[2m | tests/integration/calendar.test.ts[2m > [22m[2mCalendar API[2m > [22m[2mGET /api/calendar/events[2m > [22m[2mshould return events for authenticated user with team
[22m[39m[DB] Client acquired from pool

[90mstdout[2m | tests/integration/calendar.test.ts[2m > [22m[2mCalendar API[2m > [22m[2mGET /api/calendar/events[2m > [22m[2mshould return events for authenticated user with team
[22m[39m[AUTH] POST /api/auth/login
[AUTH] Login attempt for: test-1769875185515@example.com

[90mstdout[2m | tests/integration/calendar.test.ts[2m > [22m[2mCalendar API[2m > [22m[2mGET /api/calendar/events[2m > [22m[2mshould return events for authenticated user with team
[22m[39m[DB] Client acquired from pool

[90mstdout[2m | tests/integration/calendar.test.ts[2m > [22m[2mCalendar API[2m > [22m[2mGET /api/calendar/events[2m > [22m[2mshould return events for authenticated user with team
[22m[39m[DB] Client acquired from pool
[DB] Client acquired from pool
[DB] Client acquired from pool

[90mstdout[2m | tests/integration/calendar.test.ts[2m > [22m[2mCalendar API[2m > [22m[2mGET /api/calendar/events[2m > [22m[2mshould return events for authenticated user with team
[22m[39m[DB] Client acquired from pool

[90mstdout[2m | tests/integration/calendar.test.ts[2m > [22m[2mCalendar API[2m > [22m[2mGET /api/calendar/events[2m > [22m[2mshould return events for authenticated user with team
[22m[39m[DB] Client acquired from pool

[90mstdout[2m | tests/integration/calendar.test.ts[2m > [22m[2mCalendar API[2m > [22m[2mGET /api/calendar/events[2m > [22m[2mshould return events for authenticated user with team
[22m[39m[DB] Client acquired from pool

[90mstdout[2m | tests/integration/calendar.test.ts[2m > [22m[2mCalendar API[2m > [22m[2mGET /api/calendar/events[2m > [22m[2mshould return events for authenticated user with team
[22m[39m[DB] Client acquired from pool

[90mstdout[2m | tests/integration/calendar.test.ts[2m > [22m[2mCalendar API[2m > [22m[2mGET /api/calendar/events[2m > [22m[2mshould return events for authenticated user with team
[22m[39m[DB] Client acquired from pool
[DB] Client acquired from pool
[DB] Client acquired from pool

[90mstdout[2m | tests/integration/calendar.test.ts[2m > [22m[2mCalendar API[2m > [22m[2mGET /api/calendar/events[2m > [22m[2mshould return events for authenticated user with team
[22m[39m[DB] Client acquired from pool

[90mstdout[2m | tests/integration/calendar.test.ts[2m > [22m[2mCalendar API[2m > [22m[2mGET /api/calendar/events[2m > [22m[2mshould return events for authenticated user with team
[22m[39m[AUTH] Login success for: test-1769875185515@example.com

[90mstdout[2m | tests/integration/calendar.test.ts[2m > [22m[2mCalendar API[2m > [22m[2mGET /api/calendar/events[2m > [22m[2mshould return events for authenticated user with team
[22m[39m[DB] Client acquired from pool

[90mstdout[2m | tests/integration/calendar.test.ts[2m > [22m[2mCalendar API[2m > [22m[2mGET /api/calendar/events[2m > [22m[2mshould return events for authenticated user with team
[22m[39m[AUTH] Middleware: Token valid for player test-1769875185515@example.com team: [90mundefined[39m

[90mstdout[2m | tests/integration/calendar.test.ts[2m > [22m[2mCalendar API[2m > [22m[2mGET /api/calendar/events[2m > [22m[2mshould return events for authenticated user with team
[22m[39m[DB] Client acquired from pool

[90mstdout[2m | tests/integration/calendar.test.ts[2m > [22m[2mCalendar API[2m > [22m[2mGET /api/calendar/events[2m > [22m[2mshould return events for authenticated user with team
[22m[39m[DB] Client acquired from pool

[90mstdout[2m | tests/integration/calendar.test.ts[2m > [22m[2mCalendar API[2m > [22m[2mGET /api/calendar/events[2m > [22m[2mshould return events for authenticated user with team
[22m[39m[DB] Client acquired from pool

[90mstdout[2m | tests/integration/calendar.test.ts[2m > [22m[2mCalendar API[2m > [22m[2mGET /api/calendar/events[2m > [22m[2mshould return events for authenticated user with team
[22m[39m[DB] Client acquired from pool

[90mstdout[2m | tests/integration/calendar.test.ts[2m > [22m[2mCalendar API[2m > [22m[2mGET /api/calendar/events[2m > [22m[2mshould return events for authenticated user with team
[22m[39m[DB] Client acquired from pool

[90mstdout[2m | tests/integration/calendar.test.ts[2m > [22m[2mCalendar API[2m > [22m[2mGET /api/calendar/events[2m > [22m[2mshould return events for authenticated user with team
[22m[39m[DB] Client acquired from pool

[90mstdout[2m | tests/integration/calendar.test.ts[2m > [22m[2mCalendar API[2m > [22m[2mGET /api/calendar/events[2m > [22m[2mshould return events for authenticated user with team
[22m[39m[DB] Client acquired from pool

[90mstdout[2m | tests/integration/calendar.test.ts[2m > [22m[2mCalendar API[2m > [22m[2mGET /api/calendar/events[2m > [22m[2mshould return events for authenticated user with team
[22m[39m[DB] Client acquired from pool

[90mstdout[2m | tests/integration/calendar.test.ts[2m > [22m[2mCalendar API[2m > [22m[2mGET /api/calendar/events[2m > [22m[2mshould return events for authenticated user with team
[22m[39m[AUTH] Middleware: Token valid for player test-1769875185515@example.com team: cml2hzlda0011xsui81rwev5u

[90mstdout[2m | tests/integration/calendar.test.ts[2m > [22m[2mCalendar API[2m > [22m[2mGET /api/calendar/events[2m > [22m[2mshould return events for authenticated user with team
[22m[39m[DB] Client acquired from pool

[90mstdout[2m | tests/integration/calendar.test.ts[2m > [22m[2mCalendar API[2m > [22m[2mGET /api/calendar/events[2m > [22m[2mshould return events for authenticated user with team
[22m[39m[DB] Client acquired from pool
[DB] Client acquired from pool
[DB] Client acquired from pool

[90mstdout[2m | tests/integration/calendar.test.ts[2m > [22m[2mCalendar API[2m > [22m[2mGET /api/calendar/events[2m > [22m[2mshould return events for authenticated user with team
[22m[39m[DB] Client acquired from pool

[90mstdout[2m | tests/integration/calendar.test.ts[2m > [22m[2mCalendar API[2m > [22m[2mGET /api/calendar/events[2m > [22m[2mshould return events for authenticated user with team
[22m[39m[AUTH] Permission granted: calendar.canCreateEvents for account test-1769875185515@example.com

[90mstdout[2m | tests/integration/calendar.test.ts[2m > [22m[2mCalendar API[2m > [22m[2mGET /api/calendar/events[2m > [22m[2mshould return events for authenticated user with team
[22m[39m[DB] Client acquired from pool

[90mstdout[2m | tests/integration/calendar.test.ts[2m > [22m[2mCalendar API[2m > [22m[2mGET /api/calendar/events[2m > [22m[2mshould return events for authenticated user with team
[22m[39m[DB] Client acquired from pool

[90mstdout[2m | tests/integration/calendar.test.ts[2m > [22m[2mCalendar API[2m > [22m[2mGET /api/calendar/events[2m > [22m[2mshould return events for authenticated user with team
[22m[39m[DB] Client acquired from pool

[90mstdout[2m | tests/integration/calendar.test.ts[2m > [22m[2mCalendar API[2m > [22m[2mGET /api/calendar/events[2m > [22m[2mshould return events for authenticated user with team
[22m[39m[DB] Client acquired from pool

[90mstdout[2m | tests/integration/calendar.test.ts[2m > [22m[2mCalendar API[2m > [22m[2mGET /api/calendar/events[2m > [22m[2mshould return events for authenticated user with team
[22m[39m[AUTH] Middleware: Token valid for player test-1769875185515@example.com team: cml2hzlda0011xsui81rwev5u

[90mstdout[2m | tests/integration/calendar.test.ts[2m > [22m[2mCalendar API[2m > [22m[2mGET /api/calendar/events[2m > [22m[2mshould return events for authenticated user with team
[22m[39m[DB] Client acquired from pool

[90mstdout[2m | tests/integration/calendar.test.ts[2m > [22m[2mCalendar API[2m > [22m[2mGET /api/calendar/events[2m > [22m[2mshould reject without authentication
[22m[39m[DB] Client acquired from pool

[90mstdout[2m | tests/integration/calendar.test.ts[2m > [22m[2mCalendar API[2m > [22m[2mGET /api/calendar/events[2m > [22m[2mshould reject without authentication
[22m[39m[DB] Client acquired from pool

[90mstdout[2m | tests/integration/calendar.test.ts[2m > [22m[2mCalendar API[2m > [22m[2mGET /api/calendar/events[2m > [22m[2mshould reject without authentication
[22m[39m[DB] Client acquired from pool

[90mstdout[2m | tests/integration/calendar.test.ts[2m > [22m[2mCalendar API[2m > [22m[2mGET /api/calendar/events[2m > [22m[2mshould reject without authentication
[22m[39m[DB] Client acquired from pool

[90mstdout[2m | tests/integration/calendar.test.ts[2m > [22m[2mCalendar API[2m > [22m[2mGET /api/calendar/events[2m > [22m[2mshould reject without authentication
[22m[39m[DB] Client acquired from pool

[90mstdout[2m | tests/integration/calendar.test.ts[2m > [22m[2mCalendar API[2m > [22m[2mGET /api/calendar/events[2m > [22m[2mshould reject without authentication
[22m[39m[DB] Client acquired from pool

[90mstdout[2m | tests/integration/calendar.test.ts[2m > [22m[2mCalendar API[2m > [22m[2mGET /api/calendar/events[2m > [22m[2mshould reject without authentication
[22m[39m[DB] Client acquired from pool

[90mstdout[2m | tests/integration/calendar.test.ts[2m > [22m[2mCalendar API[2m > [22m[2mGET /api/calendar/events[2m > [22m[2mshould reject without authentication
[22m[39m[DB] Client acquired from pool

[90mstdout[2m | tests/integration/calendar.test.ts[2m > [22m[2mCalendar API[2m > [22m[2mGET /api/calendar/events[2m > [22m[2mshould reject without authentication
[22m[39m[DB] Client acquired from pool

[90mstdout[2m | tests/integration/calendar.test.ts[2m > [22m[2mCalendar API[2m > [22m[2mGET /api/calendar/events[2m > [22m[2mshould reject without authentication
[22m[39m[AUTH] Middleware: Missing or invalid Authorization header

[90mstdout[2m | tests/integration/calendar.test.ts[2m > [22m[2mCalendar API[2m > [22m[2mGET /api/calendar/events[2m > [22m[2mshould reject with invalid month parameter
[22m[39m[DB] Client acquired from pool

[90mstdout[2m | tests/integration/calendar.test.ts[2m > [22m[2mCalendar API[2m > [22m[2mGET /api/calendar/events[2m > [22m[2mshould reject with invalid month parameter
[22m[39m[DB] Client acquired from pool

[90mstdout[2m | tests/integration/calendar.test.ts[2m > [22m[2mCalendar API[2m > [22m[2mGET /api/calendar/events[2m > [22m[2mshould reject with invalid month parameter
[22m[39m[DB] Client acquired from pool

[90mstdout[2m | tests/integration/calendar.test.ts[2m > [22m[2mCalendar API[2m > [22m[2mGET /api/calendar/events[2m > [22m[2mshould reject with invalid month parameter
[22m[39m[DB] Client acquired from pool

[90mstdout[2m | tests/integration/calendar.test.ts[2m > [22m[2mCalendar API[2m > [22m[2mGET /api/calendar/events[2m > [22m[2mshould reject with invalid month parameter
[22m[39m[DB] Client acquired from pool

[90mstdout[2m | tests/integration/calendar.test.ts[2m > [22m[2mCalendar API[2m > [22m[2mGET /api/calendar/events[2m > [22m[2mshould reject with invalid month parameter
[22m[39m[DB] Client acquired from pool

[90mstdout[2m | tests/integration/calendar.test.ts[2m > [22m[2mCalendar API[2m > [22m[2mGET /api/calendar/events[2m > [22m[2mshould reject with invalid month parameter
[22m[39m[DB] Client acquired from pool

[90mstdout[2m | tests/integration/calendar.test.ts[2m > [22m[2mCalendar API[2m > [22m[2mGET /api/calendar/events[2m > [22m[2mshould reject with invalid month parameter
[22m[39m[DB] Client acquired from pool

[90mstdout[2m | tests/integration/calendar.test.ts[2m > [22m[2mCalendar API[2m > [22m[2mGET /api/calendar/events[2m > [22m[2mshould reject with invalid month parameter
[22m[39m[DB] Client acquired from pool

[90mstdout[2m | tests/integration/calendar.test.ts[2m > [22m[2mCalendar API[2m > [22m[2mGET /api/calendar/events[2m > [22m[2mshould reject with invalid month parameter
[22m[39m[AUTH] POST /api/auth/register

[90mstdout[2m | tests/integration/calendar.test.ts[2m > [22m[2mCalendar API[2m > [22m[2mGET /api/calendar/events[2m > [22m[2mshould reject with invalid month parameter
[22m[39m[DB] Client acquired from pool

[90mstdout[2m | tests/integration/calendar.test.ts[2m > [22m[2mCalendar API[2m > [22m[2mGET /api/calendar/events[2m > [22m[2mshould reject with invalid month parameter
[22m[39m[DB] Client acquired from pool

[90mstdout[2m | tests/integration/calendar.test.ts[2m > [22m[2mCalendar API[2m > [22m[2mGET /api/calendar/events[2m > [22m[2mshould reject with invalid month parameter
[22m[39m[DB] Client acquired from pool

[90mstdout[2m | tests/integration/calendar.test.ts[2m > [22m[2mCalendar API[2m > [22m[2mGET /api/calendar/events[2m > [22m[2mshould reject with invalid month parameter
[22m[39m[AUTH] Register success for: test-1769875185689@example.com

[90mstdout[2m | tests/integration/calendar.test.ts[2m > [22m[2mCalendar API[2m > [22m[2mGET /api/calendar/events[2m > [22m[2mshould reject with invalid month parameter
[22m[39m[DB] Client acquired from pool

[90mstdout[2m | tests/integration/calendar.test.ts[2m > [22m[2mCalendar API[2m > [22m[2mGET /api/calendar/events[2m > [22m[2mshould reject with invalid month parameter
[22m[39m[AUTH] POST /api/auth/login
[AUTH] Login attempt for: test-1769875185689@example.com

[90mstdout[2m | tests/integration/calendar.test.ts[2m > [22m[2mCalendar API[2m > [22m[2mGET /api/calendar/events[2m > [22m[2mshould reject with invalid month parameter
[22m[39m[DB] Client acquired from pool

[90mstdout[2m | tests/integration/calendar.test.ts[2m > [22m[2mCalendar API[2m > [22m[2mGET /api/calendar/events[2m > [22m[2mshould reject with invalid month parameter
[22m[39m[DB] Client acquired from pool
[DB] Client acquired from pool
[DB] Client acquired from pool

[90mstdout[2m | tests/integration/calendar.test.ts[2m > [22m[2mCalendar API[2m > [22m[2mGET /api/calendar/events[2m > [22m[2mshould reject with invalid month parameter
[22m[39m[DB] Client acquired from pool

[90mstdout[2m | tests/integration/calendar.test.ts[2m > [22m[2mCalendar API[2m > [22m[2mGET /api/calendar/events[2m > [22m[2mshould reject with invalid month parameter
[22m[39m[DB] Client acquired from pool

[90mstdout[2m | tests/integration/calendar.test.ts[2m > [22m[2mCalendar API[2m > [22m[2mGET /api/calendar/events[2m > [22m[2mshould reject with invalid month parameter
[22m[39m[DB] Client acquired from pool

[90mstdout[2m | tests/integration/calendar.test.ts[2m > [22m[2mCalendar API[2m > [22m[2mGET /api/calendar/events[2m > [22m[2mshould reject with invalid month parameter
[22m[39m[DB] Client acquired from pool

[90mstdout[2m | tests/integration/calendar.test.ts[2m > [22m[2mCalendar API[2m > [22m[2mGET /api/calendar/events[2m > [22m[2mshould reject with invalid month parameter
[22m[39m[DB] Client acquired from pool
[DB] Client acquired from pool
[DB] Client acquired from pool

[90mstdout[2m | tests/integration/calendar.test.ts[2m > [22m[2mCalendar API[2m > [22m[2mGET /api/calendar/events[2m > [22m[2mshould reject with invalid month parameter
[22m[39m[DB] Client acquired from pool

[90mstdout[2m | tests/integration/calendar.test.ts[2m > [22m[2mCalendar API[2m > [22m[2mGET /api/calendar/events[2m > [22m[2mshould reject with invalid month parameter
[22m[39m[AUTH] Login success for: test-1769875185689@example.com

[90mstdout[2m | tests/integration/calendar.test.ts[2m > [22m[2mCalendar API[2m > [22m[2mGET /api/calendar/events[2m > [22m[2mshould reject with invalid month parameter
[22m[39m[DB] Client acquired from pool

[90mstdout[2m | tests/integration/calendar.test.ts[2m > [22m[2mCalendar API[2m > [22m[2mGET /api/calendar/events[2m > [22m[2mshould reject with invalid month parameter
[22m[39m[AUTH] Middleware: Token valid for player test-1769875185689@example.com team: [90mundefined[39m

[90mstdout[2m | tests/integration/calendar.test.ts[2m > [22m[2mCalendar API[2m > [22m[2mGET /api/calendar/events[2m > [22m[2mshould reject with invalid month parameter
[22m[39m[DB] Client acquired from pool

[90mstdout[2m | tests/integration/calendar.test.ts[2m > [22m[2mCalendar API[2m > [22m[2mGET /api/calendar/events[2m > [22m[2mshould reject with invalid month parameter
[22m[39m[DB] Client acquired from pool

[90mstdout[2m | tests/integration/calendar.test.ts[2m > [22m[2mCalendar API[2m > [22m[2mGET /api/calendar/events[2m > [22m[2mshould reject with invalid month parameter
[22m[39m[DB] Client acquired from pool

[90mstdout[2m | tests/integration/calendar.test.ts[2m > [22m[2mCalendar API[2m > [22m[2mGET /api/calendar/events[2m > [22m[2mshould reject with invalid month parameter
[22m[39m[DB] Client acquired from pool

[90mstdout[2m | tests/integration/calendar.test.ts[2m > [22m[2mCalendar API[2m > [22m[2mGET /api/calendar/events[2m > [22m[2mshould reject with invalid month parameter
[22m[39m[DB] Client acquired from pool

[90mstdout[2m | tests/integration/calendar.test.ts[2m > [22m[2mCalendar API[2m > [22m[2mGET /api/calendar/events[2m > [22m[2mshould reject with invalid month parameter
[22m[39m[DB] Client acquired from pool

[90mstdout[2m | tests/integration/calendar.test.ts[2m > [22m[2mCalendar API[2m > [22m[2mGET /api/calendar/events[2m > [22m[2mshould reject with invalid month parameter
[22m[39m[DB] Client acquired from pool

[90mstdout[2m | tests/integration/calendar.test.ts[2m > [22m[2mCalendar API[2m > [22m[2mGET /api/calendar/events[2m > [22m[2mshould reject with invalid month parameter
[22m[39m[DB] Client acquired from pool

[90mstdout[2m | tests/integration/calendar.test.ts[2m > [22m[2mCalendar API[2m > [22m[2mGET /api/calendar/events[2m > [22m[2mshould reject with invalid month parameter
[22m[39m[AUTH] Middleware: Token valid for player test-1769875185689@example.com team: cml2hzli30018xsuiy4ffox3h

[90mstdout[2m | tests/integration/calendar.test.ts[2m > [22m[2mCalendar API[2m > [22m[2mGET /api/calendar/events[2m > [22m[2mshould reject user without team
[22m[39m[DB] Client acquired from pool

[90mstdout[2m | tests/integration/calendar.test.ts[2m > [22m[2mCalendar API[2m > [22m[2mGET /api/calendar/events[2m > [22m[2mshould reject user without team
[22m[39m[DB] Client acquired from pool

[90mstdout[2m | tests/integration/calendar.test.ts[2m > [22m[2mCalendar API[2m > [22m[2mGET /api/calendar/events[2m > [22m[2mshould reject user without team
[22m[39m[DB] Client acquired from pool

[90mstdout[2m | tests/integration/calendar.test.ts[2m > [22m[2mCalendar API[2m > [22m[2mGET /api/calendar/events[2m > [22m[2mshould reject user without team
[22m[39m[DB] Client acquired from pool

[90mstdout[2m | tests/integration/calendar.test.ts[2m > [22m[2mCalendar API[2m > [22m[2mGET /api/calendar/events[2m > [22m[2mshould reject user without team
[22m[39m[DB] Client acquired from pool

[90mstdout[2m | tests/integration/calendar.test.ts[2m > [22m[2mCalendar API[2m > [22m[2mGET /api/calendar/events[2m > [22m[2mshould reject user without team
[22m[39m[DB] Client acquired from pool

[90mstdout[2m | tests/integration/calendar.test.ts[2m > [22m[2mCalendar API[2m > [22m[2mGET /api/calendar/events[2m > [22m[2mshould reject user without team
[22m[39m[DB] Client acquired from pool

[90mstdout[2m | tests/integration/calendar.test.ts[2m > [22m[2mCalendar API[2m > [22m[2mGET /api/calendar/events[2m > [22m[2mshould reject user without team
[22m[39m[DB] Client acquired from pool

[90mstdout[2m | tests/integration/calendar.test.ts[2m > [22m[2mCalendar API[2m > [22m[2mGET /api/calendar/events[2m > [22m[2mshould reject user without team
[22m[39m[DB] Client acquired from pool

[90mstdout[2m | tests/integration/calendar.test.ts[2m > [22m[2mCalendar API[2m > [22m[2mGET /api/calendar/events[2m > [22m[2mshould reject user without team
[22m[39m[AUTH] POST /api/auth/register

[90mstdout[2m | tests/integration/calendar.test.ts[2m > [22m[2mCalendar API[2m > [22m[2mGET /api/calendar/events[2m > [22m[2mshould reject user without team
[22m[39m[DB] Client acquired from pool

[90mstdout[2m | tests/integration/calendar.test.ts[2m > [22m[2mCalendar API[2m > [22m[2mGET /api/calendar/events[2m > [22m[2mshould reject user without team
[22m[39m[DB] Client acquired from pool

[90mstdout[2m | tests/integration/calendar.test.ts[2m > [22m[2mCalendar API[2m > [22m[2mGET /api/calendar/events[2m > [22m[2mshould reject user without team
[22m[39m[DB] Client acquired from pool

[90mstdout[2m | tests/integration/calendar.test.ts[2m > [22m[2mCalendar API[2m > [22m[2mGET /api/calendar/events[2m > [22m[2mshould reject user without team
[22m[39m[AUTH] Register success for: test-1769875185843@example.com

[90mstdout[2m | tests/integration/calendar.test.ts[2m > [22m[2mCalendar API[2m > [22m[2mGET /api/calendar/events[2m > [22m[2mshould reject user without team
[22m[39m[DB] Client acquired from pool

[90mstdout[2m | tests/integration/calendar.test.ts[2m > [22m[2mCalendar API[2m > [22m[2mGET /api/calendar/events[2m > [22m[2mshould reject user without team
[22m[39m[AUTH] POST /api/auth/login
[AUTH] Login attempt for: test-1769875185843@example.com

[90mstdout[2m | tests/integration/calendar.test.ts[2m > [22m[2mCalendar API[2m > [22m[2mGET /api/calendar/events[2m > [22m[2mshould reject user without team
[22m[39m[DB] Client acquired from pool

[90mstdout[2m | tests/integration/calendar.test.ts[2m > [22m[2mCalendar API[2m > [22m[2mGET /api/calendar/events[2m > [22m[2mshould reject user without team
[22m[39m[DB] Client acquired from pool
[DB] Client acquired from pool
[DB] Client acquired from pool

[90mstdout[2m | tests/integration/calendar.test.ts[2m > [22m[2mCalendar API[2m > [22m[2mGET /api/calendar/events[2m > [22m[2mshould reject user without team
[22m[39m[DB] Client acquired from pool

[90mstdout[2m | tests/integration/calendar.test.ts[2m > [22m[2mCalendar API[2m > [22m[2mGET /api/calendar/events[2m > [22m[2mshould reject user without team
[22m[39m[DB] Client acquired from pool

[90mstdout[2m | tests/integration/calendar.test.ts[2m > [22m[2mCalendar API[2m > [22m[2mGET /api/calendar/events[2m > [22m[2mshould reject user without team
[22m[39m[DB] Client acquired from pool

[90mstdout[2m | tests/integration/calendar.test.ts[2m > [22m[2mCalendar API[2m > [22m[2mGET /api/calendar/events[2m > [22m[2mshould reject user without team
[22m[39m[DB] Client acquired from pool

[90mstdout[2m | tests/integration/calendar.test.ts[2m > [22m[2mCalendar API[2m > [22m[2mGET /api/calendar/events[2m > [22m[2mshould reject user without team
[22m[39m[DB] Client acquired from pool
[DB] Client acquired from pool
[DB] Client acquired from pool

[90mstdout[2m | tests/integration/calendar.test.ts[2m > [22m[2mCalendar API[2m > [22m[2mGET /api/calendar/events[2m > [22m[2mshould reject user without team
[22m[39m[DB] Client acquired from pool

[90mstdout[2m | tests/integration/calendar.test.ts[2m > [22m[2mCalendar API[2m > [22m[2mGET /api/calendar/events[2m > [22m[2mshould reject user without team
[22m[39m[AUTH] Login success for: test-1769875185843@example.com

[90mstdout[2m | tests/integration/calendar.test.ts[2m > [22m[2mCalendar API[2m > [22m[2mGET /api/calendar/events[2m > [22m[2mshould reject user without team
[22m[39m[DB] Client acquired from pool

[90mstdout[2m | tests/integration/calendar.test.ts[2m > [22m[2mCalendar API[2m > [22m[2mGET /api/calendar/events[2m > [22m[2mshould reject user without team
[22m[39m[AUTH] Middleware: Token valid for player test-1769875185843@example.com team: [90mundefined[39m

[90mstdout[2m | tests/integration/calendar.test.ts[2m > [22m[2mCalendar API[2m > [22m[2mGET /api/calendar/events[2m > [22m[2mshould isolate events by team
[22m[39m[DB] Client acquired from pool

[90mstdout[2m | tests/integration/calendar.test.ts[2m > [22m[2mCalendar API[2m > [22m[2mGET /api/calendar/events[2m > [22m[2mshould isolate events by team
[22m[39m[DB] Client acquired from pool

[90mstdout[2m | tests/integration/calendar.test.ts[2m > [22m[2mCalendar API[2m > [22m[2mGET /api/calendar/events[2m > [22m[2mshould isolate events by team
[22m[39m[DB] Client acquired from pool

[90mstdout[2m | tests/integration/calendar.test.ts[2m > [22m[2mCalendar API[2m > [22m[2mGET /api/calendar/events[2m > [22m[2mshould isolate events by team
[22m[39m[DB] Client acquired from pool

[90mstdout[2m | tests/integration/calendar.test.ts[2m > [22m[2mCalendar API[2m > [22m[2mGET /api/calendar/events[2m > [22m[2mshould isolate events by team
[22m[39m[DB] Client acquired from pool

[90mstdout[2m | tests/integration/calendar.test.ts[2m > [22m[2mCalendar API[2m > [22m[2mGET /api/calendar/events[2m > [22m[2mshould isolate events by team
[22m[39m[DB] Client acquired from pool

[90mstdout[2m | tests/integration/calendar.test.ts[2m > [22m[2mCalendar API[2m > [22m[2mGET /api/calendar/events[2m > [22m[2mshould isolate events by team
[22m[39m[DB] Client acquired from pool

[90mstdout[2m | tests/integration/calendar.test.ts[2m > [22m[2mCalendar API[2m > [22m[2mGET /api/calendar/events[2m > [22m[2mshould isolate events by team
[22m[39m[DB] Client acquired from pool

[90mstdout[2m | tests/integration/calendar.test.ts[2m > [22m[2mCalendar API[2m > [22m[2mGET /api/calendar/events[2m > [22m[2mshould isolate events by team
[22m[39m[DB] Client acquired from pool

[90mstdout[2m | tests/integration/calendar.test.ts[2m > [22m[2mCalendar API[2m > [22m[2mGET /api/calendar/events[2m > [22m[2mshould isolate events by team
[22m[39m[AUTH] POST /api/auth/register

[90mstdout[2m | tests/integration/calendar.test.ts[2m > [22m[2mCalendar API[2m > [22m[2mGET /api/calendar/events[2m > [22m[2mshould isolate events by team
[22m[39m[DB] Client acquired from pool

[90mstdout[2m | tests/integration/calendar.test.ts[2m > [22m[2mCalendar API[2m > [22m[2mGET /api/calendar/events[2m > [22m[2mshould isolate events by team
[22m[39m[DB] Client acquired from pool

[90mstdout[2m | tests/integration/calendar.test.ts[2m > [22m[2mCalendar API[2m > [22m[2mGET /api/calendar/events[2m > [22m[2mshould isolate events by team
[22m[39m[DB] Client acquired from pool

[90mstdout[2m | tests/integration/calendar.test.ts[2m > [22m[2mCalendar API[2m > [22m[2mGET /api/calendar/events[2m > [22m[2mshould isolate events by team
[22m[39m[AUTH] Register success for: team1-cal@example.com

[90mstdout[2m | tests/integration/calendar.test.ts[2m > [22m[2mCalendar API[2m > [22m[2mGET /api/calendar/events[2m > [22m[2mshould isolate events by team
[22m[39m[DB] Client acquired from pool

[90mstdout[2m | tests/integration/calendar.test.ts[2m > [22m[2mCalendar API[2m > [22m[2mGET /api/calendar/events[2m > [22m[2mshould isolate events by team
[22m[39m[AUTH] POST /api/auth/login
[AUTH] Login attempt for: team1-cal@example.com

[90mstdout[2m | tests/integration/calendar.test.ts[2m > [22m[2mCalendar API[2m > [22m[2mGET /api/calendar/events[2m > [22m[2mshould isolate events by team
[22m[39m[DB] Client acquired from pool

[90mstdout[2m | tests/integration/calendar.test.ts[2m > [22m[2mCalendar API[2m > [22m[2mGET /api/calendar/events[2m > [22m[2mshould isolate events by team
[22m[39m[DB] Client acquired from pool
[DB] Client acquired from pool
[DB] Client acquired from pool

[90mstdout[2m | tests/integration/calendar.test.ts[2m > [22m[2mCalendar API[2m > [22m[2mGET /api/calendar/events[2m > [22m[2mshould isolate events by team
[22m[39m[DB] Client acquired from pool

[90mstdout[2m | tests/integration/calendar.test.ts[2m > [22m[2mCalendar API[2m > [22m[2mGET /api/calendar/events[2m > [22m[2mshould isolate events by team
[22m[39m[DB] Client acquired from pool

[90mstdout[2m | tests/integration/calendar.test.ts[2m > [22m[2mCalendar API[2m > [22m[2mGET /api/calendar/events[2m > [22m[2mshould isolate events by team
[22m[39m[DB] Client acquired from pool

[90mstdout[2m | tests/integration/calendar.test.ts[2m > [22m[2mCalendar API[2m > [22m[2mGET /api/calendar/events[2m > [22m[2mshould isolate events by team
[22m[39m[DB] Client acquired from pool

[90mstdout[2m | tests/integration/calendar.test.ts[2m > [22m[2mCalendar API[2m > [22m[2mGET /api/calendar/events[2m > [22m[2mshould isolate events by team
[22m[39m[DB] Client acquired from pool
[DB] Client acquired from pool
[DB] Client acquired from pool

[90mstdout[2m | tests/integration/calendar.test.ts[2m > [22m[2mCalendar API[2m > [22m[2mGET /api/calendar/events[2m > [22m[2mshould isolate events by team
[22m[39m[DB] Client acquired from pool

[90mstdout[2m | tests/integration/calendar.test.ts[2m > [22m[2mCalendar API[2m > [22m[2mGET /api/calendar/events[2m > [22m[2mshould isolate events by team
[22m[39m[AUTH] Login success for: team1-cal@example.com

[90mstdout[2m | tests/integration/calendar.test.ts[2m > [22m[2mCalendar API[2m > [22m[2mGET /api/calendar/events[2m > [22m[2mshould isolate events by team
[22m[39m[DB] Client acquired from pool

[90mstdout[2m | tests/integration/calendar.test.ts[2m > [22m[2mCalendar API[2m > [22m[2mGET /api/calendar/events[2m > [22m[2mshould isolate events by team
[22m[39m[AUTH] Middleware: Token valid for player team1-cal@example.com team: [90mundefined[39m

[90mstdout[2m | tests/integration/calendar.test.ts[2m > [22m[2mCalendar API[2m > [22m[2mGET /api/calendar/events[2m > [22m[2mshould isolate events by team
[22m[39m[DB] Client acquired from pool

[90mstdout[2m | tests/integration/calendar.test.ts[2m > [22m[2mCalendar API[2m > [22m[2mGET /api/calendar/events[2m > [22m[2mshould isolate events by team
[22m[39m[DB] Client acquired from pool

[90mstdout[2m | tests/integration/calendar.test.ts[2m > [22m[2mCalendar API[2m > [22m[2mGET /api/calendar/events[2m > [22m[2mshould isolate events by team
[22m[39m[DB] Client acquired from pool

[90mstdout[2m | tests/integration/calendar.test.ts[2m > [22m[2mCalendar API[2m > [22m[2mGET /api/calendar/events[2m > [22m[2mshould isolate events by team
[22m[39m[DB] Client acquired from pool

[90mstdout[2m | tests/integration/calendar.test.ts[2m > [22m[2mCalendar API[2m > [22m[2mGET /api/calendar/events[2m > [22m[2mshould isolate events by team
[22m[39m[DB] Client acquired from pool

[90mstdout[2m | tests/integration/calendar.test.ts[2m > [22m[2mCalendar API[2m > [22m[2mGET /api/calendar/events[2m > [22m[2mshould isolate events by team
[22m[39m[DB] Client acquired from pool

[90mstdout[2m | tests/integration/calendar.test.ts[2m > [22m[2mCalendar API[2m > [22m[2mGET /api/calendar/events[2m > [22m[2mshould isolate events by team
[22m[39m[DB] Client acquired from pool

[90mstdout[2m | tests/integration/calendar.test.ts[2m > [22m[2mCalendar API[2m > [22m[2mGET /api/calendar/events[2m > [22m[2mshould isolate events by team
[22m[39m[AUTH] POST /api/auth/register

[90mstdout[2m | tests/integration/calendar.test.ts[2m > [22m[2mCalendar API[2m > [22m[2mGET /api/calendar/events[2m > [22m[2mshould isolate events by team
[22m[39m[DB] Client acquired from pool

[90mstdout[2m | tests/integration/calendar.test.ts[2m > [22m[2mCalendar API[2m > [22m[2mGET /api/calendar/events[2m > [22m[2mshould isolate events by team
[22m[39m[DB] Client acquired from pool

[90mstdout[2m | tests/integration/calendar.test.ts[2m > [22m[2mCalendar API[2m > [22m[2mGET /api/calendar/events[2m > [22m[2mshould isolate events by team
[22m[39m[DB] Client acquired from pool

[90mstdout[2m | tests/integration/calendar.test.ts[2m > [22m[2mCalendar API[2m > [22m[2mGET /api/calendar/events[2m > [22m[2mshould isolate events by team
[22m[39m[AUTH] Register success for: team2-cal@example.com

[90mstdout[2m | tests/integration/calendar.test.ts[2m > [22m[2mCalendar API[2m > [22m[2mGET /api/calendar/events[2m > [22m[2mshould isolate events by team
[22m[39m[DB] Client acquired from pool

[90mstdout[2m | tests/integration/calendar.test.ts[2m > [22m[2mCalendar API[2m > [22m[2mGET /api/calendar/events[2m > [22m[2mshould isolate events by team
[22m[39m[AUTH] POST /api/auth/login
[AUTH] Login attempt for: team2-cal@example.com

[90mstdout[2m | tests/integration/calendar.test.ts[2m > [22m[2mCalendar API[2m > [22m[2mGET /api/calendar/events[2m > [22m[2mshould isolate events by team
[22m[39m[DB] Client acquired from pool

[90mstdout[2m | tests/integration/calendar.test.ts[2m > [22m[2mCalendar API[2m > [22m[2mGET /api/calendar/events[2m > [22m[2mshould isolate events by team
[22m[39m[DB] Client acquired from pool
[DB] Client acquired from pool
[DB] Client acquired from pool

[90mstdout[2m | tests/integration/calendar.test.ts[2m > [22m[2mCalendar API[2m > [22m[2mGET /api/calendar/events[2m > [22m[2mshould isolate events by team
[22m[39m[DB] Client acquired from pool

[90mstdout[2m | tests/integration/calendar.test.ts[2m > [22m[2mCalendar API[2m > [22m[2mGET /api/calendar/events[2m > [22m[2mshould isolate events by team
[22m[39m[DB] Client acquired from pool

[90mstdout[2m | tests/integration/calendar.test.ts[2m > [22m[2mCalendar API[2m > [22m[2mGET /api/calendar/events[2m > [22m[2mshould isolate events by team
[22m[39m[DB] Client acquired from pool

[90mstdout[2m | tests/integration/calendar.test.ts[2m > [22m[2mCalendar API[2m > [22m[2mGET /api/calendar/events[2m > [22m[2mshould isolate events by team
[22m[39m[DB] Client acquired from pool

[90mstdout[2m | tests/integration/calendar.test.ts[2m > [22m[2mCalendar API[2m > [22m[2mGET /api/calendar/events[2m > [22m[2mshould isolate events by team
[22m[39m[DB] Client acquired from pool
[DB] Client acquired from pool
[DB] Client acquired from pool

[90mstdout[2m | tests/integration/calendar.test.ts[2m > [22m[2mCalendar API[2m > [22m[2mGET /api/calendar/events[2m > [22m[2mshould isolate events by team
[22m[39m[DB] Client acquired from pool

[90mstdout[2m | tests/integration/calendar.test.ts[2m > [22m[2mCalendar API[2m > [22m[2mGET /api/calendar/events[2m > [22m[2mshould isolate events by team
[22m[39m[AUTH] Login success for: team2-cal@example.com

[90mstdout[2m | tests/integration/calendar.test.ts[2m > [22m[2mCalendar API[2m > [22m[2mGET /api/calendar/events[2m > [22m[2mshould isolate events by team
[22m[39m[DB] Client acquired from pool

[90mstdout[2m | tests/integration/calendar.test.ts[2m > [22m[2mCalendar API[2m > [22m[2mGET /api/calendar/events[2m > [22m[2mshould isolate events by team
[22m[39m[AUTH] Middleware: Token valid for player team2-cal@example.com team: [90mundefined[39m

[90mstdout[2m | tests/integration/calendar.test.ts[2m > [22m[2mCalendar API[2m > [22m[2mGET /api/calendar/events[2m > [22m[2mshould isolate events by team
[22m[39m[DB] Client acquired from pool

[90mstdout[2m | tests/integration/calendar.test.ts[2m > [22m[2mCalendar API[2m > [22m[2mGET /api/calendar/events[2m > [22m[2mshould isolate events by team
[22m[39m[DB] Client acquired from pool

[90mstdout[2m | tests/integration/calendar.test.ts[2m > [22m[2mCalendar API[2m > [22m[2mGET /api/calendar/events[2m > [22m[2mshould isolate events by team
[22m[39m[DB] Client acquired from pool

[90mstdout[2m | tests/integration/calendar.test.ts[2m > [22m[2mCalendar API[2m > [22m[2mGET /api/calendar/events[2m > [22m[2mshould isolate events by team
[22m[39m[DB] Client acquired from pool

[90mstdout[2m | tests/integration/calendar.test.ts[2m > [22m[2mCalendar API[2m > [22m[2mGET /api/calendar/events[2m > [22m[2mshould isolate events by team
[22m[39m[DB] Client acquired from pool

[90mstdout[2m | tests/integration/calendar.test.ts[2m > [22m[2mCalendar API[2m > [22m[2mGET /api/calendar/events[2m > [22m[2mshould isolate events by team
[22m[39m[DB] Client acquired from pool

[90mstdout[2m | tests/integration/calendar.test.ts[2m > [22m[2mCalendar API[2m > [22m[2mGET /api/calendar/events[2m > [22m[2mshould isolate events by team
[22m[39m[DB] Client acquired from pool

[90mstdout[2m | tests/integration/calendar.test.ts[2m > [22m[2mCalendar API[2m > [22m[2mGET /api/calendar/events[2m > [22m[2mshould isolate events by team
[22m[39m[DB] Client acquired from pool

[90mstdout[2m | tests/integration/calendar.test.ts[2m > [22m[2mCalendar API[2m > [22m[2mGET /api/calendar/events[2m > [22m[2mshould isolate events by team
[22m[39m[AUTH] Middleware: Token valid for player team1-cal@example.com team: cml2hzlq4001hxsuiwjed9cvb

[90mstdout[2m | tests/integration/calendar.test.ts[2m > [22m[2mCalendar API[2m > [22m[2mGET /api/calendar/events[2m > [22m[2mshould isolate events by team
[22m[39m[DB] Client acquired from pool

[90mstdout[2m | tests/integration/calendar.test.ts[2m > [22m[2mCalendar API[2m > [22m[2mGET /api/calendar/events[2m > [22m[2mshould isolate events by team
[22m[39m[DB] Client acquired from pool
[DB] Client acquired from pool
[DB] Client acquired from pool

[90mstdout[2m | tests/integration/calendar.test.ts[2m > [22m[2mCalendar API[2m > [22m[2mGET /api/calendar/events[2m > [22m[2mshould isolate events by team
[22m[39m[DB] Client acquired from pool

[90mstdout[2m | tests/integration/calendar.test.ts[2m > [22m[2mCalendar API[2m > [22m[2mGET /api/calendar/events[2m > [22m[2mshould isolate events by team
[22m[39m[AUTH] Permission granted: calendar.canCreateEvents for account team1-cal@example.com

[90mstdout[2m | tests/integration/calendar.test.ts[2m > [22m[2mCalendar API[2m > [22m[2mGET /api/calendar/events[2m > [22m[2mshould isolate events by team
[22m[39m[DB] Client acquired from pool

[90mstdout[2m | tests/integration/calendar.test.ts[2m > [22m[2mCalendar API[2m > [22m[2mGET /api/calendar/events[2m > [22m[2mshould isolate events by team
[22m[39m[DB] Client acquired from pool

[90mstdout[2m | tests/integration/calendar.test.ts[2m > [22m[2mCalendar API[2m > [22m[2mGET /api/calendar/events[2m > [22m[2mshould isolate events by team
[22m[39m[DB] Client acquired from pool

[90mstdout[2m | tests/integration/calendar.test.ts[2m > [22m[2mCalendar API[2m > [22m[2mGET /api/calendar/events[2m > [22m[2mshould isolate events by team
[22m[39m[DB] Client acquired from pool

[90mstdout[2m | tests/integration/calendar.test.ts[2m > [22m[2mCalendar API[2m > [22m[2mGET /api/calendar/events[2m > [22m[2mshould isolate events by team
[22m[39m[AUTH] Middleware: Token valid for player team2-cal@example.com team: cml2hzlu0001nxsuij30egrg1

[90mstdout[2m | tests/integration/calendar.test.ts[2m > [22m[2mCalendar API[2m > [22m[2mGET /api/calendar/events[2m > [22m[2mshould isolate events by team
[22m[39m[DB] Client acquired from pool

[90mstdout[2m | tests/integration/calendar.test.ts[2m > [22m[2mCalendar API[2m > [22m[2mGET /api/calendar/events[2m > [22m[2mshould isolate events by team
[22m[39m[DB] Client acquired from pool
[DB] Client acquired from pool
[DB] Client acquired from pool

[90mstdout[2m | tests/integration/calendar.test.ts[2m > [22m[2mCalendar API[2m > [22m[2mGET /api/calendar/events[2m > [22m[2mshould isolate events by team
[22m[39m[DB] Client acquired from pool

[90mstdout[2m | tests/integration/calendar.test.ts[2m > [22m[2mCalendar API[2m > [22m[2mGET /api/calendar/events[2m > [22m[2mshould isolate events by team
[22m[39m[AUTH] Permission granted: calendar.canCreateEvents for account team2-cal@example.com

[90mstdout[2m | tests/integration/calendar.test.ts[2m > [22m[2mCalendar API[2m > [22m[2mGET /api/calendar/events[2m > [22m[2mshould isolate events by team
[22m[39m[DB] Client acquired from pool

[90mstdout[2m | tests/integration/calendar.test.ts[2m > [22m[2mCalendar API[2m > [22m[2mGET /api/calendar/events[2m > [22m[2mshould isolate events by team
[22m[39m[DB] Client acquired from pool

[90mstdout[2m | tests/integration/calendar.test.ts[2m > [22m[2mCalendar API[2m > [22m[2mGET /api/calendar/events[2m > [22m[2mshould isolate events by team
[22m[39m[DB] Client acquired from pool

[90mstdout[2m | tests/integration/calendar.test.ts[2m > [22m[2mCalendar API[2m > [22m[2mGET /api/calendar/events[2m > [22m[2mshould isolate events by team
[22m[39m[DB] Client acquired from pool

[90mstdout[2m | tests/integration/calendar.test.ts[2m > [22m[2mCalendar API[2m > [22m[2mGET /api/calendar/events[2m > [22m[2mshould isolate events by team
[22m[39m[AUTH] Middleware: Token valid for player team1-cal@example.com team: cml2hzlq4001hxsuiwjed9cvb

[90mstdout[2m | tests/integration/calendar.test.ts[2m > [22m[2mCalendar API[2m > [22m[2mGET /api/calendar/events[2m > [22m[2mshould isolate events by team
[22m[39m[DB] Client acquired from pool

[90mstdout[2m | tests/integration/calendar.test.ts[2m > [22m[2mCalendar API[2m > [22m[2mGET /api/calendar/events[2m > [22m[2mshould isolate events by team
[22m[39m[DB] Client acquired from pool

[90mstdout[2m | tests/integration/calendar.test.ts[2m > [22m[2mCalendar API[2m > [22m[2mGET /api/calendar/events[2m > [22m[2mshould isolate events by team
[22m[39m[AUTH] Middleware: Token valid for player team2-cal@example.com team: cml2hzlu0001nxsuij30egrg1

[90mstdout[2m | tests/integration/calendar.test.ts[2m > [22m[2mCalendar API[2m > [22m[2mGET /api/calendar/events[2m > [22m[2mshould isolate events by team
[22m[39m[DB] Client acquired from pool

[90mstdout[2m | tests/integration/calendar.test.ts[2m > [22m[2mCalendar API[2m > [22m[2mPOST /api/calendar/events[2m > [22m[2mshould create event successfully
[22m[39m[DB] Client acquired from pool

[90mstdout[2m | tests/integration/calendar.test.ts[2m > [22m[2mCalendar API[2m > [22m[2mPOST /api/calendar/events[2m > [22m[2mshould create event successfully
[22m[39m[DB] Client acquired from pool

[90mstdout[2m | tests/integration/calendar.test.ts[2m > [22m[2mCalendar API[2m > [22m[2mPOST /api/calendar/events[2m > [22m[2mshould create event successfully
[22m[39m[DB] Client acquired from pool

[90mstdout[2m | tests/integration/calendar.test.ts[2m > [22m[2mCalendar API[2m > [22m[2mPOST /api/calendar/events[2m > [22m[2mshould create event successfully
[22m[39m[DB] Client acquired from pool

[90mstdout[2m | tests/integration/calendar.test.ts[2m > [22m[2mCalendar API[2m > [22m[2mPOST /api/calendar/events[2m > [22m[2mshould create event successfully
[22m[39m[DB] Client acquired from pool

[90mstdout[2m | tests/integration/calendar.test.ts[2m > [22m[2mCalendar API[2m > [22m[2mPOST /api/calendar/events[2m > [22m[2mshould create event successfully
[22m[39m[DB] Client acquired from pool

[90mstdout[2m | tests/integration/calendar.test.ts[2m > [22m[2mCalendar API[2m > [22m[2mPOST /api/calendar/events[2m > [22m[2mshould create event successfully
[22m[39m[DB] Client acquired from pool

[90mstdout[2m | tests/integration/calendar.test.ts[2m > [22m[2mCalendar API[2m > [22m[2mPOST /api/calendar/events[2m > [22m[2mshould create event successfully
[22m[39m[DB] Client acquired from pool

[90mstdout[2m | tests/integration/calendar.test.ts[2m > [22m[2mCalendar API[2m > [22m[2mPOST /api/calendar/events[2m > [22m[2mshould create event successfully
[22m[39m[DB] Client acquired from pool

[90mstdout[2m | tests/integration/calendar.test.ts[2m > [22m[2mCalendar API[2m > [22m[2mPOST /api/calendar/events[2m > [22m[2mshould create event successfully
[22m[39m[AUTH] POST /api/auth/register

[90mstdout[2m | tests/integration/calendar.test.ts[2m > [22m[2mCalendar API[2m > [22m[2mPOST /api/calendar/events[2m > [22m[2mshould create event successfully
[22m[39m[DB] Client acquired from pool

[90mstdout[2m | tests/integration/calendar.test.ts[2m > [22m[2mCalendar API[2m > [22m[2mPOST /api/calendar/events[2m > [22m[2mshould create event successfully
[22m[39m[DB] Client acquired from pool

[90mstdout[2m | tests/integration/calendar.test.ts[2m > [22m[2mCalendar API[2m > [22m[2mPOST /api/calendar/events[2m > [22m[2mshould create event successfully
[22m[39m[DB] Client acquired from pool

[90mstdout[2m | tests/integration/calendar.test.ts[2m > [22m[2mCalendar API[2m > [22m[2mPOST /api/calendar/events[2m > [22m[2mshould create event successfully
[22m[39m[AUTH] Register success for: test-1769875186294@example.com

[90mstdout[2m | tests/integration/calendar.test.ts[2m > [22m[2mCalendar API[2m > [22m[2mPOST /api/calendar/events[2m > [22m[2mshould create event successfully
[22m[39m[DB] Client acquired from pool

[90mstdout[2m | tests/integration/calendar.test.ts[2m > [22m[2mCalendar API[2m > [22m[2mPOST /api/calendar/events[2m > [22m[2mshould create event successfully
[22m[39m[AUTH] POST /api/auth/login
[AUTH] Login attempt for: test-1769875186294@example.com

[90mstdout[2m | tests/integration/calendar.test.ts[2m > [22m[2mCalendar API[2m > [22m[2mPOST /api/calendar/events[2m > [22m[2mshould create event successfully
[22m[39m[DB] Client acquired from pool

[90mstdout[2m | tests/integration/calendar.test.ts[2m > [22m[2mCalendar API[2m > [22m[2mPOST /api/calendar/events[2m > [22m[2mshould create event successfully
[22m[39m[DB] Client acquired from pool
[DB] Client acquired from pool
[DB] Client acquired from pool

[90mstdout[2m | tests/integration/calendar.test.ts[2m > [22m[2mCalendar API[2m > [22m[2mPOST /api/calendar/events[2m > [22m[2mshould create event successfully
[22m[39m[DB] Client acquired from pool

[90mstdout[2m | tests/integration/calendar.test.ts[2m > [22m[2mCalendar API[2m > [22m[2mPOST /api/calendar/events[2m > [22m[2mshould create event successfully
[22m[39m[DB] Client acquired from pool

[90mstdout[2m | tests/integration/calendar.test.ts[2m > [22m[2mCalendar API[2m > [22m[2mPOST /api/calendar/events[2m > [22m[2mshould create event successfully
[22m[39m[DB] Client acquired from pool

[90mstdout[2m | tests/integration/calendar.test.ts[2m > [22m[2mCalendar API[2m > [22m[2mPOST /api/calendar/events[2m > [22m[2mshould create event successfully
[22m[39m[DB] Client acquired from pool

[90mstdout[2m | tests/integration/calendar.test.ts[2m > [22m[2mCalendar API[2m > [22m[2mPOST /api/calendar/events[2m > [22m[2mshould create event successfully
[22m[39m[DB] Client acquired from pool
[DB] Client acquired from pool
[DB] Client acquired from pool

[90mstdout[2m | tests/integration/calendar.test.ts[2m > [22m[2mCalendar API[2m > [22m[2mPOST /api/calendar/events[2m > [22m[2mshould create event successfully
[22m[39m[DB] Client acquired from pool

[90mstdout[2m | tests/integration/calendar.test.ts[2m > [22m[2mCalendar API[2m > [22m[2mPOST /api/calendar/events[2m > [22m[2mshould create event successfully
[22m[39m[AUTH] Login success for: test-1769875186294@example.com

[90mstdout[2m | tests/integration/calendar.test.ts[2m > [22m[2mCalendar API[2m > [22m[2mPOST /api/calendar/events[2m > [22m[2mshould create event successfully
[22m[39m[DB] Client acquired from pool

[90mstdout[2m | tests/integration/calendar.test.ts[2m > [22m[2mCalendar API[2m > [22m[2mPOST /api/calendar/events[2m > [22m[2mshould create event successfully
[22m[39m[AUTH] Middleware: Token valid for player test-1769875186294@example.com team: [90mundefined[39m

[90mstdout[2m | tests/integration/calendar.test.ts[2m > [22m[2mCalendar API[2m > [22m[2mPOST /api/calendar/events[2m > [22m[2mshould create event successfully
[22m[39m[DB] Client acquired from pool

[90mstdout[2m | tests/integration/calendar.test.ts[2m > [22m[2mCalendar API[2m > [22m[2mPOST /api/calendar/events[2m > [22m[2mshould create event successfully
[22m[39m[DB] Client acquired from pool

[90mstdout[2m | tests/integration/calendar.test.ts[2m > [22m[2mCalendar API[2m > [22m[2mPOST /api/calendar/events[2m > [22m[2mshould create event successfully
[22m[39m[DB] Client acquired from pool

[90mstdout[2m | tests/integration/calendar.test.ts[2m > [22m[2mCalendar API[2m > [22m[2mPOST /api/calendar/events[2m > [22m[2mshould create event successfully
[22m[39m[DB] Client acquired from pool

[90mstdout[2m | tests/integration/calendar.test.ts[2m > [22m[2mCalendar API[2m > [22m[2mPOST /api/calendar/events[2m > [22m[2mshould create event successfully
[22m[39m[DB] Client acquired from pool

[90mstdout[2m | tests/integration/calendar.test.ts[2m > [22m[2mCalendar API[2m > [22m[2mPOST /api/calendar/events[2m > [22m[2mshould create event successfully
[22m[39m[DB] Client acquired from pool

[90mstdout[2m | tests/integration/calendar.test.ts[2m > [22m[2mCalendar API[2m > [22m[2mPOST /api/calendar/events[2m > [22m[2mshould create event successfully
[22m[39m[DB] Client acquired from pool

[90mstdout[2m | tests/integration/calendar.test.ts[2m > [22m[2mCalendar API[2m > [22m[2mPOST /api/calendar/events[2m > [22m[2mshould create event successfully
[22m[39m[DB] Client acquired from pool

[90mstdout[2m | tests/integration/calendar.test.ts[2m > [22m[2mCalendar API[2m > [22m[2mPOST /api/calendar/events[2m > [22m[2mshould create event successfully
[22m[39m[AUTH] Middleware: Token valid for player test-1769875186294@example.com team: cml2hzlyx001vxsuithf18wi5

[90mstdout[2m | tests/integration/calendar.test.ts[2m > [22m[2mCalendar API[2m > [22m[2mPOST /api/calendar/events[2m > [22m[2mshould create event successfully
[22m[39m[DB] Client acquired from pool

[90mstdout[2m | tests/integration/calendar.test.ts[2m > [22m[2mCalendar API[2m > [22m[2mPOST /api/calendar/events[2m > [22m[2mshould create event successfully
[22m[39m[DB] Client acquired from pool
[DB] Client acquired from pool
[DB] Client acquired from pool

[90mstdout[2m | tests/integration/calendar.test.ts[2m > [22m[2mCalendar API[2m > [22m[2mPOST /api/calendar/events[2m > [22m[2mshould create event successfully
[22m[39m[DB] Client acquired from pool

[90mstdout[2m | tests/integration/calendar.test.ts[2m > [22m[2mCalendar API[2m > [22m[2mPOST /api/calendar/events[2m > [22m[2mshould create event successfully
[22m[39m[AUTH] Permission granted: calendar.canCreateEvents for account test-1769875186294@example.com

[90mstdout[2m | tests/integration/calendar.test.ts[2m > [22m[2mCalendar API[2m > [22m[2mPOST /api/calendar/events[2m > [22m[2mshould create event successfully
[22m[39m[DB] Client acquired from pool

[90mstdout[2m | tests/integration/calendar.test.ts[2m > [22m[2mCalendar API[2m > [22m[2mPOST /api/calendar/events[2m > [22m[2mshould create event successfully
[22m[39m[DB] Client acquired from pool

[90mstdout[2m | tests/integration/calendar.test.ts[2m > [22m[2mCalendar API[2m > [22m[2mPOST /api/calendar/events[2m > [22m[2mshould create event successfully
[22m[39m[DB] Client acquired from pool

[90mstdout[2m | tests/integration/calendar.test.ts[2m > [22m[2mCalendar API[2m > [22m[2mPOST /api/calendar/events[2m > [22m[2mshould create event successfully
[22m[39m[DB] Client acquired from pool

[90mstdout[2m | tests/integration/calendar.test.ts[2m > [22m[2mCalendar API[2m > [22m[2mPOST /api/calendar/events[2m > [22m[2mshould reject without authentication
[22m[39m[DB] Client acquired from pool

[90mstdout[2m | tests/integration/calendar.test.ts[2m > [22m[2mCalendar API[2m > [22m[2mPOST /api/calendar/events[2m > [22m[2mshould reject without authentication
[22m[39m[DB] Client acquired from pool

[90mstdout[2m | tests/integration/calendar.test.ts[2m > [22m[2mCalendar API[2m > [22m[2mPOST /api/calendar/events[2m > [22m[2mshould reject without authentication
[22m[39m[DB] Client acquired from pool

[90mstdout[2m | tests/integration/calendar.test.ts[2m > [22m[2mCalendar API[2m > [22m[2mPOST /api/calendar/events[2m > [22m[2mshould reject without authentication
[22m[39m[DB] Client acquired from pool

[90mstdout[2m | tests/integration/calendar.test.ts[2m > [22m[2mCalendar API[2m > [22m[2mPOST /api/calendar/events[2m > [22m[2mshould reject without authentication
[22m[39m[DB] Client acquired from pool

[90mstdout[2m | tests/integration/calendar.test.ts[2m > [22m[2mCalendar API[2m > [22m[2mPOST /api/calendar/events[2m > [22m[2mshould reject without authentication
[22m[39m[DB] Client acquired from pool

[90mstdout[2m | tests/integration/calendar.test.ts[2m > [22m[2mCalendar API[2m > [22m[2mPOST /api/calendar/events[2m > [22m[2mshould reject without authentication
[22m[39m[DB] Client acquired from pool

[90mstdout[2m | tests/integration/calendar.test.ts[2m > [22m[2mCalendar API[2m > [22m[2mPOST /api/calendar/events[2m > [22m[2mshould reject without authentication
[22m[39m[DB] Client acquired from pool

[90mstdout[2m | tests/integration/calendar.test.ts[2m > [22m[2mCalendar API[2m > [22m[2mPOST /api/calendar/events[2m > [22m[2mshould reject without authentication
[22m[39m[DB] Client acquired from pool

[90mstdout[2m | tests/integration/calendar.test.ts[2m > [22m[2mCalendar API[2m > [22m[2mPOST /api/calendar/events[2m > [22m[2mshould reject without authentication
[22m[39m[AUTH] Middleware: Missing or invalid Authorization header

[90mstdout[2m | tests/integration/calendar.test.ts[2m > [22m[2mCalendar API[2m > [22m[2mPOST /api/calendar/events[2m > [22m[2mshould reject user without team
[22m[39m[DB] Client acquired from pool

[90mstdout[2m | tests/integration/calendar.test.ts[2m > [22m[2mCalendar API[2m > [22m[2mPOST /api/calendar/events[2m > [22m[2mshould reject user without team
[22m[39m[DB] Client acquired from pool

[90mstdout[2m | tests/integration/calendar.test.ts[2m > [22m[2mCalendar API[2m > [22m[2mPOST /api/calendar/events[2m > [22m[2mshould reject user without team
[22m[39m[DB] Client acquired from pool

[90mstdout[2m | tests/integration/calendar.test.ts[2m > [22m[2mCalendar API[2m > [22m[2mPOST /api/calendar/events[2m > [22m[2mshould reject user without team
[22m[39m[DB] Client acquired from pool

[90mstdout[2m | tests/integration/calendar.test.ts[2m > [22m[2mCalendar API[2m > [22m[2mPOST /api/calendar/events[2m > [22m[2mshould reject user without team
[22m[39m[DB] Client acquired from pool

[90mstdout[2m | tests/integration/calendar.test.ts[2m > [22m[2mCalendar API[2m > [22m[2mPOST /api/calendar/events[2m > [22m[2mshould reject user without team
[22m[39m[DB] Client acquired from pool

[90mstdout[2m | tests/integration/calendar.test.ts[2m > [22m[2mCalendar API[2m > [22m[2mPOST /api/calendar/events[2m > [22m[2mshould reject user without team
[22m[39m[DB] Client acquired from pool

[90mstdout[2m | tests/integration/calendar.test.ts[2m > [22m[2mCalendar API[2m > [22m[2mPOST /api/calendar/events[2m > [22m[2mshould reject user without team
[22m[39m[DB] Client acquired from pool

[90mstdout[2m | tests/integration/calendar.test.ts[2m > [22m[2mCalendar API[2m > [22m[2mPOST /api/calendar/events[2m > [22m[2mshould reject user without team
[22m[39m[DB] Client acquired from pool

[90mstdout[2m | tests/integration/calendar.test.ts[2m > [22m[2mCalendar API[2m > [22m[2mPOST /api/calendar/events[2m > [22m[2mshould reject user without team
[22m[39m[AUTH] POST /api/auth/register

[90mstdout[2m | tests/integration/calendar.test.ts[2m > [22m[2mCalendar API[2m > [22m[2mPOST /api/calendar/events[2m > [22m[2mshould reject user without team
[22m[39m[DB] Client acquired from pool

[90mstdout[2m | tests/integration/calendar.test.ts[2m > [22m[2mCalendar API[2m > [22m[2mPOST /api/calendar/events[2m > [22m[2mshould reject user without team
[22m[39m[DB] Client acquired from pool

[90mstdout[2m | tests/integration/calendar.test.ts[2m > [22m[2mCalendar API[2m > [22m[2mPOST /api/calendar/events[2m > [22m[2mshould reject user without team
[22m[39m[DB] Client acquired from pool

[90mstdout[2m | tests/integration/calendar.test.ts[2m > [22m[2mCalendar API[2m > [22m[2mPOST /api/calendar/events[2m > [22m[2mshould reject user without team
[22m[39m[AUTH] Register success for: test-1769875186466@example.com

[90mstdout[2m | tests/integration/calendar.test.ts[2m > [22m[2mCalendar API[2m > [22m[2mPOST /api/calendar/events[2m > [22m[2mshould reject user without team
[22m[39m[DB] Client acquired from pool

[90mstdout[2m | tests/integration/calendar.test.ts[2m > [22m[2mCalendar API[2m > [22m[2mPOST /api/calendar/events[2m > [22m[2mshould reject user without team
[22m[39m[AUTH] POST /api/auth/login
[AUTH] Login attempt for: test-1769875186466@example.com

[90mstdout[2m | tests/integration/calendar.test.ts[2m > [22m[2mCalendar API[2m > [22m[2mPOST /api/calendar/events[2m > [22m[2mshould reject user without team
[22m[39m[DB] Client acquired from pool

[90mstdout[2m | tests/integration/calendar.test.ts[2m > [22m[2mCalendar API[2m > [22m[2mPOST /api/calendar/events[2m > [22m[2mshould reject user without team
[22m[39m[DB] Client acquired from pool
[DB] Client acquired from pool
[DB] Client acquired from pool

[90mstdout[2m | tests/integration/calendar.test.ts[2m > [22m[2mCalendar API[2m > [22m[2mPOST /api/calendar/events[2m > [22m[2mshould reject user without team
[22m[39m[DB] Client acquired from pool

[90mstdout[2m | tests/integration/calendar.test.ts[2m > [22m[2mCalendar API[2m > [22m[2mPOST /api/calendar/events[2m > [22m[2mshould reject user without team
[22m[39m[DB] Client acquired from pool

[90mstdout[2m | tests/integration/calendar.test.ts[2m > [22m[2mCalendar API[2m > [22m[2mPOST /api/calendar/events[2m > [22m[2mshould reject user without team
[22m[39m[DB] Client acquired from pool

[90mstdout[2m | tests/integration/calendar.test.ts[2m > [22m[2mCalendar API[2m > [22m[2mPOST /api/calendar/events[2m > [22m[2mshould reject user without team
[22m[39m[DB] Client acquired from pool

[90mstdout[2m | tests/integration/calendar.test.ts[2m > [22m[2mCalendar API[2m > [22m[2mPOST /api/calendar/events[2m > [22m[2mshould reject user without team
[22m[39m[DB] Client acquired from pool
[DB] Client acquired from pool
[DB] Client acquired from pool

[90mstdout[2m | tests/integration/calendar.test.ts[2m > [22m[2mCalendar API[2m > [22m[2mPOST /api/calendar/events[2m > [22m[2mshould reject user without team
[22m[39m[DB] Client acquired from pool

[90mstdout[2m | tests/integration/calendar.test.ts[2m > [22m[2mCalendar API[2m > [22m[2mPOST /api/calendar/events[2m > [22m[2mshould reject user without team
[22m[39m[AUTH] Login success for: test-1769875186466@example.com

[90mstdout[2m | tests/integration/calendar.test.ts[2m > [22m[2mCalendar API[2m > [22m[2mPOST /api/calendar/events[2m > [22m[2mshould reject user without team
[22m[39m[DB] Client acquired from pool

[90mstdout[2m | tests/integration/calendar.test.ts[2m > [22m[2mCalendar API[2m > [22m[2mPOST /api/calendar/events[2m > [22m[2mshould reject user without team
[22m[39m[DB] Client acquired from pool

[90mstdout[2m | tests/integration/calendar.test.ts[2m > [22m[2mCalendar API[2m > [22m[2mPOST /api/calendar/events[2m > [22m[2mshould reject user without team
[22m[39m[AUTH] Middleware: Token valid for player test-1769875186466@example.com team: [90mundefined[39m

[90mstdout[2m | tests/integration/calendar.test.ts[2m > [22m[2mCalendar API[2m > [22m[2mPOST /api/calendar/events[2m > [22m[2mshould reject user without team
[22m[39m[DB] Client acquired from pool

[90mstdout[2m | tests/integration/calendar.test.ts[2m > [22m[2mCalendar API[2m > [22m[2mPOST /api/calendar/events[2m > [22m[2mshould reject user without team
[22m[39m[DB] Client acquired from pool
[DB] Client acquired from pool
[DB] Client acquired from pool

[90mstdout[2m | tests/integration/calendar.test.ts[2m > [22m[2mCalendar API[2m > [22m[2mPOST /api/calendar/events[2m > [22m[2mshould reject user without team
[22m[39m[DB] Client acquired from pool

[90mstdout[2m | tests/integration/calendar.test.ts[2m > [22m[2mCalendar API[2m > [22m[2mPOST /api/calendar/events[2m > [22m[2mshould reject user without team
[22m[39m[AUTH] Permission denied: calendar.canCreateEvents for account test-1769875186466@example.com

[90mstdout[2m | tests/integration/calendar.test.ts[2m > [22m[2mCalendar API[2m > [22m[2mPOST /api/calendar/events[2m > [22m[2mshould reject user without team
[22m[39m[DB] Client acquired from pool

[90mstdout[2m | tests/integration/calendar.test.ts[2m > [22m[2mCalendar API[2m > [22m[2mPOST /api/calendar/events[2m > [22m[2mshould reject with invalid date
[22m[39m[DB] Client acquired from pool

[90mstdout[2m | tests/integration/calendar.test.ts[2m > [22m[2mCalendar API[2m > [22m[2mPOST /api/calendar/events[2m > [22m[2mshould reject with invalid date
[22m[39m[DB] Client acquired from pool

[90mstdout[2m | tests/integration/calendar.test.ts[2m > [22m[2mCalendar API[2m > [22m[2mPOST /api/calendar/events[2m > [22m[2mshould reject with invalid date
[22m[39m[DB] Client acquired from pool

[90mstdout[2m | tests/integration/calendar.test.ts[2m > [22m[2mCalendar API[2m > [22m[2mPOST /api/calendar/events[2m > [22m[2mshould reject with invalid date
[22m[39m[DB] Client acquired from pool

[90mstdout[2m | tests/integration/calendar.test.ts[2m > [22m[2mCalendar API[2m > [22m[2mPOST /api/calendar/events[2m > [22m[2mshould reject with invalid date
[22m[39m[DB] Client acquired from pool

[90mstdout[2m | tests/integration/calendar.test.ts[2m > [22m[2mCalendar API[2m > [22m[2mPOST /api/calendar/events[2m > [22m[2mshould reject with invalid date
[22m[39m[DB] Client acquired from pool

[90mstdout[2m | tests/integration/calendar.test.ts[2m > [22m[2mCalendar API[2m > [22m[2mPOST /api/calendar/events[2m > [22m[2mshould reject with invalid date
[22m[39m[DB] Client acquired from pool

[90mstdout[2m | tests/integration/calendar.test.ts[2m > [22m[2mCalendar API[2m > [22m[2mPOST /api/calendar/events[2m > [22m[2mshould reject with invalid date
[22m[39m[DB] Client acquired from pool

[90mstdout[2m | tests/integration/calendar.test.ts[2m > [22m[2mCalendar API[2m > [22m[2mPOST /api/calendar/events[2m > [22m[2mshould reject with invalid date
[22m[39m[DB] Client acquired from pool

[90mstdout[2m | tests/integration/calendar.test.ts[2m > [22m[2mCalendar API[2m > [22m[2mPOST /api/calendar/events[2m > [22m[2mshould reject with invalid date
[22m[39m[AUTH] POST /api/auth/register

[90mstdout[2m | tests/integration/calendar.test.ts[2m > [22m[2mCalendar API[2m > [22m[2mPOST /api/calendar/events[2m > [22m[2mshould reject with invalid date
[22m[39m[DB] Client acquired from pool

[90mstdout[2m | tests/integration/calendar.test.ts[2m > [22m[2mCalendar API[2m > [22m[2mPOST /api/calendar/events[2m > [22m[2mshould reject with invalid date
[22m[39m[DB] Client acquired from pool

[90mstdout[2m | tests/integration/calendar.test.ts[2m > [22m[2mCalendar API[2m > [22m[2mPOST /api/calendar/events[2m > [22m[2mshould reject with invalid date
[22m[39m[DB] Client acquired from pool

[90mstdout[2m | tests/integration/calendar.test.ts[2m > [22m[2mCalendar API[2m > [22m[2mPOST /api/calendar/events[2m > [22m[2mshould reject with invalid date
[22m[39m[AUTH] Register success for: test-1769875186602@example.com

[90mstdout[2m | tests/integration/calendar.test.ts[2m > [22m[2mCalendar API[2m > [22m[2mPOST /api/calendar/events[2m > [22m[2mshould reject with invalid date
[22m[39m[DB] Client acquired from pool

[90mstdout[2m | tests/integration/calendar.test.ts[2m > [22m[2mCalendar API[2m > [22m[2mPOST /api/calendar/events[2m > [22m[2mshould reject with invalid date
[22m[39m[AUTH] POST /api/auth/login
[AUTH] Login attempt for: test-1769875186602@example.com

[90mstdout[2m | tests/integration/calendar.test.ts[2m > [22m[2mCalendar API[2m > [22m[2mPOST /api/calendar/events[2m > [22m[2mshould reject with invalid date
[22m[39m[DB] Client acquired from pool

[90mstdout[2m | tests/integration/calendar.test.ts[2m > [22m[2mCalendar API[2m > [22m[2mPOST /api/calendar/events[2m > [22m[2mshould reject with invalid date
[22m[39m[DB] Client acquired from pool
[DB] Client acquired from pool
[DB] Client acquired from pool

[90mstdout[2m | tests/integration/calendar.test.ts[2m > [22m[2mCalendar API[2m > [22m[2mPOST /api/calendar/events[2m > [22m[2mshould reject with invalid date
[22m[39m[DB] Client acquired from pool

[90mstdout[2m | tests/integration/calendar.test.ts[2m > [22m[2mCalendar API[2m > [22m[2mPOST /api/calendar/events[2m > [22m[2mshould reject with invalid date
[22m[39m[DB] Client acquired from pool

[90mstdout[2m | tests/integration/calendar.test.ts[2m > [22m[2mCalendar API[2m > [22m[2mPOST /api/calendar/events[2m > [22m[2mshould reject with invalid date
[22m[39m[DB] Client acquired from pool

[90mstdout[2m | tests/integration/calendar.test.ts[2m > [22m[2mCalendar API[2m > [22m[2mPOST /api/calendar/events[2m > [22m[2mshould reject with invalid date
[22m[39m[DB] Client acquired from pool

[90mstdout[2m | tests/integration/calendar.test.ts[2m > [22m[2mCalendar API[2m > [22m[2mPOST /api/calendar/events[2m > [22m[2mshould reject with invalid date
[22m[39m[DB] Client acquired from pool
[DB] Client acquired from pool
[DB] Client acquired from pool

[90mstdout[2m | tests/integration/calendar.test.ts[2m > [22m[2mCalendar API[2m > [22m[2mPOST /api/calendar/events[2m > [22m[2mshould reject with invalid date
[22m[39m[DB] Client acquired from pool

[90mstdout[2m | tests/integration/calendar.test.ts[2m > [22m[2mCalendar API[2m > [22m[2mPOST /api/calendar/events[2m > [22m[2mshould reject with invalid date
[22m[39m[AUTH] Login success for: test-1769875186602@example.com

[90mstdout[2m | tests/integration/calendar.test.ts[2m > [22m[2mCalendar API[2m > [22m[2mPOST /api/calendar/events[2m > [22m[2mshould reject with invalid date
[22m[39m[DB] Client acquired from pool

[90mstdout[2m | tests/integration/calendar.test.ts[2m > [22m[2mCalendar API[2m > [22m[2mPOST /api/calendar/events[2m > [22m[2mshould reject with invalid date
[22m[39m[AUTH] Middleware: Token valid for player test-1769875186602@example.com team: [90mundefined[39m

[90mstdout[2m | tests/integration/calendar.test.ts[2m > [22m[2mCalendar API[2m > [22m[2mPOST /api/calendar/events[2m > [22m[2mshould reject with invalid date
[22m[39m[DB] Client acquired from pool

[90mstdout[2m | tests/integration/calendar.test.ts[2m > [22m[2mCalendar API[2m > [22m[2mPOST /api/calendar/events[2m > [22m[2mshould reject with invalid date
[22m[39m[DB] Client acquired from pool

[90mstdout[2m | tests/integration/calendar.test.ts[2m > [22m[2mCalendar API[2m > [22m[2mPOST /api/calendar/events[2m > [22m[2mshould reject with invalid date
[22m[39m[DB] Client acquired from pool

[90mstdout[2m | tests/integration/calendar.test.ts[2m > [22m[2mCalendar API[2m > [22m[2mPOST /api/calendar/events[2m > [22m[2mshould reject with invalid date
[22m[39m[DB] Client acquired from pool

[90mstdout[2m | tests/integration/calendar.test.ts[2m > [22m[2mCalendar API[2m > [22m[2mPOST /api/calendar/events[2m > [22m[2mshould reject with invalid date
[22m[39m[DB] Client acquired from pool

[90mstdout[2m | tests/integration/calendar.test.ts[2m > [22m[2mCalendar API[2m > [22m[2mPOST /api/calendar/events[2m > [22m[2mshould reject with invalid date
[22m[39m[DB] Client acquired from pool

[90mstdout[2m | tests/integration/calendar.test.ts[2m > [22m[2mCalendar API[2m > [22m[2mPOST /api/calendar/events[2m > [22m[2mshould reject with invalid date
[22m[39m[DB] Client acquired from pool

[90mstdout[2m | tests/integration/calendar.test.ts[2m > [22m[2mCalendar API[2m > [22m[2mPOST /api/calendar/events[2m > [22m[2mshould reject with invalid date
[22m[39m[DB] Client acquired from pool

[90mstdout[2m | tests/integration/calendar.test.ts[2m > [22m[2mCalendar API[2m > [22m[2mPOST /api/calendar/events[2m > [22m[2mshould reject with invalid date
[22m[39m[DB] Client acquired from pool

[90mstdout[2m | tests/integration/calendar.test.ts[2m > [22m[2mCalendar API[2m > [22m[2mPOST /api/calendar/events[2m > [22m[2mshould reject with invalid date
[22m[39m[AUTH] Middleware: Token valid for player test-1769875186602@example.com team: cml2hzm7e0025xsui8p2msspw

[90mstdout[2m | tests/integration/calendar.test.ts[2m > [22m[2mCalendar API[2m > [22m[2mPOST /api/calendar/events[2m > [22m[2mshould reject with invalid date
[22m[39m[DB] Client acquired from pool

[90mstdout[2m | tests/integration/calendar.test.ts[2m > [22m[2mCalendar API[2m > [22m[2mPOST /api/calendar/events[2m > [22m[2mshould reject with invalid date
[22m[39m[DB] Client acquired from pool
[DB] Client acquired from pool
[DB] Client acquired from pool

[90mstdout[2m | tests/integration/calendar.test.ts[2m > [22m[2mCalendar API[2m > [22m[2mPOST /api/calendar/events[2m > [22m[2mshould reject with invalid date
[22m[39m[DB] Client acquired from pool

[90mstdout[2m | tests/integration/calendar.test.ts[2m > [22m[2mCalendar API[2m > [22m[2mPOST /api/calendar/events[2m > [22m[2mshould reject with invalid date
[22m[39m[AUTH] Permission granted: calendar.canCreateEvents for account test-1769875186602@example.com

[90mstdout[2m | tests/integration/calendar.test.ts[2m > [22m[2mCalendar API[2m > [22m[2mPOST /api/calendar/events[2m > [22m[2mshould reject with invalid date
[22m[39m[DB] Client acquired from pool

[90mstdout[2m | tests/integration/calendar.test.ts[2m > [22m[2mCalendar API[2m > [22m[2mPOST /api/calendar/events[2m > [22m[2mshould reject with invalid event type
[22m[39m[DB] Client acquired from pool

[90mstdout[2m | tests/integration/calendar.test.ts[2m > [22m[2mCalendar API[2m > [22m[2mPOST /api/calendar/events[2m > [22m[2mshould reject with invalid event type
[22m[39m[DB] Client acquired from pool

[90mstdout[2m | tests/integration/calendar.test.ts[2m > [22m[2mCalendar API[2m > [22m[2mPOST /api/calendar/events[2m > [22m[2mshould reject with invalid event type
[22m[39m[DB] Client acquired from pool

[90mstdout[2m | tests/integration/calendar.test.ts[2m > [22m[2mCalendar API[2m > [22m[2mPOST /api/calendar/events[2m > [22m[2mshould reject with invalid event type
[22m[39m[DB] Client acquired from pool

[90mstdout[2m | tests/integration/calendar.test.ts[2m > [22m[2mCalendar API[2m > [22m[2mPOST /api/calendar/events[2m > [22m[2mshould reject with invalid event type
[22m[39m[DB] Client acquired from pool

[90mstdout[2m | tests/integration/calendar.test.ts[2m > [22m[2mCalendar API[2m > [22m[2mPOST /api/calendar/events[2m > [22m[2mshould reject with invalid event type
[22m[39m[DB] Client acquired from pool

[90mstdout[2m | tests/integration/calendar.test.ts[2m > [22m[2mCalendar API[2m > [22m[2mPOST /api/calendar/events[2m > [22m[2mshould reject with invalid event type
[22m[39m[DB] Client acquired from pool

[90mstdout[2m | tests/integration/calendar.test.ts[2m > [22m[2mCalendar API[2m > [22m[2mPOST /api/calendar/events[2m > [22m[2mshould reject with invalid event type
[22m[39m[DB] Client acquired from pool

[90mstdout[2m | tests/integration/calendar.test.ts[2m > [22m[2mCalendar API[2m > [22m[2mPOST /api/calendar/events[2m > [22m[2mshould reject with invalid event type
[22m[39m[DB] Client acquired from pool

[90mstdout[2m | tests/integration/calendar.test.ts[2m > [22m[2mCalendar API[2m > [22m[2mPOST /api/calendar/events[2m > [22m[2mshould reject with invalid event type
[22m[39m[AUTH] POST /api/auth/register

[90mstdout[2m | tests/integration/calendar.test.ts[2m > [22m[2mCalendar API[2m > [22m[2mPOST /api/calendar/events[2m > [22m[2mshould reject with invalid event type
[22m[39m[DB] Client acquired from pool

[90mstdout[2m | tests/integration/calendar.test.ts[2m > [22m[2mCalendar API[2m > [22m[2mPOST /api/calendar/events[2m > [22m[2mshould reject with invalid event type
[22m[39m[DB] Client acquired from pool

[90mstdout[2m | tests/integration/calendar.test.ts[2m > [22m[2mCalendar API[2m > [22m[2mPOST /api/calendar/events[2m > [22m[2mshould reject with invalid event type
[22m[39m[DB] Client acquired from pool

[90mstdout[2m | tests/integration/calendar.test.ts[2m > [22m[2mCalendar API[2m > [22m[2mPOST /api/calendar/events[2m > [22m[2mshould reject with invalid event type
[22m[39m[AUTH] Register success for: test-1769875186755@example.com

[90mstdout[2m | tests/integration/calendar.test.ts[2m > [22m[2mCalendar API[2m > [22m[2mPOST /api/calendar/events[2m > [22m[2mshould reject with invalid event type
[22m[39m[DB] Client acquired from pool

[90mstdout[2m | tests/integration/calendar.test.ts[2m > [22m[2mCalendar API[2m > [22m[2mPOST /api/calendar/events[2m > [22m[2mshould reject with invalid event type
[22m[39m[AUTH] POST /api/auth/login
[AUTH] Login attempt for: test-1769875186755@example.com

[90mstdout[2m | tests/integration/calendar.test.ts[2m > [22m[2mCalendar API[2m > [22m[2mPOST /api/calendar/events[2m > [22m[2mshould reject with invalid event type
[22m[39m[DB] Client acquired from pool

[90mstdout[2m | tests/integration/calendar.test.ts[2m > [22m[2mCalendar API[2m > [22m[2mPOST /api/calendar/events[2m > [22m[2mshould reject with invalid event type
[22m[39m[DB] Client acquired from pool
[DB] Client acquired from pool
[DB] Client acquired from pool

[90mstdout[2m | tests/integration/calendar.test.ts[2m > [22m[2mCalendar API[2m > [22m[2mPOST /api/calendar/events[2m > [22m[2mshould reject with invalid event type
[22m[39m[DB] Client acquired from pool

[90mstdout[2m | tests/integration/calendar.test.ts[2m > [22m[2mCalendar API[2m > [22m[2mPOST /api/calendar/events[2m > [22m[2mshould reject with invalid event type
[22m[39m[DB] Client acquired from pool

[90mstdout[2m | tests/integration/calendar.test.ts[2m > [22m[2mCalendar API[2m > [22m[2mPOST /api/calendar/events[2m > [22m[2mshould reject with invalid event type
[22m[39m[DB] Client acquired from pool

[90mstdout[2m | tests/integration/calendar.test.ts[2m > [22m[2mCalendar API[2m > [22m[2mPOST /api/calendar/events[2m > [22m[2mshould reject with invalid event type
[22m[39m[DB] Client acquired from pool

[90mstdout[2m | tests/integration/calendar.test.ts[2m > [22m[2mCalendar API[2m > [22m[2mPOST /api/calendar/events[2m > [22m[2mshould reject with invalid event type
[22m[39m[DB] Client acquired from pool
[DB] Client acquired from pool
[DB] Client acquired from pool

[90mstdout[2m | tests/integration/calendar.test.ts[2m > [22m[2mCalendar API[2m > [22m[2mPOST /api/calendar/events[2m > [22m[2mshould reject with invalid event type
[22m[39m[DB] Client acquired from pool

[90mstdout[2m | tests/integration/calendar.test.ts[2m > [22m[2mCalendar API[2m > [22m[2mPOST /api/calendar/events[2m > [22m[2mshould reject with invalid event type
[22m[39m[AUTH] Login success for: test-1769875186755@example.com

[90mstdout[2m | tests/integration/calendar.test.ts[2m > [22m[2mCalendar API[2m > [22m[2mPOST /api/calendar/events[2m > [22m[2mshould reject with invalid event type
[22m[39m[DB] Client acquired from pool

[90mstdout[2m | tests/integration/calendar.test.ts[2m > [22m[2mCalendar API[2m > [22m[2mPOST /api/calendar/events[2m > [22m[2mshould reject with invalid event type
[22m[39m[AUTH] Middleware: Token valid for player test-1769875186755@example.com team: [90mundefined[39m

[90mstdout[2m | tests/integration/calendar.test.ts[2m > [22m[2mCalendar API[2m > [22m[2mPOST /api/calendar/events[2m > [22m[2mshould reject with invalid event type
[22m[39m[DB] Client acquired from pool

[90mstdout[2m | tests/integration/calendar.test.ts[2m > [22m[2mCalendar API[2m > [22m[2mPOST /api/calendar/events[2m > [22m[2mshould reject with invalid event type
[22m[39m[DB] Client acquired from pool

[90mstdout[2m | tests/integration/calendar.test.ts[2m > [22m[2mCalendar API[2m > [22m[2mPOST /api/calendar/events[2m > [22m[2mshould reject with invalid event type
[22m[39m[DB] Client acquired from pool

[90mstdout[2m | tests/integration/calendar.test.ts[2m > [22m[2mCalendar API[2m > [22m[2mPOST /api/calendar/events[2m > [22m[2mshould reject with invalid event type
[22m[39m[DB] Client acquired from pool

[90mstdout[2m | tests/integration/calendar.test.ts[2m > [22m[2mCalendar API[2m > [22m[2mPOST /api/calendar/events[2m > [22m[2mshould reject with invalid event type
[22m[39m[DB] Client acquired from pool

[90mstdout[2m | tests/integration/calendar.test.ts[2m > [22m[2mCalendar API[2m > [22m[2mPOST /api/calendar/events[2m > [22m[2mshould reject with invalid event type
[22m[39m[DB] Client acquired from pool

[90mstdout[2m | tests/integration/calendar.test.ts[2m > [22m[2mCalendar API[2m > [22m[2mPOST /api/calendar/events[2m > [22m[2mshould reject with invalid event type
[22m[39m[DB] Client acquired from pool

[90mstdout[2m | tests/integration/calendar.test.ts[2m > [22m[2mCalendar API[2m > [22m[2mPOST /api/calendar/events[2m > [22m[2mshould reject with invalid event type
[22m[39m[DB] Client acquired from pool

[90mstdout[2m | tests/integration/calendar.test.ts[2m > [22m[2mCalendar API[2m > [22m[2mPOST /api/calendar/events[2m > [22m[2mshould reject with invalid event type
[22m[39m[DB] Client acquired from pool

[90mstdout[2m | tests/integration/calendar.test.ts[2m > [22m[2mCalendar API[2m > [22m[2mPOST /api/calendar/events[2m > [22m[2mshould reject with invalid event type
[22m[39m[AUTH] Middleware: Token valid for player test-1769875186755@example.com team: cml2hzmbn002bxsui55h5kdw9

[90mstdout[2m | tests/integration/calendar.test.ts[2m > [22m[2mCalendar API[2m > [22m[2mPOST /api/calendar/events[2m > [22m[2mshould reject with invalid event type
[22m[39m[DB] Client acquired from pool

[90mstdout[2m | tests/integration/calendar.test.ts[2m > [22m[2mCalendar API[2m > [22m[2mPOST /api/calendar/events[2m > [22m[2mshould reject with invalid event type
[22m[39m[DB] Client acquired from pool
[DB] Client acquired from pool
[DB] Client acquired from pool

[90mstdout[2m | tests/integration/calendar.test.ts[2m > [22m[2mCalendar API[2m > [22m[2mPOST /api/calendar/events[2m > [22m[2mshould reject with invalid event type
[22m[39m[DB] Client acquired from pool

[90mstdout[2m | tests/integration/calendar.test.ts[2m > [22m[2mCalendar API[2m > [22m[2mPOST /api/calendar/events[2m > [22m[2mshould reject with invalid event type
[22m[39m[AUTH] Permission granted: calendar.canCreateEvents for account test-1769875186755@example.com

[90mstdout[2m | tests/integration/calendar.test.ts[2m > [22m[2mCalendar API[2m > [22m[2mPOST /api/calendar/events[2m > [22m[2mshould reject with invalid event type
[22m[39m[DB] Client acquired from pool

[90mstdout[2m | tests/integration/calendar.test.ts[2m > [22m[2mCalendar API[2m > [22m[2mPOST /api/calendar/events[2m > [22m[2mshould reject without title
[22m[39m[DB] Client acquired from pool

[90mstdout[2m | tests/integration/calendar.test.ts[2m > [22m[2mCalendar API[2m > [22m[2mPOST /api/calendar/events[2m > [22m[2mshould reject without title
[22m[39m[DB] Client acquired from pool

[90mstdout[2m | tests/integration/calendar.test.ts[2m > [22m[2mCalendar API[2m > [22m[2mPOST /api/calendar/events[2m > [22m[2mshould reject without title
[22m[39m[DB] Client acquired from pool

[90mstdout[2m | tests/integration/calendar.test.ts[2m > [22m[2mCalendar API[2m > [22m[2mPOST /api/calendar/events[2m > [22m[2mshould reject without title
[22m[39m[DB] Client acquired from pool

[90mstdout[2m | tests/integration/calendar.test.ts[2m > [22m[2mCalendar API[2m > [22m[2mPOST /api/calendar/events[2m > [22m[2mshould reject without title
[22m[39m[DB] Client acquired from pool

[90mstdout[2m | tests/integration/calendar.test.ts[2m > [22m[2mCalendar API[2m > [22m[2mPOST /api/calendar/events[2m > [22m[2mshould reject without title
[22m[39m[DB] Client acquired from pool

[90mstdout[2m | tests/integration/calendar.test.ts[2m > [22m[2mCalendar API[2m > [22m[2mPOST /api/calendar/events[2m > [22m[2mshould reject without title
[22m[39m[DB] Client acquired from pool

[90mstdout[2m | tests/integration/calendar.test.ts[2m > [22m[2mCalendar API[2m > [22m[2mPOST /api/calendar/events[2m > [22m[2mshould reject without title
[22m[39m[DB] Client acquired from pool

[90mstdout[2m | tests/integration/calendar.test.ts[2m > [22m[2mCalendar API[2m > [22m[2mPOST /api/calendar/events[2m > [22m[2mshould reject without title
[22m[39m[DB] Client acquired from pool

[90mstdout[2m | tests/integration/calendar.test.ts[2m > [22m[2mCalendar API[2m > [22m[2mPOST /api/calendar/events[2m > [22m[2mshould reject without title
[22m[39m[AUTH] POST /api/auth/register

[90mstdout[2m | tests/integration/calendar.test.ts[2m > [22m[2mCalendar API[2m > [22m[2mPOST /api/calendar/events[2m > [22m[2mshould reject without title
[22m[39m[DB] Client acquired from pool

[90mstdout[2m | tests/integration/calendar.test.ts[2m > [22m[2mCalendar API[2m > [22m[2mPOST /api/calendar/events[2m > [22m[2mshould reject without title
[22m[39m[DB] Client acquired from pool

[90mstdout[2m | tests/integration/calendar.test.ts[2m > [22m[2mCalendar API[2m > [22m[2mPOST /api/calendar/events[2m > [22m[2mshould reject without title
[22m[39m[DB] Client acquired from pool

[90mstdout[2m | tests/integration/calendar.test.ts[2m > [22m[2mCalendar API[2m > [22m[2mPOST /api/calendar/events[2m > [22m[2mshould reject without title
[22m[39m[AUTH] Register success for: test-1769875186908@example.com

[90mstdout[2m | tests/integration/calendar.test.ts[2m > [22m[2mCalendar API[2m > [22m[2mPOST /api/calendar/events[2m > [22m[2mshould reject without title
[22m[39m[DB] Client acquired from pool

[90mstdout[2m | tests/integration/calendar.test.ts[2m > [22m[2mCalendar API[2m > [22m[2mPOST /api/calendar/events[2m > [22m[2mshould reject without title
[22m[39m[AUTH] POST /api/auth/login
[AUTH] Login attempt for: test-1769875186908@example.com

[90mstdout[2m | tests/integration/calendar.test.ts[2m > [22m[2mCalendar API[2m > [22m[2mPOST /api/calendar/events[2m > [22m[2mshould reject without title
[22m[39m[DB] Client acquired from pool

[90mstdout[2m | tests/integration/calendar.test.ts[2m > [22m[2mCalendar API[2m > [22m[2mPOST /api/calendar/events[2m > [22m[2mshould reject without title
[22m[39m[DB] Client acquired from pool
[DB] Client acquired from pool
[DB] Client acquired from pool

[90mstdout[2m | tests/integration/calendar.test.ts[2m > [22m[2mCalendar API[2m > [22m[2mPOST /api/calendar/events[2m > [22m[2mshould reject without title
[22m[39m[DB] Client acquired from pool

[90mstdout[2m | tests/integration/calendar.test.ts[2m > [22m[2mCalendar API[2m > [22m[2mPOST /api/calendar/events[2m > [22m[2mshould reject without title
[22m[39m[DB] Client acquired from pool

[90mstdout[2m | tests/integration/calendar.test.ts[2m > [22m[2mCalendar API[2m > [22m[2mPOST /api/calendar/events[2m > [22m[2mshould reject without title
[22m[39m[DB] Client acquired from pool

[90mstdout[2m | tests/integration/calendar.test.ts[2m > [22m[2mCalendar API[2m > [22m[2mPOST /api/calendar/events[2m > [22m[2mshould reject without title
[22m[39m[DB] Client acquired from pool

[90mstdout[2m | tests/integration/calendar.test.ts[2m > [22m[2mCalendar API[2m > [22m[2mPOST /api/calendar/events[2m > [22m[2mshould reject without title
[22m[39m[DB] Client acquired from pool
[DB] Client acquired from pool
[DB] Client acquired from pool

[90mstdout[2m | tests/integration/calendar.test.ts[2m > [22m[2mCalendar API[2m > [22m[2mPOST /api/calendar/events[2m > [22m[2mshould reject without title
[22m[39m[DB] Client acquired from pool

[90mstdout[2m | tests/integration/calendar.test.ts[2m > [22m[2mCalendar API[2m > [22m[2mPOST /api/calendar/events[2m > [22m[2mshould reject without title
[22m[39m[AUTH] Login success for: test-1769875186908@example.com

[90mstdout[2m | tests/integration/calendar.test.ts[2m > [22m[2mCalendar API[2m > [22m[2mPOST /api/calendar/events[2m > [22m[2mshould reject without title
[22m[39m[DB] Client acquired from pool

[90mstdout[2m | tests/integration/calendar.test.ts[2m > [22m[2mCalendar API[2m > [22m[2mPOST /api/calendar/events[2m > [22m[2mshould reject without title
[22m[39m[AUTH] Middleware: Token valid for player test-1769875186908@example.com team: [90mundefined[39m

[90mstdout[2m | tests/integration/calendar.test.ts[2m > [22m[2mCalendar API[2m > [22m[2mPOST /api/calendar/events[2m > [22m[2mshould reject without title
[22m[39m[DB] Client acquired from pool

[90mstdout[2m | tests/integration/calendar.test.ts[2m > [22m[2mCalendar API[2m > [22m[2mPOST /api/calendar/events[2m > [22m[2mshould reject without title
[22m[39m[DB] Client acquired from pool

[90mstdout[2m | tests/integration/calendar.test.ts[2m > [22m[2mCalendar API[2m > [22m[2mPOST /api/calendar/events[2m > [22m[2mshould reject without title
[22m[39m[DB] Client acquired from pool

[90mstdout[2m | tests/integration/calendar.test.ts[2m > [22m[2mCalendar API[2m > [22m[2mPOST /api/calendar/events[2m > [22m[2mshould reject without title
[22m[39m[DB] Client acquired from pool

[90mstdout[2m | tests/integration/calendar.test.ts[2m > [22m[2mCalendar API[2m > [22m[2mPOST /api/calendar/events[2m > [22m[2mshould reject without title
[22m[39m[DB] Client acquired from pool

[90mstdout[2m | tests/integration/calendar.test.ts[2m > [22m[2mCalendar API[2m > [22m[2mPOST /api/calendar/events[2m > [22m[2mshould reject without title
[22m[39m[DB] Client acquired from pool

[90mstdout[2m | tests/integration/calendar.test.ts[2m > [22m[2mCalendar API[2m > [22m[2mPOST /api/calendar/events[2m > [22m[2mshould reject without title
[22m[39m[DB] Client acquired from pool

[90mstdout[2m | tests/integration/calendar.test.ts[2m > [22m[2mCalendar API[2m > [22m[2mPOST /api/calendar/events[2m > [22m[2mshould reject without title
[22m[39m[DB] Client acquired from pool

[90mstdout[2m | tests/integration/calendar.test.ts[2m > [22m[2mCalendar API[2m > [22m[2mPOST /api/calendar/events[2m > [22m[2mshould reject without title
[22m[39m[DB] Client acquired from pool

[90mstdout[2m | tests/integration/calendar.test.ts[2m > [22m[2mCalendar API[2m > [22m[2mPOST /api/calendar/events[2m > [22m[2mshould reject without title
[22m[39m[AUTH] Middleware: Token valid for player test-1769875186908@example.com team: cml2hzmfv002hxsuiwy7f3xna

[90mstdout[2m | tests/integration/calendar.test.ts[2m > [22m[2mCalendar API[2m > [22m[2mPOST /api/calendar/events[2m > [22m[2mshould reject without title
[22m[39m[DB] Client acquired from pool

[90mstdout[2m | tests/integration/calendar.test.ts[2m > [22m[2mCalendar API[2m > [22m[2mPOST /api/calendar/events[2m > [22m[2mshould reject without title
[22m[39m[DB] Client acquired from pool
[DB] Client acquired from pool
[DB] Client acquired from pool

[90mstdout[2m | tests/integration/calendar.test.ts[2m > [22m[2mCalendar API[2m > [22m[2mPOST /api/calendar/events[2m > [22m[2mshould reject without title
[22m[39m[DB] Client acquired from pool

[90mstdout[2m | tests/integration/calendar.test.ts[2m > [22m[2mCalendar API[2m > [22m[2mPOST /api/calendar/events[2m > [22m[2mshould reject without title
[22m[39m[AUTH] Permission granted: calendar.canCreateEvents for account test-1769875186908@example.com

[90mstdout[2m | tests/integration/calendar.test.ts[2m > [22m[2mCalendar API[2m > [22m[2mPOST /api/calendar/events[2m > [22m[2mshould reject without title
[22m[39m[DB] Client acquired from pool

[90mstdout[2m | tests/integration/calendar.test.ts[2m > [22m[2mCalendar API[2m > [22m[2mDELETE /api/calendar/events/:id[2m > [22m[2mshould delete event successfully
[22m[39m[DB] Client acquired from pool

[90mstdout[2m | tests/integration/calendar.test.ts[2m > [22m[2mCalendar API[2m > [22m[2mDELETE /api/calendar/events/:id[2m > [22m[2mshould delete event successfully
[22m[39m[DB] Client acquired from pool

[90mstdout[2m | tests/integration/calendar.test.ts[2m > [22m[2mCalendar API[2m > [22m[2mDELETE /api/calendar/events/:id[2m > [22m[2mshould delete event successfully
[22m[39m[DB] Client acquired from pool

[90mstdout[2m | tests/integration/calendar.test.ts[2m > [22m[2mCalendar API[2m > [22m[2mDELETE /api/calendar/events/:id[2m > [22m[2mshould delete event successfully
[22m[39m[DB] Client acquired from pool

[90mstdout[2m | tests/integration/calendar.test.ts[2m > [22m[2mCalendar API[2m > [22m[2mDELETE /api/calendar/events/:id[2m > [22m[2mshould delete event successfully
[22m[39m[DB] Client acquired from pool

[90mstdout[2m | tests/integration/calendar.test.ts[2m > [22m[2mCalendar API[2m > [22m[2mDELETE /api/calendar/events/:id[2m > [22m[2mshould delete event successfully
[22m[39m[DB] Client acquired from pool

[90mstdout[2m | tests/integration/calendar.test.ts[2m > [22m[2mCalendar API[2m > [22m[2mDELETE /api/calendar/events/:id[2m > [22m[2mshould delete event successfully
[22m[39m[DB] Client acquired from pool

[90mstdout[2m | tests/integration/calendar.test.ts[2m > [22m[2mCalendar API[2m > [22m[2mDELETE /api/calendar/events/:id[2m > [22m[2mshould delete event successfully
[22m[39m[DB] Client acquired from pool

[90mstdout[2m | tests/integration/calendar.test.ts[2m > [22m[2mCalendar API[2m > [22m[2mDELETE /api/calendar/events/:id[2m > [22m[2mshould delete event successfully
[22m[39m[DB] Client acquired from pool

[90mstdout[2m | tests/integration/calendar.test.ts[2m > [22m[2mCalendar API[2m > [22m[2mDELETE /api/calendar/events/:id[2m > [22m[2mshould delete event successfully
[22m[39m[AUTH] POST /api/auth/register

[90mstdout[2m | tests/integration/calendar.test.ts[2m > [22m[2mCalendar API[2m > [22m[2mDELETE /api/calendar/events/:id[2m > [22m[2mshould delete event successfully
[22m[39m[DB] Client acquired from pool

[90mstdout[2m | tests/integration/calendar.test.ts[2m > [22m[2mCalendar API[2m > [22m[2mDELETE /api/calendar/events/:id[2m > [22m[2mshould delete event successfully
[22m[39m[DB] Client acquired from pool

[90mstdout[2m | tests/integration/calendar.test.ts[2m > [22m[2mCalendar API[2m > [22m[2mDELETE /api/calendar/events/:id[2m > [22m[2mshould delete event successfully
[22m[39m[DB] Client acquired from pool

[90mstdout[2m | tests/integration/calendar.test.ts[2m > [22m[2mCalendar API[2m > [22m[2mDELETE /api/calendar/events/:id[2m > [22m[2mshould delete event successfully
[22m[39m[AUTH] Register success for: test-1769875187061@example.com

[90mstdout[2m | tests/integration/calendar.test.ts[2m > [22m[2mCalendar API[2m > [22m[2mDELETE /api/calendar/events/:id[2m > [22m[2mshould delete event successfully
[22m[39m[DB] Client acquired from pool

[90mstdout[2m | tests/integration/calendar.test.ts[2m > [22m[2mCalendar API[2m > [22m[2mDELETE /api/calendar/events/:id[2m > [22m[2mshould delete event successfully
[22m[39m[AUTH] POST /api/auth/login
[AUTH] Login attempt for: test-1769875187061@example.com

[90mstdout[2m | tests/integration/calendar.test.ts[2m > [22m[2mCalendar API[2m > [22m[2mDELETE /api/calendar/events/:id[2m > [22m[2mshould delete event successfully
[22m[39m[DB] Client acquired from pool

[90mstdout[2m | tests/integration/calendar.test.ts[2m > [22m[2mCalendar API[2m > [22m[2mDELETE /api/calendar/events/:id[2m > [22m[2mshould delete event successfully
[22m[39m[DB] Client acquired from pool
[DB] Client acquired from pool
[DB] Client acquired from pool

[90mstdout[2m | tests/integration/calendar.test.ts[2m > [22m[2mCalendar API[2m > [22m[2mDELETE /api/calendar/events/:id[2m > [22m[2mshould delete event successfully
[22m[39m[DB] Client acquired from pool

[90mstdout[2m | tests/integration/calendar.test.ts[2m > [22m[2mCalendar API[2m > [22m[2mDELETE /api/calendar/events/:id[2m > [22m[2mshould delete event successfully
[22m[39m[DB] Client acquired from pool

[90mstdout[2m | tests/integration/calendar.test.ts[2m > [22m[2mCalendar API[2m > [22m[2mDELETE /api/calendar/events/:id[2m > [22m[2mshould delete event successfully
[22m[39m[DB] Client acquired from pool

[90mstdout[2m | tests/integration/calendar.test.ts[2m > [22m[2mCalendar API[2m > [22m[2mDELETE /api/calendar/events/:id[2m > [22m[2mshould delete event successfully
[22m[39m[DB] Client acquired from pool

[90mstdout[2m | tests/integration/calendar.test.ts[2m > [22m[2mCalendar API[2m > [22m[2mDELETE /api/calendar/events/:id[2m > [22m[2mshould delete event successfully
[22m[39m[DB] Client acquired from pool
[DB] Client acquired from pool
[DB] Client acquired from pool

[90mstdout[2m | tests/integration/calendar.test.ts[2m > [22m[2mCalendar API[2m > [22m[2mDELETE /api/calendar/events/:id[2m > [22m[2mshould delete event successfully
[22m[39m[DB] Client acquired from pool

[90mstdout[2m | tests/integration/calendar.test.ts[2m > [22m[2mCalendar API[2m > [22m[2mDELETE /api/calendar/events/:id[2m > [22m[2mshould delete event successfully
[22m[39m[AUTH] Login success for: test-1769875187061@example.com

[90mstdout[2m | tests/integration/calendar.test.ts[2m > [22m[2mCalendar API[2m > [22m[2mDELETE /api/calendar/events/:id[2m > [22m[2mshould delete event successfully
[22m[39m[DB] Client acquired from pool

[90mstdout[2m | tests/integration/calendar.test.ts[2m > [22m[2mCalendar API[2m > [22m[2mDELETE /api/calendar/events/:id[2m > [22m[2mshould delete event successfully
[22m[39m[AUTH] Middleware: Token valid for player test-1769875187061@example.com team: [90mundefined[39m

[90mstdout[2m | tests/integration/calendar.test.ts[2m > [22m[2mCalendar API[2m > [22m[2mDELETE /api/calendar/events/:id[2m > [22m[2mshould delete event successfully
[22m[39m[DB] Client acquired from pool

[90mstdout[2m | tests/integration/calendar.test.ts[2m > [22m[2mCalendar API[2m > [22m[2mDELETE /api/calendar/events/:id[2m > [22m[2mshould delete event successfully
[22m[39m[DB] Client acquired from pool

[90mstdout[2m | tests/integration/calendar.test.ts[2m > [22m[2mCalendar API[2m > [22m[2mDELETE /api/calendar/events/:id[2m > [22m[2mshould delete event successfully
[22m[39m[DB] Client acquired from pool

[90mstdout[2m | tests/integration/calendar.test.ts[2m > [22m[2mCalendar API[2m > [22m[2mDELETE /api/calendar/events/:id[2m > [22m[2mshould delete event successfully
[22m[39m[DB] Client acquired from pool

[90mstdout[2m | tests/integration/calendar.test.ts[2m > [22m[2mCalendar API[2m > [22m[2mDELETE /api/calendar/events/:id[2m > [22m[2mshould delete event successfully
[22m[39m[DB] Client acquired from pool

[90mstdout[2m | tests/integration/calendar.test.ts[2m > [22m[2mCalendar API[2m > [22m[2mDELETE /api/calendar/events/:id[2m > [22m[2mshould delete event successfully
[22m[39m[DB] Client acquired from pool

[90mstdout[2m | tests/integration/calendar.test.ts[2m > [22m[2mCalendar API[2m > [22m[2mDELETE /api/calendar/events/:id[2m > [22m[2mshould delete event successfully
[22m[39m[DB] Client acquired from pool

[90mstdout[2m | tests/integration/calendar.test.ts[2m > [22m[2mCalendar API[2m > [22m[2mDELETE /api/calendar/events/:id[2m > [22m[2mshould delete event successfully
[22m[39m[DB] Client acquired from pool

[90mstdout[2m | tests/integration/calendar.test.ts[2m > [22m[2mCalendar API[2m > [22m[2mDELETE /api/calendar/events/:id[2m > [22m[2mshould delete event successfully
[22m[39m[AUTH] Middleware: Token valid for player test-1769875187061@example.com team: cml2hzmk8002nxsuiq5afunm4

[90mstdout[2m | tests/integration/calendar.test.ts[2m > [22m[2mCalendar API[2m > [22m[2mDELETE /api/calendar/events/:id[2m > [22m[2mshould delete event successfully
[22m[39m[DB] Client acquired from pool

[90mstdout[2m | tests/integration/calendar.test.ts[2m > [22m[2mCalendar API[2m > [22m[2mDELETE /api/calendar/events/:id[2m > [22m[2mshould delete event successfully
[22m[39m[DB] Client acquired from pool
[DB] Client acquired from pool
[DB] Client acquired from pool

[90mstdout[2m | tests/integration/calendar.test.ts[2m > [22m[2mCalendar API[2m > [22m[2mDELETE /api/calendar/events/:id[2m > [22m[2mshould delete event successfully
[22m[39m[DB] Client acquired from pool

[90mstdout[2m | tests/integration/calendar.test.ts[2m > [22m[2mCalendar API[2m > [22m[2mDELETE /api/calendar/events/:id[2m > [22m[2mshould delete event successfully
[22m[39m[AUTH] Permission granted: calendar.canCreateEvents for account test-1769875187061@example.com

[90mstdout[2m | tests/integration/calendar.test.ts[2m > [22m[2mCalendar API[2m > [22m[2mDELETE /api/calendar/events/:id[2m > [22m[2mshould delete event successfully
[22m[39m[DB] Client acquired from pool

[90mstdout[2m | tests/integration/calendar.test.ts[2m > [22m[2mCalendar API[2m > [22m[2mDELETE /api/calendar/events/:id[2m > [22m[2mshould delete event successfully
[22m[39m[DB] Client acquired from pool

[90mstdout[2m | tests/integration/calendar.test.ts[2m > [22m[2mCalendar API[2m > [22m[2mDELETE /api/calendar/events/:id[2m > [22m[2mshould delete event successfully
[22m[39m[DB] Client acquired from pool

[90mstdout[2m | tests/integration/calendar.test.ts[2m > [22m[2mCalendar API[2m > [22m[2mDELETE /api/calendar/events/:id[2m > [22m[2mshould delete event successfully
[22m[39m[DB] Client acquired from pool

[90mstdout[2m | tests/integration/calendar.test.ts[2m > [22m[2mCalendar API[2m > [22m[2mDELETE /api/calendar/events/:id[2m > [22m[2mshould delete event successfully
[22m[39m[AUTH] Middleware: Token valid for player test-1769875187061@example.com team: cml2hzmk8002nxsuiq5afunm4

[90mstdout[2m | tests/integration/calendar.test.ts[2m > [22m[2mCalendar API[2m > [22m[2mDELETE /api/calendar/events/:id[2m > [22m[2mshould delete event successfully
[22m[39m[DB] Client acquired from pool

[90mstdout[2m | tests/integration/calendar.test.ts[2m > [22m[2mCalendar API[2m > [22m[2mDELETE /api/calendar/events/:id[2m > [22m[2mshould delete event successfully
[22m[39m[DB] Client acquired from pool
[DB] Client acquired from pool
[DB] Client acquired from pool

[90mstdout[2m | tests/integration/calendar.test.ts[2m > [22m[2mCalendar API[2m > [22m[2mDELETE /api/calendar/events/:id[2m > [22m[2mshould delete event successfully
[22m[39m[DB] Client acquired from pool

[90mstdout[2m | tests/integration/calendar.test.ts[2m > [22m[2mCalendar API[2m > [22m[2mDELETE /api/calendar/events/:id[2m > [22m[2mshould delete event successfully
[22m[39m[AUTH] Permission granted: calendar.canDeleteEvents for account test-1769875187061@example.com

[90mstdout[2m | tests/integration/calendar.test.ts[2m > [22m[2mCalendar API[2m > [22m[2mDELETE /api/calendar/events/:id[2m > [22m[2mshould delete event successfully
[22m[39m[DB] Client acquired from pool

[90mstdout[2m | tests/integration/calendar.test.ts[2m > [22m[2mCalendar API[2m > [22m[2mDELETE /api/calendar/events/:id[2m > [22m[2mshould delete event successfully
[22m[39m[DB] Client acquired from pool

[90mstdout[2m | tests/integration/calendar.test.ts[2m > [22m[2mCalendar API[2m > [22m[2mDELETE /api/calendar/events/:id[2m > [22m[2mshould delete event successfully
[22m[39m[DB] Client acquired from pool

[90mstdout[2m | tests/integration/calendar.test.ts[2m > [22m[2mCalendar API[2m > [22m[2mDELETE /api/calendar/events/:id[2m > [22m[2mshould reject without authentication
[22m[39m[DB] Client acquired from pool

[90mstdout[2m | tests/integration/calendar.test.ts[2m > [22m[2mCalendar API[2m > [22m[2mDELETE /api/calendar/events/:id[2m > [22m[2mshould reject without authentication
[22m[39m[DB] Client acquired from pool

[90mstdout[2m | tests/integration/calendar.test.ts[2m > [22m[2mCalendar API[2m > [22m[2mDELETE /api/calendar/events/:id[2m > [22m[2mshould reject without authentication
[22m[39m[DB] Client acquired from pool

[90mstdout[2m | tests/integration/calendar.test.ts[2m > [22m[2mCalendar API[2m > [22m[2mDELETE /api/calendar/events/:id[2m > [22m[2mshould reject without authentication
[22m[39m[DB] Client acquired from pool

[90mstdout[2m | tests/integration/calendar.test.ts[2m > [22m[2mCalendar API[2m > [22m[2mDELETE /api/calendar/events/:id[2m > [22m[2mshould reject without authentication
[22m[39m[DB] Client acquired from pool

[90mstdout[2m | tests/integration/calendar.test.ts[2m > [22m[2mCalendar API[2m > [22m[2mDELETE /api/calendar/events/:id[2m > [22m[2mshould reject without authentication
[22m[39m[DB] Client acquired from pool

[90mstdout[2m | tests/integration/calendar.test.ts[2m > [22m[2mCalendar API[2m > [22m[2mDELETE /api/calendar/events/:id[2m > [22m[2mshould reject without authentication
[22m[39m[DB] Client acquired from pool

[90mstdout[2m | tests/integration/calendar.test.ts[2m > [22m[2mCalendar API[2m > [22m[2mDELETE /api/calendar/events/:id[2m > [22m[2mshould reject without authentication
[22m[39m[DB] Client acquired from pool

[90mstdout[2m | tests/integration/calendar.test.ts[2m > [22m[2mCalendar API[2m > [22m[2mDELETE /api/calendar/events/:id[2m > [22m[2mshould reject without authentication
[22m[39m[DB] Client acquired from pool

[90mstdout[2m | tests/integration/calendar.test.ts[2m > [22m[2mCalendar API[2m > [22m[2mDELETE /api/calendar/events/:id[2m > [22m[2mshould reject without authentication
[22m[39m[AUTH] Middleware: Missing or invalid Authorization header

[90mstdout[2m | tests/integration/calendar.test.ts[2m > [22m[2mCalendar API[2m > [22m[2mDELETE /api/calendar/events/:id[2m > [22m[2mshould return 404 for non-existent event
[22m[39m[DB] Client acquired from pool

[90mstdout[2m | tests/integration/calendar.test.ts[2m > [22m[2mCalendar API[2m > [22m[2mDELETE /api/calendar/events/:id[2m > [22m[2mshould return 404 for non-existent event
[22m[39m[DB] Client acquired from pool

[90mstdout[2m | tests/integration/calendar.test.ts[2m > [22m[2mCalendar API[2m > [22m[2mDELETE /api/calendar/events/:id[2m > [22m[2mshould return 404 for non-existent event
[22m[39m[DB] Client acquired from pool

[90mstdout[2m | tests/integration/calendar.test.ts[2m > [22m[2mCalendar API[2m > [22m[2mDELETE /api/calendar/events/:id[2m > [22m[2mshould return 404 for non-existent event
[22m[39m[DB] Client acquired from pool

[90mstdout[2m | tests/integration/calendar.test.ts[2m > [22m[2mCalendar API[2m > [22m[2mDELETE /api/calendar/events/:id[2m > [22m[2mshould return 404 for non-existent event
[22m[39m[DB] Client acquired from pool

[90mstdout[2m | tests/integration/calendar.test.ts[2m > [22m[2mCalendar API[2m > [22m[2mDELETE /api/calendar/events/:id[2m > [22m[2mshould return 404 for non-existent event
[22m[39m[DB] Client acquired from pool

[90mstdout[2m | tests/integration/calendar.test.ts[2m > [22m[2mCalendar API[2m > [22m[2mDELETE /api/calendar/events/:id[2m > [22m[2mshould return 404 for non-existent event
[22m[39m[DB] Client acquired from pool

[90mstdout[2m | tests/integration/calendar.test.ts[2m > [22m[2mCalendar API[2m > [22m[2mDELETE /api/calendar/events/:id[2m > [22m[2mshould return 404 for non-existent event
[22m[39m[DB] Client acquired from pool

[90mstdout[2m | tests/integration/calendar.test.ts[2m > [22m[2mCalendar API[2m > [22m[2mDELETE /api/calendar/events/:id[2m > [22m[2mshould return 404 for non-existent event
[22m[39m[DB] Client acquired from pool

[90mstdout[2m | tests/integration/calendar.test.ts[2m > [22m[2mCalendar API[2m > [22m[2mDELETE /api/calendar/events/:id[2m > [22m[2mshould return 404 for non-existent event
[22m[39m[AUTH] POST /api/auth/register

[90mstdout[2m | tests/integration/calendar.test.ts[2m > [22m[2mCalendar API[2m > [22m[2mDELETE /api/calendar/events/:id[2m > [22m[2mshould return 404 for non-existent event
[22m[39m[DB] Client acquired from pool

[90mstdout[2m | tests/integration/calendar.test.ts[2m > [22m[2mCalendar API[2m > [22m[2mDELETE /api/calendar/events/:id[2m > [22m[2mshould return 404 for non-existent event
[22m[39m[DB] Client acquired from pool

[90mstdout[2m | tests/integration/calendar.test.ts[2m > [22m[2mCalendar API[2m > [22m[2mDELETE /api/calendar/events/:id[2m > [22m[2mshould return 404 for non-existent event
[22m[39m[DB] Client acquired from pool

[90mstdout[2m | tests/integration/calendar.test.ts[2m > [22m[2mCalendar API[2m > [22m[2mDELETE /api/calendar/events/:id[2m > [22m[2mshould return 404 for non-existent event
[22m[39m[AUTH] Register success for: test-1769875187236@example.com

[90mstdout[2m | tests/integration/calendar.test.ts[2m > [22m[2mCalendar API[2m > [22m[2mDELETE /api/calendar/events/:id[2m > [22m[2mshould return 404 for non-existent event
[22m[39m[DB] Client acquired from pool

[90mstdout[2m | tests/integration/calendar.test.ts[2m > [22m[2mCalendar API[2m > [22m[2mDELETE /api/calendar/events/:id[2m > [22m[2mshould return 404 for non-existent event
[22m[39m[AUTH] POST /api/auth/login
[AUTH] Login attempt for: test-1769875187236@example.com

[90mstdout[2m | tests/integration/calendar.test.ts[2m > [22m[2mCalendar API[2m > [22m[2mDELETE /api/calendar/events/:id[2m > [22m[2mshould return 404 for non-existent event
[22m[39m[DB] Client acquired from pool

[90mstdout[2m | tests/integration/calendar.test.ts[2m > [22m[2mCalendar API[2m > [22m[2mDELETE /api/calendar/events/:id[2m > [22m[2mshould return 404 for non-existent event
[22m[39m[DB] Client acquired from pool
[DB] Client acquired from pool
[DB] Client acquired from pool

[90mstdout[2m | tests/integration/calendar.test.ts[2m > [22m[2mCalendar API[2m > [22m[2mDELETE /api/calendar/events/:id[2m > [22m[2mshould return 404 for non-existent event
[22m[39m[DB] Client acquired from pool

[90mstdout[2m | tests/integration/calendar.test.ts[2m > [22m[2mCalendar API[2m > [22m[2mDELETE /api/calendar/events/:id[2m > [22m[2mshould return 404 for non-existent event
[22m[39m[DB] Client acquired from pool

[90mstdout[2m | tests/integration/calendar.test.ts[2m > [22m[2mCalendar API[2m > [22m[2mDELETE /api/calendar/events/:id[2m > [22m[2mshould return 404 for non-existent event
[22m[39m[DB] Client acquired from pool

[90mstdout[2m | tests/integration/calendar.test.ts[2m > [22m[2mCalendar API[2m > [22m[2mDELETE /api/calendar/events/:id[2m > [22m[2mshould return 404 for non-existent event
[22m[39m[DB] Client acquired from pool

[90mstdout[2m | tests/integration/calendar.test.ts[2m > [22m[2mCalendar API[2m > [22m[2mDELETE /api/calendar/events/:id[2m > [22m[2mshould return 404 for non-existent event
[22m[39m[DB] Client acquired from pool
[DB] Client acquired from pool
[DB] Client acquired from pool

[90mstdout[2m | tests/integration/calendar.test.ts[2m > [22m[2mCalendar API[2m > [22m[2mDELETE /api/calendar/events/:id[2m > [22m[2mshould return 404 for non-existent event
[22m[39m[DB] Client acquired from pool

[90mstdout[2m | tests/integration/calendar.test.ts[2m > [22m[2mCalendar API[2m > [22m[2mDELETE /api/calendar/events/:id[2m > [22m[2mshould return 404 for non-existent event
[22m[39m[AUTH] Login success for: test-1769875187236@example.com

[90mstdout[2m | tests/integration/calendar.test.ts[2m > [22m[2mCalendar API[2m > [22m[2mDELETE /api/calendar/events/:id[2m > [22m[2mshould return 404 for non-existent event
[22m[39m[DB] Client acquired from pool

[90mstdout[2m | tests/integration/calendar.test.ts[2m > [22m[2mCalendar API[2m > [22m[2mDELETE /api/calendar/events/:id[2m > [22m[2mshould return 404 for non-existent event
[22m[39m[AUTH] Middleware: Token valid for player test-1769875187236@example.com team: [90mundefined[39m

[90mstdout[2m | tests/integration/calendar.test.ts[2m > [22m[2mCalendar API[2m > [22m[2mDELETE /api/calendar/events/:id[2m > [22m[2mshould return 404 for non-existent event
[22m[39m[DB] Client acquired from pool

[90mstdout[2m | tests/integration/calendar.test.ts[2m > [22m[2mCalendar API[2m > [22m[2mDELETE /api/calendar/events/:id[2m > [22m[2mshould return 404 for non-existent event
[22m[39m[DB] Client acquired from pool

[90mstdout[2m | tests/integration/calendar.test.ts[2m > [22m[2mCalendar API[2m > [22m[2mDELETE /api/calendar/events/:id[2m > [22m[2mshould return 404 for non-existent event
[22m[39m[DB] Client acquired from pool

[90mstdout[2m | tests/integration/calendar.test.ts[2m > [22m[2mCalendar API[2m > [22m[2mDELETE /api/calendar/events/:id[2m > [22m[2mshould return 404 for non-existent event
[22m[39m[DB] Client acquired from pool

[90mstdout[2m | tests/integration/calendar.test.ts[2m > [22m[2mCalendar API[2m > [22m[2mDELETE /api/calendar/events/:id[2m > [22m[2mshould return 404 for non-existent event
[22m[39m[DB] Client acquired from pool

[90mstdout[2m | tests/integration/calendar.test.ts[2m > [22m[2mCalendar API[2m > [22m[2mDELETE /api/calendar/events/:id[2m > [22m[2mshould return 404 for non-existent event
[22m[39m[DB] Client acquired from pool

[90mstdout[2m | tests/integration/calendar.test.ts[2m > [22m[2mCalendar API[2m > [22m[2mDELETE /api/calendar/events/:id[2m > [22m[2mshould return 404 for non-existent event
[22m[39m[DB] Client acquired from pool

[90mstdout[2m | tests/integration/calendar.test.ts[2m > [22m[2mCalendar API[2m > [22m[2mDELETE /api/calendar/events/:id[2m > [22m[2mshould return 404 for non-existent event
[22m[39m[DB] Client acquired from pool

[90mstdout[2m | tests/integration/calendar.test.ts[2m > [22m[2mCalendar API[2m > [22m[2mDELETE /api/calendar/events/:id[2m > [22m[2mshould return 404 for non-existent event
[22m[39m[AUTH] Middleware: Token valid for player test-1769875187236@example.com team: cml2hzmoz002uxsuiiadbxo0o

[90mstdout[2m | tests/integration/calendar.test.ts[2m > [22m[2mCalendar API[2m > [22m[2mDELETE /api/calendar/events/:id[2m > [22m[2mshould return 404 for non-existent event
[22m[39m[DB] Client acquired from pool

[90mstdout[2m | tests/integration/calendar.test.ts[2m > [22m[2mCalendar API[2m > [22m[2mDELETE /api/calendar/events/:id[2m > [22m[2mshould return 404 for non-existent event
[22m[39m[DB] Client acquired from pool
[DB] Client acquired from pool
[DB] Client acquired from pool

[90mstdout[2m | tests/integration/calendar.test.ts[2m > [22m[2mCalendar API[2m > [22m[2mDELETE /api/calendar/events/:id[2m > [22m[2mshould return 404 for non-existent event
[22m[39m[DB] Client acquired from pool

[90mstdout[2m | tests/integration/calendar.test.ts[2m > [22m[2mCalendar API[2m > [22m[2mDELETE /api/calendar/events/:id[2m > [22m[2mshould return 404 for non-existent event
[22m[39m[AUTH] Permission granted: calendar.canDeleteEvents for account test-1769875187236@example.com

[90mstdout[2m | tests/integration/calendar.test.ts[2m > [22m[2mCalendar API[2m > [22m[2mDELETE /api/calendar/events/:id[2m > [22m[2mshould return 404 for non-existent event
[22m[39m[DB] Client acquired from pool

[90mstdout[2m | tests/integration/calendar.test.ts[2m > [22m[2mCalendar API[2m > [22m[2mDELETE /api/calendar/events/:id[2m > [22m[2mshould reject deleting event from another team
[22m[39m[DB] Client acquired from pool

[90mstdout[2m | tests/integration/calendar.test.ts[2m > [22m[2mCalendar API[2m > [22m[2mDELETE /api/calendar/events/:id[2m > [22m[2mshould reject deleting event from another team
[22m[39m[DB] Client acquired from pool

[90mstdout[2m | tests/integration/calendar.test.ts[2m > [22m[2mCalendar API[2m > [22m[2mDELETE /api/calendar/events/:id[2m > [22m[2mshould reject deleting event from another team
[22m[39m[DB] Client acquired from pool

[90mstdout[2m | tests/integration/calendar.test.ts[2m > [22m[2mCalendar API[2m > [22m[2mDELETE /api/calendar/events/:id[2m > [22m[2mshould reject deleting event from another team
[22m[39m[DB] Client acquired from pool

[90mstdout[2m | tests/integration/calendar.test.ts[2m > [22m[2mCalendar API[2m > [22m[2mDELETE /api/calendar/events/:id[2m > [22m[2mshould reject deleting event from another team
[22m[39m[DB] Client acquired from pool

[90mstdout[2m | tests/integration/calendar.test.ts[2m > [22m[2mCalendar API[2m > [22m[2mDELETE /api/calendar/events/:id[2m > [22m[2mshould reject deleting event from another team
[22m[39m[DB] Client acquired from pool

[90mstdout[2m | tests/integration/calendar.test.ts[2m > [22m[2mCalendar API[2m > [22m[2mDELETE /api/calendar/events/:id[2m > [22m[2mshould reject deleting event from another team
[22m[39m[DB] Client acquired from pool

[90mstdout[2m | tests/integration/calendar.test.ts[2m > [22m[2mCalendar API[2m > [22m[2mDELETE /api/calendar/events/:id[2m > [22m[2mshould reject deleting event from another team
[22m[39m[DB] Client acquired from pool

[90mstdout[2m | tests/integration/calendar.test.ts[2m > [22m[2mCalendar API[2m > [22m[2mDELETE /api/calendar/events/:id[2m > [22m[2mshould reject deleting event from another team
[22m[39m[DB] Client acquired from pool

[90mstdout[2m | tests/integration/calendar.test.ts[2m > [22m[2mCalendar API[2m > [22m[2mDELETE /api/calendar/events/:id[2m > [22m[2mshould reject deleting event from another team
[22m[39m[AUTH] POST /api/auth/register

[90mstdout[2m | tests/integration/calendar.test.ts[2m > [22m[2mCalendar API[2m > [22m[2mDELETE /api/calendar/events/:id[2m > [22m[2mshould reject deleting event from another team
[22m[39m[DB] Client acquired from pool

[90mstdout[2m | tests/integration/calendar.test.ts[2m > [22m[2mCalendar API[2m > [22m[2mDELETE /api/calendar/events/:id[2m > [22m[2mshould reject deleting event from another team
[22m[39m[DB] Client acquired from pool

[90mstdout[2m | tests/integration/calendar.test.ts[2m > [22m[2mCalendar API[2m > [22m[2mDELETE /api/calendar/events/:id[2m > [22m[2mshould reject deleting event from another team
[22m[39m[DB] Client acquired from pool

[90mstdout[2m | tests/integration/calendar.test.ts[2m > [22m[2mCalendar API[2m > [22m[2mDELETE /api/calendar/events/:id[2m > [22m[2mshould reject deleting event from another team
[22m[39m[AUTH] Register success for: owner@example.com

[90mstdout[2m | tests/integration/calendar.test.ts[2m > [22m[2mCalendar API[2m > [22m[2mDELETE /api/calendar/events/:id[2m > [22m[2mshould reject deleting event from another team
[22m[39m[DB] Client acquired from pool

[90mstdout[2m | tests/integration/calendar.test.ts[2m > [22m[2mCalendar API[2m > [22m[2mDELETE /api/calendar/events/:id[2m > [22m[2mshould reject deleting event from another team
[22m[39m[AUTH] POST /api/auth/login
[AUTH] Login attempt for: owner@example.com

[90mstdout[2m | tests/integration/calendar.test.ts[2m > [22m[2mCalendar API[2m > [22m[2mDELETE /api/calendar/events/:id[2m > [22m[2mshould reject deleting event from another team
[22m[39m[DB] Client acquired from pool

[90mstdout[2m | tests/integration/calendar.test.ts[2m > [22m[2mCalendar API[2m > [22m[2mDELETE /api/calendar/events/:id[2m > [22m[2mshould reject deleting event from another team
[22m[39m[DB] Client acquired from pool
[DB] Client acquired from pool
[DB] Client acquired from pool

[90mstdout[2m | tests/integration/calendar.test.ts[2m > [22m[2mCalendar API[2m > [22m[2mDELETE /api/calendar/events/:id[2m > [22m[2mshould reject deleting event from another team
[22m[39m[DB] Client acquired from pool

[90mstdout[2m | tests/integration/calendar.test.ts[2m > [22m[2mCalendar API[2m > [22m[2mDELETE /api/calendar/events/:id[2m > [22m[2mshould reject deleting event from another team
[22m[39m[DB] Client acquired from pool

[90mstdout[2m | tests/integration/calendar.test.ts[2m > [22m[2mCalendar API[2m > [22m[2mDELETE /api/calendar/events/:id[2m > [22m[2mshould reject deleting event from another team
[22m[39m[DB] Client acquired from pool

[90mstdout[2m | tests/integration/calendar.test.ts[2m > [22m[2mCalendar API[2m > [22m[2mDELETE /api/calendar/events/:id[2m > [22m[2mshould reject deleting event from another team
[22m[39m[DB] Client acquired from pool

[90mstdout[2m | tests/integration/calendar.test.ts[2m > [22m[2mCalendar API[2m > [22m[2mDELETE /api/calendar/events/:id[2m > [22m[2mshould reject deleting event from another team
[22m[39m[DB] Client acquired from pool
[DB] Client acquired from pool
[DB] Client acquired from pool

[90mstdout[2m | tests/integration/calendar.test.ts[2m > [22m[2mCalendar API[2m > [22m[2mDELETE /api/calendar/events/:id[2m > [22m[2mshould reject deleting event from another team
[22m[39m[DB] Client acquired from pool

[90mstdout[2m | tests/integration/calendar.test.ts[2m > [22m[2mCalendar API[2m > [22m[2mDELETE /api/calendar/events/:id[2m > [22m[2mshould reject deleting event from another team
[22m[39m[AUTH] Login success for: owner@example.com

[90mstdout[2m | tests/integration/calendar.test.ts[2m > [22m[2mCalendar API[2m > [22m[2mDELETE /api/calendar/events/:id[2m > [22m[2mshould reject deleting event from another team
[22m[39m[DB] Client acquired from pool

[90mstdout[2m | tests/integration/calendar.test.ts[2m > [22m[2mCalendar API[2m > [22m[2mDELETE /api/calendar/events/:id[2m > [22m[2mshould reject deleting event from another team
[22m[39m[AUTH] Middleware: Token valid for player owner@example.com team: [90mundefined[39m

[90mstdout[2m | tests/integration/calendar.test.ts[2m > [22m[2mCalendar API[2m > [22m[2mDELETE /api/calendar/events/:id[2m > [22m[2mshould reject deleting event from another team
[22m[39m[DB] Client acquired from pool

[90mstdout[2m | tests/integration/calendar.test.ts[2m > [22m[2mCalendar API[2m > [22m[2mDELETE /api/calendar/events/:id[2m > [22m[2mshould reject deleting event from another team
[22m[39m[DB] Client acquired from pool

[90mstdout[2m | tests/integration/calendar.test.ts[2m > [22m[2mCalendar API[2m > [22m[2mDELETE /api/calendar/events/:id[2m > [22m[2mshould reject deleting event from another team
[22m[39m[DB] Client acquired from pool

[90mstdout[2m | tests/integration/calendar.test.ts[2m > [22m[2mCalendar API[2m > [22m[2mDELETE /api/calendar/events/:id[2m > [22m[2mshould reject deleting event from another team
[22m[39m[DB] Client acquired from pool

[90mstdout[2m | tests/integration/calendar.test.ts[2m > [22m[2mCalendar API[2m > [22m[2mDELETE /api/calendar/events/:id[2m > [22m[2mshould reject deleting event from another team
[22m[39m[DB] Client acquired from pool

[90mstdout[2m | tests/integration/calendar.test.ts[2m > [22m[2mCalendar API[2m > [22m[2mDELETE /api/calendar/events/:id[2m > [22m[2mshould reject deleting event from another team
[22m[39m[DB] Client acquired from pool

[90mstdout[2m | tests/integration/calendar.test.ts[2m > [22m[2mCalendar API[2m > [22m[2mDELETE /api/calendar/events/:id[2m > [22m[2mshould reject deleting event from another team
[22m[39m[DB] Client acquired from pool

[90mstdout[2m | tests/integration/calendar.test.ts[2m > [22m[2mCalendar API[2m > [22m[2mDELETE /api/calendar/events/:id[2m > [22m[2mshould reject deleting event from another team
[22m[39m[AUTH] POST /api/auth/register

[90mstdout[2m | tests/integration/calendar.test.ts[2m > [22m[2mCalendar API[2m > [22m[2mDELETE /api/calendar/events/:id[2m > [22m[2mshould reject deleting event from another team
[22m[39m[DB] Client acquired from pool

[90mstdout[2m | tests/integration/calendar.test.ts[2m > [22m[2mCalendar API[2m > [22m[2mDELETE /api/calendar/events/:id[2m > [22m[2mshould reject deleting event from another team
[22m[39m[DB] Client acquired from pool

[90mstdout[2m | tests/integration/calendar.test.ts[2m > [22m[2mCalendar API[2m > [22m[2mDELETE /api/calendar/events/:id[2m > [22m[2mshould reject deleting event from another team
[22m[39m[DB] Client acquired from pool

[90mstdout[2m | tests/integration/calendar.test.ts[2m > [22m[2mCalendar API[2m > [22m[2mDELETE /api/calendar/events/:id[2m > [22m[2mshould reject deleting event from another team
[22m[39m[AUTH] Register success for: other@example.com

[90mstdout[2m | tests/integration/calendar.test.ts[2m > [22m[2mCalendar API[2m > [22m[2mDELETE /api/calendar/events/:id[2m > [22m[2mshould reject deleting event from another team
[22m[39m[DB] Client acquired from pool

[90mstdout[2m | tests/integration/calendar.test.ts[2m > [22m[2mCalendar API[2m > [22m[2mDELETE /api/calendar/events/:id[2m > [22m[2mshould reject deleting event from another team
[22m[39m[AUTH] POST /api/auth/login
[AUTH] Login attempt for: other@example.com

[90mstdout[2m | tests/integration/calendar.test.ts[2m > [22m[2mCalendar API[2m > [22m[2mDELETE /api/calendar/events/:id[2m > [22m[2mshould reject deleting event from another team
[22m[39m[DB] Client acquired from pool

[90mstdout[2m | tests/integration/calendar.test.ts[2m > [22m[2mCalendar API[2m > [22m[2mDELETE /api/calendar/events/:id[2m > [22m[2mshould reject deleting event from another team
[22m[39m[DB] Client acquired from pool
[DB] Client acquired from pool
[DB] Client acquired from pool

[90mstdout[2m | tests/integration/calendar.test.ts[2m > [22m[2mCalendar API[2m > [22m[2mDELETE /api/calendar/events/:id[2m > [22m[2mshould reject deleting event from another team
[22m[39m[DB] Client acquired from pool

[90mstdout[2m | tests/integration/calendar.test.ts[2m > [22m[2mCalendar API[2m > [22m[2mDELETE /api/calendar/events/:id[2m > [22m[2mshould reject deleting event from another team
[22m[39m[DB] Client acquired from pool

[90mstdout[2m | tests/integration/calendar.test.ts[2m > [22m[2mCalendar API[2m > [22m[2mDELETE /api/calendar/events/:id[2m > [22m[2mshould reject deleting event from another team
[22m[39m[DB] Client acquired from pool

[90mstdout[2m | tests/integration/calendar.test.ts[2m > [22m[2mCalendar API[2m > [22m[2mDELETE /api/calendar/events/:id[2m > [22m[2mshould reject deleting event from another team
[22m[39m[DB] Client acquired from pool

[90mstdout[2m | tests/integration/calendar.test.ts[2m > [22m[2mCalendar API[2m > [22m[2mDELETE /api/calendar/events/:id[2m > [22m[2mshould reject deleting event from another team
[22m[39m[DB] Client acquired from pool
[DB] Client acquired from pool
[DB] Client acquired from pool

[90mstdout[2m | tests/integration/calendar.test.ts[2m > [22m[2mCalendar API[2m > [22m[2mDELETE /api/calendar/events/:id[2m > [22m[2mshould reject deleting event from another team
[22m[39m[DB] Client acquired from pool

[90mstdout[2m | tests/integration/calendar.test.ts[2m > [22m[2mCalendar API[2m > [22m[2mDELETE /api/calendar/events/:id[2m > [22m[2mshould reject deleting event from another team
[22m[39m[AUTH] Login success for: other@example.com

[90mstdout[2m | tests/integration/calendar.test.ts[2m > [22m[2mCalendar API[2m > [22m[2mDELETE /api/calendar/events/:id[2m > [22m[2mshould reject deleting event from another team
[22m[39m[DB] Client acquired from pool

[90mstdout[2m | tests/integration/calendar.test.ts[2m > [22m[2mCalendar API[2m > [22m[2mDELETE /api/calendar/events/:id[2m > [22m[2mshould reject deleting event from another team
[22m[39m[AUTH] Middleware: Token valid for player other@example.com team: [90mundefined[39m

[90mstdout[2m | tests/integration/calendar.test.ts[2m > [22m[2mCalendar API[2m > [22m[2mDELETE /api/calendar/events/:id[2m > [22m[2mshould reject deleting event from another team
[22m[39m[DB] Client acquired from pool

[90mstdout[2m | tests/integration/calendar.test.ts[2m > [22m[2mCalendar API[2m > [22m[2mDELETE /api/calendar/events/:id[2m > [22m[2mshould reject deleting event from another team
[22m[39m[DB] Client acquired from pool

[90mstdout[2m | tests/integration/calendar.test.ts[2m > [22m[2mCalendar API[2m > [22m[2mDELETE /api/calendar/events/:id[2m > [22m[2mshould reject deleting event from another team
[22m[39m[DB] Client acquired from pool

[90mstdout[2m | tests/integration/calendar.test.ts[2m > [22m[2mCalendar API[2m > [22m[2mDELETE /api/calendar/events/:id[2m > [22m[2mshould reject deleting event from another team
[22m[39m[DB] Client acquired from pool

[90mstdout[2m | tests/integration/calendar.test.ts[2m > [22m[2mCalendar API[2m > [22m[2mDELETE /api/calendar/events/:id[2m > [22m[2mshould reject deleting event from another team
[22m[39m[DB] Client acquired from pool

[90mstdout[2m | tests/integration/calendar.test.ts[2m > [22m[2mCalendar API[2m > [22m[2mDELETE /api/calendar/events/:id[2m > [22m[2mshould reject deleting event from another team
[22m[39m[DB] Client acquired from pool

[90mstdout[2m | tests/integration/calendar.test.ts[2m > [22m[2mCalendar API[2m > [22m[2mDELETE /api/calendar/events/:id[2m > [22m[2mshould reject deleting event from another team
[22m[39m[DB] Client acquired from pool

[90mstdout[2m | tests/integration/calendar.test.ts[2m > [22m[2mCalendar API[2m > [22m[2mDELETE /api/calendar/events/:id[2m > [22m[2mshould reject deleting event from another team
[22m[39m[DB] Client acquired from pool

[90mstdout[2m | tests/integration/calendar.test.ts[2m > [22m[2mCalendar API[2m > [22m[2mDELETE /api/calendar/events/:id[2m > [22m[2mshould reject deleting event from another team
[22m[39m[AUTH] Middleware: Token valid for player owner@example.com team: cml2hzmt90030xsuix94affbp

[90mstdout[2m | tests/integration/calendar.test.ts[2m > [22m[2mCalendar API[2m > [22m[2mDELETE /api/calendar/events/:id[2m > [22m[2mshould reject deleting event from another team
[22m[39m[DB] Client acquired from pool

[90mstdout[2m | tests/integration/calendar.test.ts[2m > [22m[2mCalendar API[2m > [22m[2mDELETE /api/calendar/events/:id[2m > [22m[2mshould reject deleting event from another team
[22m[39m[DB] Client acquired from pool
[DB] Client acquired from pool
[DB] Client acquired from pool

[90mstdout[2m | tests/integration/calendar.test.ts[2m > [22m[2mCalendar API[2m > [22m[2mDELETE /api/calendar/events/:id[2m > [22m[2mshould reject deleting event from another team
[22m[39m[DB] Client acquired from pool

[90mstdout[2m | tests/integration/calendar.test.ts[2m > [22m[2mCalendar API[2m > [22m[2mDELETE /api/calendar/events/:id[2m > [22m[2mshould reject deleting event from another team
[22m[39m[AUTH] Permission granted: calendar.canCreateEvents for account owner@example.com

[90mstdout[2m | tests/integration/calendar.test.ts[2m > [22m[2mCalendar API[2m > [22m[2mDELETE /api/calendar/events/:id[2m > [22m[2mshould reject deleting event from another team
[22m[39m[DB] Client acquired from pool

[90mstdout[2m | tests/integration/calendar.test.ts[2m > [22m[2mCalendar API[2m > [22m[2mDELETE /api/calendar/events/:id[2m > [22m[2mshould reject deleting event from another team
[22m[39m[DB] Client acquired from pool

[90mstdout[2m | tests/integration/calendar.test.ts[2m > [22m[2mCalendar API[2m > [22m[2mDELETE /api/calendar/events/:id[2m > [22m[2mshould reject deleting event from another team
[22m[39m[DB] Client acquired from pool

[90mstdout[2m | tests/integration/calendar.test.ts[2m > [22m[2mCalendar API[2m > [22m[2mDELETE /api/calendar/events/:id[2m > [22m[2mshould reject deleting event from another team
[22m[39m[DB] Client acquired from pool

[90mstdout[2m | tests/integration/calendar.test.ts[2m > [22m[2mCalendar API[2m > [22m[2mDELETE /api/calendar/events/:id[2m > [22m[2mshould reject deleting event from another team
[22m[39m[AUTH] Middleware: Token valid for player other@example.com team: cml2hzmx40036xsuitfg980jk

[90mstdout[2m | tests/integration/calendar.test.ts[2m > [22m[2mCalendar API[2m > [22m[2mDELETE /api/calendar/events/:id[2m > [22m[2mshould reject deleting event from another team
[22m[39m[DB] Client acquired from pool

[90mstdout[2m | tests/integration/calendar.test.ts[2m > [22m[2mCalendar API[2m > [22m[2mDELETE /api/calendar/events/:id[2m > [22m[2mshould reject deleting event from another team
[22m[39m[DB] Client acquired from pool
[DB] Client acquired from pool
[DB] Client acquired from pool

[90mstdout[2m | tests/integration/calendar.test.ts[2m > [22m[2mCalendar API[2m > [22m[2mDELETE /api/calendar/events/:id[2m > [22m[2mshould reject deleting event from another team
[22m[39m[DB] Client acquired from pool

[90mstdout[2m | tests/integration/calendar.test.ts[2m > [22m[2mCalendar API[2m > [22m[2mDELETE /api/calendar/events/:id[2m > [22m[2mshould reject deleting event from another team
[22m[39m[AUTH] Permission granted: calendar.canDeleteEvents for account other@example.com

[90mstdout[2m | tests/integration/calendar.test.ts[2m > [22m[2mCalendar API[2m > [22m[2mDELETE /api/calendar/events/:id[2m > [22m[2mshould reject deleting event from another team
[22m[39m[DB] Client acquired from pool

[90mstdout[2m | tests/integration/calendar.test.ts[2m > [22m[2mCalendar API[2m > [22m[2mDELETE /api/calendar/events/:id[2m > [22m[2mshould reject deleting event from another team
[22m[39m[DB] Client acquired from pool

[90mstdout[2m | tests/integration/calendar.test.ts[2m > [22m[2mCalendar API[2m > [22m[2mPUT /api/calendar/events/:id[2m > [22m[2mshould update event successfully
[22m[39m[DB] Client acquired from pool

[90mstdout[2m | tests/integration/calendar.test.ts[2m > [22m[2mCalendar API[2m > [22m[2mPUT /api/calendar/events/:id[2m > [22m[2mshould update event successfully
[22m[39m[DB] Client acquired from pool

[90mstdout[2m | tests/integration/calendar.test.ts[2m > [22m[2mCalendar API[2m > [22m[2mPUT /api/calendar/events/:id[2m > [22m[2mshould update event successfully
[22m[39m[DB] Client acquired from pool

[90mstdout[2m | tests/integration/calendar.test.ts[2m > [22m[2mCalendar API[2m > [22m[2mPUT /api/calendar/events/:id[2m > [22m[2mshould update event successfully
[22m[39m[DB] Client acquired from pool

[90mstdout[2m | tests/integration/calendar.test.ts[2m > [22m[2mCalendar API[2m > [22m[2mPUT /api/calendar/events/:id[2m > [22m[2mshould update event successfully
[22m[39m[DB] Client acquired from pool

[90mstdout[2m | tests/integration/calendar.test.ts[2m > [22m[2mCalendar API[2m > [22m[2mPUT /api/calendar/events/:id[2m > [22m[2mshould update event successfully
[22m[39m[DB] Client acquired from pool

[90mstdout[2m | tests/integration/calendar.test.ts[2m > [22m[2mCalendar API[2m > [22m[2mPUT /api/calendar/events/:id[2m > [22m[2mshould update event successfully
[22m[39m[DB] Client acquired from pool

[90mstdout[2m | tests/integration/calendar.test.ts[2m > [22m[2mCalendar API[2m > [22m[2mPUT /api/calendar/events/:id[2m > [22m[2mshould update event successfully
[22m[39m[DB] Client acquired from pool

[90mstdout[2m | tests/integration/calendar.test.ts[2m > [22m[2mCalendar API[2m > [22m[2mPUT /api/calendar/events/:id[2m > [22m[2mshould update event successfully
[22m[39m[DB] Client acquired from pool

[90mstdout[2m | tests/integration/calendar.test.ts[2m > [22m[2mCalendar API[2m > [22m[2mPUT /api/calendar/events/:id[2m > [22m[2mshould update event successfully
[22m[39m[AUTH] POST /api/auth/register

[90mstdout[2m | tests/integration/calendar.test.ts[2m > [22m[2mCalendar API[2m > [22m[2mPUT /api/calendar/events/:id[2m > [22m[2mshould update event successfully
[22m[39m[DB] Client acquired from pool

[90mstdout[2m | tests/integration/calendar.test.ts[2m > [22m[2mCalendar API[2m > [22m[2mPUT /api/calendar/events/:id[2m > [22m[2mshould update event successfully
[22m[39m[DB] Client acquired from pool

[90mstdout[2m | tests/integration/calendar.test.ts[2m > [22m[2mCalendar API[2m > [22m[2mPUT /api/calendar/events/:id[2m > [22m[2mshould update event successfully
[22m[39m[DB] Client acquired from pool

[90mstdout[2m | tests/integration/calendar.test.ts[2m > [22m[2mCalendar API[2m > [22m[2mPUT /api/calendar/events/:id[2m > [22m[2mshould update event successfully
[22m[39m[AUTH] Register success for: test-1769875187690@example.com

[90mstdout[2m | tests/integration/calendar.test.ts[2m > [22m[2mCalendar API[2m > [22m[2mPUT /api/calendar/events/:id[2m > [22m[2mshould update event successfully
[22m[39m[DB] Client acquired from pool

[90mstdout[2m | tests/integration/calendar.test.ts[2m > [22m[2mCalendar API[2m > [22m[2mPUT /api/calendar/events/:id[2m > [22m[2mshould update event successfully
[22m[39m[AUTH] POST /api/auth/login
[AUTH] Login attempt for: test-1769875187690@example.com

[90mstdout[2m | tests/integration/calendar.test.ts[2m > [22m[2mCalendar API[2m > [22m[2mPUT /api/calendar/events/:id[2m > [22m[2mshould update event successfully
[22m[39m[DB] Client acquired from pool

[90mstdout[2m | tests/integration/calendar.test.ts[2m > [22m[2mCalendar API[2m > [22m[2mPUT /api/calendar/events/:id[2m > [22m[2mshould update event successfully
[22m[39m[DB] Client acquired from pool
[DB] Client acquired from pool
[DB] Client acquired from pool

[90mstdout[2m | tests/integration/calendar.test.ts[2m > [22m[2mCalendar API[2m > [22m[2mPUT /api/calendar/events/:id[2m > [22m[2mshould update event successfully
[22m[39m[DB] Client acquired from pool

[90mstdout[2m | tests/integration/calendar.test.ts[2m > [22m[2mCalendar API[2m > [22m[2mPUT /api/calendar/events/:id[2m > [22m[2mshould update event successfully
[22m[39m[DB] Client acquired from pool

[90mstdout[2m | tests/integration/calendar.test.ts[2m > [22m[2mCalendar API[2m > [22m[2mPUT /api/calendar/events/:id[2m > [22m[2mshould update event successfully
[22m[39m[DB] Client acquired from pool

[90mstdout[2m | tests/integration/calendar.test.ts[2m > [22m[2mCalendar API[2m > [22m[2mPUT /api/calendar/events/:id[2m > [22m[2mshould update event successfully
[22m[39m[DB] Client acquired from pool

[90mstdout[2m | tests/integration/calendar.test.ts[2m > [22m[2mCalendar API[2m > [22m[2mPUT /api/calendar/events/:id[2m > [22m[2mshould update event successfully
[22m[39m[DB] Client acquired from pool
[DB] Client acquired from pool
[DB] Client acquired from pool

[90mstdout[2m | tests/integration/calendar.test.ts[2m > [22m[2mCalendar API[2m > [22m[2mPUT /api/calendar/events/:id[2m > [22m[2mshould update event successfully
[22m[39m[DB] Client acquired from pool

[90mstdout[2m | tests/integration/calendar.test.ts[2m > [22m[2mCalendar API[2m > [22m[2mPUT /api/calendar/events/:id[2m > [22m[2mshould update event successfully
[22m[39m[AUTH] Login success for: test-1769875187690@example.com

[90mstdout[2m | tests/integration/calendar.test.ts[2m > [22m[2mCalendar API[2m > [22m[2mPUT /api/calendar/events/:id[2m > [22m[2mshould update event successfully
[22m[39m[DB] Client acquired from pool

[90mstdout[2m | tests/integration/calendar.test.ts[2m > [22m[2mCalendar API[2m > [22m[2mPUT /api/calendar/events/:id[2m > [22m[2mshould update event successfully
[22m[39m[AUTH] Middleware: Token valid for player test-1769875187690@example.com team: [90mundefined[39m

[90mstdout[2m | tests/integration/calendar.test.ts[2m > [22m[2mCalendar API[2m > [22m[2mPUT /api/calendar/events/:id[2m > [22m[2mshould update event successfully
[22m[39m[DB] Client acquired from pool

[90mstdout[2m | tests/integration/calendar.test.ts[2m > [22m[2mCalendar API[2m > [22m[2mPUT /api/calendar/events/:id[2m > [22m[2mshould update event successfully
[22m[39m[DB] Client acquired from pool

[90mstdout[2m | tests/integration/calendar.test.ts[2m > [22m[2mCalendar API[2m > [22m[2mPUT /api/calendar/events/:id[2m > [22m[2mshould update event successfully
[22m[39m[DB] Client acquired from pool

[90mstdout[2m | tests/integration/calendar.test.ts[2m > [22m[2mCalendar API[2m > [22m[2mPUT /api/calendar/events/:id[2m > [22m[2mshould update event successfully
[22m[39m[DB] Client acquired from pool

[90mstdout[2m | tests/integration/calendar.test.ts[2m > [22m[2mCalendar API[2m > [22m[2mPUT /api/calendar/events/:id[2m > [22m[2mshould update event successfully
[22m[39m[DB] Client acquired from pool

[90mstdout[2m | tests/integration/calendar.test.ts[2m > [22m[2mCalendar API[2m > [22m[2mPUT /api/calendar/events/:id[2m > [22m[2mshould update event successfully
[22m[39m[DB] Client acquired from pool

[90mstdout[2m | tests/integration/calendar.test.ts[2m > [22m[2mCalendar API[2m > [22m[2mPUT /api/calendar/events/:id[2m > [22m[2mshould update event successfully
[22m[39m[DB] Client acquired from pool

[90mstdout[2m | tests/integration/calendar.test.ts[2m > [22m[2mCalendar API[2m > [22m[2mPUT /api/calendar/events/:id[2m > [22m[2mshould update event successfully
[22m[39m[DB] Client acquired from pool

[90mstdout[2m | tests/integration/calendar.test.ts[2m > [22m[2mCalendar API[2m > [22m[2mPUT /api/calendar/events/:id[2m > [22m[2mshould update event successfully
[22m[39m[AUTH] Middleware: Token valid for player test-1769875187690@example.com team: cml2hzn1l003dxsuicz1oclrm

[90mstdout[2m | tests/integration/calendar.test.ts[2m > [22m[2mCalendar API[2m > [22m[2mPUT /api/calendar/events/:id[2m > [22m[2mshould update event successfully
[22m[39m[DB] Client acquired from pool

[90mstdout[2m | tests/integration/calendar.test.ts[2m > [22m[2mCalendar API[2m > [22m[2mPUT /api/calendar/events/:id[2m > [22m[2mshould update event successfully
[22m[39m[DB] Client acquired from pool
[DB] Client acquired from pool
[DB] Client acquired from pool

[90mstdout[2m | tests/integration/calendar.test.ts[2m > [22m[2mCalendar API[2m > [22m[2mPUT /api/calendar/events/:id[2m > [22m[2mshould update event successfully
[22m[39m[DB] Client acquired from pool

[90mstdout[2m | tests/integration/calendar.test.ts[2m > [22m[2mCalendar API[2m > [22m[2mPUT /api/calendar/events/:id[2m > [22m[2mshould update event successfully
[22m[39m[AUTH] Permission granted: calendar.canCreateEvents for account test-1769875187690@example.com

[90mstdout[2m | tests/integration/calendar.test.ts[2m > [22m[2mCalendar API[2m > [22m[2mPUT /api/calendar/events/:id[2m > [22m[2mshould update event successfully
[22m[39m[DB] Client acquired from pool

[90mstdout[2m | tests/integration/calendar.test.ts[2m > [22m[2mCalendar API[2m > [22m[2mPUT /api/calendar/events/:id[2m > [22m[2mshould update event successfully
[22m[39m[DB] Client acquired from pool

[90mstdout[2m | tests/integration/calendar.test.ts[2m > [22m[2mCalendar API[2m > [22m[2mPUT /api/calendar/events/:id[2m > [22m[2mshould update event successfully
[22m[39m[DB] Client acquired from pool

[90mstdout[2m | tests/integration/calendar.test.ts[2m > [22m[2mCalendar API[2m > [22m[2mPUT /api/calendar/events/:id[2m > [22m[2mshould update event successfully
[22m[39m[DB] Client acquired from pool

[90mstdout[2m | tests/integration/calendar.test.ts[2m > [22m[2mCalendar API[2m > [22m[2mPUT /api/calendar/events/:id[2m > [22m[2mshould update event successfully
[22m[39m[AUTH] Middleware: Token valid for player test-1769875187690@example.com team: cml2hzn1l003dxsuicz1oclrm

[90mstdout[2m | tests/integration/calendar.test.ts[2m > [22m[2mCalendar API[2m > [22m[2mPUT /api/calendar/events/:id[2m > [22m[2mshould update event successfully
[22m[39m[DB] Client acquired from pool

[90mstdout[2m | tests/integration/calendar.test.ts[2m > [22m[2mCalendar API[2m > [22m[2mPUT /api/calendar/events/:id[2m > [22m[2mshould update event successfully
[22m[39m[DB] Client acquired from pool
[DB] Client acquired from pool
[DB] Client acquired from pool

[90mstdout[2m | tests/integration/calendar.test.ts[2m > [22m[2mCalendar API[2m > [22m[2mPUT /api/calendar/events/:id[2m > [22m[2mshould update event successfully
[22m[39m[DB] Client acquired from pool

[90mstdout[2m | tests/integration/calendar.test.ts[2m > [22m[2mCalendar API[2m > [22m[2mPUT /api/calendar/events/:id[2m > [22m[2mshould update event successfully
[22m[39m[AUTH] Permission granted: calendar.canEditEvents for account test-1769875187690@example.com

[90mstdout[2m | tests/integration/calendar.test.ts[2m > [22m[2mCalendar API[2m > [22m[2mPUT /api/calendar/events/:id[2m > [22m[2mshould update event successfully
[22m[39m[DB] Client acquired from pool

[90mstdout[2m | tests/integration/calendar.test.ts[2m > [22m[2mCalendar API[2m > [22m[2mPUT /api/calendar/events/:id[2m > [22m[2mshould update event successfully
[22m[39m[DB] Client acquired from pool

[90mstdout[2m | tests/integration/calendar.test.ts[2m > [22m[2mCalendar API[2m > [22m[2mPUT /api/calendar/events/:id[2m > [22m[2mshould update event successfully
[22m[39m[DB] Client acquired from pool

[90mstdout[2m | tests/integration/calendar.test.ts[2m > [22m[2mCalendar API[2m > [22m[2mPUT /api/calendar/events/:id[2m > [22m[2mshould reject without authentication
[22m[39m[DB] Client acquired from pool

[90mstdout[2m | tests/integration/calendar.test.ts[2m > [22m[2mCalendar API[2m > [22m[2mPUT /api/calendar/events/:id[2m > [22m[2mshould reject without authentication
[22m[39m[DB] Client acquired from pool

[90mstdout[2m | tests/integration/calendar.test.ts[2m > [22m[2mCalendar API[2m > [22m[2mPUT /api/calendar/events/:id[2m > [22m[2mshould reject without authentication
[22m[39m[DB] Client acquired from pool

[90mstdout[2m | tests/integration/calendar.test.ts[2m > [22m[2mCalendar API[2m > [22m[2mPUT /api/calendar/events/:id[2m > [22m[2mshould reject without authentication
[22m[39m[DB] Client acquired from pool

[90mstdout[2m | tests/integration/calendar.test.ts[2m > [22m[2mCalendar API[2m > [22m[2mPUT /api/calendar/events/:id[2m > [22m[2mshould reject without authentication
[22m[39m[DB] Client acquired from pool

[90mstdout[2m | tests/integration/calendar.test.ts[2m > [22m[2mCalendar API[2m > [22m[2mPUT /api/calendar/events/:id[2m > [22m[2mshould reject without authentication
[22m[39m[DB] Client acquired from pool

[90mstdout[2m | tests/integration/calendar.test.ts[2m > [22m[2mCalendar API[2m > [22m[2mPUT /api/calendar/events/:id[2m > [22m[2mshould reject without authentication
[22m[39m[DB] Client acquired from pool

[90mstdout[2m | tests/integration/calendar.test.ts[2m > [22m[2mCalendar API[2m > [22m[2mPUT /api/calendar/events/:id[2m > [22m[2mshould reject without authentication
[22m[39m[DB] Client acquired from pool

[90mstdout[2m | tests/integration/calendar.test.ts[2m > [22m[2mCalendar API[2m > [22m[2mPUT /api/calendar/events/:id[2m > [22m[2mshould reject without authentication
[22m[39m[DB] Client acquired from pool

[90mstdout[2m | tests/integration/calendar.test.ts[2m > [22m[2mCalendar API[2m > [22m[2mPUT /api/calendar/events/:id[2m > [22m[2mshould reject without authentication
[22m[39m[AUTH] Middleware: Missing or invalid Authorization header

[90mstdout[2m | tests/integration/calendar.test.ts[2m > [22m[2mCalendar API[2m > [22m[2mPUT /api/calendar/events/:id[2m > [22m[2mshould return 404 for non-existent event
[22m[39m[DB] Client acquired from pool

[90mstdout[2m | tests/integration/calendar.test.ts[2m > [22m[2mCalendar API[2m > [22m[2mPUT /api/calendar/events/:id[2m > [22m[2mshould return 404 for non-existent event
[22m[39m[DB] Client acquired from pool

[90mstdout[2m | tests/integration/calendar.test.ts[2m > [22m[2mCalendar API[2m > [22m[2mPUT /api/calendar/events/:id[2m > [22m[2mshould return 404 for non-existent event
[22m[39m[DB] Client acquired from pool

[90mstdout[2m | tests/integration/calendar.test.ts[2m > [22m[2mCalendar API[2m > [22m[2mPUT /api/calendar/events/:id[2m > [22m[2mshould return 404 for non-existent event
[22m[39m[DB] Client acquired from pool

[90mstdout[2m | tests/integration/calendar.test.ts[2m > [22m[2mCalendar API[2m > [22m[2mPUT /api/calendar/events/:id[2m > [22m[2mshould return 404 for non-existent event
[22m[39m[DB] Client acquired from pool

[90mstdout[2m | tests/integration/calendar.test.ts[2m > [22m[2mCalendar API[2m > [22m[2mPUT /api/calendar/events/:id[2m > [22m[2mshould return 404 for non-existent event
[22m[39m[DB] Client acquired from pool

[90mstdout[2m | tests/integration/calendar.test.ts[2m > [22m[2mCalendar API[2m > [22m[2mPUT /api/calendar/events/:id[2m > [22m[2mshould return 404 for non-existent event
[22m[39m[DB] Client acquired from pool

[90mstdout[2m | tests/integration/calendar.test.ts[2m > [22m[2mCalendar API[2m > [22m[2mPUT /api/calendar/events/:id[2m > [22m[2mshould return 404 for non-existent event
[22m[39m[DB] Client acquired from pool

[90mstdout[2m | tests/integration/calendar.test.ts[2m > [22m[2mCalendar API[2m > [22m[2mPUT /api/calendar/events/:id[2m > [22m[2mshould return 404 for non-existent event
[22m[39m[DB] Client acquired from pool

[90mstdout[2m | tests/integration/calendar.test.ts[2m > [22m[2mCalendar API[2m > [22m[2mPUT /api/calendar/events/:id[2m > [22m[2mshould return 404 for non-existent event
[22m[39m[AUTH] POST /api/auth/register

[90mstdout[2m | tests/integration/calendar.test.ts[2m > [22m[2mCalendar API[2m > [22m[2mPUT /api/calendar/events/:id[2m > [22m[2mshould return 404 for non-existent event
[22m[39m[DB] Client acquired from pool

[90mstdout[2m | tests/integration/calendar.test.ts[2m > [22m[2mCalendar API[2m > [22m[2mPUT /api/calendar/events/:id[2m > [22m[2mshould return 404 for non-existent event
[22m[39m[DB] Client acquired from pool

[90mstdout[2m | tests/integration/calendar.test.ts[2m > [22m[2mCalendar API[2m > [22m[2mPUT /api/calendar/events/:id[2m > [22m[2mshould return 404 for non-existent event
[22m[39m[DB] Client acquired from pool

[90mstdout[2m | tests/integration/calendar.test.ts[2m > [22m[2mCalendar API[2m > [22m[2mPUT /api/calendar/events/:id[2m > [22m[2mshould return 404 for non-existent event
[22m[39m[AUTH] Register success for: test-1769875187860@example.com

[90mstdout[2m | tests/integration/calendar.test.ts[2m > [22m[2mCalendar API[2m > [22m[2mPUT /api/calendar/events/:id[2m > [22m[2mshould return 404 for non-existent event
[22m[39m[DB] Client acquired from pool

[90mstdout[2m | tests/integration/calendar.test.ts[2m > [22m[2mCalendar API[2m > [22m[2mPUT /api/calendar/events/:id[2m > [22m[2mshould return 404 for non-existent event
[22m[39m[AUTH] POST /api/auth/login
[AUTH] Login attempt for: test-1769875187860@example.com

[90mstdout[2m | tests/integration/calendar.test.ts[2m > [22m[2mCalendar API[2m > [22m[2mPUT /api/calendar/events/:id[2m > [22m[2mshould return 404 for non-existent event
[22m[39m[DB] Client acquired from pool

[90mstdout[2m | tests/integration/calendar.test.ts[2m > [22m[2mCalendar API[2m > [22m[2mPUT /api/calendar/events/:id[2m > [22m[2mshould return 404 for non-existent event
[22m[39m[DB] Client acquired from pool
[DB] Client acquired from pool
[DB] Client acquired from pool

[90mstdout[2m | tests/integration/calendar.test.ts[2m > [22m[2mCalendar API[2m > [22m[2mPUT /api/calendar/events/:id[2m > [22m[2mshould return 404 for non-existent event
[22m[39m[DB] Client acquired from pool

[90mstdout[2m | tests/integration/calendar.test.ts[2m > [22m[2mCalendar API[2m > [22m[2mPUT /api/calendar/events/:id[2m > [22m[2mshould return 404 for non-existent event
[22m[39m[DB] Client acquired from pool

[90mstdout[2m | tests/integration/calendar.test.ts[2m > [22m[2mCalendar API[2m > [22m[2mPUT /api/calendar/events/:id[2m > [22m[2mshould return 404 for non-existent event
[22m[39m[DB] Client acquired from pool

[90mstdout[2m | tests/integration/calendar.test.ts[2m > [22m[2mCalendar API[2m > [22m[2mPUT /api/calendar/events/:id[2m > [22m[2mshould return 404 for non-existent event
[22m[39m[DB] Client acquired from pool

[90mstdout[2m | tests/integration/calendar.test.ts[2m > [22m[2mCalendar API[2m > [22m[2mPUT /api/calendar/events/:id[2m > [22m[2mshould return 404 for non-existent event
[22m[39m[DB] Client acquired from pool
[DB] Client acquired from pool
[DB] Client acquired from pool

[90mstdout[2m | tests/integration/calendar.test.ts[2m > [22m[2mCalendar API[2m > [22m[2mPUT /api/calendar/events/:id[2m > [22m[2mshould return 404 for non-existent event
[22m[39m[DB] Client acquired from pool

[90mstdout[2m | tests/integration/calendar.test.ts[2m > [22m[2mCalendar API[2m > [22m[2mPUT /api/calendar/events/:id[2m > [22m[2mshould return 404 for non-existent event
[22m[39m[AUTH] Login success for: test-1769875187860@example.com

[90mstdout[2m | tests/integration/calendar.test.ts[2m > [22m[2mCalendar API[2m > [22m[2mPUT /api/calendar/events/:id[2m > [22m[2mshould return 404 for non-existent event
[22m[39m[DB] Client acquired from pool

[90mstdout[2m | tests/integration/calendar.test.ts[2m > [22m[2mCalendar API[2m > [22m[2mPUT /api/calendar/events/:id[2m > [22m[2mshould return 404 for non-existent event
[22m[39m[AUTH] Middleware: Token valid for player test-1769875187860@example.com team: [90mundefined[39m

[90mstdout[2m | tests/integration/calendar.test.ts[2m > [22m[2mCalendar API[2m > [22m[2mPUT /api/calendar/events/:id[2m > [22m[2mshould return 404 for non-existent event
[22m[39m[DB] Client acquired from pool

[90mstdout[2m | tests/integration/calendar.test.ts[2m > [22m[2mCalendar API[2m > [22m[2mPUT /api/calendar/events/:id[2m > [22m[2mshould return 404 for non-existent event
[22m[39m[DB] Client acquired from pool

[90mstdout[2m | tests/integration/calendar.test.ts[2m > [22m[2mCalendar API[2m > [22m[2mPUT /api/calendar/events/:id[2m > [22m[2mshould return 404 for non-existent event
[22m[39m[DB] Client acquired from pool

[90mstdout[2m | tests/integration/calendar.test.ts[2m > [22m[2mCalendar API[2m > [22m[2mPUT /api/calendar/events/:id[2m > [22m[2mshould return 404 for non-existent event
[22m[39m[DB] Client acquired from pool

[90mstdout[2m | tests/integration/calendar.test.ts[2m > [22m[2mCalendar API[2m > [22m[2mPUT /api/calendar/events/:id[2m > [22m[2mshould return 404 for non-existent event
[22m[39m[DB] Client acquired from pool

[90mstdout[2m | tests/integration/calendar.test.ts[2m > [22m[2mCalendar API[2m > [22m[2mPUT /api/calendar/events/:id[2m > [22m[2mshould return 404 for non-existent event
[22m[39m[DB] Client acquired from pool

[90mstdout[2m | tests/integration/calendar.test.ts[2m > [22m[2mCalendar API[2m > [22m[2mPUT /api/calendar/events/:id[2m > [22m[2mshould return 404 for non-existent event
[22m[39m[DB] Client acquired from pool

[90mstdout[2m | tests/integration/calendar.test.ts[2m > [22m[2mCalendar API[2m > [22m[2mPUT /api/calendar/events/:id[2m > [22m[2mshould return 404 for non-existent event
[22m[39m[DB] Client acquired from pool

[90mstdout[2m | tests/integration/calendar.test.ts[2m > [22m[2mCalendar API[2m > [22m[2mPUT /api/calendar/events/:id[2m > [22m[2mshould return 404 for non-existent event
[22m[39m[AUTH] Middleware: Token valid for player test-1769875187860@example.com team: cml2hzn6d003kxsuiycz9k6q1

[90mstdout[2m | tests/integration/calendar.test.ts[2m > [22m[2mCalendar API[2m > [22m[2mPUT /api/calendar/events/:id[2m > [22m[2mshould return 404 for non-existent event
[22m[39m[DB] Client acquired from pool

[90mstdout[2m | tests/integration/calendar.test.ts[2m > [22m[2mCalendar API[2m > [22m[2mPUT /api/calendar/events/:id[2m > [22m[2mshould return 404 for non-existent event
[22m[39m[DB] Client acquired from pool
[DB] Client acquired from pool
[DB] Client acquired from pool

[90mstdout[2m | tests/integration/calendar.test.ts[2m > [22m[2mCalendar API[2m > [22m[2mPUT /api/calendar/events/:id[2m > [22m[2mshould return 404 for non-existent event
[22m[39m[DB] Client acquired from pool

[90mstdout[2m | tests/integration/calendar.test.ts[2m > [22m[2mCalendar API[2m > [22m[2mPUT /api/calendar/events/:id[2m > [22m[2mshould return 404 for non-existent event
[22m[39m[AUTH] Permission granted: calendar.canEditEvents for account test-1769875187860@example.com

[90mstdout[2m | tests/integration/calendar.test.ts[2m > [22m[2mCalendar API[2m > [22m[2mPUT /api/calendar/events/:id[2m > [22m[2mshould return 404 for non-existent event
[22m[39m[DB] Client acquired from pool

[90mstdout[2m | tests/integration/calendar.test.ts[2m > [22m[2mCalendar API[2m > [22m[2mPUT /api/calendar/events/:id[2m > [22m[2mshould reject updating event from another team
[22m[39m[DB] Client acquired from pool

[90mstdout[2m | tests/integration/calendar.test.ts[2m > [22m[2mCalendar API[2m > [22m[2mPUT /api/calendar/events/:id[2m > [22m[2mshould reject updating event from another team
[22m[39m[DB] Client acquired from pool

[90mstdout[2m | tests/integration/calendar.test.ts[2m > [22m[2mCalendar API[2m > [22m[2mPUT /api/calendar/events/:id[2m > [22m[2mshould reject updating event from another team
[22m[39m[DB] Client acquired from pool

[90mstdout[2m | tests/integration/calendar.test.ts[2m > [22m[2mCalendar API[2m > [22m[2mPUT /api/calendar/events/:id[2m > [22m[2mshould reject updating event from another team
[22m[39m[DB] Client acquired from pool

[90mstdout[2m | tests/integration/calendar.test.ts[2m > [22m[2mCalendar API[2m > [22m[2mPUT /api/calendar/events/:id[2m > [22m[2mshould reject updating event from another team
[22m[39m[DB] Client acquired from pool

[90mstdout[2m | tests/integration/calendar.test.ts[2m > [22m[2mCalendar API[2m > [22m[2mPUT /api/calendar/events/:id[2m > [22m[2mshould reject updating event from another team
[22m[39m[DB] Client acquired from pool

[90mstdout[2m | tests/integration/calendar.test.ts[2m > [22m[2mCalendar API[2m > [22m[2mPUT /api/calendar/events/:id[2m > [22m[2mshould reject updating event from another team
[22m[39m[DB] Client acquired from pool

[90mstdout[2m | tests/integration/calendar.test.ts[2m > [22m[2mCalendar API[2m > [22m[2mPUT /api/calendar/events/:id[2m > [22m[2mshould reject updating event from another team
[22m[39m[DB] Client acquired from pool

[90mstdout[2m | tests/integration/calendar.test.ts[2m > [22m[2mCalendar API[2m > [22m[2mPUT /api/calendar/events/:id[2m > [22m[2mshould reject updating event from another team
[22m[39m[DB] Client acquired from pool

[90mstdout[2m | tests/integration/calendar.test.ts[2m > [22m[2mCalendar API[2m > [22m[2mPUT /api/calendar/events/:id[2m > [22m[2mshould reject updating event from another team
[22m[39m[AUTH] POST /api/auth/register

[90mstdout[2m | tests/integration/calendar.test.ts[2m > [22m[2mCalendar API[2m > [22m[2mPUT /api/calendar/events/:id[2m > [22m[2mshould reject updating event from another team
[22m[39m[DB] Client acquired from pool

[90mstdout[2m | tests/integration/calendar.test.ts[2m > [22m[2mCalendar API[2m > [22m[2mPUT /api/calendar/events/:id[2m > [22m[2mshould reject updating event from another team
[22m[39m[DB] Client acquired from pool

[90mstdout[2m | tests/integration/calendar.test.ts[2m > [22m[2mCalendar API[2m > [22m[2mPUT /api/calendar/events/:id[2m > [22m[2mshould reject updating event from another team
[22m[39m[DB] Client acquired from pool

[90mstdout[2m | tests/integration/calendar.test.ts[2m > [22m[2mCalendar API[2m > [22m[2mPUT /api/calendar/events/:id[2m > [22m[2mshould reject updating event from another team
[22m[39m[AUTH] Register success for: owner2@example.com

[90mstdout[2m | tests/integration/calendar.test.ts[2m > [22m[2mCalendar API[2m > [22m[2mPUT /api/calendar/events/:id[2m > [22m[2mshould reject updating event from another team
[22m[39m[DB] Client acquired from pool

[90mstdout[2m | tests/integration/calendar.test.ts[2m > [22m[2mCalendar API[2m > [22m[2mPUT /api/calendar/events/:id[2m > [22m[2mshould reject updating event from another team
[22m[39m[AUTH] POST /api/auth/login
[AUTH] Login attempt for: owner2@example.com

[90mstdout[2m | tests/integration/calendar.test.ts[2m > [22m[2mCalendar API[2m > [22m[2mPUT /api/calendar/events/:id[2m > [22m[2mshould reject updating event from another team
[22m[39m[DB] Client acquired from pool

[90mstdout[2m | tests/integration/calendar.test.ts[2m > [22m[2mCalendar API[2m > [22m[2mPUT /api/calendar/events/:id[2m > [22m[2mshould reject updating event from another team
[22m[39m[DB] Client acquired from pool
[DB] Client acquired from pool
[DB] Client acquired from pool

[90mstdout[2m | tests/integration/calendar.test.ts[2m > [22m[2mCalendar API[2m > [22m[2mPUT /api/calendar/events/:id[2m > [22m[2mshould reject updating event from another team
[22m[39m[DB] Client acquired from pool

[90mstdout[2m | tests/integration/calendar.test.ts[2m > [22m[2mCalendar API[2m > [22m[2mPUT /api/calendar/events/:id[2m > [22m[2mshould reject updating event from another team
[22m[39m[DB] Client acquired from pool

[90mstdout[2m | tests/integration/calendar.test.ts[2m > [22m[2mCalendar API[2m > [22m[2mPUT /api/calendar/events/:id[2m > [22m[2mshould reject updating event from another team
[22m[39m[DB] Client acquired from pool

[90mstdout[2m | tests/integration/calendar.test.ts[2m > [22m[2mCalendar API[2m > [22m[2mPUT /api/calendar/events/:id[2m > [22m[2mshould reject updating event from another team
[22m[39m[DB] Client acquired from pool

[90mstdout[2m | tests/integration/calendar.test.ts[2m > [22m[2mCalendar API[2m > [22m[2mPUT /api/calendar/events/:id[2m > [22m[2mshould reject updating event from another team
[22m[39m[DB] Client acquired from pool
[DB] Client acquired from pool
[DB] Client acquired from pool

[90mstdout[2m | tests/integration/calendar.test.ts[2m > [22m[2mCalendar API[2m > [22m[2mPUT /api/calendar/events/:id[2m > [22m[2mshould reject updating event from another team
[22m[39m[DB] Client acquired from pool

[90mstdout[2m | tests/integration/calendar.test.ts[2m > [22m[2mCalendar API[2m > [22m[2mPUT /api/calendar/events/:id[2m > [22m[2mshould reject updating event from another team
[22m[39m[AUTH] Login success for: owner2@example.com

[90mstdout[2m | tests/integration/calendar.test.ts[2m > [22m[2mCalendar API[2m > [22m[2mPUT /api/calendar/events/:id[2m > [22m[2mshould reject updating event from another team
[22m[39m[DB] Client acquired from pool

[90mstdout[2m | tests/integration/calendar.test.ts[2m > [22m[2mCalendar API[2m > [22m[2mPUT /api/calendar/events/:id[2m > [22m[2mshould reject updating event from another team
[22m[39m[AUTH] Middleware: Token valid for player owner2@example.com team: [90mundefined[39m

[90mstdout[2m | tests/integration/calendar.test.ts[2m > [22m[2mCalendar API[2m > [22m[2mPUT /api/calendar/events/:id[2m > [22m[2mshould reject updating event from another team
[22m[39m[DB] Client acquired from pool

[90mstdout[2m | tests/integration/calendar.test.ts[2m > [22m[2mCalendar API[2m > [22m[2mPUT /api/calendar/events/:id[2m > [22m[2mshould reject updating event from another team
[22m[39m[DB] Client acquired from pool

[90mstdout[2m | tests/integration/calendar.test.ts[2m > [22m[2mCalendar API[2m > [22m[2mPUT /api/calendar/events/:id[2m > [22m[2mshould reject updating event from another team
[22m[39m[DB] Client acquired from pool

[90mstdout[2m | tests/integration/calendar.test.ts[2m > [22m[2mCalendar API[2m > [22m[2mPUT /api/calendar/events/:id[2m > [22m[2mshould reject updating event from another team
[22m[39m[DB] Client acquired from pool

[90mstdout[2m | tests/integration/calendar.test.ts[2m > [22m[2mCalendar API[2m > [22m[2mPUT /api/calendar/events/:id[2m > [22m[2mshould reject updating event from another team
[22m[39m[DB] Client acquired from pool

[90mstdout[2m | tests/integration/calendar.test.ts[2m > [22m[2mCalendar API[2m > [22m[2mPUT /api/calendar/events/:id[2m > [22m[2mshould reject updating event from another team
[22m[39m[DB] Client acquired from pool

[90mstdout[2m | tests/integration/calendar.test.ts[2m > [22m[2mCalendar API[2m > [22m[2mPUT /api/calendar/events/:id[2m > [22m[2mshould reject updating event from another team
[22m[39m[DB] Client acquired from pool

[90mstdout[2m | tests/integration/calendar.test.ts[2m > [22m[2mCalendar API[2m > [22m[2mPUT /api/calendar/events/:id[2m > [22m[2mshould reject updating event from another team
[22m[39m[AUTH] POST /api/auth/register

[90mstdout[2m | tests/integration/calendar.test.ts[2m > [22m[2mCalendar API[2m > [22m[2mPUT /api/calendar/events/:id[2m > [22m[2mshould reject updating event from another team
[22m[39m[DB] Client acquired from pool

[90mstdout[2m | tests/integration/calendar.test.ts[2m > [22m[2mCalendar API[2m > [22m[2mPUT /api/calendar/events/:id[2m > [22m[2mshould reject updating event from another team
[22m[39m[DB] Client acquired from pool

[90mstdout[2m | tests/integration/calendar.test.ts[2m > [22m[2mCalendar API[2m > [22m[2mPUT /api/calendar/events/:id[2m > [22m[2mshould reject updating event from another team
[22m[39m[DB] Client acquired from pool

[90mstdout[2m | tests/integration/calendar.test.ts[2m > [22m[2mCalendar API[2m > [22m[2mPUT /api/calendar/events/:id[2m > [22m[2mshould reject updating event from another team
[22m[39m[AUTH] Register success for: other2@example.com

[90mstdout[2m | tests/integration/calendar.test.ts[2m > [22m[2mCalendar API[2m > [22m[2mPUT /api/calendar/events/:id[2m > [22m[2mshould reject updating event from another team
[22m[39m[DB] Client acquired from pool

[90mstdout[2m | tests/integration/calendar.test.ts[2m > [22m[2mCalendar API[2m > [22m[2mPUT /api/calendar/events/:id[2m > [22m[2mshould reject updating event from another team
[22m[39m[AUTH] POST /api/auth/login
[AUTH] Login attempt for: other2@example.com

[90mstdout[2m | tests/integration/calendar.test.ts[2m > [22m[2mCalendar API[2m > [22m[2mPUT /api/calendar/events/:id[2m > [22m[2mshould reject updating event from another team
[22m[39m[DB] Client acquired from pool

[90mstdout[2m | tests/integration/calendar.test.ts[2m > [22m[2mCalendar API[2m > [22m[2mPUT /api/calendar/events/:id[2m > [22m[2mshould reject updating event from another team
[22m[39m[DB] Client acquired from pool
[DB] Client acquired from pool
[DB] Client acquired from pool

[90mstdout[2m | tests/integration/calendar.test.ts[2m > [22m[2mCalendar API[2m > [22m[2mPUT /api/calendar/events/:id[2m > [22m[2mshould reject updating event from another team
[22m[39m[DB] Client acquired from pool

[90mstdout[2m | tests/integration/calendar.test.ts[2m > [22m[2mCalendar API[2m > [22m[2mPUT /api/calendar/events/:id[2m > [22m[2mshould reject updating event from another team
[22m[39m[DB] Client acquired from pool

[90mstdout[2m | tests/integration/calendar.test.ts[2m > [22m[2mCalendar API[2m > [22m[2mPUT /api/calendar/events/:id[2m > [22m[2mshould reject updating event from another team
[22m[39m[DB] Client acquired from pool

[90mstdout[2m | tests/integration/calendar.test.ts[2m > [22m[2mCalendar API[2m > [22m[2mPUT /api/calendar/events/:id[2m > [22m[2mshould reject updating event from another team
[22m[39m[DB] Client acquired from pool

[90mstdout[2m | tests/integration/calendar.test.ts[2m > [22m[2mCalendar API[2m > [22m[2mPUT /api/calendar/events/:id[2m > [22m[2mshould reject updating event from another team
[22m[39m[DB] Client acquired from pool
[DB] Client acquired from pool
[DB] Client acquired from pool

[90mstdout[2m | tests/integration/calendar.test.ts[2m > [22m[2mCalendar API[2m > [22m[2mPUT /api/calendar/events/:id[2m > [22m[2mshould reject updating event from another team
[22m[39m[DB] Client acquired from pool

[90mstdout[2m | tests/integration/calendar.test.ts[2m > [22m[2mCalendar API[2m > [22m[2mPUT /api/calendar/events/:id[2m > [22m[2mshould reject updating event from another team
[22m[39m[AUTH] Login success for: other2@example.com

[90mstdout[2m | tests/integration/calendar.test.ts[2m > [22m[2mCalendar API[2m > [22m[2mPUT /api/calendar/events/:id[2m > [22m[2mshould reject updating event from another team
[22m[39m[DB] Client acquired from pool

[90mstdout[2m | tests/integration/calendar.test.ts[2m > [22m[2mCalendar API[2m > [22m[2mPUT /api/calendar/events/:id[2m > [22m[2mshould reject updating event from another team
[22m[39m[AUTH] Middleware: Token valid for player other2@example.com team: [90mundefined[39m

[90mstdout[2m | tests/integration/calendar.test.ts[2m > [22m[2mCalendar API[2m > [22m[2mPUT /api/calendar/events/:id[2m > [22m[2mshould reject updating event from another team
[22m[39m[DB] Client acquired from pool

[90mstdout[2m | tests/integration/calendar.test.ts[2m > [22m[2mCalendar API[2m > [22m[2mPUT /api/calendar/events/:id[2m > [22m[2mshould reject updating event from another team
[22m[39m[DB] Client acquired from pool

[90mstdout[2m | tests/integration/calendar.test.ts[2m > [22m[2mCalendar API[2m > [22m[2mPUT /api/calendar/events/:id[2m > [22m[2mshould reject updating event from another team
[22m[39m[DB] Client acquired from pool

[90mstdout[2m | tests/integration/calendar.test.ts[2m > [22m[2mCalendar API[2m > [22m[2mPUT /api/calendar/events/:id[2m > [22m[2mshould reject updating event from another team
[22m[39m[DB] Client acquired from pool

[90mstdout[2m | tests/integration/calendar.test.ts[2m > [22m[2mCalendar API[2m > [22m[2mPUT /api/calendar/events/:id[2m > [22m[2mshould reject updating event from another team
[22m[39m[DB] Client acquired from pool

[90mstdout[2m | tests/integration/calendar.test.ts[2m > [22m[2mCalendar API[2m > [22m[2mPUT /api/calendar/events/:id[2m > [22m[2mshould reject updating event from another team
[22m[39m[DB] Client acquired from pool

[90mstdout[2m | tests/integration/calendar.test.ts[2m > [22m[2mCalendar API[2m > [22m[2mPUT /api/calendar/events/:id[2m > [22m[2mshould reject updating event from another team
[22m[39m[DB] Client acquired from pool

[90mstdout[2m | tests/integration/calendar.test.ts[2m > [22m[2mCalendar API[2m > [22m[2mPUT /api/calendar/events/:id[2m > [22m[2mshould reject updating event from another team
[22m[39m[DB] Client acquired from pool

[90mstdout[2m | tests/integration/calendar.test.ts[2m > [22m[2mCalendar API[2m > [22m[2mPUT /api/calendar/events/:id[2m > [22m[2mshould reject updating event from another team
[22m[39m[AUTH] Middleware: Token valid for player owner2@example.com team: cml2hznam003qxsuip10l95f6

[90mstdout[2m | tests/integration/calendar.test.ts[2m > [22m[2mCalendar API[2m > [22m[2mPUT /api/calendar/events/:id[2m > [22m[2mshould reject updating event from another team
[22m[39m[DB] Client acquired from pool

[90mstdout[2m | tests/integration/calendar.test.ts[2m > [22m[2mCalendar API[2m > [22m[2mPUT /api/calendar/events/:id[2m > [22m[2mshould reject updating event from another team
[22m[39m[DB] Client acquired from pool
[DB] Client acquired from pool
[DB] Client acquired from pool

[90mstdout[2m | tests/integration/calendar.test.ts[2m > [22m[2mCalendar API[2m > [22m[2mPUT /api/calendar/events/:id[2m > [22m[2mshould reject updating event from another team
[22m[39m[DB] Client acquired from pool

[90mstdout[2m | tests/integration/calendar.test.ts[2m > [22m[2mCalendar API[2m > [22m[2mPUT /api/calendar/events/:id[2m > [22m[2mshould reject updating event from another team
[22m[39m[AUTH] Permission granted: calendar.canCreateEvents for account owner2@example.com

[90mstdout[2m | tests/integration/calendar.test.ts[2m > [22m[2mCalendar API[2m > [22m[2mPUT /api/calendar/events/:id[2m > [22m[2mshould reject updating event from another team
[22m[39m[DB] Client acquired from pool

[90mstdout[2m | tests/integration/calendar.test.ts[2m > [22m[2mCalendar API[2m > [22m[2mPUT /api/calendar/events/:id[2m > [22m[2mshould reject updating event from another team
[22m[39m[DB] Client acquired from pool

[90mstdout[2m | tests/integration/calendar.test.ts[2m > [22m[2mCalendar API[2m > [22m[2mPUT /api/calendar/events/:id[2m > [22m[2mshould reject updating event from another team
[22m[39m[DB] Client acquired from pool

[90mstdout[2m | tests/integration/calendar.test.ts[2m > [22m[2mCalendar API[2m > [22m[2mPUT /api/calendar/events/:id[2m > [22m[2mshould reject updating event from another team
[22m[39m[DB] Client acquired from pool

[90mstdout[2m | tests/integration/calendar.test.ts[2m > [22m[2mCalendar API[2m > [22m[2mPUT /api/calendar/events/:id[2m > [22m[2mshould reject updating event from another team
[22m[39m[AUTH] Middleware: Token valid for player other2@example.com team: cml2hzneg003wxsuixhijj7e8

[90mstdout[2m | tests/integration/calendar.test.ts[2m > [22m[2mCalendar API[2m > [22m[2mPUT /api/calendar/events/:id[2m > [22m[2mshould reject updating event from another team
[22m[39m[DB] Client acquired from pool

[90mstdout[2m | tests/integration/calendar.test.ts[2m > [22m[2mCalendar API[2m > [22m[2mPUT /api/calendar/events/:id[2m > [22m[2mshould reject updating event from another team
[22m[39m[DB] Client acquired from pool
[DB] Client acquired from pool
[DB] Client acquired from pool

[90mstdout[2m | tests/integration/calendar.test.ts[2m > [22m[2mCalendar API[2m > [22m[2mPUT /api/calendar/events/:id[2m > [22m[2mshould reject updating event from another team
[22m[39m[DB] Client acquired from pool

[90mstdout[2m | tests/integration/calendar.test.ts[2m > [22m[2mCalendar API[2m > [22m[2mPUT /api/calendar/events/:id[2m > [22m[2mshould reject updating event from another team
[22m[39m[AUTH] Permission granted: calendar.canEditEvents for account other2@example.com

[90mstdout[2m | tests/integration/calendar.test.ts[2m > [22m[2mCalendar API[2m > [22m[2mPUT /api/calendar/events/:id[2m > [22m[2mshould reject updating event from another team
[22m[39m[DB] Client acquired from pool

[90mstdout[2m | tests/integration/calendar.test.ts[2m > [22m[2mCalendar API[2m > [22m[2mPUT /api/calendar/events/:id[2m > [22m[2mshould reject updating event from another team
[22m[39m[DB] Client acquired from pool

[90mstdout[2m | tests/integration/calendar.test.ts[2m > [22m[2mCalendar API[2m > [22m[2mPUT /api/calendar/events/:id/gameplan[2m > [22m[2mshould attach gameplan to MATCH event
[22m[39m[DB] Client acquired from pool

[90mstdout[2m | tests/integration/calendar.test.ts[2m > [22m[2mCalendar API[2m > [22m[2mPUT /api/calendar/events/:id/gameplan[2m > [22m[2mshould attach gameplan to MATCH event
[22m[39m[DB] Client acquired from pool

[90mstdout[2m | tests/integration/calendar.test.ts[2m > [22m[2mCalendar API[2m > [22m[2mPUT /api/calendar/events/:id/gameplan[2m > [22m[2mshould attach gameplan to MATCH event
[22m[39m[DB] Client acquired from pool

[90mstdout[2m | tests/integration/calendar.test.ts[2m > [22m[2mCalendar API[2m > [22m[2mPUT /api/calendar/events/:id/gameplan[2m > [22m[2mshould attach gameplan to MATCH event
[22m[39m[DB] Client acquired from pool

[90mstdout[2m | tests/integration/calendar.test.ts[2m > [22m[2mCalendar API[2m > [22m[2mPUT /api/calendar/events/:id/gameplan[2m > [22m[2mshould attach gameplan to MATCH event
[22m[39m[DB] Client acquired from pool

[90mstdout[2m | tests/integration/calendar.test.ts[2m > [22m[2mCalendar API[2m > [22m[2mPUT /api/calendar/events/:id/gameplan[2m > [22m[2mshould attach gameplan to MATCH event
[22m[39m[DB] Client acquired from pool

[90mstdout[2m | tests/integration/calendar.test.ts[2m > [22m[2mCalendar API[2m > [22m[2mPUT /api/calendar/events/:id/gameplan[2m > [22m[2mshould attach gameplan to MATCH event
[22m[39m[DB] Client acquired from pool

[90mstdout[2m | tests/integration/calendar.test.ts[2m > [22m[2mCalendar API[2m > [22m[2mPUT /api/calendar/events/:id/gameplan[2m > [22m[2mshould attach gameplan to MATCH event
[22m[39m[DB] Client acquired from pool

[90mstdout[2m | tests/integration/calendar.test.ts[2m > [22m[2mCalendar API[2m > [22m[2mPUT /api/calendar/events/:id/gameplan[2m > [22m[2mshould attach gameplan to MATCH event
[22m[39m[DB] Client acquired from pool

[90mstdout[2m | tests/integration/calendar.test.ts[2m > [22m[2mCalendar API[2m > [22m[2mPUT /api/calendar/events/:id/gameplan[2m > [22m[2mshould attach gameplan to MATCH event
[22m[39m[AUTH] POST /api/auth/register

[90mstdout[2m | tests/integration/calendar.test.ts[2m > [22m[2mCalendar API[2m > [22m[2mPUT /api/calendar/events/:id/gameplan[2m > [22m[2mshould attach gameplan to MATCH event
[22m[39m[DB] Client acquired from pool

[90mstdout[2m | tests/integration/calendar.test.ts[2m > [22m[2mCalendar API[2m > [22m[2mPUT /api/calendar/events/:id/gameplan[2m > [22m[2mshould attach gameplan to MATCH event
[22m[39m[DB] Client acquired from pool

[90mstdout[2m | tests/integration/calendar.test.ts[2m > [22m[2mCalendar API[2m > [22m[2mPUT /api/calendar/events/:id/gameplan[2m > [22m[2mshould attach gameplan to MATCH event
[22m[39m[DB] Client acquired from pool

[90mstdout[2m | tests/integration/calendar.test.ts[2m > [22m[2mCalendar API[2m > [22m[2mPUT /api/calendar/events/:id/gameplan[2m > [22m[2mshould attach gameplan to MATCH event
[22m[39m[AUTH] Register success for: test-1769875188317@example.com

[90mstdout[2m | tests/integration/calendar.test.ts[2m > [22m[2mCalendar API[2m > [22m[2mPUT /api/calendar/events/:id/gameplan[2m > [22m[2mshould attach gameplan to MATCH event
[22m[39m[DB] Client acquired from pool

[90mstdout[2m | tests/integration/calendar.test.ts[2m > [22m[2mCalendar API[2m > [22m[2mPUT /api/calendar/events/:id/gameplan[2m > [22m[2mshould attach gameplan to MATCH event
[22m[39m[AUTH] POST /api/auth/login
[AUTH] Login attempt for: test-1769875188317@example.com

[90mstdout[2m | tests/integration/calendar.test.ts[2m > [22m[2mCalendar API[2m > [22m[2mPUT /api/calendar/events/:id/gameplan[2m > [22m[2mshould attach gameplan to MATCH event
[22m[39m[DB] Client acquired from pool

[90mstdout[2m | tests/integration/calendar.test.ts[2m > [22m[2mCalendar API[2m > [22m[2mPUT /api/calendar/events/:id/gameplan[2m > [22m[2mshould attach gameplan to MATCH event
[22m[39m[DB] Client acquired from pool
[DB] Client acquired from pool
[DB] Client acquired from pool

[90mstdout[2m | tests/integration/calendar.test.ts[2m > [22m[2mCalendar API[2m > [22m[2mPUT /api/calendar/events/:id/gameplan[2m > [22m[2mshould attach gameplan to MATCH event
[22m[39m[DB] Client acquired from pool

[90mstdout[2m | tests/integration/calendar.test.ts[2m > [22m[2mCalendar API[2m > [22m[2mPUT /api/calendar/events/:id/gameplan[2m > [22m[2mshould attach gameplan to MATCH event
[22m[39m[DB] Client acquired from pool

[90mstdout[2m | tests/integration/calendar.test.ts[2m > [22m[2mCalendar API[2m > [22m[2mPUT /api/calendar/events/:id/gameplan[2m > [22m[2mshould attach gameplan to MATCH event
[22m[39m[DB] Client acquired from pool

[90mstdout[2m | tests/integration/calendar.test.ts[2m > [22m[2mCalendar API[2m > [22m[2mPUT /api/calendar/events/:id/gameplan[2m > [22m[2mshould attach gameplan to MATCH event
[22m[39m[DB] Client acquired from pool

[90mstdout[2m | tests/integration/calendar.test.ts[2m > [22m[2mCalendar API[2m > [22m[2mPUT /api/calendar/events/:id/gameplan[2m > [22m[2mshould attach gameplan to MATCH event
[22m[39m[DB] Client acquired from pool
[DB] Client acquired from pool
[DB] Client acquired from pool

[90mstdout[2m | tests/integration/calendar.test.ts[2m > [22m[2mCalendar API[2m > [22m[2mPUT /api/calendar/events/:id/gameplan[2m > [22m[2mshould attach gameplan to MATCH event
[22m[39m[DB] Client acquired from pool

[90mstdout[2m | tests/integration/calendar.test.ts[2m > [22m[2mCalendar API[2m > [22m[2mPUT /api/calendar/events/:id/gameplan[2m > [22m[2mshould attach gameplan to MATCH event
[22m[39m[AUTH] Login success for: test-1769875188317@example.com

[90mstdout[2m | tests/integration/calendar.test.ts[2m > [22m[2mCalendar API[2m > [22m[2mPUT /api/calendar/events/:id/gameplan[2m > [22m[2mshould attach gameplan to MATCH event
[22m[39m[DB] Client acquired from pool

[90mstdout[2m | tests/integration/calendar.test.ts[2m > [22m[2mCalendar API[2m > [22m[2mPUT /api/calendar/events/:id/gameplan[2m > [22m[2mshould attach gameplan to MATCH event
[22m[39m[AUTH] Middleware: Token valid for player test-1769875188317@example.com team: [90mundefined[39m

[90mstdout[2m | tests/integration/calendar.test.ts[2m > [22m[2mCalendar API[2m > [22m[2mPUT /api/calendar/events/:id/gameplan[2m > [22m[2mshould attach gameplan to MATCH event
[22m[39m[DB] Client acquired from pool

[90mstdout[2m | tests/integration/calendar.test.ts[2m > [22m[2mCalendar API[2m > [22m[2mPUT /api/calendar/events/:id/gameplan[2m > [22m[2mshould attach gameplan to MATCH event
[22m[39m[DB] Client acquired from pool

[90mstdout[2m | tests/integration/calendar.test.ts[2m > [22m[2mCalendar API[2m > [22m[2mPUT /api/calendar/events/:id/gameplan[2m > [22m[2mshould attach gameplan to MATCH event
[22m[39m[DB] Client acquired from pool

[90mstdout[2m | tests/integration/calendar.test.ts[2m > [22m[2mCalendar API[2m > [22m[2mPUT /api/calendar/events/:id/gameplan[2m > [22m[2mshould attach gameplan to MATCH event
[22m[39m[DB] Client acquired from pool

[90mstdout[2m | tests/integration/calendar.test.ts[2m > [22m[2mCalendar API[2m > [22m[2mPUT /api/calendar/events/:id/gameplan[2m > [22m[2mshould attach gameplan to MATCH event
[22m[39m[DB] Client acquired from pool

[90mstdout[2m | tests/integration/calendar.test.ts[2m > [22m[2mCalendar API[2m > [22m[2mPUT /api/calendar/events/:id/gameplan[2m > [22m[2mshould attach gameplan to MATCH event
[22m[39m[DB] Client acquired from pool

[90mstdout[2m | tests/integration/calendar.test.ts[2m > [22m[2mCalendar API[2m > [22m[2mPUT /api/calendar/events/:id/gameplan[2m > [22m[2mshould attach gameplan to MATCH event
[22m[39m[DB] Client acquired from pool

[90mstdout[2m | tests/integration/calendar.test.ts[2m > [22m[2mCalendar API[2m > [22m[2mPUT /api/calendar/events/:id/gameplan[2m > [22m[2mshould attach gameplan to MATCH event
[22m[39m[DB] Client acquired from pool

[90mstdout[2m | tests/integration/calendar.test.ts[2m > [22m[2mCalendar API[2m > [22m[2mPUT /api/calendar/events/:id/gameplan[2m > [22m[2mshould attach gameplan to MATCH event
[22m[39m[AUTH] Middleware: Token valid for player test-1769875188317@example.com team: cml2hznj60043xsui65491kwx

[90mstdout[2m | tests/integration/calendar.test.ts[2m > [22m[2mCalendar API[2m > [22m[2mPUT /api/calendar/events/:id/gameplan[2m > [22m[2mshould attach gameplan to MATCH event
[22m[39m[DB] Client acquired from pool

[90mstdout[2m | tests/integration/calendar.test.ts[2m > [22m[2mCalendar API[2m > [22m[2mPUT /api/calendar/events/:id/gameplan[2m > [22m[2mshould attach gameplan to MATCH event
[22m[39m[DB] Client acquired from pool
[DB] Client acquired from pool
[DB] Client acquired from pool

[90mstdout[2m | tests/integration/calendar.test.ts[2m > [22m[2mCalendar API[2m > [22m[2mPUT /api/calendar/events/:id/gameplan[2m > [22m[2mshould attach gameplan to MATCH event
[22m[39m[DB] Client acquired from pool

[90mstdout[2m | tests/integration/calendar.test.ts[2m > [22m[2mCalendar API[2m > [22m[2mPUT /api/calendar/events/:id/gameplan[2m > [22m[2mshould attach gameplan to MATCH event
[22m[39m[AUTH] Permission granted: calendar.canCreateEvents for account test-1769875188317@example.com

[90mstdout[2m | tests/integration/calendar.test.ts[2m > [22m[2mCalendar API[2m > [22m[2mPUT /api/calendar/events/:id/gameplan[2m > [22m[2mshould attach gameplan to MATCH event
[22m[39m[DB] Client acquired from pool

[90mstdout[2m | tests/integration/calendar.test.ts[2m > [22m[2mCalendar API[2m > [22m[2mPUT /api/calendar/events/:id/gameplan[2m > [22m[2mshould attach gameplan to MATCH event
[22m[39m[DB] Client acquired from pool

[90mstdout[2m | tests/integration/calendar.test.ts[2m > [22m[2mCalendar API[2m > [22m[2mPUT /api/calendar/events/:id/gameplan[2m > [22m[2mshould attach gameplan to MATCH event
[22m[39m[DB] Client acquired from pool

[90mstdout[2m | tests/integration/calendar.test.ts[2m > [22m[2mCalendar API[2m > [22m[2mPUT /api/calendar/events/:id/gameplan[2m > [22m[2mshould attach gameplan to MATCH event
[22m[39m[DB] Client acquired from pool

[90mstdout[2m | tests/integration/calendar.test.ts[2m > [22m[2mCalendar API[2m > [22m[2mPUT /api/calendar/events/:id/gameplan[2m > [22m[2mshould attach gameplan to MATCH event
[22m[39m[AUTH] Middleware: Token valid for player test-1769875188317@example.com team: cml2hznj60043xsui65491kwx

[90mstdout[2m | tests/integration/calendar.test.ts[2m > [22m[2mCalendar API[2m > [22m[2mPUT /api/calendar/events/:id/gameplan[2m > [22m[2mshould attach gameplan to MATCH event
[22m[39m[DB] Client acquired from pool

[90mstdout[2m | tests/integration/calendar.test.ts[2m > [22m[2mCalendar API[2m > [22m[2mPUT /api/calendar/events/:id/gameplan[2m > [22m[2mshould attach gameplan to MATCH event
[22m[39m[DB] Client acquired from pool
[DB] Client acquired from pool
[DB] Client acquired from pool

[90mstdout[2m | tests/integration/calendar.test.ts[2m > [22m[2mCalendar API[2m > [22m[2mPUT /api/calendar/events/:id/gameplan[2m > [22m[2mshould attach gameplan to MATCH event
[22m[39m[DB] Client acquired from pool

[90mstdout[2m | tests/integration/calendar.test.ts[2m > [22m[2mCalendar API[2m > [22m[2mPUT /api/calendar/events/:id/gameplan[2m > [22m[2mshould attach gameplan to MATCH event
[22m[39m[AUTH] Permission granted: calendar.canAttachGamePlan for account test-1769875188317@example.com

[90mstdout[2m | tests/integration/calendar.test.ts[2m > [22m[2mCalendar API[2m > [22m[2mPUT /api/calendar/events/:id/gameplan[2m > [22m[2mshould attach gameplan to MATCH event
[22m[39m[DB] Client acquired from pool

[90mstdout[2m | tests/integration/calendar.test.ts[2m > [22m[2mCalendar API[2m > [22m[2mPUT /api/calendar/events/:id/gameplan[2m > [22m[2mshould attach gameplan to MATCH event
[22m[39m[DB] Client acquired from pool

[90mstdout[2m | tests/integration/calendar.test.ts[2m > [22m[2mCalendar API[2m > [22m[2mPUT /api/calendar/events/:id/gameplan[2m > [22m[2mshould attach gameplan to MATCH event
[22m[39m[DB] Client acquired from pool

[90mstdout[2m | tests/integration/calendar.test.ts[2m > [22m[2mCalendar API[2m > [22m[2mPUT /api/calendar/events/:id/gameplan[2m > [22m[2mshould reject attaching gameplan to EVENT type
[22m[39m[DB] Client acquired from pool

[90mstdout[2m | tests/integration/calendar.test.ts[2m > [22m[2mCalendar API[2m > [22m[2mPUT /api/calendar/events/:id/gameplan[2m > [22m[2mshould reject attaching gameplan to EVENT type
[22m[39m[DB] Client acquired from pool

[90mstdout[2m | tests/integration/calendar.test.ts[2m > [22m[2mCalendar API[2m > [22m[2mPUT /api/calendar/events/:id/gameplan[2m > [22m[2mshould reject attaching gameplan to EVENT type
[22m[39m[DB] Client acquired from pool

[90mstdout[2m | tests/integration/calendar.test.ts[2m > [22m[2mCalendar API[2m > [22m[2mPUT /api/calendar/events/:id/gameplan[2m > [22m[2mshould reject attaching gameplan to EVENT type
[22m[39m[DB] Client acquired from pool

[90mstdout[2m | tests/integration/calendar.test.ts[2m > [22m[2mCalendar API[2m > [22m[2mPUT /api/calendar/events/:id/gameplan[2m > [22m[2mshould reject attaching gameplan to EVENT type
[22m[39m[DB] Client acquired from pool

[90mstdout[2m | tests/integration/calendar.test.ts[2m > [22m[2mCalendar API[2m > [22m[2mPUT /api/calendar/events/:id/gameplan[2m > [22m[2mshould reject attaching gameplan to EVENT type
[22m[39m[DB] Client acquired from pool

[90mstdout[2m | tests/integration/calendar.test.ts[2m > [22m[2mCalendar API[2m > [22m[2mPUT /api/calendar/events/:id/gameplan[2m > [22m[2mshould reject attaching gameplan to EVENT type
[22m[39m[DB] Client acquired from pool

[90mstdout[2m | tests/integration/calendar.test.ts[2m > [22m[2mCalendar API[2m > [22m[2mPUT /api/calendar/events/:id/gameplan[2m > [22m[2mshould reject attaching gameplan to EVENT type
[22m[39m[DB] Client acquired from pool

[90mstdout[2m | tests/integration/calendar.test.ts[2m > [22m[2mCalendar API[2m > [22m[2mPUT /api/calendar/events/:id/gameplan[2m > [22m[2mshould reject attaching gameplan to EVENT type
[22m[39m[DB] Client acquired from pool

[90mstdout[2m | tests/integration/calendar.test.ts[2m > [22m[2mCalendar API[2m > [22m[2mPUT /api/calendar/events/:id/gameplan[2m > [22m[2mshould reject attaching gameplan to EVENT type
[22m[39m[AUTH] POST /api/auth/register

[90mstdout[2m | tests/integration/calendar.test.ts[2m > [22m[2mCalendar API[2m > [22m[2mPUT /api/calendar/events/:id/gameplan[2m > [22m[2mshould reject attaching gameplan to EVENT type
[22m[39m[DB] Client acquired from pool

[90mstdout[2m | tests/integration/calendar.test.ts[2m > [22m[2mCalendar API[2m > [22m[2mPUT /api/calendar/events/:id/gameplan[2m > [22m[2mshould reject attaching gameplan to EVENT type
[22m[39m[DB] Client acquired from pool

[90mstdout[2m | tests/integration/calendar.test.ts[2m > [22m[2mCalendar API[2m > [22m[2mPUT /api/calendar/events/:id/gameplan[2m > [22m[2mshould reject attaching gameplan to EVENT type
[22m[39m[DB] Client acquired from pool

[90mstdout[2m | tests/integration/calendar.test.ts[2m > [22m[2mCalendar API[2m > [22m[2mPUT /api/calendar/events/:id/gameplan[2m > [22m[2mshould reject attaching gameplan to EVENT type
[22m[39m[AUTH] Register success for: test-1769875188492@example.com

[90mstdout[2m | tests/integration/calendar.test.ts[2m > [22m[2mCalendar API[2m > [22m[2mPUT /api/calendar/events/:id/gameplan[2m > [22m[2mshould reject attaching gameplan to EVENT type
[22m[39m[DB] Client acquired from pool

[90mstdout[2m | tests/integration/calendar.test.ts[2m > [22m[2mCalendar API[2m > [22m[2mPUT /api/calendar/events/:id/gameplan[2m > [22m[2mshould reject attaching gameplan to EVENT type
[22m[39m[AUTH] POST /api/auth/login
[AUTH] Login attempt for: test-1769875188492@example.com

[90mstdout[2m | tests/integration/calendar.test.ts[2m > [22m[2mCalendar API[2m > [22m[2mPUT /api/calendar/events/:id/gameplan[2m > [22m[2mshould reject attaching gameplan to EVENT type
[22m[39m[DB] Client acquired from pool

[90mstdout[2m | tests/integration/calendar.test.ts[2m > [22m[2mCalendar API[2m > [22m[2mPUT /api/calendar/events/:id/gameplan[2m > [22m[2mshould reject attaching gameplan to EVENT type
[22m[39m[DB] Client acquired from pool
[DB] Client acquired from pool
[DB] Client acquired from pool

[90mstdout[2m | tests/integration/calendar.test.ts[2m > [22m[2mCalendar API[2m > [22m[2mPUT /api/calendar/events/:id/gameplan[2m > [22m[2mshould reject attaching gameplan to EVENT type
[22m[39m[DB] Client acquired from pool

[90mstdout[2m | tests/integration/calendar.test.ts[2m > [22m[2mCalendar API[2m > [22m[2mPUT /api/calendar/events/:id/gameplan[2m > [22m[2mshould reject attaching gameplan to EVENT type
[22m[39m[DB] Client acquired from pool

[90mstdout[2m | tests/integration/calendar.test.ts[2m > [22m[2mCalendar API[2m > [22m[2mPUT /api/calendar/events/:id/gameplan[2m > [22m[2mshould reject attaching gameplan to EVENT type
[22m[39m[DB] Client acquired from pool

[90mstdout[2m | tests/integration/calendar.test.ts[2m > [22m[2mCalendar API[2m > [22m[2mPUT /api/calendar/events/:id/gameplan[2m > [22m[2mshould reject attaching gameplan to EVENT type
[22m[39m[DB] Client acquired from pool

[90mstdout[2m | tests/integration/calendar.test.ts[2m > [22m[2mCalendar API[2m > [22m[2mPUT /api/calendar/events/:id/gameplan[2m > [22m[2mshould reject attaching gameplan to EVENT type
[22m[39m[DB] Client acquired from pool
[DB] Client acquired from pool
[DB] Client acquired from pool

[90mstdout[2m | tests/integration/calendar.test.ts[2m > [22m[2mCalendar API[2m > [22m[2mPUT /api/calendar/events/:id/gameplan[2m > [22m[2mshould reject attaching gameplan to EVENT type
[22m[39m[DB] Client acquired from pool

[90mstdout[2m | tests/integration/calendar.test.ts[2m > [22m[2mCalendar API[2m > [22m[2mPUT /api/calendar/events/:id/gameplan[2m > [22m[2mshould reject attaching gameplan to EVENT type
[22m[39m[AUTH] Login success for: test-1769875188492@example.com

[90mstdout[2m | tests/integration/calendar.test.ts[2m > [22m[2mCalendar API[2m > [22m[2mPUT /api/calendar/events/:id/gameplan[2m > [22m[2mshould reject attaching gameplan to EVENT type
[22m[39m[DB] Client acquired from pool

[90mstdout[2m | tests/integration/calendar.test.ts[2m > [22m[2mCalendar API[2m > [22m[2mPUT /api/calendar/events/:id/gameplan[2m > [22m[2mshould reject attaching gameplan to EVENT type
[22m[39m[AUTH] Middleware: Token valid for player test-1769875188492@example.com team: [90mundefined[39m

[90mstdout[2m | tests/integration/calendar.test.ts[2m > [22m[2mCalendar API[2m > [22m[2mPUT /api/calendar/events/:id/gameplan[2m > [22m[2mshould reject attaching gameplan to EVENT type
[22m[39m[DB] Client acquired from pool

[90mstdout[2m | tests/integration/calendar.test.ts[2m > [22m[2mCalendar API[2m > [22m[2mPUT /api/calendar/events/:id/gameplan[2m > [22m[2mshould reject attaching gameplan to EVENT type
[22m[39m[DB] Client acquired from pool

[90mstdout[2m | tests/integration/calendar.test.ts[2m > [22m[2mCalendar API[2m > [22m[2mPUT /api/calendar/events/:id/gameplan[2m > [22m[2mshould reject attaching gameplan to EVENT type
[22m[39m[DB] Client acquired from pool

[90mstdout[2m | tests/integration/calendar.test.ts[2m > [22m[2mCalendar API[2m > [22m[2mPUT /api/calendar/events/:id/gameplan[2m > [22m[2mshould reject attaching gameplan to EVENT type
[22m[39m[DB] Client acquired from pool

[90mstdout[2m | tests/integration/calendar.test.ts[2m > [22m[2mCalendar API[2m > [22m[2mPUT /api/calendar/events/:id/gameplan[2m > [22m[2mshould reject attaching gameplan to EVENT type
[22m[39m[DB] Client acquired from pool

[90mstdout[2m | tests/integration/calendar.test.ts[2m > [22m[2mCalendar API[2m > [22m[2mPUT /api/calendar/events/:id/gameplan[2m > [22m[2mshould reject attaching gameplan to EVENT type
[22m[39m[DB] Client acquired from pool

[90mstdout[2m | tests/integration/calendar.test.ts[2m > [22m[2mCalendar API[2m > [22m[2mPUT /api/calendar/events/:id/gameplan[2m > [22m[2mshould reject attaching gameplan to EVENT type
[22m[39m[DB] Client acquired from pool

[90mstdout[2m | tests/integration/calendar.test.ts[2m > [22m[2mCalendar API[2m > [22m[2mPUT /api/calendar/events/:id/gameplan[2m > [22m[2mshould reject attaching gameplan to EVENT type
[22m[39m[DB] Client acquired from pool

[90mstdout[2m | tests/integration/calendar.test.ts[2m > [22m[2mCalendar API[2m > [22m[2mPUT /api/calendar/events/:id/gameplan[2m > [22m[2mshould reject attaching gameplan to EVENT type
[22m[39m[AUTH] Middleware: Token valid for player test-1769875188492@example.com team: cml2hznnu004axsuihbrbz0mf

[90mstdout[2m | tests/integration/calendar.test.ts[2m > [22m[2mCalendar API[2m > [22m[2mPUT /api/calendar/events/:id/gameplan[2m > [22m[2mshould reject attaching gameplan to EVENT type
[22m[39m[DB] Client acquired from pool

[90mstdout[2m | tests/integration/calendar.test.ts[2m > [22m[2mCalendar API[2m > [22m[2mPUT /api/calendar/events/:id/gameplan[2m > [22m[2mshould reject attaching gameplan to EVENT type
[22m[39m[DB] Client acquired from pool
[DB] Client acquired from pool
[DB] Client acquired from pool

[90mstdout[2m | tests/integration/calendar.test.ts[2m > [22m[2mCalendar API[2m > [22m[2mPUT /api/calendar/events/:id/gameplan[2m > [22m[2mshould reject attaching gameplan to EVENT type
[22m[39m[DB] Client acquired from pool

[90mstdout[2m | tests/integration/calendar.test.ts[2m > [22m[2mCalendar API[2m > [22m[2mPUT /api/calendar/events/:id/gameplan[2m > [22m[2mshould reject attaching gameplan to EVENT type
[22m[39m[AUTH] Permission granted: calendar.canCreateEvents for account test-1769875188492@example.com

[90mstdout[2m | tests/integration/calendar.test.ts[2m > [22m[2mCalendar API[2m > [22m[2mPUT /api/calendar/events/:id/gameplan[2m > [22m[2mshould reject attaching gameplan to EVENT type
[22m[39m[DB] Client acquired from pool

[90mstdout[2m | tests/integration/calendar.test.ts[2m > [22m[2mCalendar API[2m > [22m[2mPUT /api/calendar/events/:id/gameplan[2m > [22m[2mshould reject attaching gameplan to EVENT type
[22m[39m[DB] Client acquired from pool

[90mstdout[2m | tests/integration/calendar.test.ts[2m > [22m[2mCalendar API[2m > [22m[2mPUT /api/calendar/events/:id/gameplan[2m > [22m[2mshould reject attaching gameplan to EVENT type
[22m[39m[DB] Client acquired from pool

[90mstdout[2m | tests/integration/calendar.test.ts[2m > [22m[2mCalendar API[2m > [22m[2mPUT /api/calendar/events/:id/gameplan[2m > [22m[2mshould reject attaching gameplan to EVENT type
[22m[39m[DB] Client acquired from pool

[90mstdout[2m | tests/integration/calendar.test.ts[2m > [22m[2mCalendar API[2m > [22m[2mPUT /api/calendar/events/:id/gameplan[2m > [22m[2mshould reject attaching gameplan to EVENT type
[22m[39m[AUTH] Middleware: Token valid for player test-1769875188492@example.com team: cml2hznnu004axsuihbrbz0mf

[90mstdout[2m | tests/integration/calendar.test.ts[2m > [22m[2mCalendar API[2m > [22m[2mPUT /api/calendar/events/:id/gameplan[2m > [22m[2mshould reject attaching gameplan to EVENT type
[22m[39m[DB] Client acquired from pool

[90mstdout[2m | tests/integration/calendar.test.ts[2m > [22m[2mCalendar API[2m > [22m[2mPUT /api/calendar/events/:id/gameplan[2m > [22m[2mshould reject attaching gameplan to EVENT type
[22m[39m[DB] Client acquired from pool
[DB] Client acquired from pool
[DB] Client acquired from pool

[90mstdout[2m | tests/integration/calendar.test.ts[2m > [22m[2mCalendar API[2m > [22m[2mPUT /api/calendar/events/:id/gameplan[2m > [22m[2mshould reject attaching gameplan to EVENT type
[22m[39m[DB] Client acquired from pool

[90mstdout[2m | tests/integration/calendar.test.ts[2m > [22m[2mCalendar API[2m > [22m[2mPUT /api/calendar/events/:id/gameplan[2m > [22m[2mshould reject attaching gameplan to EVENT type
[22m[39m[AUTH] Permission granted: calendar.canAttachGamePlan for account test-1769875188492@example.com

[90mstdout[2m | tests/integration/calendar.test.ts[2m > [22m[2mCalendar API[2m > [22m[2mPUT /api/calendar/events/:id/gameplan[2m > [22m[2mshould reject attaching gameplan to EVENT type
[22m[39m[DB] Client acquired from pool

[90mstdout[2m | tests/integration/calendar.test.ts[2m > [22m[2mCalendar API[2m > [22m[2mPUT /api/calendar/events/:id/gameplan[2m > [22m[2mshould reject without authentication
[22m[39m[DB] Client acquired from pool

[90mstdout[2m | tests/integration/calendar.test.ts[2m > [22m[2mCalendar API[2m > [22m[2mPUT /api/calendar/events/:id/gameplan[2m > [22m[2mshould reject without authentication
[22m[39m[DB] Client acquired from pool

[90mstdout[2m | tests/integration/calendar.test.ts[2m > [22m[2mCalendar API[2m > [22m[2mPUT /api/calendar/events/:id/gameplan[2m > [22m[2mshould reject without authentication
[22m[39m[DB] Client acquired from pool

[90mstdout[2m | tests/integration/calendar.test.ts[2m > [22m[2mCalendar API[2m > [22m[2mPUT /api/calendar/events/:id/gameplan[2m > [22m[2mshould reject without authentication
[22m[39m[DB] Client acquired from pool

[90mstdout[2m | tests/integration/calendar.test.ts[2m > [22m[2mCalendar API[2m > [22m[2mPUT /api/calendar/events/:id/gameplan[2m > [22m[2mshould reject without authentication
[22m[39m[DB] Client acquired from pool

[90mstdout[2m | tests/integration/calendar.test.ts[2m > [22m[2mCalendar API[2m > [22m[2mPUT /api/calendar/events/:id/gameplan[2m > [22m[2mshould reject without authentication
[22m[39m[DB] Client acquired from pool

[90mstdout[2m | tests/integration/calendar.test.ts[2m > [22m[2mCalendar API[2m > [22m[2mPUT /api/calendar/events/:id/gameplan[2m > [22m[2mshould reject without authentication
[22m[39m[DB] Client acquired from pool

[90mstdout[2m | tests/integration/calendar.test.ts[2m > [22m[2mCalendar API[2m > [22m[2mPUT /api/calendar/events/:id/gameplan[2m > [22m[2mshould reject without authentication
[22m[39m[DB] Client acquired from pool

[90mstdout[2m | tests/integration/calendar.test.ts[2m > [22m[2mCalendar API[2m > [22m[2mPUT /api/calendar/events/:id/gameplan[2m > [22m[2mshould reject without authentication
[22m[39m[DB] Client acquired from pool

[90mstdout[2m | tests/integration/calendar.test.ts[2m > [22m[2mCalendar API[2m > [22m[2mPUT /api/calendar/events/:id/gameplan[2m > [22m[2mshould reject without authentication
[22m[39m[AUTH] Middleware: Missing or invalid Authorization header

[90mstdout[2m | tests/integration/calendar.test.ts[2m > [22m[2mCalendar API[2m > [22m[2mPUT /api/calendar/events/:id/gameplan[2m > [22m[2mshould return 404 for non-existent event
[22m[39m[DB] Client acquired from pool

[90mstdout[2m | tests/integration/calendar.test.ts[2m > [22m[2mCalendar API[2m > [22m[2mPUT /api/calendar/events/:id/gameplan[2m > [22m[2mshould return 404 for non-existent event
[22m[39m[DB] Client acquired from pool

[90mstdout[2m | tests/integration/calendar.test.ts[2m > [22m[2mCalendar API[2m > [22m[2mPUT /api/calendar/events/:id/gameplan[2m > [22m[2mshould return 404 for non-existent event
[22m[39m[DB] Client acquired from pool

[90mstdout[2m | tests/integration/calendar.test.ts[2m > [22m[2mCalendar API[2m > [22m[2mPUT /api/calendar/events/:id/gameplan[2m > [22m[2mshould return 404 for non-existent event
[22m[39m[DB] Client acquired from pool

[90mstdout[2m | tests/integration/calendar.test.ts[2m > [22m[2mCalendar API[2m > [22m[2mPUT /api/calendar/events/:id/gameplan[2m > [22m[2mshould return 404 for non-existent event
[22m[39m[DB] Client acquired from pool

[90mstdout[2m | tests/integration/calendar.test.ts[2m > [22m[2mCalendar API[2m > [22m[2mPUT /api/calendar/events/:id/gameplan[2m > [22m[2mshould return 404 for non-existent event
[22m[39m[DB] Client acquired from pool

[90mstdout[2m | tests/integration/calendar.test.ts[2m > [22m[2mCalendar API[2m > [22m[2mPUT /api/calendar/events/:id/gameplan[2m > [22m[2mshould return 404 for non-existent event
[22m[39m[DB] Client acquired from pool

[90mstdout[2m | tests/integration/calendar.test.ts[2m > [22m[2mCalendar API[2m > [22m[2mPUT /api/calendar/events/:id/gameplan[2m > [22m[2mshould return 404 for non-existent event
[22m[39m[DB] Client acquired from pool

[90mstdout[2m | tests/integration/calendar.test.ts[2m > [22m[2mCalendar API[2m > [22m[2mPUT /api/calendar/events/:id/gameplan[2m > [22m[2mshould return 404 for non-existent event
[22m[39m[DB] Client acquired from pool

[90mstdout[2m | tests/integration/calendar.test.ts[2m > [22m[2mCalendar API[2m > [22m[2mPUT /api/calendar/events/:id/gameplan[2m > [22m[2mshould return 404 for non-existent event
[22m[39m[AUTH] POST /api/auth/register

[90mstdout[2m | tests/integration/calendar.test.ts[2m > [22m[2mCalendar API[2m > [22m[2mPUT /api/calendar/events/:id/gameplan[2m > [22m[2mshould return 404 for non-existent event
[22m[39m[DB] Client acquired from pool

[90mstdout[2m | tests/integration/calendar.test.ts[2m > [22m[2mCalendar API[2m > [22m[2mPUT /api/calendar/events/:id/gameplan[2m > [22m[2mshould return 404 for non-existent event
[22m[39m[DB] Client acquired from pool

[90mstdout[2m | tests/integration/calendar.test.ts[2m > [22m[2mCalendar API[2m > [22m[2mPUT /api/calendar/events/:id/gameplan[2m > [22m[2mshould return 404 for non-existent event
[22m[39m[DB] Client acquired from pool

[90mstdout[2m | tests/integration/calendar.test.ts[2m > [22m[2mCalendar API[2m > [22m[2mPUT /api/calendar/events/:id/gameplan[2m > [22m[2mshould return 404 for non-existent event
[22m[39m[AUTH] Register success for: test-1769875188663@example.com

[90mstdout[2m | tests/integration/calendar.test.ts[2m > [22m[2mCalendar API[2m > [22m[2mPUT /api/calendar/events/:id/gameplan[2m > [22m[2mshould return 404 for non-existent event
[22m[39m[DB] Client acquired from pool

[90mstdout[2m | tests/integration/calendar.test.ts[2m > [22m[2mCalendar API[2m > [22m[2mPUT /api/calendar/events/:id/gameplan[2m > [22m[2mshould return 404 for non-existent event
[22m[39m[AUTH] POST /api/auth/login
[AUTH] Login attempt for: test-1769875188663@example.com

[90mstdout[2m | tests/integration/calendar.test.ts[2m > [22m[2mCalendar API[2m > [22m[2mPUT /api/calendar/events/:id/gameplan[2m > [22m[2mshould return 404 for non-existent event
[22m[39m[DB] Client acquired from pool

[90mstdout[2m | tests/integration/calendar.test.ts[2m > [22m[2mCalendar API[2m > [22m[2mPUT /api/calendar/events/:id/gameplan[2m > [22m[2mshould return 404 for non-existent event
[22m[39m[DB] Client acquired from pool
[DB] Client acquired from pool
[DB] Client acquired from pool

[90mstdout[2m | tests/integration/calendar.test.ts[2m > [22m[2mCalendar API[2m > [22m[2mPUT /api/calendar/events/:id/gameplan[2m > [22m[2mshould return 404 for non-existent event
[22m[39m[DB] Client acquired from pool

[90mstdout[2m | tests/integration/calendar.test.ts[2m > [22m[2mCalendar API[2m > [22m[2mPUT /api/calendar/events/:id/gameplan[2m > [22m[2mshould return 404 for non-existent event
[22m[39m[DB] Client acquired from pool

[90mstdout[2m | tests/integration/calendar.test.ts[2m > [22m[2mCalendar API[2m > [22m[2mPUT /api/calendar/events/:id/gameplan[2m > [22m[2mshould return 404 for non-existent event
[22m[39m[DB] Client acquired from pool

[90mstdout[2m | tests/integration/calendar.test.ts[2m > [22m[2mCalendar API[2m > [22m[2mPUT /api/calendar/events/:id/gameplan[2m > [22m[2mshould return 404 for non-existent event
[22m[39m[DB] Client acquired from pool

[90mstdout[2m | tests/integration/calendar.test.ts[2m > [22m[2mCalendar API[2m > [22m[2mPUT /api/calendar/events/:id/gameplan[2m > [22m[2mshould return 404 for non-existent event
[22m[39m[DB] Client acquired from pool
[DB] Client acquired from pool
[DB] Client acquired from pool

[90mstdout[2m | tests/integration/calendar.test.ts[2m > [22m[2mCalendar API[2m > [22m[2mPUT /api/calendar/events/:id/gameplan[2m > [22m[2mshould return 404 for non-existent event
[22m[39m[DB] Client acquired from pool

[90mstdout[2m | tests/integration/calendar.test.ts[2m > [22m[2mCalendar API[2m > [22m[2mPUT /api/calendar/events/:id/gameplan[2m > [22m[2mshould return 404 for non-existent event
[22m[39m[AUTH] Login success for: test-1769875188663@example.com

[90mstdout[2m | tests/integration/calendar.test.ts[2m > [22m[2mCalendar API[2m > [22m[2mPUT /api/calendar/events/:id/gameplan[2m > [22m[2mshould return 404 for non-existent event
[22m[39m[DB] Client acquired from pool

[90mstdout[2m | tests/integration/calendar.test.ts[2m > [22m[2mCalendar API[2m > [22m[2mPUT /api/calendar/events/:id/gameplan[2m > [22m[2mshould return 404 for non-existent event
[22m[39m[AUTH] Middleware: Token valid for player test-1769875188663@example.com team: [90mundefined[39m

[90mstdout[2m | tests/integration/calendar.test.ts[2m > [22m[2mCalendar API[2m > [22m[2mPUT /api/calendar/events/:id/gameplan[2m > [22m[2mshould return 404 for non-existent event
[22m[39m[DB] Client acquired from pool

[90mstdout[2m | tests/integration/calendar.test.ts[2m > [22m[2mCalendar API[2m > [22m[2mPUT /api/calendar/events/:id/gameplan[2m > [22m[2mshould return 404 for non-existent event
[22m[39m[DB] Client acquired from pool

[90mstdout[2m | tests/integration/calendar.test.ts[2m > [22m[2mCalendar API[2m > [22m[2mPUT /api/calendar/events/:id/gameplan[2m > [22m[2mshould return 404 for non-existent event
[22m[39m[DB] Client acquired from pool

[90mstdout[2m | tests/integration/calendar.test.ts[2m > [22m[2mCalendar API[2m > [22m[2mPUT /api/calendar/events/:id/gameplan[2m > [22m[2mshould return 404 for non-existent event
[22m[39m[DB] Client acquired from pool

[90mstdout[2m | tests/integration/calendar.test.ts[2m > [22m[2mCalendar API[2m > [22m[2mPUT /api/calendar/events/:id/gameplan[2m > [22m[2mshould return 404 for non-existent event
[22m[39m[DB] Client acquired from pool

[90mstdout[2m | tests/integration/calendar.test.ts[2m > [22m[2mCalendar API[2m > [22m[2mPUT /api/calendar/events/:id/gameplan[2m > [22m[2mshould return 404 for non-existent event
[22m[39m[DB] Client acquired from pool

[90mstdout[2m | tests/integration/calendar.test.ts[2m > [22m[2mCalendar API[2m > [22m[2mPUT /api/calendar/events/:id/gameplan[2m > [22m[2mshould return 404 for non-existent event
[22m[39m[DB] Client acquired from pool

[90mstdout[2m | tests/integration/calendar.test.ts[2m > [22m[2mCalendar API[2m > [22m[2mPUT /api/calendar/events/:id/gameplan[2m > [22m[2mshould return 404 for non-existent event
[22m[39m[DB] Client acquired from pool

[90mstdout[2m | tests/integration/calendar.test.ts[2m > [22m[2mCalendar API[2m > [22m[2mPUT /api/calendar/events/:id/gameplan[2m > [22m[2mshould return 404 for non-existent event
[22m[39m[AUTH] Middleware: Token valid for player test-1769875188663@example.com team: cml2hznsp004hxsuiupa7ws2v

[90mstdout[2m | tests/integration/calendar.test.ts[2m > [22m[2mCalendar API[2m > [22m[2mPUT /api/calendar/events/:id/gameplan[2m > [22m[2mshould return 404 for non-existent event
[22m[39m[DB] Client acquired from pool

[90mstdout[2m | tests/integration/calendar.test.ts[2m > [22m[2mCalendar API[2m > [22m[2mPUT /api/calendar/events/:id/gameplan[2m > [22m[2mshould return 404 for non-existent event
[22m[39m[DB] Client acquired from pool
[DB] Client acquired from pool
[DB] Client acquired from pool

[90mstdout[2m | tests/integration/calendar.test.ts[2m > [22m[2mCalendar API[2m > [22m[2mPUT /api/calendar/events/:id/gameplan[2m > [22m[2mshould return 404 for non-existent event
[22m[39m[DB] Client acquired from pool

[90mstdout[2m | tests/integration/calendar.test.ts[2m > [22m[2mCalendar API[2m > [22m[2mPUT /api/calendar/events/:id/gameplan[2m > [22m[2mshould return 404 for non-existent event
[22m[39m[AUTH] Permission granted: calendar.canAttachGamePlan for account test-1769875188663@example.com

[90mstdout[2m | tests/integration/calendar.test.ts[2m > [22m[2mCalendar API[2m > [22m[2mPUT /api/calendar/events/:id/gameplan[2m > [22m[2mshould return 404 for non-existent event
[22m[39m[DB] Client acquired from pool

[90mstdout[2m | tests/integration/calendar.test.ts
[22m[39m[DB] Client acquired from pool

[90mstdout[2m | tests/integration/calendar.test.ts
[22m[39m[DB] Client acquired from pool

[90mstdout[2m | tests/integration/calendar.test.ts
[22m[39m[DB] Client acquired from pool

[90mstdout[2m | tests/integration/calendar.test.ts
[22m[39m[DB] Client acquired from pool

[90mstdout[2m | tests/integration/calendar.test.ts
[22m[39m[DB] Client acquired from pool

[90mstdout[2m | tests/integration/calendar.test.ts
[22m[39m[DB] Client acquired from pool

[90mstdout[2m | tests/integration/calendar.test.ts
[22m[39m[DB] Client acquired from pool

[90mstdout[2m | tests/integration/calendar.test.ts
[22m[39m[DB] Client acquired from pool

[90mstdout[2m | tests/integration/calendar.test.ts
[22m[39m[DB] Client acquired from pool

 [32mÔ£ô[39m tests/integration/calendar.test.ts [2m([22m[2m31 tests[22m[2m)[22m[33m 4365[2mms[22m[39m
       [33m[2mÔ£ô[22m[39m should isolate events by team [33m 314[2mms[22m[39m
       [33m[2mÔ£ô[22m[39m should reject deleting event from another team [33m 301[2mms[22m[39m
       [33m[2mÔ£ô[22m[39m should reject updating event from another team [32m 300[2mms[22m[39m
[90mstdout[2m | tests/integration/teams.test.ts
[22m[39m[DB] Initializing database connection...
[DB] Connection target: postgresql://eva_user:***@localhost:5432/eva_db_test
[DB] Connection attempt 1/5...

[90mstdout[2m | tests/integration/teams.test.ts
[22m[39m[DB] New client connected to pool
[DB] Client acquired from pool

[90mstdout[2m | tests/integration/teams.test.ts
[22m[39m[DB] Connection successful! Server time: Sat Jan 31 2026 16:59:49 GMT+0100 (heure normale dÔÇÖEurope centrale)

[90mstdout[2m | tests/integration/teams.test.ts
[22m[39m[DB] Client acquired from pool

[90mstdout[2m | tests/integration/teams.test.ts[2m > [22m[2mTeams API[2m > [22m[2mPOST /api/teams[2m > [22m[2mshould create a team successfully
[22m[39m[DB] Client acquired from pool

[90mstdout[2m | tests/integration/teams.test.ts[2m > [22m[2mTeams API[2m > [22m[2mPOST /api/teams[2m > [22m[2mshould create a team successfully
[22m[39m[DB] Client acquired from pool

[90mstdout[2m | tests/integration/teams.test.ts[2m > [22m[2mTeams API[2m > [22m[2mPOST /api/teams[2m > [22m[2mshould create a team successfully
[22m[39m[DB] Client acquired from pool

[90mstdout[2m | tests/integration/teams.test.ts[2m > [22m[2mTeams API[2m > [22m[2mPOST /api/teams[2m > [22m[2mshould create a team successfully
[22m[39m[DB] Client acquired from pool

[90mstdout[2m | tests/integration/teams.test.ts[2m > [22m[2mTeams API[2m > [22m[2mPOST /api/teams[2m > [22m[2mshould create a team successfully
[22m[39m[DB] Client acquired from pool

[90mstdout[2m | tests/integration/teams.test.ts[2m > [22m[2mTeams API[2m > [22m[2mPOST /api/teams[2m > [22m[2mshould create a team successfully
[22m[39m[DB] Client acquired from pool

[90mstdout[2m | tests/integration/teams.test.ts[2m > [22m[2mTeams API[2m > [22m[2mPOST /api/teams[2m > [22m[2mshould create a team successfully
[22m[39m[DB] Client acquired from pool

[90mstdout[2m | tests/integration/teams.test.ts[2m > [22m[2mTeams API[2m > [22m[2mPOST /api/teams[2m > [22m[2mshould create a team successfully
[22m[39m[DB] Client acquired from pool

[90mstdout[2m | tests/integration/teams.test.ts[2m > [22m[2mTeams API[2m > [22m[2mPOST /api/teams[2m > [22m[2mshould create a team successfully
[22m[39m[DB] Client acquired from pool

[90mstdout[2m | tests/integration/teams.test.ts[2m > [22m[2mTeams API[2m > [22m[2mPOST /api/teams[2m > [22m[2mshould create a team successfully
[22m[39m[AUTH] POST /api/auth/register

[90mstdout[2m | tests/integration/teams.test.ts[2m > [22m[2mTeams API[2m > [22m[2mPOST /api/teams[2m > [22m[2mshould create a team successfully
[22m[39m[DB] Client acquired from pool

[90mstdout[2m | tests/integration/teams.test.ts[2m > [22m[2mTeams API[2m > [22m[2mPOST /api/teams[2m > [22m[2mshould create a team successfully
[22m[39m[DB] Client acquired from pool

[90mstdout[2m | tests/integration/teams.test.ts[2m > [22m[2mTeams API[2m > [22m[2mPOST /api/teams[2m > [22m[2mshould create a team successfully
[22m[39m[DB] Client acquired from pool

[90mstdout[2m | tests/integration/teams.test.ts[2m > [22m[2mTeams API[2m > [22m[2mPOST /api/teams[2m > [22m[2mshould create a team successfully
[22m[39m[AUTH] Register success for: test-1769875189195@example.com

[90mstdout[2m | tests/integration/teams.test.ts[2m > [22m[2mTeams API[2m > [22m[2mPOST /api/teams[2m > [22m[2mshould create a team successfully
[22m[39m[DB] Client acquired from pool

[90mstdout[2m | tests/integration/teams.test.ts[2m > [22m[2mTeams API[2m > [22m[2mPOST /api/teams[2m > [22m[2mshould create a team successfully
[22m[39m[AUTH] POST /api/auth/login
[AUTH] Login attempt for: test-1769875189195@example.com

[90mstdout[2m | tests/integration/teams.test.ts[2m > [22m[2mTeams API[2m > [22m[2mPOST /api/teams[2m > [22m[2mshould create a team successfully
[22m[39m[DB] Client acquired from pool

[90mstdout[2m | tests/integration/teams.test.ts[2m > [22m[2mTeams API[2m > [22m[2mPOST /api/teams[2m > [22m[2mshould create a team successfully
[22m[39m[DB] Client acquired from pool

[90mstdout[2m | tests/integration/teams.test.ts[2m > [22m[2mTeams API[2m > [22m[2mPOST /api/teams[2m > [22m[2mshould create a team successfully
[22m[39m[DB] Client acquired from pool

[90mstdout[2m | tests/integration/teams.test.ts[2m > [22m[2mTeams API[2m > [22m[2mPOST /api/teams[2m > [22m[2mshould create a team successfully
[22m[39m[DB] New client connected to pool
[DB] Client acquired from pool

[90mstdout[2m | tests/integration/teams.test.ts[2m > [22m[2mTeams API[2m > [22m[2mPOST /api/teams[2m > [22m[2mshould create a team successfully
[22m[39m[DB] New client connected to pool
[DB] Client acquired from pool

[90mstdout[2m | tests/integration/teams.test.ts[2m > [22m[2mTeams API[2m > [22m[2mPOST /api/teams[2m > [22m[2mshould create a team successfully
[22m[39m[DB] Client acquired from pool

[90mstdout[2m | tests/integration/teams.test.ts[2m > [22m[2mTeams API[2m > [22m[2mPOST /api/teams[2m > [22m[2mshould create a team successfully
[22m[39m[DB] Client acquired from pool

[90mstdout[2m | tests/integration/teams.test.ts[2m > [22m[2mTeams API[2m > [22m[2mPOST /api/teams[2m > [22m[2mshould create a team successfully
[22m[39m[DB] Client acquired from pool

[90mstdout[2m | tests/integration/teams.test.ts[2m > [22m[2mTeams API[2m > [22m[2mPOST /api/teams[2m > [22m[2mshould create a team successfully
[22m[39m[DB] Client acquired from pool
[DB] Client acquired from pool
[DB] Client acquired from pool

[90mstdout[2m | tests/integration/teams.test.ts[2m > [22m[2mTeams API[2m > [22m[2mPOST /api/teams[2m > [22m[2mshould create a team successfully
[22m[39m[DB] Client acquired from pool

[90mstdout[2m | tests/integration/teams.test.ts[2m > [22m[2mTeams API[2m > [22m[2mPOST /api/teams[2m > [22m[2mshould create a team successfully
[22m[39m[AUTH] Login success for: test-1769875189195@example.com

[90mstdout[2m | tests/integration/teams.test.ts[2m > [22m[2mTeams API[2m > [22m[2mPOST /api/teams[2m > [22m[2mshould create a team successfully
[22m[39m[DB] Client acquired from pool

[90mstdout[2m | tests/integration/teams.test.ts[2m > [22m[2mTeams API[2m > [22m[2mPOST /api/teams[2m > [22m[2mshould create a team successfully
[22m[39m[DB] Client acquired from pool

[90mstdout[2m | tests/integration/teams.test.ts[2m > [22m[2mTeams API[2m > [22m[2mPOST /api/teams[2m > [22m[2mshould create a team successfully
[22m[39m[AUTH] Middleware: Token valid for player test-1769875189195@example.com team: [90mundefined[39m

[90mstdout[2m | tests/integration/teams.test.ts[2m > [22m[2mTeams API[2m > [22m[2mPOST /api/teams[2m > [22m[2mshould create a team successfully
[22m[39m[DB] Client acquired from pool

[90mstdout[2m | tests/integration/teams.test.ts[2m > [22m[2mTeams API[2m > [22m[2mPOST /api/teams[2m > [22m[2mshould create a team successfully
[22m[39m[DB] Client acquired from pool

[90mstdout[2m | tests/integration/teams.test.ts[2m > [22m[2mTeams API[2m > [22m[2mPOST /api/teams[2m > [22m[2mshould create a team successfully
[22m[39m[DB] Client acquired from pool

[90mstdout[2m | tests/integration/teams.test.ts[2m > [22m[2mTeams API[2m > [22m[2mPOST /api/teams[2m > [22m[2mshould create a team successfully
[22m[39m[DB] Client acquired from pool

[90mstdout[2m | tests/integration/teams.test.ts[2m > [22m[2mTeams API[2m > [22m[2mPOST /api/teams[2m > [22m[2mshould create a team successfully
[22m[39m[DB] Client acquired from pool

[90mstdout[2m | tests/integration/teams.test.ts[2m > [22m[2mTeams API[2m > [22m[2mPOST /api/teams[2m > [22m[2mshould create a team successfully
[22m[39m[DB] Client acquired from pool

[90mstdout[2m | tests/integration/teams.test.ts[2m > [22m[2mTeams API[2m > [22m[2mPOST /api/teams[2m > [22m[2mshould create a team successfully
[22m[39m[DB] Client acquired from pool

[90mstdout[2m | tests/integration/teams.test.ts[2m > [22m[2mTeams API[2m > [22m[2mPOST /api/teams[2m > [22m[2mshould create a team successfully
[22m[39m[DB] Client acquired from pool

[90mstdout[2m | tests/integration/teams.test.ts[2m > [22m[2mTeams API[2m > [22m[2mPOST /api/teams[2m > [22m[2mshould create a team successfully
[22m[39m[DB] Client acquired from pool

[90mstdout[2m | tests/integration/teams.test.ts[2m > [22m[2mTeams API[2m > [22m[2mPOST /api/teams[2m > [22m[2mshould reject without authentication
[22m[39m[DB] Client acquired from pool

[90mstdout[2m | tests/integration/teams.test.ts[2m > [22m[2mTeams API[2m > [22m[2mPOST /api/teams[2m > [22m[2mshould reject without authentication
[22m[39m[DB] Client acquired from pool

[90mstdout[2m | tests/integration/teams.test.ts[2m > [22m[2mTeams API[2m > [22m[2mPOST /api/teams[2m > [22m[2mshould reject without authentication
[22m[39m[DB] Client acquired from pool

[90mstdout[2m | tests/integration/teams.test.ts[2m > [22m[2mTeams API[2m > [22m[2mPOST /api/teams[2m > [22m[2mshould reject without authentication
[22m[39m[DB] Client acquired from pool

[90mstdout[2m | tests/integration/teams.test.ts[2m > [22m[2mTeams API[2m > [22m[2mPOST /api/teams[2m > [22m[2mshould reject without authentication
[22m[39m[DB] Client acquired from pool

[90mstdout[2m | tests/integration/teams.test.ts[2m > [22m[2mTeams API[2m > [22m[2mPOST /api/teams[2m > [22m[2mshould reject without authentication
[22m[39m[DB] Client acquired from pool

[90mstdout[2m | tests/integration/teams.test.ts[2m > [22m[2mTeams API[2m > [22m[2mPOST /api/teams[2m > [22m[2mshould reject without authentication
[22m[39m[DB] Client acquired from pool

[90mstdout[2m | tests/integration/teams.test.ts[2m > [22m[2mTeams API[2m > [22m[2mPOST /api/teams[2m > [22m[2mshould reject without authentication
[22m[39m[DB] Client acquired from pool

[90mstdout[2m | tests/integration/teams.test.ts[2m > [22m[2mTeams API[2m > [22m[2mPOST /api/teams[2m > [22m[2mshould reject without authentication
[22m[39m[DB] Client acquired from pool

[90mstdout[2m | tests/integration/teams.test.ts[2m > [22m[2mTeams API[2m > [22m[2mPOST /api/teams[2m > [22m[2mshould reject without authentication
[22m[39m[AUTH] Middleware: Missing or invalid Authorization header

[90mstdout[2m | tests/integration/teams.test.ts[2m > [22m[2mTeams API[2m > [22m[2mPOST /api/teams[2m > [22m[2mshould reject if user already has a team
[22m[39m[DB] Client acquired from pool

[90mstdout[2m | tests/integration/teams.test.ts[2m > [22m[2mTeams API[2m > [22m[2mPOST /api/teams[2m > [22m[2mshould reject if user already has a team
[22m[39m[DB] Client acquired from pool

[90mstdout[2m | tests/integration/teams.test.ts[2m > [22m[2mTeams API[2m > [22m[2mPOST /api/teams[2m > [22m[2mshould reject if user already has a team
[22m[39m[DB] Client acquired from pool

[90mstdout[2m | tests/integration/teams.test.ts[2m > [22m[2mTeams API[2m > [22m[2mPOST /api/teams[2m > [22m[2mshould reject if user already has a team
[22m[39m[DB] Client acquired from pool

[90mstdout[2m | tests/integration/teams.test.ts[2m > [22m[2mTeams API[2m > [22m[2mPOST /api/teams[2m > [22m[2mshould reject if user already has a team
[22m[39m[DB] Client acquired from pool

[90mstdout[2m | tests/integration/teams.test.ts[2m > [22m[2mTeams API[2m > [22m[2mPOST /api/teams[2m > [22m[2mshould reject if user already has a team
[22m[39m[DB] Client acquired from pool

[90mstdout[2m | tests/integration/teams.test.ts[2m > [22m[2mTeams API[2m > [22m[2mPOST /api/teams[2m > [22m[2mshould reject if user already has a team
[22m[39m[DB] Client acquired from pool

[90mstdout[2m | tests/integration/teams.test.ts[2m > [22m[2mTeams API[2m > [22m[2mPOST /api/teams[2m > [22m[2mshould reject if user already has a team
[22m[39m[DB] Client acquired from pool

[90mstdout[2m | tests/integration/teams.test.ts[2m > [22m[2mTeams API[2m > [22m[2mPOST /api/teams[2m > [22m[2mshould reject if user already has a team
[22m[39m[DB] Client acquired from pool

[90mstdout[2m | tests/integration/teams.test.ts[2m > [22m[2mTeams API[2m > [22m[2mPOST /api/teams[2m > [22m[2mshould reject if user already has a team
[22m[39m[AUTH] POST /api/auth/register

[90mstdout[2m | tests/integration/teams.test.ts[2m > [22m[2mTeams API[2m > [22m[2mPOST /api/teams[2m > [22m[2mshould reject if user already has a team
[22m[39m[DB] Client acquired from pool

[90mstdout[2m | tests/integration/teams.test.ts[2m > [22m[2mTeams API[2m > [22m[2mPOST /api/teams[2m > [22m[2mshould reject if user already has a team
[22m[39m[DB] Client acquired from pool

[90mstdout[2m | tests/integration/teams.test.ts[2m > [22m[2mTeams API[2m > [22m[2mPOST /api/teams[2m > [22m[2mshould reject if user already has a team
[22m[39m[DB] Client acquired from pool

[90mstdout[2m | tests/integration/teams.test.ts[2m > [22m[2mTeams API[2m > [22m[2mPOST /api/teams[2m > [22m[2mshould reject if user already has a team
[22m[39m[AUTH] Register success for: test-1769875189427@example.com

[90mstdout[2m | tests/integration/teams.test.ts[2m > [22m[2mTeams API[2m > [22m[2mPOST /api/teams[2m > [22m[2mshould reject if user already has a team
[22m[39m[DB] Client acquired from pool

[90mstdout[2m | tests/integration/teams.test.ts[2m > [22m[2mTeams API[2m > [22m[2mPOST /api/teams[2m > [22m[2mshould reject if user already has a team
[22m[39m[AUTH] POST /api/auth/login
[AUTH] Login attempt for: test-1769875189427@example.com

[90mstdout[2m | tests/integration/teams.test.ts[2m > [22m[2mTeams API[2m > [22m[2mPOST /api/teams[2m > [22m[2mshould reject if user already has a team
[22m[39m[DB] Client acquired from pool

[90mstdout[2m | tests/integration/teams.test.ts[2m > [22m[2mTeams API[2m > [22m[2mPOST /api/teams[2m > [22m[2mshould reject if user already has a team
[22m[39m[DB] Client acquired from pool
[DB] Client acquired from pool
[DB] Client acquired from pool

[90mstdout[2m | tests/integration/teams.test.ts[2m > [22m[2mTeams API[2m > [22m[2mPOST /api/teams[2m > [22m[2mshould reject if user already has a team
[22m[39m[DB] Client acquired from pool

[90mstdout[2m | tests/integration/teams.test.ts[2m > [22m[2mTeams API[2m > [22m[2mPOST /api/teams[2m > [22m[2mshould reject if user already has a team
[22m[39m[DB] Client acquired from pool

[90mstdout[2m | tests/integration/teams.test.ts[2m > [22m[2mTeams API[2m > [22m[2mPOST /api/teams[2m > [22m[2mshould reject if user already has a team
[22m[39m[DB] Client acquired from pool

[90mstdout[2m | tests/integration/teams.test.ts[2m > [22m[2mTeams API[2m > [22m[2mPOST /api/teams[2m > [22m[2mshould reject if user already has a team
[22m[39m[DB] Client acquired from pool

[90mstdout[2m | tests/integration/teams.test.ts[2m > [22m[2mTeams API[2m > [22m[2mPOST /api/teams[2m > [22m[2mshould reject if user already has a team
[22m[39m[DB] Client acquired from pool
[DB] Client acquired from pool
[DB] Client acquired from pool

[90mstdout[2m | tests/integration/teams.test.ts[2m > [22m[2mTeams API[2m > [22m[2mPOST /api/teams[2m > [22m[2mshould reject if user already has a team
[22m[39m[DB] Client acquired from pool

[90mstdout[2m | tests/integration/teams.test.ts[2m > [22m[2mTeams API[2m > [22m[2mPOST /api/teams[2m > [22m[2mshould reject if user already has a team
[22m[39m[AUTH] Login success for: test-1769875189427@example.com

[90mstdout[2m | tests/integration/teams.test.ts[2m > [22m[2mTeams API[2m > [22m[2mPOST /api/teams[2m > [22m[2mshould reject if user already has a team
[22m[39m[DB] Client acquired from pool

[90mstdout[2m | tests/integration/teams.test.ts[2m > [22m[2mTeams API[2m > [22m[2mPOST /api/teams[2m > [22m[2mshould reject if user already has a team
[22m[39m[AUTH] Middleware: Token valid for player test-1769875189427@example.com team: [90mundefined[39m

[90mstdout[2m | tests/integration/teams.test.ts[2m > [22m[2mTeams API[2m > [22m[2mPOST /api/teams[2m > [22m[2mshould reject if user already has a team
[22m[39m[DB] Client acquired from pool

[90mstdout[2m | tests/integration/teams.test.ts[2m > [22m[2mTeams API[2m > [22m[2mPOST /api/teams[2m > [22m[2mshould reject if user already has a team
[22m[39m[DB] Client acquired from pool

[90mstdout[2m | tests/integration/teams.test.ts[2m > [22m[2mTeams API[2m > [22m[2mPOST /api/teams[2m > [22m[2mshould reject if user already has a team
[22m[39m[DB] Client acquired from pool

[90mstdout[2m | tests/integration/teams.test.ts[2m > [22m[2mTeams API[2m > [22m[2mPOST /api/teams[2m > [22m[2mshould reject if user already has a team
[22m[39m[DB] Client acquired from pool

[90mstdout[2m | tests/integration/teams.test.ts[2m > [22m[2mTeams API[2m > [22m[2mPOST /api/teams[2m > [22m[2mshould reject if user already has a team
[22m[39m[DB] Client acquired from pool

[90mstdout[2m | tests/integration/teams.test.ts[2m > [22m[2mTeams API[2m > [22m[2mPOST /api/teams[2m > [22m[2mshould reject if user already has a team
[22m[39m[DB] Client acquired from pool

[90mstdout[2m | tests/integration/teams.test.ts[2m > [22m[2mTeams API[2m > [22m[2mPOST /api/teams[2m > [22m[2mshould reject if user already has a team
[22m[39m[DB] Client acquired from pool

[90mstdout[2m | tests/integration/teams.test.ts[2m > [22m[2mTeams API[2m > [22m[2mPOST /api/teams[2m > [22m[2mshould reject if user already has a team
[22m[39m[DB] Client acquired from pool

[90mstdout[2m | tests/integration/teams.test.ts[2m > [22m[2mTeams API[2m > [22m[2mPOST /api/teams[2m > [22m[2mshould reject if user already has a team
[22m[39m[AUTH] Middleware: Token valid for player test-1769875189427@example.com team: cml2hzoe100095wuiokm7zr90

[90mstdout[2m | tests/integration/teams.test.ts[2m > [22m[2mTeams API[2m > [22m[2mPOST /api/teams[2m > [22m[2mshould reject if user already has a team
[22m[39m[DB] Client acquired from pool

[90mstdout[2m | tests/integration/teams.test.ts[2m > [22m[2mTeams API[2m > [22m[2mPOST /api/teams[2m > [22m[2mshould reject if user already has a team
[22m[39m[DB] Client acquired from pool

[90mstdout[2m | tests/integration/teams.test.ts[2m > [22m[2mTeams API[2m > [22m[2mGET /api/teams/current[2m > [22m[2mshould return current team info
[22m[39m[DB] Client acquired from pool

[90mstdout[2m | tests/integration/teams.test.ts[2m > [22m[2mTeams API[2m > [22m[2mGET /api/teams/current[2m > [22m[2mshould return current team info
[22m[39m[DB] Client acquired from pool

[90mstdout[2m | tests/integration/teams.test.ts[2m > [22m[2mTeams API[2m > [22m[2mGET /api/teams/current[2m > [22m[2mshould return current team info
[22m[39m[DB] Client acquired from pool

[90mstdout[2m | tests/integration/teams.test.ts[2m > [22m[2mTeams API[2m > [22m[2mGET /api/teams/current[2m > [22m[2mshould return current team info
[22m[39m[DB] Client acquired from pool

[90mstdout[2m | tests/integration/teams.test.ts[2m > [22m[2mTeams API[2m > [22m[2mGET /api/teams/current[2m > [22m[2mshould return current team info
[22m[39m[DB] Client acquired from pool

[90mstdout[2m | tests/integration/teams.test.ts[2m > [22m[2mTeams API[2m > [22m[2mGET /api/teams/current[2m > [22m[2mshould return current team info
[22m[39m[DB] Client acquired from pool

[90mstdout[2m | tests/integration/teams.test.ts[2m > [22m[2mTeams API[2m > [22m[2mGET /api/teams/current[2m > [22m[2mshould return current team info
[22m[39m[DB] Client acquired from pool

[90mstdout[2m | tests/integration/teams.test.ts[2m > [22m[2mTeams API[2m > [22m[2mGET /api/teams/current[2m > [22m[2mshould return current team info
[22m[39m[DB] Client acquired from pool

[90mstdout[2m | tests/integration/teams.test.ts[2m > [22m[2mTeams API[2m > [22m[2mGET /api/teams/current[2m > [22m[2mshould return current team info
[22m[39m[DB] Client acquired from pool

[90mstdout[2m | tests/integration/teams.test.ts[2m > [22m[2mTeams API[2m > [22m[2mGET /api/teams/current[2m > [22m[2mshould return current team info
[22m[39m[AUTH] POST /api/auth/register

[90mstdout[2m | tests/integration/teams.test.ts[2m > [22m[2mTeams API[2m > [22m[2mGET /api/teams/current[2m > [22m[2mshould return current team info
[22m[39m[DB] Client acquired from pool

[90mstdout[2m | tests/integration/teams.test.ts[2m > [22m[2mTeams API[2m > [22m[2mGET /api/teams/current[2m > [22m[2mshould return current team info
[22m[39m[DB] Client acquired from pool

[90mstdout[2m | tests/integration/teams.test.ts[2m > [22m[2mTeams API[2m > [22m[2mGET /api/teams/current[2m > [22m[2mshould return current team info
[22m[39m[DB] Client acquired from pool

[90mstdout[2m | tests/integration/teams.test.ts[2m > [22m[2mTeams API[2m > [22m[2mGET /api/teams/current[2m > [22m[2mshould return current team info
[22m[39m[AUTH] Register success for: test-1769875189586@example.com

[90mstdout[2m | tests/integration/teams.test.ts[2m > [22m[2mTeams API[2m > [22m[2mGET /api/teams/current[2m > [22m[2mshould return current team info
[22m[39m[DB] Client acquired from pool

[90mstdout[2m | tests/integration/teams.test.ts[2m > [22m[2mTeams API[2m > [22m[2mGET /api/teams/current[2m > [22m[2mshould return current team info
[22m[39m[AUTH] POST /api/auth/login
[AUTH] Login attempt for: test-1769875189586@example.com

[90mstdout[2m | tests/integration/teams.test.ts[2m > [22m[2mTeams API[2m > [22m[2mGET /api/teams/current[2m > [22m[2mshould return current team info
[22m[39m[DB] Client acquired from pool

[90mstdout[2m | tests/integration/teams.test.ts[2m > [22m[2mTeams API[2m > [22m[2mGET /api/teams/current[2m > [22m[2mshould return current team info
[22m[39m[DB] Client acquired from pool
[DB] Client acquired from pool
[DB] Client acquired from pool

[90mstdout[2m | tests/integration/teams.test.ts[2m > [22m[2mTeams API[2m > [22m[2mGET /api/teams/current[2m > [22m[2mshould return current team info
[22m[39m[DB] Client acquired from pool

[90mstdout[2m | tests/integration/teams.test.ts[2m > [22m[2mTeams API[2m > [22m[2mGET /api/teams/current[2m > [22m[2mshould return current team info
[22m[39m[DB] Client acquired from pool

[90mstdout[2m | tests/integration/teams.test.ts[2m > [22m[2mTeams API[2m > [22m[2mGET /api/teams/current[2m > [22m[2mshould return current team info
[22m[39m[DB] Client acquired from pool

[90mstdout[2m | tests/integration/teams.test.ts[2m > [22m[2mTeams API[2m > [22m[2mGET /api/teams/current[2m > [22m[2mshould return current team info
[22m[39m[DB] Client acquired from pool

[90mstdout[2m | tests/integration/teams.test.ts[2m > [22m[2mTeams API[2m > [22m[2mGET /api/teams/current[2m > [22m[2mshould return current team info
[22m[39m[DB] Client acquired from pool
[DB] Client acquired from pool
[DB] Client acquired from pool

[90mstdout[2m | tests/integration/teams.test.ts[2m > [22m[2mTeams API[2m > [22m[2mGET /api/teams/current[2m > [22m[2mshould return current team info
[22m[39m[DB] Client acquired from pool

[90mstdout[2m | tests/integration/teams.test.ts[2m > [22m[2mTeams API[2m > [22m[2mGET /api/teams/current[2m > [22m[2mshould return current team info
[22m[39m[AUTH] Login success for: test-1769875189586@example.com

[90mstdout[2m | tests/integration/teams.test.ts[2m > [22m[2mTeams API[2m > [22m[2mGET /api/teams/current[2m > [22m[2mshould return current team info
[22m[39m[DB] Client acquired from pool

[90mstdout[2m | tests/integration/teams.test.ts[2m > [22m[2mTeams API[2m > [22m[2mGET /api/teams/current[2m > [22m[2mshould return current team info
[22m[39m[AUTH] Middleware: Token valid for player test-1769875189586@example.com team: [90mundefined[39m

[90mstdout[2m | tests/integration/teams.test.ts[2m > [22m[2mTeams API[2m > [22m[2mGET /api/teams/current[2m > [22m[2mshould return current team info
[22m[39m[DB] Client acquired from pool

[90mstdout[2m | tests/integration/teams.test.ts[2m > [22m[2mTeams API[2m > [22m[2mGET /api/teams/current[2m > [22m[2mshould return current team info
[22m[39m[DB] Client acquired from pool

[90mstdout[2m | tests/integration/teams.test.ts[2m > [22m[2mTeams API[2m > [22m[2mGET /api/teams/current[2m > [22m[2mshould return current team info
[22m[39m[DB] Client acquired from pool

[90mstdout[2m | tests/integration/teams.test.ts[2m > [22m[2mTeams API[2m > [22m[2mGET /api/teams/current[2m > [22m[2mshould return current team info
[22m[39m[DB] Client acquired from pool

[90mstdout[2m | tests/integration/teams.test.ts[2m > [22m[2mTeams API[2m > [22m[2mGET /api/teams/current[2m > [22m[2mshould return current team info
[22m[39m[DB] Client acquired from pool

[90mstdout[2m | tests/integration/teams.test.ts[2m > [22m[2mTeams API[2m > [22m[2mGET /api/teams/current[2m > [22m[2mshould return current team info
[22m[39m[DB] Client acquired from pool

[90mstdout[2m | tests/integration/teams.test.ts[2m > [22m[2mTeams API[2m > [22m[2mGET /api/teams/current[2m > [22m[2mshould return current team info
[22m[39m[DB] Client acquired from pool

[90mstdout[2m | tests/integration/teams.test.ts[2m > [22m[2mTeams API[2m > [22m[2mGET /api/teams/current[2m > [22m[2mshould return current team info
[22m[39m[DB] Client acquired from pool

[90mstdout[2m | tests/integration/teams.test.ts[2m > [22m[2mTeams API[2m > [22m[2mGET /api/teams/current[2m > [22m[2mshould return current team info
[22m[39m[AUTH] Middleware: Token valid for player test-1769875189586@example.com team: cml2hzoig000f5wuiyfnjtb56

[90mstdout[2m | tests/integration/teams.test.ts[2m > [22m[2mTeams API[2m > [22m[2mGET /api/teams/current[2m > [22m[2mshould return current team info
[22m[39m[DB] Client acquired from pool

[90mstdout[2m | tests/integration/teams.test.ts[2m > [22m[2mTeams API[2m > [22m[2mGET /api/teams/current[2m > [22m[2mshould return current team info
[22m[39m[DB] Client acquired from pool
[DB] Client acquired from pool

[90mstdout[2m | tests/integration/teams.test.ts[2m > [22m[2mTeams API[2m > [22m[2mGET /api/teams/current[2m > [22m[2mshould return current team info
[22m[39m[DB] Client acquired from pool
[DB] Client acquired from pool

[90mstdout[2m | tests/integration/teams.test.ts[2m > [22m[2mTeams API[2m > [22m[2mGET /api/teams/current[2m > [22m[2mshould return current team info
[22m[39m[DB] Client acquired from pool

[90mstdout[2m | tests/integration/teams.test.ts[2m > [22m[2mTeams API[2m > [22m[2mGET /api/teams/current[2m > [22m[2mshould return current team info
[22m[39m[DB] Client acquired from pool

[90mstdout[2m | tests/integration/teams.test.ts[2m > [22m[2mTeams API[2m > [22m[2mGET /api/teams/current[2m > [22m[2mshould return 404 if user has no team
[22m[39m[DB] Client acquired from pool

[90mstdout[2m | tests/integration/teams.test.ts[2m > [22m[2mTeams API[2m > [22m[2mGET /api/teams/current[2m > [22m[2mshould return 404 if user has no team
[22m[39m[DB] Client acquired from pool

[90mstdout[2m | tests/integration/teams.test.ts[2m > [22m[2mTeams API[2m > [22m[2mGET /api/teams/current[2m > [22m[2mshould return 404 if user has no team
[22m[39m[DB] Client acquired from pool

[90mstdout[2m | tests/integration/teams.test.ts[2m > [22m[2mTeams API[2m > [22m[2mGET /api/teams/current[2m > [22m[2mshould return 404 if user has no team
[22m[39m[DB] Client acquired from pool

[90mstdout[2m | tests/integration/teams.test.ts[2m > [22m[2mTeams API[2m > [22m[2mGET /api/teams/current[2m > [22m[2mshould return 404 if user has no team
[22m[39m[DB] Client acquired from pool

[90mstdout[2m | tests/integration/teams.test.ts[2m > [22m[2mTeams API[2m > [22m[2mGET /api/teams/current[2m > [22m[2mshould return 404 if user has no team
[22m[39m[DB] Client acquired from pool

[90mstdout[2m | tests/integration/teams.test.ts[2m > [22m[2mTeams API[2m > [22m[2mGET /api/teams/current[2m > [22m[2mshould return 404 if user has no team
[22m[39m[DB] Client acquired from pool

[90mstdout[2m | tests/integration/teams.test.ts[2m > [22m[2mTeams API[2m > [22m[2mGET /api/teams/current[2m > [22m[2mshould return 404 if user has no team
[22m[39m[DB] Client acquired from pool

[90mstdout[2m | tests/integration/teams.test.ts[2m > [22m[2mTeams API[2m > [22m[2mGET /api/teams/current[2m > [22m[2mshould return 404 if user has no team
[22m[39m[DB] Client acquired from pool

[90mstdout[2m | tests/integration/teams.test.ts[2m > [22m[2mTeams API[2m > [22m[2mGET /api/teams/current[2m > [22m[2mshould return 404 if user has no team
[22m[39m[AUTH] POST /api/auth/register

[90mstdout[2m | tests/integration/teams.test.ts[2m > [22m[2mTeams API[2m > [22m[2mGET /api/teams/current[2m > [22m[2mshould return 404 if user has no team
[22m[39m[DB] Client acquired from pool

[90mstdout[2m | tests/integration/teams.test.ts[2m > [22m[2mTeams API[2m > [22m[2mGET /api/teams/current[2m > [22m[2mshould return 404 if user has no team
[22m[39m[DB] Client acquired from pool

[90mstdout[2m | tests/integration/teams.test.ts[2m > [22m[2mTeams API[2m > [22m[2mGET /api/teams/current[2m > [22m[2mshould return 404 if user has no team
[22m[39m[DB] Client acquired from pool

[90mstdout[2m | tests/integration/teams.test.ts[2m > [22m[2mTeams API[2m > [22m[2mGET /api/teams/current[2m > [22m[2mshould return 404 if user has no team
[22m[39m[AUTH] Register success for: test-1769875189749@example.com

[90mstdout[2m | tests/integration/teams.test.ts[2m > [22m[2mTeams API[2m > [22m[2mGET /api/teams/current[2m > [22m[2mshould return 404 if user has no team
[22m[39m[DB] Client acquired from pool

[90mstdout[2m | tests/integration/teams.test.ts[2m > [22m[2mTeams API[2m > [22m[2mGET /api/teams/current[2m > [22m[2mshould return 404 if user has no team
[22m[39m[AUTH] POST /api/auth/login
[AUTH] Login attempt for: test-1769875189749@example.com

[90mstdout[2m | tests/integration/teams.test.ts[2m > [22m[2mTeams API[2m > [22m[2mGET /api/teams/current[2m > [22m[2mshould return 404 if user has no team
[22m[39m[DB] Client acquired from pool

[90mstdout[2m | tests/integration/teams.test.ts[2m > [22m[2mTeams API[2m > [22m[2mGET /api/teams/current[2m > [22m[2mshould return 404 if user has no team
[22m[39m[DB] Client acquired from pool
[DB] Client acquired from pool
[DB] Client acquired from pool

[90mstdout[2m | tests/integration/teams.test.ts[2m > [22m[2mTeams API[2m > [22m[2mGET /api/teams/current[2m > [22m[2mshould return 404 if user has no team
[22m[39m[DB] Client acquired from pool

[90mstdout[2m | tests/integration/teams.test.ts[2m > [22m[2mTeams API[2m > [22m[2mGET /api/teams/current[2m > [22m[2mshould return 404 if user has no team
[22m[39m[DB] Client acquired from pool

[90mstdout[2m | tests/integration/teams.test.ts[2m > [22m[2mTeams API[2m > [22m[2mGET /api/teams/current[2m > [22m[2mshould return 404 if user has no team
[22m[39m[DB] Client acquired from pool

[90mstdout[2m | tests/integration/teams.test.ts[2m > [22m[2mTeams API[2m > [22m[2mGET /api/teams/current[2m > [22m[2mshould return 404 if user has no team
[22m[39m[DB] Client acquired from pool

[90mstdout[2m | tests/integration/teams.test.ts[2m > [22m[2mTeams API[2m > [22m[2mGET /api/teams/current[2m > [22m[2mshould return 404 if user has no team
[22m[39m[DB] Client acquired from pool
[DB] Client acquired from pool
[DB] Client acquired from pool

[90mstdout[2m | tests/integration/teams.test.ts[2m > [22m[2mTeams API[2m > [22m[2mGET /api/teams/current[2m > [22m[2mshould return 404 if user has no team
[22m[39m[DB] Client acquired from pool

[90mstdout[2m | tests/integration/teams.test.ts[2m > [22m[2mTeams API[2m > [22m[2mGET /api/teams/current[2m > [22m[2mshould return 404 if user has no team
[22m[39m[AUTH] Login success for: test-1769875189749@example.com

[90mstdout[2m | tests/integration/teams.test.ts[2m > [22m[2mTeams API[2m > [22m[2mGET /api/teams/current[2m > [22m[2mshould return 404 if user has no team
[22m[39m[DB] Client acquired from pool

[90mstdout[2m | tests/integration/teams.test.ts[2m > [22m[2mTeams API[2m > [22m[2mGET /api/teams/current[2m > [22m[2mshould return 404 if user has no team
[22m[39m[AUTH] Middleware: Token valid for player test-1769875189749@example.com team: [90mundefined[39m

[90mstdout[2m | tests/integration/teams.test.ts[2m > [22m[2mTeams API[2m > [22m[2mGET /api/teams/current[2m > [22m[2mshould return 404 if user has no team
[22m[39m[DB] Client acquired from pool

[90mstdout[2m | tests/integration/teams.test.ts[2m > [22m[2mTeams API[2m > [22m[2mGET /api/teams/current[2m > [22m[2mshould return 404 if user has no team
[22m[39m[DB] Client acquired from pool
[DB] Client acquired from pool

[90mstdout[2m | tests/integration/teams.test.ts[2m > [22m[2mTeams API[2m > [22m[2mGET /api/teams/current[2m > [22m[2mshould return 404 if user has no team
[22m[39m[DB] Client acquired from pool
[DB] Client acquired from pool

[90mstdout[2m | tests/integration/teams.test.ts[2m > [22m[2mTeams API[2m > [22m[2mGET /api/teams/current[2m > [22m[2mshould return 404 if user has no team
[22m[39m[DB] Client acquired from pool

[90mstdout[2m | tests/integration/teams.test.ts[2m > [22m[2mTeams API[2m > [22m[2mGET /api/teams/current[2m > [22m[2mshould return 404 if user has no team
[22m[39m[DB] Client acquired from pool

[90mstdout[2m | tests/integration/teams.test.ts[2m > [22m[2mTeams API[2m > [22m[2mPOST /api/invites/:code/join[2m > [22m[2mshould join with valid invite code
[22m[39m[DB] Client acquired from pool

[90mstdout[2m | tests/integration/teams.test.ts[2m > [22m[2mTeams API[2m > [22m[2mPOST /api/invites/:code/join[2m > [22m[2mshould join with valid invite code
[22m[39m[DB] Client acquired from pool

[90mstdout[2m | tests/integration/teams.test.ts[2m > [22m[2mTeams API[2m > [22m[2mPOST /api/invites/:code/join[2m > [22m[2mshould join with valid invite code
[22m[39m[DB] Client acquired from pool

[90mstdout[2m | tests/integration/teams.test.ts[2m > [22m[2mTeams API[2m > [22m[2mPOST /api/invites/:code/join[2m > [22m[2mshould join with valid invite code
[22m[39m[DB] Client acquired from pool

[90mstdout[2m | tests/integration/teams.test.ts[2m > [22m[2mTeams API[2m > [22m[2mPOST /api/invites/:code/join[2m > [22m[2mshould join with valid invite code
[22m[39m[DB] Client acquired from pool

[90mstdout[2m | tests/integration/teams.test.ts[2m > [22m[2mTeams API[2m > [22m[2mPOST /api/invites/:code/join[2m > [22m[2mshould join with valid invite code
[22m[39m[DB] Client acquired from pool

[90mstdout[2m | tests/integration/teams.test.ts[2m > [22m[2mTeams API[2m > [22m[2mPOST /api/invites/:code/join[2m > [22m[2mshould join with valid invite code
[22m[39m[DB] Client acquired from pool

[90mstdout[2m | tests/integration/teams.test.ts[2m > [22m[2mTeams API[2m > [22m[2mPOST /api/invites/:code/join[2m > [22m[2mshould join with valid invite code
[22m[39m[DB] Client acquired from pool

[90mstdout[2m | tests/integration/teams.test.ts[2m > [22m[2mTeams API[2m > [22m[2mPOST /api/invites/:code/join[2m > [22m[2mshould join with valid invite code
[22m[39m[DB] Client acquired from pool

[90mstdout[2m | tests/integration/teams.test.ts[2m > [22m[2mTeams API[2m > [22m[2mPOST /api/invites/:code/join[2m > [22m[2mshould join with valid invite code
[22m[39m[AUTH] POST /api/auth/register

[90mstdout[2m | tests/integration/teams.test.ts[2m > [22m[2mTeams API[2m > [22m[2mPOST /api/invites/:code/join[2m > [22m[2mshould join with valid invite code
[22m[39m[DB] Client acquired from pool

[90mstdout[2m | tests/integration/teams.test.ts[2m > [22m[2mTeams API[2m > [22m[2mPOST /api/invites/:code/join[2m > [22m[2mshould join with valid invite code
[22m[39m[DB] Client acquired from pool

[90mstdout[2m | tests/integration/teams.test.ts[2m > [22m[2mTeams API[2m > [22m[2mPOST /api/invites/:code/join[2m > [22m[2mshould join with valid invite code
[22m[39m[DB] Client acquired from pool

[90mstdout[2m | tests/integration/teams.test.ts[2m > [22m[2mTeams API[2m > [22m[2mPOST /api/invites/:code/join[2m > [22m[2mshould join with valid invite code
[22m[39m[AUTH] Register success for: test-1769875189888@example.com

[90mstdout[2m | tests/integration/teams.test.ts[2m > [22m[2mTeams API[2m > [22m[2mPOST /api/invites/:code/join[2m > [22m[2mshould join with valid invite code
[22m[39m[DB] Client acquired from pool

[90mstdout[2m | tests/integration/teams.test.ts[2m > [22m[2mTeams API[2m > [22m[2mPOST /api/invites/:code/join[2m > [22m[2mshould join with valid invite code
[22m[39m[AUTH] POST /api/auth/login
[AUTH] Login attempt for: test-1769875189888@example.com

[90mstdout[2m | tests/integration/teams.test.ts[2m > [22m[2mTeams API[2m > [22m[2mPOST /api/invites/:code/join[2m > [22m[2mshould join with valid invite code
[22m[39m[DB] Client acquired from pool

[90mstdout[2m | tests/integration/teams.test.ts[2m > [22m[2mTeams API[2m > [22m[2mPOST /api/invites/:code/join[2m > [22m[2mshould join with valid invite code
[22m[39m[DB] Client acquired from pool
[DB] Client acquired from pool
[DB] Client acquired from pool

[90mstdout[2m | tests/integration/teams.test.ts[2m > [22m[2mTeams API[2m > [22m[2mPOST /api/invites/:code/join[2m > [22m[2mshould join with valid invite code
[22m[39m[DB] Client acquired from pool

[90mstdout[2m | tests/integration/teams.test.ts[2m > [22m[2mTeams API[2m > [22m[2mPOST /api/invites/:code/join[2m > [22m[2mshould join with valid invite code
[22m[39m[DB] Client acquired from pool

[90mstdout[2m | tests/integration/teams.test.ts[2m > [22m[2mTeams API[2m > [22m[2mPOST /api/invites/:code/join[2m > [22m[2mshould join with valid invite code
[22m[39m[DB] Client acquired from pool

[90mstdout[2m | tests/integration/teams.test.ts[2m > [22m[2mTeams API[2m > [22m[2mPOST /api/invites/:code/join[2m > [22m[2mshould join with valid invite code
[22m[39m[DB] Client acquired from pool

[90mstdout[2m | tests/integration/teams.test.ts[2m > [22m[2mTeams API[2m > [22m[2mPOST /api/invites/:code/join[2m > [22m[2mshould join with valid invite code
[22m[39m[DB] Client acquired from pool
[DB] Client acquired from pool
[DB] Client acquired from pool

[90mstdout[2m | tests/integration/teams.test.ts[2m > [22m[2mTeams API[2m > [22m[2mPOST /api/invites/:code/join[2m > [22m[2mshould join with valid invite code
[22m[39m[DB] Client acquired from pool

[90mstdout[2m | tests/integration/teams.test.ts[2m > [22m[2mTeams API[2m > [22m[2mPOST /api/invites/:code/join[2m > [22m[2mshould join with valid invite code
[22m[39m[AUTH] Login success for: test-1769875189888@example.com

[90mstdout[2m | tests/integration/teams.test.ts[2m > [22m[2mTeams API[2m > [22m[2mPOST /api/invites/:code/join[2m > [22m[2mshould join with valid invite code
[22m[39m[DB] Client acquired from pool

[90mstdout[2m | tests/integration/teams.test.ts[2m > [22m[2mTeams API[2m > [22m[2mPOST /api/invites/:code/join[2m > [22m[2mshould join with valid invite code
[22m[39m[AUTH] Middleware: Token valid for player test-1769875189888@example.com team: [90mundefined[39m

[90mstdout[2m | tests/integration/teams.test.ts[2m > [22m[2mTeams API[2m > [22m[2mPOST /api/invites/:code/join[2m > [22m[2mshould join with valid invite code
[22m[39m[DB] Client acquired from pool

[90mstdout[2m | tests/integration/teams.test.ts[2m > [22m[2mTeams API[2m > [22m[2mPOST /api/invites/:code/join[2m > [22m[2mshould join with valid invite code
[22m[39m[DB] Client acquired from pool

[90mstdout[2m | tests/integration/teams.test.ts[2m > [22m[2mTeams API[2m > [22m[2mPOST /api/invites/:code/join[2m > [22m[2mshould join with valid invite code
[22m[39m[DB] Client acquired from pool

[90mstdout[2m | tests/integration/teams.test.ts[2m > [22m[2mTeams API[2m > [22m[2mPOST /api/invites/:code/join[2m > [22m[2mshould join with valid invite code
[22m[39m[DB] Client acquired from pool

[90mstdout[2m | tests/integration/teams.test.ts[2m > [22m[2mTeams API[2m > [22m[2mPOST /api/invites/:code/join[2m > [22m[2mshould join with valid invite code
[22m[39m[DB] Client acquired from pool

[90mstdout[2m | tests/integration/teams.test.ts[2m > [22m[2mTeams API[2m > [22m[2mPOST /api/invites/:code/join[2m > [22m[2mshould join with valid invite code
[22m[39m[DB] Client acquired from pool

[90mstdout[2m | tests/integration/teams.test.ts[2m > [22m[2mTeams API[2m > [22m[2mPOST /api/invites/:code/join[2m > [22m[2mshould join with valid invite code
[22m[39m[DB] Client acquired from pool

[90mstdout[2m | tests/integration/teams.test.ts[2m > [22m[2mTeams API[2m > [22m[2mPOST /api/invites/:code/join[2m > [22m[2mshould join with valid invite code
[22m[39m[DB] Client acquired from pool

[90mstdout[2m | tests/integration/teams.test.ts[2m > [22m[2mTeams API[2m > [22m[2mPOST /api/invites/:code/join[2m > [22m[2mshould join with valid invite code
[22m[39m[AUTH] Middleware: Token valid for player test-1769875189888@example.com team: cml2hzoqt000o5wuicuc5g4ox

[90mstdout[2m | tests/integration/teams.test.ts[2m > [22m[2mTeams API[2m > [22m[2mPOST /api/invites/:code/join[2m > [22m[2mshould join with valid invite code
[22m[39m[DB] Client acquired from pool

[90mstdout[2m | tests/integration/teams.test.ts[2m > [22m[2mTeams API[2m > [22m[2mPOST /api/invites/:code/join[2m > [22m[2mshould join with valid invite code
[22m[39m[DB] Client acquired from pool
[DB] Client acquired from pool
[DB] Client acquired from pool

[90mstdout[2m | tests/integration/teams.test.ts[2m > [22m[2mTeams API[2m > [22m[2mPOST /api/invites/:code/join[2m > [22m[2mshould join with valid invite code
[22m[39m[DB] Client acquired from pool

[90mstdout[2m | tests/integration/teams.test.ts[2m > [22m[2mTeams API[2m > [22m[2mPOST /api/invites/:code/join[2m > [22m[2mshould join with valid invite code
[22m[39m[AUTH] Permission granted: team.canInviteMembers for account test-1769875189888@example.com

[90mstdout[2m | tests/integration/teams.test.ts[2m > [22m[2mTeams API[2m > [22m[2mPOST /api/invites/:code/join[2m > [22m[2mshould join with valid invite code
[22m[39m[DB] Client acquired from pool

[90mstdout[2m | tests/integration/teams.test.ts[2m > [22m[2mTeams API[2m > [22m[2mPOST /api/invites/:code/join[2m > [22m[2mshould join with valid invite code
[22m[39m[DB] Client acquired from pool

[90mstdout[2m | tests/integration/teams.test.ts[2m > [22m[2mTeams API[2m > [22m[2mPOST /api/invites/:code/join[2m > [22m[2mshould join with valid invite code
[22m[39m[AUTH] POST /api/auth/register

[90mstdout[2m | tests/integration/teams.test.ts[2m > [22m[2mTeams API[2m > [22m[2mPOST /api/invites/:code/join[2m > [22m[2mshould join with valid invite code
[22m[39m[DB] Client acquired from pool

[90mstdout[2m | tests/integration/teams.test.ts[2m > [22m[2mTeams API[2m > [22m[2mPOST /api/invites/:code/join[2m > [22m[2mshould join with valid invite code
[22m[39m[DB] Client acquired from pool

[90mstdout[2m | tests/integration/teams.test.ts[2m > [22m[2mTeams API[2m > [22m[2mPOST /api/invites/:code/join[2m > [22m[2mshould join with valid invite code
[22m[39m[DB] Client acquired from pool

[90mstdout[2m | tests/integration/teams.test.ts[2m > [22m[2mTeams API[2m > [22m[2mPOST /api/invites/:code/join[2m > [22m[2mshould join with valid invite code
[22m[39m[AUTH] Register success for: joiner@example.com

[90mstdout[2m | tests/integration/teams.test.ts[2m > [22m[2mTeams API[2m > [22m[2mPOST /api/invites/:code/join[2m > [22m[2mshould join with valid invite code
[22m[39m[DB] Client acquired from pool

[90mstdout[2m | tests/integration/teams.test.ts[2m > [22m[2mTeams API[2m > [22m[2mPOST /api/invites/:code/join[2m > [22m[2mshould join with valid invite code
[22m[39m[AUTH] POST /api/auth/login
[AUTH] Login attempt for: joiner@example.com

[90mstdout[2m | tests/integration/teams.test.ts[2m > [22m[2mTeams API[2m > [22m[2mPOST /api/invites/:code/join[2m > [22m[2mshould join with valid invite code
[22m[39m[DB] Client acquired from pool

[90mstdout[2m | tests/integration/teams.test.ts[2m > [22m[2mTeams API[2m > [22m[2mPOST /api/invites/:code/join[2m > [22m[2mshould join with valid invite code
[22m[39m[DB] Client acquired from pool
[DB] Client acquired from pool
[DB] Client acquired from pool

[90mstdout[2m | tests/integration/teams.test.ts[2m > [22m[2mTeams API[2m > [22m[2mPOST /api/invites/:code/join[2m > [22m[2mshould join with valid invite code
[22m[39m[DB] Client acquired from pool

[90mstdout[2m | tests/integration/teams.test.ts[2m > [22m[2mTeams API[2m > [22m[2mPOST /api/invites/:code/join[2m > [22m[2mshould join with valid invite code
[22m[39m[DB] Client acquired from pool

[90mstdout[2m | tests/integration/teams.test.ts[2m > [22m[2mTeams API[2m > [22m[2mPOST /api/invites/:code/join[2m > [22m[2mshould join with valid invite code
[22m[39m[DB] Client acquired from pool

[90mstdout[2m | tests/integration/teams.test.ts[2m > [22m[2mTeams API[2m > [22m[2mPOST /api/invites/:code/join[2m > [22m[2mshould join with valid invite code
[22m[39m[DB] Client acquired from pool

[90mstdout[2m | tests/integration/teams.test.ts[2m > [22m[2mTeams API[2m > [22m[2mPOST /api/invites/:code/join[2m > [22m[2mshould join with valid invite code
[22m[39m[DB] Client acquired from pool
[DB] Client acquired from pool
[DB] Client acquired from pool

[90mstdout[2m | tests/integration/teams.test.ts[2m > [22m[2mTeams API[2m > [22m[2mPOST /api/invites/:code/join[2m > [22m[2mshould join with valid invite code
[22m[39m[DB] Client acquired from pool

[90mstdout[2m | tests/integration/teams.test.ts[2m > [22m[2mTeams API[2m > [22m[2mPOST /api/invites/:code/join[2m > [22m[2mshould join with valid invite code
[22m[39m[AUTH] Login success for: joiner@example.com

[90mstdout[2m | tests/integration/teams.test.ts[2m > [22m[2mTeams API[2m > [22m[2mPOST /api/invites/:code/join[2m > [22m[2mshould join with valid invite code
[22m[39m[DB] Client acquired from pool

[90mstdout[2m | tests/integration/teams.test.ts[2m > [22m[2mTeams API[2m > [22m[2mPOST /api/invites/:code/join[2m > [22m[2mshould join with valid invite code
[22m[39m[AUTH] Middleware: Token valid for player joiner@example.com team: [90mundefined[39m

[90mstdout[2m | tests/integration/teams.test.ts[2m > [22m[2mTeams API[2m > [22m[2mPOST /api/invites/:code/join[2m > [22m[2mshould join with valid invite code
[22m[39m[DB] Client acquired from pool

[90mstdout[2m | tests/integration/teams.test.ts[2m > [22m[2mTeams API[2m > [22m[2mPOST /api/invites/:code/join[2m > [22m[2mshould join with valid invite code
[22m[39m[DB] Client acquired from pool

[90mstdout[2m | tests/integration/teams.test.ts[2m > [22m[2mTeams API[2m > [22m[2mPOST /api/invites/:code/join[2m > [22m[2mshould join with valid invite code
[22m[39m[DB] Client acquired from pool

[90mstdout[2m | tests/integration/teams.test.ts[2m > [22m[2mTeams API[2m > [22m[2mPOST /api/invites/:code/join[2m > [22m[2mshould join with valid invite code
[22m[39m[DB] Client acquired from pool

[90mstdout[2m | tests/integration/teams.test.ts[2m > [22m[2mTeams API[2m > [22m[2mPOST /api/invites/:code/join[2m > [22m[2mshould join with valid invite code
[22m[39m[DB] Client acquired from pool

[90mstdout[2m | tests/integration/teams.test.ts[2m > [22m[2mTeams API[2m > [22m[2mPOST /api/invites/:code/join[2m > [22m[2mshould reject expired invite code
[22m[39m[DB] Client acquired from pool

[90mstdout[2m | tests/integration/teams.test.ts[2m > [22m[2mTeams API[2m > [22m[2mPOST /api/invites/:code/join[2m > [22m[2mshould reject expired invite code
[22m[39m[DB] Client acquired from pool

[90mstdout[2m | tests/integration/teams.test.ts[2m > [22m[2mTeams API[2m > [22m[2mPOST /api/invites/:code/join[2m > [22m[2mshould reject expired invite code
[22m[39m[DB] Client acquired from pool

[90mstdout[2m | tests/integration/teams.test.ts[2m > [22m[2mTeams API[2m > [22m[2mPOST /api/invites/:code/join[2m > [22m[2mshould reject expired invite code
[22m[39m[DB] Client acquired from pool

[90mstdout[2m | tests/integration/teams.test.ts[2m > [22m[2mTeams API[2m > [22m[2mPOST /api/invites/:code/join[2m > [22m[2mshould reject expired invite code
[22m[39m[DB] Client acquired from pool

[90mstdout[2m | tests/integration/teams.test.ts[2m > [22m[2mTeams API[2m > [22m[2mPOST /api/invites/:code/join[2m > [22m[2mshould reject expired invite code
[22m[39m[DB] Client acquired from pool

[90mstdout[2m | tests/integration/teams.test.ts[2m > [22m[2mTeams API[2m > [22m[2mPOST /api/invites/:code/join[2m > [22m[2mshould reject expired invite code
[22m[39m[DB] Client acquired from pool

[90mstdout[2m | tests/integration/teams.test.ts[2m > [22m[2mTeams API[2m > [22m[2mPOST /api/invites/:code/join[2m > [22m[2mshould reject expired invite code
[22m[39m[DB] Client acquired from pool

[90mstdout[2m | tests/integration/teams.test.ts[2m > [22m[2mTeams API[2m > [22m[2mPOST /api/invites/:code/join[2m > [22m[2mshould reject expired invite code
[22m[39m[DB] Client acquired from pool

[90mstdout[2m | tests/integration/teams.test.ts[2m > [22m[2mTeams API[2m > [22m[2mPOST /api/invites/:code/join[2m > [22m[2mshould reject expired invite code
[22m[39m[AUTH] POST /api/auth/register

[90mstdout[2m | tests/integration/teams.test.ts[2m > [22m[2mTeams API[2m > [22m[2mPOST /api/invites/:code/join[2m > [22m[2mshould reject expired invite code
[22m[39m[DB] Client acquired from pool

[90mstdout[2m | tests/integration/teams.test.ts[2m > [22m[2mTeams API[2m > [22m[2mPOST /api/invites/:code/join[2m > [22m[2mshould reject expired invite code
[22m[39m[DB] Client acquired from pool

[90mstdout[2m | tests/integration/teams.test.ts[2m > [22m[2mTeams API[2m > [22m[2mPOST /api/invites/:code/join[2m > [22m[2mshould reject expired invite code
[22m[39m[DB] Client acquired from pool

[90mstdout[2m | tests/integration/teams.test.ts[2m > [22m[2mTeams API[2m > [22m[2mPOST /api/invites/:code/join[2m > [22m[2mshould reject expired invite code
[22m[39m[AUTH] Register success for: test-1769875190202@example.com

[90mstdout[2m | tests/integration/teams.test.ts[2m > [22m[2mTeams API[2m > [22m[2mPOST /api/invites/:code/join[2m > [22m[2mshould reject expired invite code
[22m[39m[DB] Client acquired from pool

[90mstdout[2m | tests/integration/teams.test.ts[2m > [22m[2mTeams API[2m > [22m[2mPOST /api/invites/:code/join[2m > [22m[2mshould reject expired invite code
[22m[39m[AUTH] POST /api/auth/login
[AUTH] Login attempt for: test-1769875190202@example.com

[90mstdout[2m | tests/integration/teams.test.ts[2m > [22m[2mTeams API[2m > [22m[2mPOST /api/invites/:code/join[2m > [22m[2mshould reject expired invite code
[22m[39m[DB] Client acquired from pool

[90mstdout[2m | tests/integration/teams.test.ts[2m > [22m[2mTeams API[2m > [22m[2mPOST /api/invites/:code/join[2m > [22m[2mshould reject expired invite code
[22m[39m[DB] Client acquired from pool
[DB] Client acquired from pool
[DB] Client acquired from pool

[90mstdout[2m | tests/integration/teams.test.ts[2m > [22m[2mTeams API[2m > [22m[2mPOST /api/invites/:code/join[2m > [22m[2mshould reject expired invite code
[22m[39m[DB] Client acquired from pool

[90mstdout[2m | tests/integration/teams.test.ts[2m > [22m[2mTeams API[2m > [22m[2mPOST /api/invites/:code/join[2m > [22m[2mshould reject expired invite code
[22m[39m[DB] Client acquired from pool

[90mstdout[2m | tests/integration/teams.test.ts[2m > [22m[2mTeams API[2m > [22m[2mPOST /api/invites/:code/join[2m > [22m[2mshould reject expired invite code
[22m[39m[DB] Client acquired from pool

[90mstdout[2m | tests/integration/teams.test.ts[2m > [22m[2mTeams API[2m > [22m[2mPOST /api/invites/:code/join[2m > [22m[2mshould reject expired invite code
[22m[39m[DB] Client acquired from pool

[90mstdout[2m | tests/integration/teams.test.ts[2m > [22m[2mTeams API[2m > [22m[2mPOST /api/invites/:code/join[2m > [22m[2mshould reject expired invite code
[22m[39m[DB] Client acquired from pool
[DB] Client acquired from pool
[DB] Client acquired from pool

[90mstdout[2m | tests/integration/teams.test.ts[2m > [22m[2mTeams API[2m > [22m[2mPOST /api/invites/:code/join[2m > [22m[2mshould reject expired invite code
[22m[39m[DB] Client acquired from pool

[90mstdout[2m | tests/integration/teams.test.ts[2m > [22m[2mTeams API[2m > [22m[2mPOST /api/invites/:code/join[2m > [22m[2mshould reject expired invite code
[22m[39m[AUTH] Login success for: test-1769875190202@example.com

[90mstdout[2m | tests/integration/teams.test.ts[2m > [22m[2mTeams API[2m > [22m[2mPOST /api/invites/:code/join[2m > [22m[2mshould reject expired invite code
[22m[39m[DB] Client acquired from pool

[90mstdout[2m | tests/integration/teams.test.ts[2m > [22m[2mTeams API[2m > [22m[2mPOST /api/invites/:code/join[2m > [22m[2mshould reject expired invite code
[22m[39m[AUTH] Middleware: Token valid for player test-1769875190202@example.com team: [90mundefined[39m

[90mstdout[2m | tests/integration/teams.test.ts[2m > [22m[2mTeams API[2m > [22m[2mPOST /api/invites/:code/join[2m > [22m[2mshould reject expired invite code
[22m[39m[DB] Client acquired from pool

[90mstdout[2m | tests/integration/teams.test.ts[2m > [22m[2mTeams API[2m > [22m[2mPOST /api/invites/:code/join[2m > [22m[2mshould reject expired invite code
[22m[39m[DB] Client acquired from pool

[90mstdout[2m | tests/integration/teams.test.ts[2m > [22m[2mTeams API[2m > [22m[2mPOST /api/invites/:code/join[2m > [22m[2mshould reject expired invite code
[22m[39m[DB] Client acquired from pool

[90mstdout[2m | tests/integration/teams.test.ts[2m > [22m[2mTeams API[2m > [22m[2mPOST /api/invites/:code/join[2m > [22m[2mshould reject expired invite code
[22m[39m[DB] Client acquired from pool

[90mstdout[2m | tests/integration/teams.test.ts[2m > [22m[2mTeams API[2m > [22m[2mPOST /api/invites/:code/join[2m > [22m[2mshould reject expired invite code
[22m[39m[DB] Client acquired from pool

[90mstdout[2m | tests/integration/teams.test.ts[2m > [22m[2mTeams API[2m > [22m[2mPOST /api/invites/:code/join[2m > [22m[2mshould reject expired invite code
[22m[39m[DB] Client acquired from pool

[90mstdout[2m | tests/integration/teams.test.ts[2m > [22m[2mTeams API[2m > [22m[2mPOST /api/invites/:code/join[2m > [22m[2mshould reject expired invite code
[22m[39m[DB] Client acquired from pool

[90mstdout[2m | tests/integration/teams.test.ts[2m > [22m[2mTeams API[2m > [22m[2mPOST /api/invites/:code/join[2m > [22m[2mshould reject expired invite code
[22m[39m[DB] Client acquired from pool

[90mstdout[2m | tests/integration/teams.test.ts[2m > [22m[2mTeams API[2m > [22m[2mPOST /api/invites/:code/join[2m > [22m[2mshould reject expired invite code
[22m[39m[AUTH] POST /api/auth/register

[90mstdout[2m | tests/integration/teams.test.ts[2m > [22m[2mTeams API[2m > [22m[2mPOST /api/invites/:code/join[2m > [22m[2mshould reject expired invite code
[22m[39m[DB] Client acquired from pool

[90mstdout[2m | tests/integration/teams.test.ts[2m > [22m[2mTeams API[2m > [22m[2mPOST /api/invites/:code/join[2m > [22m[2mshould reject expired invite code
[22m[39m[DB] Client acquired from pool

[90mstdout[2m | tests/integration/teams.test.ts[2m > [22m[2mTeams API[2m > [22m[2mPOST /api/invites/:code/join[2m > [22m[2mshould reject expired invite code
[22m[39m[DB] Client acquired from pool

[90mstdout[2m | tests/integration/teams.test.ts[2m > [22m[2mTeams API[2m > [22m[2mPOST /api/invites/:code/join[2m > [22m[2mshould reject expired invite code
[22m[39m[AUTH] Register success for: joiner2@example.com

[90mstdout[2m | tests/integration/teams.test.ts[2m > [22m[2mTeams API[2m > [22m[2mPOST /api/invites/:code/join[2m > [22m[2mshould reject expired invite code
[22m[39m[DB] Client acquired from pool

[90mstdout[2m | tests/integration/teams.test.ts[2m > [22m[2mTeams API[2m > [22m[2mPOST /api/invites/:code/join[2m > [22m[2mshould reject expired invite code
[22m[39m[AUTH] POST /api/auth/login
[AUTH] Login attempt for: joiner2@example.com

[90mstdout[2m | tests/integration/teams.test.ts[2m > [22m[2mTeams API[2m > [22m[2mPOST /api/invites/:code/join[2m > [22m[2mshould reject expired invite code
[22m[39m[DB] Client acquired from pool

[90mstdout[2m | tests/integration/teams.test.ts[2m > [22m[2mTeams API[2m > [22m[2mPOST /api/invites/:code/join[2m > [22m[2mshould reject expired invite code
[22m[39m[DB] Client acquired from pool
[DB] Client acquired from pool
[DB] Client acquired from pool

[90mstdout[2m | tests/integration/teams.test.ts[2m > [22m[2mTeams API[2m > [22m[2mPOST /api/invites/:code/join[2m > [22m[2mshould reject expired invite code
[22m[39m[DB] Client acquired from pool

[90mstdout[2m | tests/integration/teams.test.ts[2m > [22m[2mTeams API[2m > [22m[2mPOST /api/invites/:code/join[2m > [22m[2mshould reject expired invite code
[22m[39m[DB] Client acquired from pool

[90mstdout[2m | tests/integration/teams.test.ts[2m > [22m[2mTeams API[2m > [22m[2mPOST /api/invites/:code/join[2m > [22m[2mshould reject expired invite code
[22m[39m[DB] Client acquired from pool

[90mstdout[2m | tests/integration/teams.test.ts[2m > [22m[2mTeams API[2m > [22m[2mPOST /api/invites/:code/join[2m > [22m[2mshould reject expired invite code
[22m[39m[DB] Client acquired from pool

[90mstdout[2m | tests/integration/teams.test.ts[2m > [22m[2mTeams API[2m > [22m[2mPOST /api/invites/:code/join[2m > [22m[2mshould reject expired invite code
[22m[39m[DB] Client acquired from pool
[DB] Client acquired from pool
[DB] Client acquired from pool

[90mstdout[2m | tests/integration/teams.test.ts[2m > [22m[2mTeams API[2m > [22m[2mPOST /api/invites/:code/join[2m > [22m[2mshould reject expired invite code
[22m[39m[DB] Client acquired from pool

[90mstdout[2m | tests/integration/teams.test.ts[2m > [22m[2mTeams API[2m > [22m[2mPOST /api/invites/:code/join[2m > [22m[2mshould reject expired invite code
[22m[39m[AUTH] Login success for: joiner2@example.com

[90mstdout[2m | tests/integration/teams.test.ts[2m > [22m[2mTeams API[2m > [22m[2mPOST /api/invites/:code/join[2m > [22m[2mshould reject expired invite code
[22m[39m[DB] Client acquired from pool

[90mstdout[2m | tests/integration/teams.test.ts[2m > [22m[2mTeams API[2m > [22m[2mPOST /api/invites/:code/join[2m > [22m[2mshould reject expired invite code
[22m[39m[AUTH] Middleware: Token valid for player joiner2@example.com team: [90mundefined[39m

[90mstdout[2m | tests/integration/teams.test.ts[2m > [22m[2mTeams API[2m > [22m[2mPOST /api/invites/:code/join[2m > [22m[2mshould reject expired invite code
[22m[39m[DB] Client acquired from pool

[90mstdout[2m | tests/integration/teams.test.ts[2m > [22m[2mTeams API[2m > [22m[2mPOST /api/invites/:code/join[2m > [22m[2mshould reject expired invite code
[22m[39m[DB] Client acquired from pool

[90mstdout[2m | tests/integration/teams.test.ts[2m > [22m[2mTeams API[2m > [22m[2mPOST /api/invites/:code/join[2m > [22m[2mshould reject expired invite code
[22m[39m[DB] Client acquired from pool

[90mstdout[2m | tests/integration/teams.test.ts[2m > [22m[2mTeams API[2m > [22m[2mPOST /api/invites/:code/join[2m > [22m[2mshould reject invalid invite code
[22m[39m[DB] Client acquired from pool

[90mstdout[2m | tests/integration/teams.test.ts[2m > [22m[2mTeams API[2m > [22m[2mPOST /api/invites/:code/join[2m > [22m[2mshould reject invalid invite code
[22m[39m[DB] Client acquired from pool

[90mstdout[2m | tests/integration/teams.test.ts[2m > [22m[2mTeams API[2m > [22m[2mPOST /api/invites/:code/join[2m > [22m[2mshould reject invalid invite code
[22m[39m[DB] Client acquired from pool

[90mstdout[2m | tests/integration/teams.test.ts[2m > [22m[2mTeams API[2m > [22m[2mPOST /api/invites/:code/join[2m > [22m[2mshould reject invalid invite code
[22m[39m[DB] Client acquired from pool

[90mstdout[2m | tests/integration/teams.test.ts[2m > [22m[2mTeams API[2m > [22m[2mPOST /api/invites/:code/join[2m > [22m[2mshould reject invalid invite code
[22m[39m[DB] Client acquired from pool

[90mstdout[2m | tests/integration/teams.test.ts[2m > [22m[2mTeams API[2m > [22m[2mPOST /api/invites/:code/join[2m > [22m[2mshould reject invalid invite code
[22m[39m[DB] Client acquired from pool

[90mstdout[2m | tests/integration/teams.test.ts[2m > [22m[2mTeams API[2m > [22m[2mPOST /api/invites/:code/join[2m > [22m[2mshould reject invalid invite code
[22m[39m[DB] Client acquired from pool

[90mstdout[2m | tests/integration/teams.test.ts[2m > [22m[2mTeams API[2m > [22m[2mPOST /api/invites/:code/join[2m > [22m[2mshould reject invalid invite code
[22m[39m[DB] Client acquired from pool

[90mstdout[2m | tests/integration/teams.test.ts[2m > [22m[2mTeams API[2m > [22m[2mPOST /api/invites/:code/join[2m > [22m[2mshould reject invalid invite code
[22m[39m[DB] Client acquired from pool

[90mstdout[2m | tests/integration/teams.test.ts[2m > [22m[2mTeams API[2m > [22m[2mPOST /api/invites/:code/join[2m > [22m[2mshould reject invalid invite code
[22m[39m[AUTH] POST /api/auth/register

[90mstdout[2m | tests/integration/teams.test.ts[2m > [22m[2mTeams API[2m > [22m[2mPOST /api/invites/:code/join[2m > [22m[2mshould reject invalid invite code
[22m[39m[DB] Client acquired from pool

[90mstdout[2m | tests/integration/teams.test.ts[2m > [22m[2mTeams API[2m > [22m[2mPOST /api/invites/:code/join[2m > [22m[2mshould reject invalid invite code
[22m[39m[DB] Client acquired from pool

[90mstdout[2m | tests/integration/teams.test.ts[2m > [22m[2mTeams API[2m > [22m[2mPOST /api/invites/:code/join[2m > [22m[2mshould reject invalid invite code
[22m[39m[DB] Client acquired from pool

[90mstdout[2m | tests/integration/teams.test.ts[2m > [22m[2mTeams API[2m > [22m[2mPOST /api/invites/:code/join[2m > [22m[2mshould reject invalid invite code
[22m[39m[AUTH] Register success for: test-1769875190492@example.com

[90mstdout[2m | tests/integration/teams.test.ts[2m > [22m[2mTeams API[2m > [22m[2mPOST /api/invites/:code/join[2m > [22m[2mshould reject invalid invite code
[22m[39m[DB] Client acquired from pool

[90mstdout[2m | tests/integration/teams.test.ts[2m > [22m[2mTeams API[2m > [22m[2mPOST /api/invites/:code/join[2m > [22m[2mshould reject invalid invite code
[22m[39m[AUTH] POST /api/auth/login
[AUTH] Login attempt for: test-1769875190492@example.com

[90mstdout[2m | tests/integration/teams.test.ts[2m > [22m[2mTeams API[2m > [22m[2mPOST /api/invites/:code/join[2m > [22m[2mshould reject invalid invite code
[22m[39m[DB] Client acquired from pool

[90mstdout[2m | tests/integration/teams.test.ts[2m > [22m[2mTeams API[2m > [22m[2mPOST /api/invites/:code/join[2m > [22m[2mshould reject invalid invite code
[22m[39m[DB] Client acquired from pool
[DB] Client acquired from pool
[DB] Client acquired from pool

[90mstdout[2m | tests/integration/teams.test.ts[2m > [22m[2mTeams API[2m > [22m[2mPOST /api/invites/:code/join[2m > [22m[2mshould reject invalid invite code
[22m[39m[DB] Client acquired from pool

[90mstdout[2m | tests/integration/teams.test.ts[2m > [22m[2mTeams API[2m > [22m[2mPOST /api/invites/:code/join[2m > [22m[2mshould reject invalid invite code
[22m[39m[DB] Client acquired from pool

[90mstdout[2m | tests/integration/teams.test.ts[2m > [22m[2mTeams API[2m > [22m[2mPOST /api/invites/:code/join[2m > [22m[2mshould reject invalid invite code
[22m[39m[DB] Client acquired from pool

[90mstdout[2m | tests/integration/teams.test.ts[2m > [22m[2mTeams API[2m > [22m[2mPOST /api/invites/:code/join[2m > [22m[2mshould reject invalid invite code
[22m[39m[DB] Client acquired from pool

[90mstdout[2m | tests/integration/teams.test.ts[2m > [22m[2mTeams API[2m > [22m[2mPOST /api/invites/:code/join[2m > [22m[2mshould reject invalid invite code
[22m[39m[DB] Client acquired from pool
[DB] Client acquired from pool
[DB] Client acquired from pool

[90mstdout[2m | tests/integration/teams.test.ts[2m > [22m[2mTeams API[2m > [22m[2mPOST /api/invites/:code/join[2m > [22m[2mshould reject invalid invite code
[22m[39m[DB] Client acquired from pool

[90mstdout[2m | tests/integration/teams.test.ts[2m > [22m[2mTeams API[2m > [22m[2mPOST /api/invites/:code/join[2m > [22m[2mshould reject invalid invite code
[22m[39m[AUTH] Login success for: test-1769875190492@example.com

[90mstdout[2m | tests/integration/teams.test.ts[2m > [22m[2mTeams API[2m > [22m[2mPOST /api/invites/:code/join[2m > [22m[2mshould reject invalid invite code
[22m[39m[DB] Client acquired from pool

[90mstdout[2m | tests/integration/teams.test.ts[2m > [22m[2mTeams API[2m > [22m[2mPOST /api/invites/:code/join[2m > [22m[2mshould reject invalid invite code
[22m[39m[AUTH] Middleware: Token valid for player test-1769875190492@example.com team: [90mundefined[39m

[90mstdout[2m | tests/integration/teams.test.ts[2m > [22m[2mTeams API[2m > [22m[2mPOST /api/invites/:code/join[2m > [22m[2mshould reject invalid invite code
[22m[39m[DB] Client acquired from pool

[90mstdout[2m | tests/integration/teams.test.ts[2m > [22m[2mTeams API[2m > [22m[2mPOST /api/invites/:code/join[2m > [22m[2mshould reject invalid invite code
[22m[39m[DB] Client acquired from pool

[90mstdout[2m | tests/integration/teams.test.ts[2m > [22m[2mTeams API[2m > [22m[2mPOST /api/teams/:teamId/invites[2m > [22m[2mshould create an invitation link successfully
[22m[39m[DB] Client acquired from pool

[90mstdout[2m | tests/integration/teams.test.ts[2m > [22m[2mTeams API[2m > [22m[2mPOST /api/teams/:teamId/invites[2m > [22m[2mshould create an invitation link successfully
[22m[39m[DB] Client acquired from pool

[90mstdout[2m | tests/integration/teams.test.ts[2m > [22m[2mTeams API[2m > [22m[2mPOST /api/teams/:teamId/invites[2m > [22m[2mshould create an invitation link successfully
[22m[39m[DB] Client acquired from pool

[90mstdout[2m | tests/integration/teams.test.ts[2m > [22m[2mTeams API[2m > [22m[2mPOST /api/teams/:teamId/invites[2m > [22m[2mshould create an invitation link successfully
[22m[39m[DB] Client acquired from pool

[90mstdout[2m | tests/integration/teams.test.ts[2m > [22m[2mTeams API[2m > [22m[2mPOST /api/teams/:teamId/invites[2m > [22m[2mshould create an invitation link successfully
[22m[39m[DB] Client acquired from pool

[90mstdout[2m | tests/integration/teams.test.ts[2m > [22m[2mTeams API[2m > [22m[2mPOST /api/teams/:teamId/invites[2m > [22m[2mshould create an invitation link successfully
[22m[39m[DB] Client acquired from pool

[90mstdout[2m | tests/integration/teams.test.ts[2m > [22m[2mTeams API[2m > [22m[2mPOST /api/teams/:teamId/invites[2m > [22m[2mshould create an invitation link successfully
[22m[39m[DB] Client acquired from pool

[90mstdout[2m | tests/integration/teams.test.ts[2m > [22m[2mTeams API[2m > [22m[2mPOST /api/teams/:teamId/invites[2m > [22m[2mshould create an invitation link successfully
[22m[39m[DB] Client acquired from pool

[90mstdout[2m | tests/integration/teams.test.ts[2m > [22m[2mTeams API[2m > [22m[2mPOST /api/teams/:teamId/invites[2m > [22m[2mshould create an invitation link successfully
[22m[39m[DB] Client acquired from pool

[90mstdout[2m | tests/integration/teams.test.ts[2m > [22m[2mTeams API[2m > [22m[2mPOST /api/teams/:teamId/invites[2m > [22m[2mshould create an invitation link successfully
[22m[39m[AUTH] POST /api/auth/register

[90mstdout[2m | tests/integration/teams.test.ts[2m > [22m[2mTeams API[2m > [22m[2mPOST /api/teams/:teamId/invites[2m > [22m[2mshould create an invitation link successfully
[22m[39m[DB] Client acquired from pool

[90mstdout[2m | tests/integration/teams.test.ts[2m > [22m[2mTeams API[2m > [22m[2mPOST /api/teams/:teamId/invites[2m > [22m[2mshould create an invitation link successfully
[22m[39m[DB] Client acquired from pool

[90mstdout[2m | tests/integration/teams.test.ts[2m > [22m[2mTeams API[2m > [22m[2mPOST /api/teams/:teamId/invites[2m > [22m[2mshould create an invitation link successfully
[22m[39m[DB] Client acquired from pool

[90mstdout[2m | tests/integration/teams.test.ts[2m > [22m[2mTeams API[2m > [22m[2mPOST /api/teams/:teamId/invites[2m > [22m[2mshould create an invitation link successfully
[22m[39m[AUTH] Register success for: test-1769875190630@example.com

[90mstdout[2m | tests/integration/teams.test.ts[2m > [22m[2mTeams API[2m > [22m[2mPOST /api/teams/:teamId/invites[2m > [22m[2mshould create an invitation link successfully
[22m[39m[DB] Client acquired from pool

[90mstdout[2m | tests/integration/teams.test.ts[2m > [22m[2mTeams API[2m > [22m[2mPOST /api/teams/:teamId/invites[2m > [22m[2mshould create an invitation link successfully
[22m[39m[AUTH] POST /api/auth/login
[AUTH] Login attempt for: test-1769875190630@example.com

[90mstdout[2m | tests/integration/teams.test.ts[2m > [22m[2mTeams API[2m > [22m[2mPOST /api/teams/:teamId/invites[2m > [22m[2mshould create an invitation link successfully
[22m[39m[DB] Client acquired from pool

[90mstdout[2m | tests/integration/teams.test.ts[2m > [22m[2mTeams API[2m > [22m[2mPOST /api/teams/:teamId/invites[2m > [22m[2mshould create an invitation link successfully
[22m[39m[DB] Client acquired from pool
[DB] Client acquired from pool
[DB] Client acquired from pool

[90mstdout[2m | tests/integration/teams.test.ts[2m > [22m[2mTeams API[2m > [22m[2mPOST /api/teams/:teamId/invites[2m > [22m[2mshould create an invitation link successfully
[22m[39m[DB] Client acquired from pool

[90mstdout[2m | tests/integration/teams.test.ts[2m > [22m[2mTeams API[2m > [22m[2mPOST /api/teams/:teamId/invites[2m > [22m[2mshould create an invitation link successfully
[22m[39m[DB] Client acquired from pool

[90mstdout[2m | tests/integration/teams.test.ts[2m > [22m[2mTeams API[2m > [22m[2mPOST /api/teams/:teamId/invites[2m > [22m[2mshould create an invitation link successfully
[22m[39m[DB] Client acquired from pool

[90mstdout[2m | tests/integration/teams.test.ts[2m > [22m[2mTeams API[2m > [22m[2mPOST /api/teams/:teamId/invites[2m > [22m[2mshould create an invitation link successfully
[22m[39m[DB] Client acquired from pool

[90mstdout[2m | tests/integration/teams.test.ts[2m > [22m[2mTeams API[2m > [22m[2mPOST /api/teams/:teamId/invites[2m > [22m[2mshould create an invitation link successfully
[22m[39m[DB] Client acquired from pool
[DB] Client acquired from pool
[DB] Client acquired from pool

[90mstdout[2m | tests/integration/teams.test.ts[2m > [22m[2mTeams API[2m > [22m[2mPOST /api/teams/:teamId/invites[2m > [22m[2mshould create an invitation link successfully
[22m[39m[DB] Client acquired from pool

[90mstdout[2m | tests/integration/teams.test.ts[2m > [22m[2mTeams API[2m > [22m[2mPOST /api/teams/:teamId/invites[2m > [22m[2mshould create an invitation link successfully
[22m[39m[AUTH] Login success for: test-1769875190630@example.com

[90mstdout[2m | tests/integration/teams.test.ts[2m > [22m[2mTeams API[2m > [22m[2mPOST /api/teams/:teamId/invites[2m > [22m[2mshould create an invitation link successfully
[22m[39m[DB] Client acquired from pool

[90mstdout[2m | tests/integration/teams.test.ts[2m > [22m[2mTeams API[2m > [22m[2mPOST /api/teams/:teamId/invites[2m > [22m[2mshould create an invitation link successfully
[22m[39m[AUTH] Middleware: Token valid for player test-1769875190630@example.com team: [90mundefined[39m

[90mstdout[2m | tests/integration/teams.test.ts[2m > [22m[2mTeams API[2m > [22m[2mPOST /api/teams/:teamId/invites[2m > [22m[2mshould create an invitation link successfully
[22m[39m[DB] Client acquired from pool

[90mstdout[2m | tests/integration/teams.test.ts[2m > [22m[2mTeams API[2m > [22m[2mPOST /api/teams/:teamId/invites[2m > [22m[2mshould create an invitation link successfully
[22m[39m[DB] Client acquired from pool

[90mstdout[2m | tests/integration/teams.test.ts[2m > [22m[2mTeams API[2m > [22m[2mPOST /api/teams/:teamId/invites[2m > [22m[2mshould create an invitation link successfully
[22m[39m[DB] Client acquired from pool

[90mstdout[2m | tests/integration/teams.test.ts[2m > [22m[2mTeams API[2m > [22m[2mPOST /api/teams/:teamId/invites[2m > [22m[2mshould create an invitation link successfully
[22m[39m[DB] Client acquired from pool

[90mstdout[2m | tests/integration/teams.test.ts[2m > [22m[2mTeams API[2m > [22m[2mPOST /api/teams/:teamId/invites[2m > [22m[2mshould create an invitation link successfully
[22m[39m[DB] Client acquired from pool

[90mstdout[2m | tests/integration/teams.test.ts[2m > [22m[2mTeams API[2m > [22m[2mPOST /api/teams/:teamId/invites[2m > [22m[2mshould create an invitation link successfully
[22m[39m[DB] Client acquired from pool

[90mstdout[2m | tests/integration/teams.test.ts[2m > [22m[2mTeams API[2m > [22m[2mPOST /api/teams/:teamId/invites[2m > [22m[2mshould create an invitation link successfully
[22m[39m[DB] Client acquired from pool

[90mstdout[2m | tests/integration/teams.test.ts[2m > [22m[2mTeams API[2m > [22m[2mPOST /api/teams/:teamId/invites[2m > [22m[2mshould create an invitation link successfully
[22m[39m[DB] Client acquired from pool

[90mstdout[2m | tests/integration/teams.test.ts[2m > [22m[2mTeams API[2m > [22m[2mPOST /api/teams/:teamId/invites[2m > [22m[2mshould create an invitation link successfully
[22m[39m[AUTH] Middleware: Token valid for player test-1769875190630@example.com team: cml2hzpba001b5wuiab0x4xim

[90mstdout[2m | tests/integration/teams.test.ts[2m > [22m[2mTeams API[2m > [22m[2mPOST /api/teams/:teamId/invites[2m > [22m[2mshould create an invitation link successfully
[22m[39m[DB] Client acquired from pool

[90mstdout[2m | tests/integration/teams.test.ts[2m > [22m[2mTeams API[2m > [22m[2mPOST /api/teams/:teamId/invites[2m > [22m[2mshould create an invitation link successfully
[22m[39m[DB] Client acquired from pool
[DB] Client acquired from pool
[DB] Client acquired from pool

[90mstdout[2m | tests/integration/teams.test.ts[2m > [22m[2mTeams API[2m > [22m[2mPOST /api/teams/:teamId/invites[2m > [22m[2mshould create an invitation link successfully
[22m[39m[DB] Client acquired from pool

[90mstdout[2m | tests/integration/teams.test.ts[2m > [22m[2mTeams API[2m > [22m[2mPOST /api/teams/:teamId/invites[2m > [22m[2mshould create an invitation link successfully
[22m[39m[AUTH] Permission granted: team.canInviteMembers for account test-1769875190630@example.com

[90mstdout[2m | tests/integration/teams.test.ts[2m > [22m[2mTeams API[2m > [22m[2mPOST /api/teams/:teamId/invites[2m > [22m[2mshould create an invitation link successfully
[22m[39m[DB] Client acquired from pool

[90mstdout[2m | tests/integration/teams.test.ts[2m > [22m[2mTeams API[2m > [22m[2mPOST /api/teams/:teamId/invites[2m > [22m[2mshould create an invitation link successfully
[22m[39m[DB] Client acquired from pool

[90mstdout[2m | tests/integration/teams.test.ts[2m > [22m[2mTeams API[2m > [22m[2mPOST /api/teams/:teamId/invites[2m > [22m[2mshould create an invitation link successfully
[22m[39m[DB] Client acquired from pool

[90mstdout[2m | tests/integration/teams.test.ts[2m > [22m[2mTeams API[2m > [22m[2mPOST /api/teams/:teamId/invites[2m > [22m[2mshould reject without authentication
[22m[39m[DB] Client acquired from pool

[90mstdout[2m | tests/integration/teams.test.ts[2m > [22m[2mTeams API[2m > [22m[2mPOST /api/teams/:teamId/invites[2m > [22m[2mshould reject without authentication
[22m[39m[DB] Client acquired from pool

[90mstdout[2m | tests/integration/teams.test.ts[2m > [22m[2mTeams API[2m > [22m[2mPOST /api/teams/:teamId/invites[2m > [22m[2mshould reject without authentication
[22m[39m[DB] Client acquired from pool

[90mstdout[2m | tests/integration/teams.test.ts[2m > [22m[2mTeams API[2m > [22m[2mPOST /api/teams/:teamId/invites[2m > [22m[2mshould reject without authentication
[22m[39m[DB] Client acquired from pool

[90mstdout[2m | tests/integration/teams.test.ts[2m > [22m[2mTeams API[2m > [22m[2mPOST /api/teams/:teamId/invites[2m > [22m[2mshould reject without authentication
[22m[39m[DB] Client acquired from pool

[90mstdout[2m | tests/integration/teams.test.ts[2m > [22m[2mTeams API[2m > [22m[2mPOST /api/teams/:teamId/invites[2m > [22m[2mshould reject without authentication
[22m[39m[DB] Client acquired from pool

[90mstdout[2m | tests/integration/teams.test.ts[2m > [22m[2mTeams API[2m > [22m[2mPOST /api/teams/:teamId/invites[2m > [22m[2mshould reject without authentication
[22m[39m[DB] Client acquired from pool

[90mstdout[2m | tests/integration/teams.test.ts[2m > [22m[2mTeams API[2m > [22m[2mPOST /api/teams/:teamId/invites[2m > [22m[2mshould reject without authentication
[22m[39m[DB] Client acquired from pool

[90mstdout[2m | tests/integration/teams.test.ts[2m > [22m[2mTeams API[2m > [22m[2mPOST /api/teams/:teamId/invites[2m > [22m[2mshould reject without authentication
[22m[39m[DB] Client acquired from pool

[90mstdout[2m | tests/integration/teams.test.ts[2m > [22m[2mTeams API[2m > [22m[2mPOST /api/teams/:teamId/invites[2m > [22m[2mshould reject without authentication
[22m[39m[AUTH] POST /api/auth/register

[90mstdout[2m | tests/integration/teams.test.ts[2m > [22m[2mTeams API[2m > [22m[2mPOST /api/teams/:teamId/invites[2m > [22m[2mshould reject without authentication
[22m[39m[DB] Client acquired from pool

[90mstdout[2m | tests/integration/teams.test.ts[2m > [22m[2mTeams API[2m > [22m[2mPOST /api/teams/:teamId/invites[2m > [22m[2mshould reject without authentication
[22m[39m[DB] Client acquired from pool

[90mstdout[2m | tests/integration/teams.test.ts[2m > [22m[2mTeams API[2m > [22m[2mPOST /api/teams/:teamId/invites[2m > [22m[2mshould reject without authentication
[22m[39m[DB] Client acquired from pool

[90mstdout[2m | tests/integration/teams.test.ts[2m > [22m[2mTeams API[2m > [22m[2mPOST /api/teams/:teamId/invites[2m > [22m[2mshould reject without authentication
[22m[39m[AUTH] Register success for: test-1769875190786@example.com

[90mstdout[2m | tests/integration/teams.test.ts[2m > [22m[2mTeams API[2m > [22m[2mPOST /api/teams/:teamId/invites[2m > [22m[2mshould reject without authentication
[22m[39m[DB] Client acquired from pool

[90mstdout[2m | tests/integration/teams.test.ts[2m > [22m[2mTeams API[2m > [22m[2mPOST /api/teams/:teamId/invites[2m > [22m[2mshould reject without authentication
[22m[39m[AUTH] POST /api/auth/login
[AUTH] Login attempt for: test-1769875190786@example.com

[90mstdout[2m | tests/integration/teams.test.ts[2m > [22m[2mTeams API[2m > [22m[2mPOST /api/teams/:teamId/invites[2m > [22m[2mshould reject without authentication
[22m[39m[DB] Client acquired from pool

[90mstdout[2m | tests/integration/teams.test.ts[2m > [22m[2mTeams API[2m > [22m[2mPOST /api/teams/:teamId/invites[2m > [22m[2mshould reject without authentication
[22m[39m[DB] Client acquired from pool
[DB] Client acquired from pool
[DB] Client acquired from pool

[90mstdout[2m | tests/integration/teams.test.ts[2m > [22m[2mTeams API[2m > [22m[2mPOST /api/teams/:teamId/invites[2m > [22m[2mshould reject without authentication
[22m[39m[DB] Client acquired from pool

[90mstdout[2m | tests/integration/teams.test.ts[2m > [22m[2mTeams API[2m > [22m[2mPOST /api/teams/:teamId/invites[2m > [22m[2mshould reject without authentication
[22m[39m[DB] Client acquired from pool

[90mstdout[2m | tests/integration/teams.test.ts[2m > [22m[2mTeams API[2m > [22m[2mPOST /api/teams/:teamId/invites[2m > [22m[2mshould reject without authentication
[22m[39m[DB] Client acquired from pool

[90mstdout[2m | tests/integration/teams.test.ts[2m > [22m[2mTeams API[2m > [22m[2mPOST /api/teams/:teamId/invites[2m > [22m[2mshould reject without authentication
[22m[39m[DB] Client acquired from pool

[90mstdout[2m | tests/integration/teams.test.ts[2m > [22m[2mTeams API[2m > [22m[2mPOST /api/teams/:teamId/invites[2m > [22m[2mshould reject without authentication
[22m[39m[DB] Client acquired from pool
[DB] Client acquired from pool
[DB] Client acquired from pool

[90mstdout[2m | tests/integration/teams.test.ts[2m > [22m[2mTeams API[2m > [22m[2mPOST /api/teams/:teamId/invites[2m > [22m[2mshould reject without authentication
[22m[39m[DB] Client acquired from pool

[90mstdout[2m | tests/integration/teams.test.ts[2m > [22m[2mTeams API[2m > [22m[2mPOST /api/teams/:teamId/invites[2m > [22m[2mshould reject without authentication
[22m[39m[AUTH] Login success for: test-1769875190786@example.com

[90mstdout[2m | tests/integration/teams.test.ts[2m > [22m[2mTeams API[2m > [22m[2mPOST /api/teams/:teamId/invites[2m > [22m[2mshould reject without authentication
[22m[39m[DB] Client acquired from pool

[90mstdout[2m | tests/integration/teams.test.ts[2m > [22m[2mTeams API[2m > [22m[2mPOST /api/teams/:teamId/invites[2m > [22m[2mshould reject without authentication
[22m[39m[AUTH] Middleware: Token valid for player test-1769875190786@example.com team: [90mundefined[39m

[90mstdout[2m | tests/integration/teams.test.ts[2m > [22m[2mTeams API[2m > [22m[2mPOST /api/teams/:teamId/invites[2m > [22m[2mshould reject without authentication
[22m[39m[DB] Client acquired from pool

[90mstdout[2m | tests/integration/teams.test.ts[2m > [22m[2mTeams API[2m > [22m[2mPOST /api/teams/:teamId/invites[2m > [22m[2mshould reject without authentication
[22m[39m[DB] Client acquired from pool

[90mstdout[2m | tests/integration/teams.test.ts[2m > [22m[2mTeams API[2m > [22m[2mPOST /api/teams/:teamId/invites[2m > [22m[2mshould reject without authentication
[22m[39m[DB] Client acquired from pool

[90mstdout[2m | tests/integration/teams.test.ts[2m > [22m[2mTeams API[2m > [22m[2mPOST /api/teams/:teamId/invites[2m > [22m[2mshould reject without authentication
[22m[39m[DB] Client acquired from pool

[90mstdout[2m | tests/integration/teams.test.ts[2m > [22m[2mTeams API[2m > [22m[2mPOST /api/teams/:teamId/invites[2m > [22m[2mshould reject without authentication
[22m[39m[DB] Client acquired from pool

[90mstdout[2m | tests/integration/teams.test.ts[2m > [22m[2mTeams API[2m > [22m[2mPOST /api/teams/:teamId/invites[2m > [22m[2mshould reject without authentication
[22m[39m[DB] Client acquired from pool

[90mstdout[2m | tests/integration/teams.test.ts[2m > [22m[2mTeams API[2m > [22m[2mPOST /api/teams/:teamId/invites[2m > [22m[2mshould reject without authentication
[22m[39m[DB] Client acquired from pool

[90mstdout[2m | tests/integration/teams.test.ts[2m > [22m[2mTeams API[2m > [22m[2mPOST /api/teams/:teamId/invites[2m > [22m[2mshould reject without authentication
[22m[39m[DB] Client acquired from pool

[90mstdout[2m | tests/integration/teams.test.ts[2m > [22m[2mTeams API[2m > [22m[2mPOST /api/teams/:teamId/invites[2m > [22m[2mshould reject without authentication
[22m[39m[AUTH] Middleware: Missing or invalid Authorization header

[90mstdout[2m | tests/integration/teams.test.ts[2m > [22m[2mTeams API[2m > [22m[2mPOST /api/teams/:teamId/invites[2m > [22m[2mshould reject without authentication
[22m[39m[DB] Client acquired from pool

[90mstdout[2m | tests/integration/teams.test.ts[2m > [22m[2mTeams API[2m > [22m[2mPOST /api/teams/:teamId/invites[2m > [22m[2mshould reject user without canInviteMembers permission
[22m[39m[DB] Client acquired from pool

[90mstdout[2m | tests/integration/teams.test.ts[2m > [22m[2mTeams API[2m > [22m[2mPOST /api/teams/:teamId/invites[2m > [22m[2mshould reject user without canInviteMembers permission
[22m[39m[DB] Client acquired from pool

[90mstdout[2m | tests/integration/teams.test.ts[2m > [22m[2mTeams API[2m > [22m[2mPOST /api/teams/:teamId/invites[2m > [22m[2mshould reject user without canInviteMembers permission
[22m[39m[DB] Client acquired from pool

[90mstdout[2m | tests/integration/teams.test.ts[2m > [22m[2mTeams API[2m > [22m[2mPOST /api/teams/:teamId/invites[2m > [22m[2mshould reject user without canInviteMembers permission
[22m[39m[DB] Client acquired from pool

[90mstdout[2m | tests/integration/teams.test.ts[2m > [22m[2mTeams API[2m > [22m[2mPOST /api/teams/:teamId/invites[2m > [22m[2mshould reject user without canInviteMembers permission
[22m[39m[DB] Client acquired from pool

[90mstdout[2m | tests/integration/teams.test.ts[2m > [22m[2mTeams API[2m > [22m[2mPOST /api/teams/:teamId/invites[2m > [22m[2mshould reject user without canInviteMembers permission
[22m[39m[DB] Client acquired from pool

[90mstdout[2m | tests/integration/teams.test.ts[2m > [22m[2mTeams API[2m > [22m[2mPOST /api/teams/:teamId/invites[2m > [22m[2mshould reject user without canInviteMembers permission
[22m[39m[DB] Client acquired from pool

[90mstdout[2m | tests/integration/teams.test.ts[2m > [22m[2mTeams API[2m > [22m[2mPOST /api/teams/:teamId/invites[2m > [22m[2mshould reject user without canInviteMembers permission
[22m[39m[DB] Client acquired from pool

[90mstdout[2m | tests/integration/teams.test.ts[2m > [22m[2mTeams API[2m > [22m[2mPOST /api/teams/:teamId/invites[2m > [22m[2mshould reject user without canInviteMembers permission
[22m[39m[DB] Client acquired from pool

[90mstdout[2m | tests/integration/teams.test.ts[2m > [22m[2mTeams API[2m > [22m[2mPOST /api/teams/:teamId/invites[2m > [22m[2mshould reject user without canInviteMembers permission
[22m[39m[AUTH] POST /api/auth/register

[90mstdout[2m | tests/integration/teams.test.ts[2m > [22m[2mTeams API[2m > [22m[2mPOST /api/teams/:teamId/invites[2m > [22m[2mshould reject user without canInviteMembers permission
[22m[39m[DB] Client acquired from pool

[90mstdout[2m | tests/integration/teams.test.ts[2m > [22m[2mTeams API[2m > [22m[2mPOST /api/teams/:teamId/invites[2m > [22m[2mshould reject user without canInviteMembers permission
[22m[39m[DB] Client acquired from pool

[90mstdout[2m | tests/integration/teams.test.ts[2m > [22m[2mTeams API[2m > [22m[2mPOST /api/teams/:teamId/invites[2m > [22m[2mshould reject user without canInviteMembers permission
[22m[39m[DB] Client acquired from pool

[90mstdout[2m | tests/integration/teams.test.ts[2m > [22m[2mTeams API[2m > [22m[2mPOST /api/teams/:teamId/invites[2m > [22m[2mshould reject user without canInviteMembers permission
[22m[39m[AUTH] Register success for: test-1769875190936@example.com

[90mstdout[2m | tests/integration/teams.test.ts[2m > [22m[2mTeams API[2m > [22m[2mPOST /api/teams/:teamId/invites[2m > [22m[2mshould reject user without canInviteMembers permission
[22m[39m[DB] Client acquired from pool

[90mstdout[2m | tests/integration/teams.test.ts[2m > [22m[2mTeams API[2m > [22m[2mPOST /api/teams/:teamId/invites[2m > [22m[2mshould reject user without canInviteMembers permission
[22m[39m[AUTH] POST /api/auth/login
[AUTH] Login attempt for: test-1769875190936@example.com

[90mstdout[2m | tests/integration/teams.test.ts[2m > [22m[2mTeams API[2m > [22m[2mPOST /api/teams/:teamId/invites[2m > [22m[2mshould reject user without canInviteMembers permission
[22m[39m[DB] Client acquired from pool

[90mstdout[2m | tests/integration/teams.test.ts[2m > [22m[2mTeams API[2m > [22m[2mPOST /api/teams/:teamId/invites[2m > [22m[2mshould reject user without canInviteMembers permission
[22m[39m[DB] Client acquired from pool
[DB] Client acquired from pool
[DB] Client acquired from pool

[90mstdout[2m | tests/integration/teams.test.ts[2m > [22m[2mTeams API[2m > [22m[2mPOST /api/teams/:teamId/invites[2m > [22m[2mshould reject user without canInviteMembers permission
[22m[39m[DB] Client acquired from pool

[90mstdout[2m | tests/integration/teams.test.ts[2m > [22m[2mTeams API[2m > [22m[2mPOST /api/teams/:teamId/invites[2m > [22m[2mshould reject user without canInviteMembers permission
[22m[39m[DB] Client acquired from pool

[90mstdout[2m | tests/integration/teams.test.ts[2m > [22m[2mTeams API[2m > [22m[2mPOST /api/teams/:teamId/invites[2m > [22m[2mshould reject user without canInviteMembers permission
[22m[39m[DB] Client acquired from pool

[90mstdout[2m | tests/integration/teams.test.ts[2m > [22m[2mTeams API[2m > [22m[2mPOST /api/teams/:teamId/invites[2m > [22m[2mshould reject user without canInviteMembers permission
[22m[39m[DB] Client acquired from pool

[90mstdout[2m | tests/integration/teams.test.ts[2m > [22m[2mTeams API[2m > [22m[2mPOST /api/teams/:teamId/invites[2m > [22m[2mshould reject user without canInviteMembers permission
[22m[39m[DB] Client acquired from pool
[DB] Client acquired from pool
[DB] Client acquired from pool

[90mstdout[2m | tests/integration/teams.test.ts[2m > [22m[2mTeams API[2m > [22m[2mPOST /api/teams/:teamId/invites[2m > [22m[2mshould reject user without canInviteMembers permission
[22m[39m[DB] Client acquired from pool

[90mstdout[2m | tests/integration/teams.test.ts[2m > [22m[2mTeams API[2m > [22m[2mPOST /api/teams/:teamId/invites[2m > [22m[2mshould reject user without canInviteMembers permission
[22m[39m[AUTH] Login success for: test-1769875190936@example.com

[90mstdout[2m | tests/integration/teams.test.ts[2m > [22m[2mTeams API[2m > [22m[2mPOST /api/teams/:teamId/invites[2m > [22m[2mshould reject user without canInviteMembers permission
[22m[39m[DB] Client acquired from pool

[90mstdout[2m | tests/integration/teams.test.ts[2m > [22m[2mTeams API[2m > [22m[2mPOST /api/teams/:teamId/invites[2m > [22m[2mshould reject user without canInviteMembers permission
[22m[39m[AUTH] Middleware: Token valid for player test-1769875190936@example.com team: [90mundefined[39m

[90mstdout[2m | tests/integration/teams.test.ts[2m > [22m[2mTeams API[2m > [22m[2mPOST /api/teams/:teamId/invites[2m > [22m[2mshould reject user without canInviteMembers permission
[22m[39m[DB] Client acquired from pool

[90mstdout[2m | tests/integration/teams.test.ts[2m > [22m[2mTeams API[2m > [22m[2mPOST /api/teams/:teamId/invites[2m > [22m[2mshould reject user without canInviteMembers permission
[22m[39m[DB] Client acquired from pool

[90mstdout[2m | tests/integration/teams.test.ts[2m > [22m[2mTeams API[2m > [22m[2mPOST /api/teams/:teamId/invites[2m > [22m[2mshould reject user without canInviteMembers permission
[22m[39m[DB] Client acquired from pool

[90mstdout[2m | tests/integration/teams.test.ts[2m > [22m[2mTeams API[2m > [22m[2mPOST /api/teams/:teamId/invites[2m > [22m[2mshould reject user without canInviteMembers permission
[22m[39m[DB] Client acquired from pool

[90mstdout[2m | tests/integration/teams.test.ts[2m > [22m[2mTeams API[2m > [22m[2mPOST /api/teams/:teamId/invites[2m > [22m[2mshould reject user without canInviteMembers permission
[22m[39m[DB] Client acquired from pool

[90mstdout[2m | tests/integration/teams.test.ts[2m > [22m[2mTeams API[2m > [22m[2mPOST /api/teams/:teamId/invites[2m > [22m[2mshould reject user without canInviteMembers permission
[22m[39m[DB] Client acquired from pool

[90mstdout[2m | tests/integration/teams.test.ts[2m > [22m[2mTeams API[2m > [22m[2mPOST /api/teams/:teamId/invites[2m > [22m[2mshould reject user without canInviteMembers permission
[22m[39m[DB] Client acquired from pool

[90mstdout[2m | tests/integration/teams.test.ts[2m > [22m[2mTeams API[2m > [22m[2mPOST /api/teams/:teamId/invites[2m > [22m[2mshould reject user without canInviteMembers permission
[22m[39m[AUTH] POST /api/auth/register

[90mstdout[2m | tests/integration/teams.test.ts[2m > [22m[2mTeams API[2m > [22m[2mPOST /api/teams/:teamId/invites[2m > [22m[2mshould reject user without canInviteMembers permission
[22m[39m[DB] Client acquired from pool

[90mstdout[2m | tests/integration/teams.test.ts[2m > [22m[2mTeams API[2m > [22m[2mPOST /api/teams/:teamId/invites[2m > [22m[2mshould reject user without canInviteMembers permission
[22m[39m[DB] Client acquired from pool

[90mstdout[2m | tests/integration/teams.test.ts[2m > [22m[2mTeams API[2m > [22m[2mPOST /api/teams/:teamId/invites[2m > [22m[2mshould reject user without canInviteMembers permission
[22m[39m[DB] Client acquired from pool

[90mstdout[2m | tests/integration/teams.test.ts[2m > [22m[2mTeams API[2m > [22m[2mPOST /api/teams/:teamId/invites[2m > [22m[2mshould reject user without canInviteMembers permission
[22m[39m[AUTH] Register success for: member@example.com

[90mstdout[2m | tests/integration/teams.test.ts[2m > [22m[2mTeams API[2m > [22m[2mPOST /api/teams/:teamId/invites[2m > [22m[2mshould reject user without canInviteMembers permission
[22m[39m[DB] Client acquired from pool

[90mstdout[2m | tests/integration/teams.test.ts[2m > [22m[2mTeams API[2m > [22m[2mPOST /api/teams/:teamId/invites[2m > [22m[2mshould reject user without canInviteMembers permission
[22m[39m[AUTH] POST /api/auth/login
[AUTH] Login attempt for: member@example.com

[90mstdout[2m | tests/integration/teams.test.ts[2m > [22m[2mTeams API[2m > [22m[2mPOST /api/teams/:teamId/invites[2m > [22m[2mshould reject user without canInviteMembers permission
[22m[39m[DB] Client acquired from pool

[90mstdout[2m | tests/integration/teams.test.ts[2m > [22m[2mTeams API[2m > [22m[2mPOST /api/teams/:teamId/invites[2m > [22m[2mshould reject user without canInviteMembers permission
[22m[39m[DB] Client acquired from pool
[DB] Client acquired from pool
[DB] Client acquired from pool

[90mstdout[2m | tests/integration/teams.test.ts[2m > [22m[2mTeams API[2m > [22m[2mPOST /api/teams/:teamId/invites[2m > [22m[2mshould reject user without canInviteMembers permission
[22m[39m[DB] Client acquired from pool

[90mstdout[2m | tests/integration/teams.test.ts[2m > [22m[2mTeams API[2m > [22m[2mPOST /api/teams/:teamId/invites[2m > [22m[2mshould reject user without canInviteMembers permission
[22m[39m[DB] Client acquired from pool

[90mstdout[2m | tests/integration/teams.test.ts[2m > [22m[2mTeams API[2m > [22m[2mPOST /api/teams/:teamId/invites[2m > [22m[2mshould reject user without canInviteMembers permission
[22m[39m[DB] Client acquired from pool

[90mstdout[2m | tests/integration/teams.test.ts[2m > [22m[2mTeams API[2m > [22m[2mPOST /api/teams/:teamId/invites[2m > [22m[2mshould reject user without canInviteMembers permission
[22m[39m[DB] Client acquired from pool

[90mstdout[2m | tests/integration/teams.test.ts[2m > [22m[2mTeams API[2m > [22m[2mPOST /api/teams/:teamId/invites[2m > [22m[2mshould reject user without canInviteMembers permission
[22m[39m[DB] Client acquired from pool
[DB] Client acquired from pool
[DB] Client acquired from pool

[90mstdout[2m | tests/integration/teams.test.ts[2m > [22m[2mTeams API[2m > [22m[2mPOST /api/teams/:teamId/invites[2m > [22m[2mshould reject user without canInviteMembers permission
[22m[39m[DB] Client acquired from pool

[90mstdout[2m | tests/integration/teams.test.ts[2m > [22m[2mTeams API[2m > [22m[2mPOST /api/teams/:teamId/invites[2m > [22m[2mshould reject user without canInviteMembers permission
[22m[39m[AUTH] Login success for: member@example.com

[90mstdout[2m | tests/integration/teams.test.ts[2m > [22m[2mTeams API[2m > [22m[2mPOST /api/teams/:teamId/invites[2m > [22m[2mshould reject user without canInviteMembers permission
[22m[39m[DB] Client acquired from pool

[90mstdout[2m | tests/integration/teams.test.ts[2m > [22m[2mTeams API[2m > [22m[2mPOST /api/teams/:teamId/invites[2m > [22m[2mshould reject user without canInviteMembers permission
[22m[39m[AUTH] Middleware: Token valid for player test-1769875190936@example.com team: cml2hzpjt001o5wuisqrt6k36

[90mstdout[2m | tests/integration/teams.test.ts[2m > [22m[2mTeams API[2m > [22m[2mPOST /api/teams/:teamId/invites[2m > [22m[2mshould reject user without canInviteMembers permission
[22m[39m[DB] Client acquired from pool

[90mstdout[2m | tests/integration/teams.test.ts[2m > [22m[2mTeams API[2m > [22m[2mPOST /api/teams/:teamId/invites[2m > [22m[2mshould reject user without canInviteMembers permission
[22m[39m[DB] Client acquired from pool
[DB] Client acquired from pool
[DB] Client acquired from pool

[90mstdout[2m | tests/integration/teams.test.ts[2m > [22m[2mTeams API[2m > [22m[2mPOST /api/teams/:teamId/invites[2m > [22m[2mshould reject user without canInviteMembers permission
[22m[39m[DB] Client acquired from pool

[90mstdout[2m | tests/integration/teams.test.ts[2m > [22m[2mTeams API[2m > [22m[2mPOST /api/teams/:teamId/invites[2m > [22m[2mshould reject user without canInviteMembers permission
[22m[39m[AUTH] Permission granted: team.canInviteMembers for account test-1769875190936@example.com

[90mstdout[2m | tests/integration/teams.test.ts[2m > [22m[2mTeams API[2m > [22m[2mPOST /api/teams/:teamId/invites[2m > [22m[2mshould reject user without canInviteMembers permission
[22m[39m[DB] Client acquired from pool

[90mstdout[2m | tests/integration/teams.test.ts[2m > [22m[2mTeams API[2m > [22m[2mPOST /api/teams/:teamId/invites[2m > [22m[2mshould reject user without canInviteMembers permission
[22m[39m[DB] Client acquired from pool

[90mstdout[2m | tests/integration/teams.test.ts[2m > [22m[2mTeams API[2m > [22m[2mPOST /api/teams/:teamId/invites[2m > [22m[2mshould reject user without canInviteMembers permission
[22m[39m[DB] Client acquired from pool

[90mstdout[2m | tests/integration/teams.test.ts[2m > [22m[2mTeams API[2m > [22m[2mPOST /api/teams/:teamId/invites[2m > [22m[2mshould reject user without canInviteMembers permission
[22m[39m[AUTH] Middleware: Token valid for player member@example.com team: [90mundefined[39m

[90mstdout[2m | tests/integration/teams.test.ts[2m > [22m[2mTeams API[2m > [22m[2mPOST /api/teams/:teamId/invites[2m > [22m[2mshould reject user without canInviteMembers permission
[22m[39m[DB] Client acquired from pool

[90mstdout[2m | tests/integration/teams.test.ts[2m > [22m[2mTeams API[2m > [22m[2mPOST /api/teams/:teamId/invites[2m > [22m[2mshould reject user without canInviteMembers permission
[22m[39m[DB] Client acquired from pool

[90mstdout[2m | tests/integration/teams.test.ts[2m > [22m[2mTeams API[2m > [22m[2mPOST /api/teams/:teamId/invites[2m > [22m[2mshould reject user without canInviteMembers permission
[22m[39m[DB] Client acquired from pool

[90mstdout[2m | tests/integration/teams.test.ts[2m > [22m[2mTeams API[2m > [22m[2mPOST /api/teams/:teamId/invites[2m > [22m[2mshould reject user without canInviteMembers permission
[22m[39m[DB] Client acquired from pool

[90mstdout[2m | tests/integration/teams.test.ts[2m > [22m[2mTeams API[2m > [22m[2mPOST /api/teams/:teamId/invites[2m > [22m[2mshould reject user without canInviteMembers permission
[22m[39m[DB] Client acquired from pool

[90mstdout[2m | tests/integration/teams.test.ts[2m > [22m[2mTeams API[2m > [22m[2mPOST /api/teams/:teamId/invites[2m > [22m[2mshould reject user without canInviteMembers permission
[22m[39m[DB] Client acquired from pool

[90mstdout[2m | tests/integration/teams.test.ts[2m > [22m[2mTeams API[2m > [22m[2mPOST /api/teams/:teamId/invites[2m > [22m[2mshould reject user without canInviteMembers permission
[22m[39m[AUTH] Middleware: Token valid for player member@example.com team: cml2hzpjt001o5wuisqrt6k36

[90mstdout[2m | tests/integration/teams.test.ts[2m > [22m[2mTeams API[2m > [22m[2mPOST /api/teams/:teamId/invites[2m > [22m[2mshould reject user without canInviteMembers permission
[22m[39m[DB] Client acquired from pool

[90mstdout[2m | tests/integration/teams.test.ts[2m > [22m[2mTeams API[2m > [22m[2mPOST /api/teams/:teamId/invites[2m > [22m[2mshould reject user without canInviteMembers permission
[22m[39m[DB] Client acquired from pool
[DB] Client acquired from pool
[DB] Client acquired from pool

[90mstdout[2m | tests/integration/teams.test.ts[2m > [22m[2mTeams API[2m > [22m[2mPOST /api/teams/:teamId/invites[2m > [22m[2mshould reject user without canInviteMembers permission
[22m[39m[DB] Client acquired from pool

[90mstdout[2m | tests/integration/teams.test.ts[2m > [22m[2mTeams API[2m > [22m[2mPOST /api/teams/:teamId/invites[2m > [22m[2mshould reject user without canInviteMembers permission
[22m[39m[AUTH] Permission denied: team.canInviteMembers for account member@example.com

[90mstdout[2m | tests/integration/teams.test.ts[2m > [22m[2mTeams API[2m > [22m[2mPOST /api/teams/:teamId/invites[2m > [22m[2mshould reject user without canInviteMembers permission
[22m[39m[DB] Client acquired from pool

[90mstdout[2m | tests/integration/teams.test.ts[2m > [22m[2mTeams API[2m > [22m[2mPOST /api/teams/:teamId/invites[2m > [22m[2mshould reject invalid expiresInHours
[22m[39m[DB] Client acquired from pool

[90mstdout[2m | tests/integration/teams.test.ts[2m > [22m[2mTeams API[2m > [22m[2mPOST /api/teams/:teamId/invites[2m > [22m[2mshould reject invalid expiresInHours
[22m[39m[DB] Client acquired from pool

[90mstdout[2m | tests/integration/teams.test.ts[2m > [22m[2mTeams API[2m > [22m[2mPOST /api/teams/:teamId/invites[2m > [22m[2mshould reject invalid expiresInHours
[22m[39m[DB] Client acquired from pool

[90mstdout[2m | tests/integration/teams.test.ts[2m > [22m[2mTeams API[2m > [22m[2mPOST /api/teams/:teamId/invites[2m > [22m[2mshould reject invalid expiresInHours
[22m[39m[DB] Client acquired from pool

[90mstdout[2m | tests/integration/teams.test.ts[2m > [22m[2mTeams API[2m > [22m[2mPOST /api/teams/:teamId/invites[2m > [22m[2mshould reject invalid expiresInHours
[22m[39m[DB] Client acquired from pool

[90mstdout[2m | tests/integration/teams.test.ts[2m > [22m[2mTeams API[2m > [22m[2mPOST /api/teams/:teamId/invites[2m > [22m[2mshould reject invalid expiresInHours
[22m[39m[DB] Client acquired from pool

[90mstdout[2m | tests/integration/teams.test.ts[2m > [22m[2mTeams API[2m > [22m[2mPOST /api/teams/:teamId/invites[2m > [22m[2mshould reject invalid expiresInHours
[22m[39m[DB] Client acquired from pool

[90mstdout[2m | tests/integration/teams.test.ts[2m > [22m[2mTeams API[2m > [22m[2mPOST /api/teams/:teamId/invites[2m > [22m[2mshould reject invalid expiresInHours
[22m[39m[DB] Client acquired from pool

[90mstdout[2m | tests/integration/teams.test.ts[2m > [22m[2mTeams API[2m > [22m[2mPOST /api/teams/:teamId/invites[2m > [22m[2mshould reject invalid expiresInHours
[22m[39m[DB] Client acquired from pool

[90mstdout[2m | tests/integration/teams.test.ts[2m > [22m[2mTeams API[2m > [22m[2mPOST /api/teams/:teamId/invites[2m > [22m[2mshould reject invalid expiresInHours
[22m[39m[AUTH] POST /api/auth/register

[90mstdout[2m | tests/integration/teams.test.ts[2m > [22m[2mTeams API[2m > [22m[2mPOST /api/teams/:teamId/invites[2m > [22m[2mshould reject invalid expiresInHours
[22m[39m[DB] Client acquired from pool

[90mstdout[2m | tests/integration/teams.test.ts[2m > [22m[2mTeams API[2m > [22m[2mPOST /api/teams/:teamId/invites[2m > [22m[2mshould reject invalid expiresInHours
[22m[39m[DB] Client acquired from pool

[90mstdout[2m | tests/integration/teams.test.ts[2m > [22m[2mTeams API[2m > [22m[2mPOST /api/teams/:teamId/invites[2m > [22m[2mshould reject invalid expiresInHours
[22m[39m[DB] Client acquired from pool

[90mstdout[2m | tests/integration/teams.test.ts[2m > [22m[2mTeams API[2m > [22m[2mPOST /api/teams/:teamId/invites[2m > [22m[2mshould reject invalid expiresInHours
[22m[39m[AUTH] Register success for: test-1769875191231@example.com

[90mstdout[2m | tests/integration/teams.test.ts[2m > [22m[2mTeams API[2m > [22m[2mPOST /api/teams/:teamId/invites[2m > [22m[2mshould reject invalid expiresInHours
[22m[39m[DB] Client acquired from pool

[90mstdout[2m | tests/integration/teams.test.ts[2m > [22m[2mTeams API[2m > [22m[2mPOST /api/teams/:teamId/invites[2m > [22m[2mshould reject invalid expiresInHours
[22m[39m[AUTH] POST /api/auth/login
[AUTH] Login attempt for: test-1769875191231@example.com

[90mstdout[2m | tests/integration/teams.test.ts[2m > [22m[2mTeams API[2m > [22m[2mPOST /api/teams/:teamId/invites[2m > [22m[2mshould reject invalid expiresInHours
[22m[39m[DB] Client acquired from pool

[90mstdout[2m | tests/integration/teams.test.ts[2m > [22m[2mTeams API[2m > [22m[2mPOST /api/teams/:teamId/invites[2m > [22m[2mshould reject invalid expiresInHours
[22m[39m[DB] Client acquired from pool
[DB] Client acquired from pool
[DB] Client acquired from pool

[90mstdout[2m | tests/integration/teams.test.ts[2m > [22m[2mTeams API[2m > [22m[2mPOST /api/teams/:teamId/invites[2m > [22m[2mshould reject invalid expiresInHours
[22m[39m[DB] Client acquired from pool

[90mstdout[2m | tests/integration/teams.test.ts[2m > [22m[2mTeams API[2m > [22m[2mPOST /api/teams/:teamId/invites[2m > [22m[2mshould reject invalid expiresInHours
[22m[39m[DB] Client acquired from pool

[90mstdout[2m | tests/integration/teams.test.ts[2m > [22m[2mTeams API[2m > [22m[2mPOST /api/teams/:teamId/invites[2m > [22m[2mshould reject invalid expiresInHours
[22m[39m[DB] Client acquired from pool

[90mstdout[2m | tests/integration/teams.test.ts[2m > [22m[2mTeams API[2m > [22m[2mPOST /api/teams/:teamId/invites[2m > [22m[2mshould reject invalid expiresInHours
[22m[39m[DB] Client acquired from pool

[90mstdout[2m | tests/integration/teams.test.ts[2m > [22m[2mTeams API[2m > [22m[2mPOST /api/teams/:teamId/invites[2m > [22m[2mshould reject invalid expiresInHours
[22m[39m[DB] Client acquired from pool
[DB] Client acquired from pool
[DB] Client acquired from pool

[90mstdout[2m | tests/integration/teams.test.ts[2m > [22m[2mTeams API[2m > [22m[2mPOST /api/teams/:teamId/invites[2m > [22m[2mshould reject invalid expiresInHours
[22m[39m[DB] Client acquired from pool

[90mstdout[2m | tests/integration/teams.test.ts[2m > [22m[2mTeams API[2m > [22m[2mPOST /api/teams/:teamId/invites[2m > [22m[2mshould reject invalid expiresInHours
[22m[39m[AUTH] Login success for: test-1769875191231@example.com

[90mstdout[2m | tests/integration/teams.test.ts[2m > [22m[2mTeams API[2m > [22m[2mPOST /api/teams/:teamId/invites[2m > [22m[2mshould reject invalid expiresInHours
[22m[39m[DB] Client acquired from pool

[90mstdout[2m | tests/integration/teams.test.ts[2m > [22m[2mTeams API[2m > [22m[2mPOST /api/teams/:teamId/invites[2m > [22m[2mshould reject invalid expiresInHours
[22m[39m[AUTH] Middleware: Token valid for player test-1769875191231@example.com team: [90mundefined[39m

[90mstdout[2m | tests/integration/teams.test.ts[2m > [22m[2mTeams API[2m > [22m[2mPOST /api/teams/:teamId/invites[2m > [22m[2mshould reject invalid expiresInHours
[22m[39m[DB] Client acquired from pool

[90mstdout[2m | tests/integration/teams.test.ts[2m > [22m[2mTeams API[2m > [22m[2mPOST /api/teams/:teamId/invites[2m > [22m[2mshould reject invalid expiresInHours
[22m[39m[DB] Client acquired from pool

[90mstdout[2m | tests/integration/teams.test.ts[2m > [22m[2mTeams API[2m > [22m[2mPOST /api/teams/:teamId/invites[2m > [22m[2mshould reject invalid expiresInHours
[22m[39m[DB] Client acquired from pool

[90mstdout[2m | tests/integration/teams.test.ts[2m > [22m[2mTeams API[2m > [22m[2mPOST /api/teams/:teamId/invites[2m > [22m[2mshould reject invalid expiresInHours
[22m[39m[DB] Client acquired from pool

[90mstdout[2m | tests/integration/teams.test.ts[2m > [22m[2mTeams API[2m > [22m[2mPOST /api/teams/:teamId/invites[2m > [22m[2mshould reject invalid expiresInHours
[22m[39m[DB] Client acquired from pool

[90mstdout[2m | tests/integration/teams.test.ts[2m > [22m[2mTeams API[2m > [22m[2mPOST /api/teams/:teamId/invites[2m > [22m[2mshould reject invalid expiresInHours
[22m[39m[DB] Client acquired from pool

[90mstdout[2m | tests/integration/teams.test.ts[2m > [22m[2mTeams API[2m > [22m[2mPOST /api/teams/:teamId/invites[2m > [22m[2mshould reject invalid expiresInHours
[22m[39m[DB] Client acquired from pool

[90mstdout[2m | tests/integration/teams.test.ts[2m > [22m[2mTeams API[2m > [22m[2mPOST /api/teams/:teamId/invites[2m > [22m[2mshould reject invalid expiresInHours
[22m[39m[DB] Client acquired from pool

[90mstdout[2m | tests/integration/teams.test.ts[2m > [22m[2mTeams API[2m > [22m[2mPOST /api/teams/:teamId/invites[2m > [22m[2mshould reject invalid expiresInHours
[22m[39m[DB] Client acquired from pool

[90mstdout[2m | tests/integration/teams.test.ts[2m > [22m[2mTeams API[2m > [22m[2mPOST /api/teams/:teamId/invites[2m > [22m[2mshould reject invalid expiresInHours
[22m[39m[AUTH] Middleware: Token valid for player test-1769875191231@example.com team: cml2hzprz001y5wuihpd4vgn5

[90mstdout[2m | tests/integration/teams.test.ts[2m > [22m[2mTeams API[2m > [22m[2mPOST /api/teams/:teamId/invites[2m > [22m[2mshould reject invalid expiresInHours
[22m[39m[DB] Client acquired from pool

[90mstdout[2m | tests/integration/teams.test.ts[2m > [22m[2mTeams API[2m > [22m[2mPOST /api/teams/:teamId/invites[2m > [22m[2mshould reject invalid expiresInHours
[22m[39m[DB] Client acquired from pool
[DB] Client acquired from pool
[DB] Client acquired from pool

[90mstdout[2m | tests/integration/teams.test.ts[2m > [22m[2mTeams API[2m > [22m[2mPOST /api/teams/:teamId/invites[2m > [22m[2mshould reject invalid expiresInHours
[22m[39m[DB] Client acquired from pool

[90mstdout[2m | tests/integration/teams.test.ts[2m > [22m[2mTeams API[2m > [22m[2mPOST /api/teams/:teamId/invites[2m > [22m[2mshould reject invalid expiresInHours
[22m[39m[AUTH] Permission granted: team.canInviteMembers for account test-1769875191231@example.com

[90mstdout[2m | tests/integration/teams.test.ts[2m > [22m[2mTeams API[2m > [22m[2mPOST /api/teams/:teamId/invites[2m > [22m[2mshould reject invalid expiresInHours
[22m[39m[DB] Client acquired from pool

[90mstdout[2m | tests/integration/teams.test.ts[2m > [22m[2mTeams API[2m > [22m[2mPOST /api/teams/:teamId/invites[2m > [22m[2mshould reject invalid maxUses
[22m[39m[DB] Client acquired from pool

[90mstdout[2m | tests/integration/teams.test.ts[2m > [22m[2mTeams API[2m > [22m[2mPOST /api/teams/:teamId/invites[2m > [22m[2mshould reject invalid maxUses
[22m[39m[DB] Client acquired from pool

[90mstdout[2m | tests/integration/teams.test.ts[2m > [22m[2mTeams API[2m > [22m[2mPOST /api/teams/:teamId/invites[2m > [22m[2mshould reject invalid maxUses
[22m[39m[DB] Client acquired from pool

[90mstdout[2m | tests/integration/teams.test.ts[2m > [22m[2mTeams API[2m > [22m[2mPOST /api/teams/:teamId/invites[2m > [22m[2mshould reject invalid maxUses
[22m[39m[DB] Client acquired from pool

[90mstdout[2m | tests/integration/teams.test.ts[2m > [22m[2mTeams API[2m > [22m[2mPOST /api/teams/:teamId/invites[2m > [22m[2mshould reject invalid maxUses
[22m[39m[DB] Client acquired from pool

[90mstdout[2m | tests/integration/teams.test.ts[2m > [22m[2mTeams API[2m > [22m[2mPOST /api/teams/:teamId/invites[2m > [22m[2mshould reject invalid maxUses
[22m[39m[DB] Client acquired from pool

[90mstdout[2m | tests/integration/teams.test.ts[2m > [22m[2mTeams API[2m > [22m[2mPOST /api/teams/:teamId/invites[2m > [22m[2mshould reject invalid maxUses
[22m[39m[DB] Client acquired from pool

[90mstdout[2m | tests/integration/teams.test.ts[2m > [22m[2mTeams API[2m > [22m[2mPOST /api/teams/:teamId/invites[2m > [22m[2mshould reject invalid maxUses
[22m[39m[DB] Client acquired from pool

[90mstdout[2m | tests/integration/teams.test.ts[2m > [22m[2mTeams API[2m > [22m[2mPOST /api/teams/:teamId/invites[2m > [22m[2mshould reject invalid maxUses
[22m[39m[DB] Client acquired from pool

[90mstdout[2m | tests/integration/teams.test.ts[2m > [22m[2mTeams API[2m > [22m[2mPOST /api/teams/:teamId/invites[2m > [22m[2mshould reject invalid maxUses
[22m[39m[AUTH] POST /api/auth/register

[90mstdout[2m | tests/integration/teams.test.ts[2m > [22m[2mTeams API[2m > [22m[2mPOST /api/teams/:teamId/invites[2m > [22m[2mshould reject invalid maxUses
[22m[39m[DB] Client acquired from pool

[90mstdout[2m | tests/integration/teams.test.ts[2m > [22m[2mTeams API[2m > [22m[2mPOST /api/teams/:teamId/invites[2m > [22m[2mshould reject invalid maxUses
[22m[39m[DB] Client acquired from pool

[90mstdout[2m | tests/integration/teams.test.ts[2m > [22m[2mTeams API[2m > [22m[2mPOST /api/teams/:teamId/invites[2m > [22m[2mshould reject invalid maxUses
[22m[39m[DB] Client acquired from pool

[90mstdout[2m | tests/integration/teams.test.ts[2m > [22m[2mTeams API[2m > [22m[2mPOST /api/teams/:teamId/invites[2m > [22m[2mshould reject invalid maxUses
[22m[39m[AUTH] Register success for: test-1769875191386@example.com

[90mstdout[2m | tests/integration/teams.test.ts[2m > [22m[2mTeams API[2m > [22m[2mPOST /api/teams/:teamId/invites[2m > [22m[2mshould reject invalid maxUses
[22m[39m[DB] Client acquired from pool

[90mstdout[2m | tests/integration/teams.test.ts[2m > [22m[2mTeams API[2m > [22m[2mPOST /api/teams/:teamId/invites[2m > [22m[2mshould reject invalid maxUses
[22m[39m[AUTH] POST /api/auth/login
[AUTH] Login attempt for: test-1769875191386@example.com

[90mstdout[2m | tests/integration/teams.test.ts[2m > [22m[2mTeams API[2m > [22m[2mPOST /api/teams/:teamId/invites[2m > [22m[2mshould reject invalid maxUses
[22m[39m[DB] Client acquired from pool

[90mstdout[2m | tests/integration/teams.test.ts[2m > [22m[2mTeams API[2m > [22m[2mPOST /api/teams/:teamId/invites[2m > [22m[2mshould reject invalid maxUses
[22m[39m[DB] Client acquired from pool
[DB] Client acquired from pool
[DB] Client acquired from pool

[90mstdout[2m | tests/integration/teams.test.ts[2m > [22m[2mTeams API[2m > [22m[2mPOST /api/teams/:teamId/invites[2m > [22m[2mshould reject invalid maxUses
[22m[39m[DB] Client acquired from pool

[90mstdout[2m | tests/integration/teams.test.ts[2m > [22m[2mTeams API[2m > [22m[2mPOST /api/teams/:teamId/invites[2m > [22m[2mshould reject invalid maxUses
[22m[39m[DB] Client acquired from pool

[90mstdout[2m | tests/integration/teams.test.ts[2m > [22m[2mTeams API[2m > [22m[2mPOST /api/teams/:teamId/invites[2m > [22m[2mshould reject invalid maxUses
[22m[39m[DB] Client acquired from pool

[90mstdout[2m | tests/integration/teams.test.ts[2m > [22m[2mTeams API[2m > [22m[2mPOST /api/teams/:teamId/invites[2m > [22m[2mshould reject invalid maxUses
[22m[39m[DB] Client acquired from pool

[90mstdout[2m | tests/integration/teams.test.ts[2m > [22m[2mTeams API[2m > [22m[2mPOST /api/teams/:teamId/invites[2m > [22m[2mshould reject invalid maxUses
[22m[39m[DB] Client acquired from pool
[DB] Client acquired from pool
[DB] Client acquired from pool

[90mstdout[2m | tests/integration/teams.test.ts[2m > [22m[2mTeams API[2m > [22m[2mPOST /api/teams/:teamId/invites[2m > [22m[2mshould reject invalid maxUses
[22m[39m[DB] Client acquired from pool

[90mstdout[2m | tests/integration/teams.test.ts[2m > [22m[2mTeams API[2m > [22m[2mPOST /api/teams/:teamId/invites[2m > [22m[2mshould reject invalid maxUses
[22m[39m[AUTH] Login success for: test-1769875191386@example.com

[90mstdout[2m | tests/integration/teams.test.ts[2m > [22m[2mTeams API[2m > [22m[2mPOST /api/teams/:teamId/invites[2m > [22m[2mshould reject invalid maxUses
[22m[39m[DB] Client acquired from pool

[90mstdout[2m | tests/integration/teams.test.ts[2m > [22m[2mTeams API[2m > [22m[2mPOST /api/teams/:teamId/invites[2m > [22m[2mshould reject invalid maxUses
[22m[39m[AUTH] Middleware: Token valid for player test-1769875191386@example.com team: [90mundefined[39m

[90mstdout[2m | tests/integration/teams.test.ts[2m > [22m[2mTeams API[2m > [22m[2mPOST /api/teams/:teamId/invites[2m > [22m[2mshould reject invalid maxUses
[22m[39m[DB] Client acquired from pool

[90mstdout[2m | tests/integration/teams.test.ts[2m > [22m[2mTeams API[2m > [22m[2mPOST /api/teams/:teamId/invites[2m > [22m[2mshould reject invalid maxUses
[22m[39m[DB] Client acquired from pool

[90mstdout[2m | tests/integration/teams.test.ts[2m > [22m[2mTeams API[2m > [22m[2mPOST /api/teams/:teamId/invites[2m > [22m[2mshould reject invalid maxUses
[22m[39m[DB] Client acquired from pool

[90mstdout[2m | tests/integration/teams.test.ts[2m > [22m[2mTeams API[2m > [22m[2mPOST /api/teams/:teamId/invites[2m > [22m[2mshould reject invalid maxUses
[22m[39m[DB] Client acquired from pool

[90mstdout[2m | tests/integration/teams.test.ts[2m > [22m[2mTeams API[2m > [22m[2mPOST /api/teams/:teamId/invites[2m > [22m[2mshould reject invalid maxUses
[22m[39m[DB] Client acquired from pool

[90mstdout[2m | tests/integration/teams.test.ts[2m > [22m[2mTeams API[2m > [22m[2mPOST /api/teams/:teamId/invites[2m > [22m[2mshould reject invalid maxUses
[22m[39m[DB] Client acquired from pool

[90mstdout[2m | tests/integration/teams.test.ts[2m > [22m[2mTeams API[2m > [22m[2mPOST /api/teams/:teamId/invites[2m > [22m[2mshould reject invalid maxUses
[22m[39m[DB] Client acquired from pool

[90mstdout[2m | tests/integration/teams.test.ts[2m > [22m[2mTeams API[2m > [22m[2mPOST /api/teams/:teamId/invites[2m > [22m[2mshould reject invalid maxUses
[22m[39m[DB] Client acquired from pool

[90mstdout[2m | tests/integration/teams.test.ts[2m > [22m[2mTeams API[2m > [22m[2mPOST /api/teams/:teamId/invites[2m > [22m[2mshould reject invalid maxUses
[22m[39m[DB] Client acquired from pool

[90mstdout[2m | tests/integration/teams.test.ts[2m > [22m[2mTeams API[2m > [22m[2mPOST /api/teams/:teamId/invites[2m > [22m[2mshould reject invalid maxUses
[22m[39m[AUTH] Middleware: Token valid for player test-1769875191386@example.com team: cml2hzpwa00245wuimtb5figl

[90mstdout[2m | tests/integration/teams.test.ts[2m > [22m[2mTeams API[2m > [22m[2mPOST /api/teams/:teamId/invites[2m > [22m[2mshould reject invalid maxUses
[22m[39m[DB] Client acquired from pool

[90mstdout[2m | tests/integration/teams.test.ts[2m > [22m[2mTeams API[2m > [22m[2mPOST /api/teams/:teamId/invites[2m > [22m[2mshould reject invalid maxUses
[22m[39m[DB] Client acquired from pool
[DB] Client acquired from pool
[DB] Client acquired from pool

[90mstdout[2m | tests/integration/teams.test.ts[2m > [22m[2mTeams API[2m > [22m[2mPOST /api/teams/:teamId/invites[2m > [22m[2mshould reject invalid maxUses
[22m[39m[DB] Client acquired from pool

[90mstdout[2m | tests/integration/teams.test.ts[2m > [22m[2mTeams API[2m > [22m[2mPOST /api/teams/:teamId/invites[2m > [22m[2mshould reject invalid maxUses
[22m[39m[AUTH] Permission granted: team.canInviteMembers for account test-1769875191386@example.com

[90mstdout[2m | tests/integration/teams.test.ts[2m > [22m[2mTeams API[2m > [22m[2mPOST /api/teams/:teamId/invites[2m > [22m[2mshould reject invalid maxUses
[22m[39m[DB] Client acquired from pool

[90mstdout[2m | tests/integration/teams.test.ts[2m > [22m[2mTeams API[2m > [22m[2mPOST /api/teams/:teamId/invites[2m > [22m[2mshould reject if user does not belong to team
[22m[39m[DB] Client acquired from pool

[90mstdout[2m | tests/integration/teams.test.ts[2m > [22m[2mTeams API[2m > [22m[2mPOST /api/teams/:teamId/invites[2m > [22m[2mshould reject if user does not belong to team
[22m[39m[DB] Client acquired from pool

[90mstdout[2m | tests/integration/teams.test.ts[2m > [22m[2mTeams API[2m > [22m[2mPOST /api/teams/:teamId/invites[2m > [22m[2mshould reject if user does not belong to team
[22m[39m[DB] Client acquired from pool

[90mstdout[2m | tests/integration/teams.test.ts[2m > [22m[2mTeams API[2m > [22m[2mPOST /api/teams/:teamId/invites[2m > [22m[2mshould reject if user does not belong to team
[22m[39m[DB] Client acquired from pool

[90mstdout[2m | tests/integration/teams.test.ts[2m > [22m[2mTeams API[2m > [22m[2mPOST /api/teams/:teamId/invites[2m > [22m[2mshould reject if user does not belong to team
[22m[39m[DB] Client acquired from pool

[90mstdout[2m | tests/integration/teams.test.ts[2m > [22m[2mTeams API[2m > [22m[2mPOST /api/teams/:teamId/invites[2m > [22m[2mshould reject if user does not belong to team
[22m[39m[DB] Client acquired from pool

[90mstdout[2m | tests/integration/teams.test.ts[2m > [22m[2mTeams API[2m > [22m[2mPOST /api/teams/:teamId/invites[2m > [22m[2mshould reject if user does not belong to team
[22m[39m[DB] Client acquired from pool

[90mstdout[2m | tests/integration/teams.test.ts[2m > [22m[2mTeams API[2m > [22m[2mPOST /api/teams/:teamId/invites[2m > [22m[2mshould reject if user does not belong to team
[22m[39m[DB] Client acquired from pool

[90mstdout[2m | tests/integration/teams.test.ts[2m > [22m[2mTeams API[2m > [22m[2mPOST /api/teams/:teamId/invites[2m > [22m[2mshould reject if user does not belong to team
[22m[39m[DB] Client acquired from pool

[90mstdout[2m | tests/integration/teams.test.ts[2m > [22m[2mTeams API[2m > [22m[2mPOST /api/teams/:teamId/invites[2m > [22m[2mshould reject if user does not belong to team
[22m[39m[AUTH] POST /api/auth/register

[90mstdout[2m | tests/integration/teams.test.ts[2m > [22m[2mTeams API[2m > [22m[2mPOST /api/teams/:teamId/invites[2m > [22m[2mshould reject if user does not belong to team
[22m[39m[DB] Client acquired from pool

[90mstdout[2m | tests/integration/teams.test.ts[2m > [22m[2mTeams API[2m > [22m[2mPOST /api/teams/:teamId/invites[2m > [22m[2mshould reject if user does not belong to team
[22m[39m[DB] Client acquired from pool

[90mstdout[2m | tests/integration/teams.test.ts[2m > [22m[2mTeams API[2m > [22m[2mPOST /api/teams/:teamId/invites[2m > [22m[2mshould reject if user does not belong to team
[22m[39m[DB] Client acquired from pool

[90mstdout[2m | tests/integration/teams.test.ts[2m > [22m[2mTeams API[2m > [22m[2mPOST /api/teams/:teamId/invites[2m > [22m[2mshould reject if user does not belong to team
[22m[39m[AUTH] Register success for: test-1769875191541@example.com

[90mstdout[2m | tests/integration/teams.test.ts[2m > [22m[2mTeams API[2m > [22m[2mPOST /api/teams/:teamId/invites[2m > [22m[2mshould reject if user does not belong to team
[22m[39m[DB] Client acquired from pool

[90mstdout[2m | tests/integration/teams.test.ts[2m > [22m[2mTeams API[2m > [22m[2mPOST /api/teams/:teamId/invites[2m > [22m[2mshould reject if user does not belong to team
[22m[39m[AUTH] POST /api/auth/login
[AUTH] Login attempt for: test-1769875191541@example.com

[90mstdout[2m | tests/integration/teams.test.ts[2m > [22m[2mTeams API[2m > [22m[2mPOST /api/teams/:teamId/invites[2m > [22m[2mshould reject if user does not belong to team
[22m[39m[DB] Client acquired from pool

[90mstdout[2m | tests/integration/teams.test.ts[2m > [22m[2mTeams API[2m > [22m[2mPOST /api/teams/:teamId/invites[2m > [22m[2mshould reject if user does not belong to team
[22m[39m[DB] Client acquired from pool
[DB] Client acquired from pool
[DB] Client acquired from pool

[90mstdout[2m | tests/integration/teams.test.ts[2m > [22m[2mTeams API[2m > [22m[2mPOST /api/teams/:teamId/invites[2m > [22m[2mshould reject if user does not belong to team
[22m[39m[DB] Client acquired from pool

[90mstdout[2m | tests/integration/teams.test.ts[2m > [22m[2mTeams API[2m > [22m[2mPOST /api/teams/:teamId/invites[2m > [22m[2mshould reject if user does not belong to team
[22m[39m[DB] Client acquired from pool

[90mstdout[2m | tests/integration/teams.test.ts[2m > [22m[2mTeams API[2m > [22m[2mPOST /api/teams/:teamId/invites[2m > [22m[2mshould reject if user does not belong to team
[22m[39m[DB] Client acquired from pool

[90mstdout[2m | tests/integration/teams.test.ts[2m > [22m[2mTeams API[2m > [22m[2mPOST /api/teams/:teamId/invites[2m > [22m[2mshould reject if user does not belong to team
[22m[39m[DB] Client acquired from pool

[90mstdout[2m | tests/integration/teams.test.ts[2m > [22m[2mTeams API[2m > [22m[2mPOST /api/teams/:teamId/invites[2m > [22m[2mshould reject if user does not belong to team
[22m[39m[DB] Client acquired from pool
[DB] Client acquired from pool
[DB] Client acquired from pool

[90mstdout[2m | tests/integration/teams.test.ts[2m > [22m[2mTeams API[2m > [22m[2mPOST /api/teams/:teamId/invites[2m > [22m[2mshould reject if user does not belong to team
[22m[39m[DB] Client acquired from pool

[90mstdout[2m | tests/integration/teams.test.ts[2m > [22m[2mTeams API[2m > [22m[2mPOST /api/teams/:teamId/invites[2m > [22m[2mshould reject if user does not belong to team
[22m[39m[AUTH] Login success for: test-1769875191541@example.com

[90mstdout[2m | tests/integration/teams.test.ts[2m > [22m[2mTeams API[2m > [22m[2mPOST /api/teams/:teamId/invites[2m > [22m[2mshould reject if user does not belong to team
[22m[39m[DB] Client acquired from pool

[90mstdout[2m | tests/integration/teams.test.ts[2m > [22m[2mTeams API[2m > [22m[2mPOST /api/teams/:teamId/invites[2m > [22m[2mshould reject if user does not belong to team
[22m[39m[AUTH] Middleware: Token valid for player test-1769875191541@example.com team: [90mundefined[39m

[90mstdout[2m | tests/integration/teams.test.ts[2m > [22m[2mTeams API[2m > [22m[2mPOST /api/teams/:teamId/invites[2m > [22m[2mshould reject if user does not belong to team
[22m[39m[DB] Client acquired from pool

[90mstdout[2m | tests/integration/teams.test.ts[2m > [22m[2mTeams API[2m > [22m[2mPOST /api/teams/:teamId/invites[2m > [22m[2mshould reject if user does not belong to team
[22m[39m[DB] Client acquired from pool

[90mstdout[2m | tests/integration/teams.test.ts[2m > [22m[2mTeams API[2m > [22m[2mPOST /api/teams/:teamId/invites[2m > [22m[2mshould reject if user does not belong to team
[22m[39m[DB] Client acquired from pool

[90mstdout[2m | tests/integration/teams.test.ts[2m > [22m[2mTeams API[2m > [22m[2mPOST /api/teams/:teamId/invites[2m > [22m[2mshould reject if user does not belong to team
[22m[39m[DB] Client acquired from pool

[90mstdout[2m | tests/integration/teams.test.ts[2m > [22m[2mTeams API[2m > [22m[2mPOST /api/teams/:teamId/invites[2m > [22m[2mshould reject if user does not belong to team
[22m[39m[DB] Client acquired from pool

[90mstdout[2m | tests/integration/teams.test.ts[2m > [22m[2mTeams API[2m > [22m[2mPOST /api/teams/:teamId/invites[2m > [22m[2mshould reject if user does not belong to team
[22m[39m[DB] Client acquired from pool

[90mstdout[2m | tests/integration/teams.test.ts[2m > [22m[2mTeams API[2m > [22m[2mPOST /api/teams/:teamId/invites[2m > [22m[2mshould reject if user does not belong to team
[22m[39m[DB] Client acquired from pool

[90mstdout[2m | tests/integration/teams.test.ts[2m > [22m[2mTeams API[2m > [22m[2mPOST /api/teams/:teamId/invites[2m > [22m[2mshould reject if user does not belong to team
[22m[39m[AUTH] POST /api/auth/register

[90mstdout[2m | tests/integration/teams.test.ts[2m > [22m[2mTeams API[2m > [22m[2mPOST /api/teams/:teamId/invites[2m > [22m[2mshould reject if user does not belong to team
[22m[39m[DB] Client acquired from pool

[90mstdout[2m | tests/integration/teams.test.ts[2m > [22m[2mTeams API[2m > [22m[2mPOST /api/teams/:teamId/invites[2m > [22m[2mshould reject if user does not belong to team
[22m[39m[DB] Client acquired from pool

[90mstdout[2m | tests/integration/teams.test.ts[2m > [22m[2mTeams API[2m > [22m[2mPOST /api/teams/:teamId/invites[2m > [22m[2mshould reject if user does not belong to team
[22m[39m[DB] Client acquired from pool

[90mstdout[2m | tests/integration/teams.test.ts[2m > [22m[2mTeams API[2m > [22m[2mPOST /api/teams/:teamId/invites[2m > [22m[2mshould reject if user does not belong to team
[22m[39m[AUTH] Register success for: other@example.com

[90mstdout[2m | tests/integration/teams.test.ts[2m > [22m[2mTeams API[2m > [22m[2mPOST /api/teams/:teamId/invites[2m > [22m[2mshould reject if user does not belong to team
[22m[39m[DB] Client acquired from pool

[90mstdout[2m | tests/integration/teams.test.ts[2m > [22m[2mTeams API[2m > [22m[2mPOST /api/teams/:teamId/invites[2m > [22m[2mshould reject if user does not belong to team
[22m[39m[AUTH] POST /api/auth/login
[AUTH] Login attempt for: other@example.com

[90mstdout[2m | tests/integration/teams.test.ts[2m > [22m[2mTeams API[2m > [22m[2mPOST /api/teams/:teamId/invites[2m > [22m[2mshould reject if user does not belong to team
[22m[39m[DB] Client acquired from pool

[90mstdout[2m | tests/integration/teams.test.ts[2m > [22m[2mTeams API[2m > [22m[2mPOST /api/teams/:teamId/invites[2m > [22m[2mshould reject if user does not belong to team
[22m[39m[DB] Client acquired from pool
[DB] Client acquired from pool
[DB] Client acquired from pool

[90mstdout[2m | tests/integration/teams.test.ts[2m > [22m[2mTeams API[2m > [22m[2mPOST /api/teams/:teamId/invites[2m > [22m[2mshould reject if user does not belong to team
[22m[39m[DB] Client acquired from pool

[90mstdout[2m | tests/integration/teams.test.ts[2m > [22m[2mTeams API[2m > [22m[2mPOST /api/teams/:teamId/invites[2m > [22m[2mshould reject if user does not belong to team
[22m[39m[DB] Client acquired from pool

[90mstdout[2m | tests/integration/teams.test.ts[2m > [22m[2mTeams API[2m > [22m[2mPOST /api/teams/:teamId/invites[2m > [22m[2mshould reject if user does not belong to team
[22m[39m[DB] Client acquired from pool

[90mstdout[2m | tests/integration/teams.test.ts[2m > [22m[2mTeams API[2m > [22m[2mPOST /api/teams/:teamId/invites[2m > [22m[2mshould reject if user does not belong to team
[22m[39m[DB] Client acquired from pool

[90mstdout[2m | tests/integration/teams.test.ts[2m > [22m[2mTeams API[2m > [22m[2mPOST /api/teams/:teamId/invites[2m > [22m[2mshould reject if user does not belong to team
[22m[39m[DB] Client acquired from pool
[DB] Client acquired from pool
[DB] Client acquired from pool

[90mstdout[2m | tests/integration/teams.test.ts[2m > [22m[2mTeams API[2m > [22m[2mPOST /api/teams/:teamId/invites[2m > [22m[2mshould reject if user does not belong to team
[22m[39m[DB] Client acquired from pool

[90mstdout[2m | tests/integration/teams.test.ts[2m > [22m[2mTeams API[2m > [22m[2mPOST /api/teams/:teamId/invites[2m > [22m[2mshould reject if user does not belong to team
[22m[39m[AUTH] Login success for: other@example.com

[90mstdout[2m | tests/integration/teams.test.ts[2m > [22m[2mTeams API[2m > [22m[2mPOST /api/teams/:teamId/invites[2m > [22m[2mshould reject if user does not belong to team
[22m[39m[DB] Client acquired from pool

[90mstdout[2m | tests/integration/teams.test.ts[2m > [22m[2mTeams API[2m > [22m[2mPOST /api/teams/:teamId/invites[2m > [22m[2mshould reject if user does not belong to team
[22m[39m[AUTH] Middleware: Token valid for player other@example.com team: [90mundefined[39m

[90mstdout[2m | tests/integration/teams.test.ts[2m > [22m[2mTeams API[2m > [22m[2mPOST /api/teams/:teamId/invites[2m > [22m[2mshould reject if user does not belong to team
[22m[39m[DB] Client acquired from pool

[90mstdout[2m | tests/integration/teams.test.ts[2m > [22m[2mTeams API[2m > [22m[2mPOST /api/teams/:teamId/invites[2m > [22m[2mshould reject if user does not belong to team
[22m[39m[DB] Client acquired from pool

[90mstdout[2m | tests/integration/teams.test.ts[2m > [22m[2mTeams API[2m > [22m[2mPOST /api/teams/:teamId/invites[2m > [22m[2mshould reject if user does not belong to team
[22m[39m[DB] Client acquired from pool

[90mstdout[2m | tests/integration/teams.test.ts[2m > [22m[2mTeams API[2m > [22m[2mPOST /api/teams/:teamId/invites[2m > [22m[2mshould reject if user does not belong to team
[22m[39m[DB] Client acquired from pool

[90mstdout[2m | tests/integration/teams.test.ts[2m > [22m[2mTeams API[2m > [22m[2mPOST /api/teams/:teamId/invites[2m > [22m[2mshould reject if user does not belong to team
[22m[39m[DB] Client acquired from pool

[90mstdout[2m | tests/integration/teams.test.ts[2m > [22m[2mTeams API[2m > [22m[2mPOST /api/teams/:teamId/invites[2m > [22m[2mshould reject if user does not belong to team
[22m[39m[DB] Client acquired from pool

[90mstdout[2m | tests/integration/teams.test.ts[2m > [22m[2mTeams API[2m > [22m[2mPOST /api/teams/:teamId/invites[2m > [22m[2mshould reject if user does not belong to team
[22m[39m[DB] Client acquired from pool

[90mstdout[2m | tests/integration/teams.test.ts[2m > [22m[2mTeams API[2m > [22m[2mPOST /api/teams/:teamId/invites[2m > [22m[2mshould reject if user does not belong to team
[22m[39m[DB] Client acquired from pool

[90mstdout[2m | tests/integration/teams.test.ts[2m > [22m[2mTeams API[2m > [22m[2mPOST /api/teams/:teamId/invites[2m > [22m[2mshould reject if user does not belong to team
[22m[39m[DB] Client acquired from pool

[90mstdout[2m | tests/integration/teams.test.ts[2m > [22m[2mTeams API[2m > [22m[2mPOST /api/teams/:teamId/invites[2m > [22m[2mshould reject if user does not belong to team
[22m[39m[AUTH] Middleware: Token valid for player other@example.com team: cml2hzq4f002g5wui4dej9ber

[90mstdout[2m | tests/integration/teams.test.ts[2m > [22m[2mTeams API[2m > [22m[2mPOST /api/teams/:teamId/invites[2m > [22m[2mshould reject if user does not belong to team
[22m[39m[DB] Client acquired from pool

[90mstdout[2m | tests/integration/teams.test.ts[2m > [22m[2mTeams API[2m > [22m[2mPOST /api/teams/:teamId/invites[2m > [22m[2mshould reject if user does not belong to team
[22m[39m[DB] Client acquired from pool
[DB] Client acquired from pool
[DB] Client acquired from pool

[90mstdout[2m | tests/integration/teams.test.ts[2m > [22m[2mTeams API[2m > [22m[2mPOST /api/teams/:teamId/invites[2m > [22m[2mshould reject if user does not belong to team
[22m[39m[DB] Client acquired from pool

[90mstdout[2m | tests/integration/teams.test.ts[2m > [22m[2mTeams API[2m > [22m[2mPOST /api/teams/:teamId/invites[2m > [22m[2mshould reject if user does not belong to team
[22m[39m[AUTH] Permission granted: team.canInviteMembers for account other@example.com

[90mstdout[2m | tests/integration/teams.test.ts[2m > [22m[2mTeams API[2m > [22m[2mPOST /api/teams/:teamId/invites[2m > [22m[2mshould reject if user does not belong to team
[22m[39m[DB] Client acquired from pool

[90mstdout[2m | tests/integration/teams.test.ts[2m > [22m[2mTeams API[2m > [22m[2mPOST /api/teams/:teamId/invites[2m > [22m[2mshould reject if user does not belong to team
[22m[39m[DB] Client acquired from pool

[90mstdout[2m | tests/integration/teams.test.ts
[22m[39m[DB] Client acquired from pool

[90mstdout[2m | tests/integration/teams.test.ts
[22m[39m[DB] Client acquired from pool

[90mstdout[2m | tests/integration/teams.test.ts
[22m[39m[DB] Client acquired from pool

[90mstdout[2m | tests/integration/teams.test.ts
[22m[39m[DB] Client acquired from pool

[90mstdout[2m | tests/integration/teams.test.ts
[22m[39m[DB] Client acquired from pool

[90mstdout[2m | tests/integration/teams.test.ts
[22m[39m[DB] Client acquired from pool

[90mstdout[2m | tests/integration/teams.test.ts
[22m[39m[DB] Client acquired from pool

[90mstdout[2m | tests/integration/teams.test.ts
[22m[39m[DB] Client acquired from pool

[90mstdout[2m | tests/integration/teams.test.ts
[22m[39m[DB] Client acquired from pool

 [32mÔ£ô[39m tests/integration/teams.test.ts [2m([22m[2m14 tests[22m[2m)[22m[33m 2690[2mms[22m[39m
       [33m[2mÔ£ô[22m[39m should join with valid invite code [33m 306[2mms[22m[39m
[90mstdout[2m | tests/integration/maps.test.ts
[22m[39m[DB] Initializing database connection...
[DB] Connection target: postgresql://eva_user:***@localhost:5432/eva_db_test
[DB] Connection attempt 1/5...

[90mstdout[2m | tests/integration/maps.test.ts
[22m[39m[DB] New client connected to pool
[DB] Client acquired from pool

[90mstdout[2m | tests/integration/maps.test.ts
[22m[39m[DB] Connection successful! Server time: Sat Jan 31 2026 16:59:52 GMT+0100 (heure normale dÔÇÖEurope centrale)

[90mstdout[2m | tests/integration/maps.test.ts
[22m[39m[DB] Client acquired from pool

[90mstdout[2m | tests/integration/maps.test.ts[2m > [22m[2mMaps API[2m > [22m[2mGET /api/maps[2m > [22m[2mshould return maps with game plans for authenticated user with team
[22m[39m[DB] Client acquired from pool

[90mstdout[2m | tests/integration/maps.test.ts[2m > [22m[2mMaps API[2m > [22m[2mGET /api/maps[2m > [22m[2mshould return maps with game plans for authenticated user with team
[22m[39m[DB] Client acquired from pool

[90mstdout[2m | tests/integration/maps.test.ts[2m > [22m[2mMaps API[2m > [22m[2mGET /api/maps[2m > [22m[2mshould return maps with game plans for authenticated user with team
[22m[39m[DB] Client acquired from pool

[90mstdout[2m | tests/integration/maps.test.ts[2m > [22m[2mMaps API[2m > [22m[2mGET /api/maps[2m > [22m[2mshould return maps with game plans for authenticated user with team
[22m[39m[DB] Client acquired from pool

[90mstdout[2m | tests/integration/maps.test.ts[2m > [22m[2mMaps API[2m > [22m[2mGET /api/maps[2m > [22m[2mshould return maps with game plans for authenticated user with team
[22m[39m[DB] Client acquired from pool

[90mstdout[2m | tests/integration/maps.test.ts[2m > [22m[2mMaps API[2m > [22m[2mGET /api/maps[2m > [22m[2mshould return maps with game plans for authenticated user with team
[22m[39m[DB] Client acquired from pool

[90mstdout[2m | tests/integration/maps.test.ts[2m > [22m[2mMaps API[2m > [22m[2mGET /api/maps[2m > [22m[2mshould return maps with game plans for authenticated user with team
[22m[39m[DB] Client acquired from pool

[90mstdout[2m | tests/integration/maps.test.ts[2m > [22m[2mMaps API[2m > [22m[2mGET /api/maps[2m > [22m[2mshould return maps with game plans for authenticated user with team
[22m[39m[DB] Client acquired from pool

[90mstdout[2m | tests/integration/maps.test.ts[2m > [22m[2mMaps API[2m > [22m[2mGET /api/maps[2m > [22m[2mshould return maps with game plans for authenticated user with team
[22m[39m[DB] Client acquired from pool

[90mstdout[2m | tests/integration/maps.test.ts[2m > [22m[2mMaps API[2m > [22m[2mGET /api/maps[2m > [22m[2mshould return maps with game plans for authenticated user with team
[22m[39m[AUTH] POST /api/auth/register

[90mstdout[2m | tests/integration/maps.test.ts[2m > [22m[2mMaps API[2m > [22m[2mGET /api/maps[2m > [22m[2mshould return maps with game plans for authenticated user with team
[22m[39m[DB] Client acquired from pool

[90mstdout[2m | tests/integration/maps.test.ts[2m > [22m[2mMaps API[2m > [22m[2mGET /api/maps[2m > [22m[2mshould return maps with game plans for authenticated user with team
[22m[39m[DB] Client acquired from pool

[90mstdout[2m | tests/integration/maps.test.ts[2m > [22m[2mMaps API[2m > [22m[2mGET /api/maps[2m > [22m[2mshould return maps with game plans for authenticated user with team
[22m[39m[DB] Client acquired from pool

[90mstdout[2m | tests/integration/maps.test.ts[2m > [22m[2mMaps API[2m > [22m[2mGET /api/maps[2m > [22m[2mshould return maps with game plans for authenticated user with team
[22m[39m[AUTH] Register success for: test-1769875192216@example.com

[90mstdout[2m | tests/integration/maps.test.ts[2m > [22m[2mMaps API[2m > [22m[2mGET /api/maps[2m > [22m[2mshould return maps with game plans for authenticated user with team
[22m[39m[DB] Client acquired from pool

[90mstdout[2m | tests/integration/maps.test.ts[2m > [22m[2mMaps API[2m > [22m[2mGET /api/maps[2m > [22m[2mshould return maps with game plans for authenticated user with team
[22m[39m[AUTH] POST /api/auth/login
[AUTH] Login attempt for: test-1769875192216@example.com

[90mstdout[2m | tests/integration/maps.test.ts[2m > [22m[2mMaps API[2m > [22m[2mGET /api/maps[2m > [22m[2mshould return maps with game plans for authenticated user with team
[22m[39m[DB] Client acquired from pool

[90mstdout[2m | tests/integration/maps.test.ts[2m > [22m[2mMaps API[2m > [22m[2mGET /api/maps[2m > [22m[2mshould return maps with game plans for authenticated user with team
[22m[39m[DB] Client acquired from pool

[90mstdout[2m | tests/integration/maps.test.ts[2m > [22m[2mMaps API[2m > [22m[2mGET /api/maps[2m > [22m[2mshould return maps with game plans for authenticated user with team
[22m[39m[DB] Client acquired from pool

[90mstdout[2m | tests/integration/maps.test.ts[2m > [22m[2mMaps API[2m > [22m[2mGET /api/maps[2m > [22m[2mshould return maps with game plans for authenticated user with team
[22m[39m[DB] New client connected to pool
[DB] Client acquired from pool

[90mstdout[2m | tests/integration/maps.test.ts[2m > [22m[2mMaps API[2m > [22m[2mGET /api/maps[2m > [22m[2mshould return maps with game plans for authenticated user with team
[22m[39m[DB] New client connected to pool
[DB] Client acquired from pool

[90mstdout[2m | tests/integration/maps.test.ts[2m > [22m[2mMaps API[2m > [22m[2mGET /api/maps[2m > [22m[2mshould return maps with game plans for authenticated user with team
[22m[39m[DB] Client acquired from pool

[90mstdout[2m | tests/integration/maps.test.ts[2m > [22m[2mMaps API[2m > [22m[2mGET /api/maps[2m > [22m[2mshould return maps with game plans for authenticated user with team
[22m[39m[DB] Client acquired from pool

[90mstdout[2m | tests/integration/maps.test.ts[2m > [22m[2mMaps API[2m > [22m[2mGET /api/maps[2m > [22m[2mshould return maps with game plans for authenticated user with team
[22m[39m[DB] Client acquired from pool

[90mstdout[2m | tests/integration/maps.test.ts[2m > [22m[2mMaps API[2m > [22m[2mGET /api/maps[2m > [22m[2mshould return maps with game plans for authenticated user with team
[22m[39m[DB] Client acquired from pool
[DB] Client acquired from pool
[DB] Client acquired from pool

[90mstdout[2m | tests/integration/maps.test.ts[2m > [22m[2mMaps API[2m > [22m[2mGET /api/maps[2m > [22m[2mshould return maps with game plans for authenticated user with team
[22m[39m[DB] Client acquired from pool

[90mstdout[2m | tests/integration/maps.test.ts[2m > [22m[2mMaps API[2m > [22m[2mGET /api/maps[2m > [22m[2mshould return maps with game plans for authenticated user with team
[22m[39m[AUTH] Login success for: test-1769875192216@example.com

[90mstdout[2m | tests/integration/maps.test.ts[2m > [22m[2mMaps API[2m > [22m[2mGET /api/maps[2m > [22m[2mshould return maps with game plans for authenticated user with team
[22m[39m[DB] Client acquired from pool

[90mstdout[2m | tests/integration/maps.test.ts[2m > [22m[2mMaps API[2m > [22m[2mGET /api/maps[2m > [22m[2mshould return maps with game plans for authenticated user with team
[22m[39m[AUTH] Middleware: Token valid for player test-1769875192216@example.com team: [90mundefined[39m

[90mstdout[2m | tests/integration/maps.test.ts[2m > [22m[2mMaps API[2m > [22m[2mGET /api/maps[2m > [22m[2mshould return maps with game plans for authenticated user with team
[22m[39m[DB] Client acquired from pool

[90mstdout[2m | tests/integration/maps.test.ts[2m > [22m[2mMaps API[2m > [22m[2mGET /api/maps[2m > [22m[2mshould return maps with game plans for authenticated user with team
[22m[39m[DB] Client acquired from pool

[90mstdout[2m | tests/integration/maps.test.ts[2m > [22m[2mMaps API[2m > [22m[2mGET /api/maps[2m > [22m[2mshould return maps with game plans for authenticated user with team
[22m[39m[DB] Client acquired from pool

[90mstdout[2m | tests/integration/maps.test.ts[2m > [22m[2mMaps API[2m > [22m[2mGET /api/maps[2m > [22m[2mshould return maps with game plans for authenticated user with team
[22m[39m[DB] Client acquired from pool

[90mstdout[2m | tests/integration/maps.test.ts[2m > [22m[2mMaps API[2m > [22m[2mGET /api/maps[2m > [22m[2mshould return maps with game plans for authenticated user with team
[22m[39m[DB] Client acquired from pool

[90mstdout[2m | tests/integration/maps.test.ts[2m > [22m[2mMaps API[2m > [22m[2mGET /api/maps[2m > [22m[2mshould return maps with game plans for authenticated user with team
[22m[39m[DB] Client acquired from pool

[90mstdout[2m | tests/integration/maps.test.ts[2m > [22m[2mMaps API[2m > [22m[2mGET /api/maps[2m > [22m[2mshould return maps with game plans for authenticated user with team
[22m[39m[DB] Client acquired from pool

[90mstdout[2m | tests/integration/maps.test.ts[2m > [22m[2mMaps API[2m > [22m[2mGET /api/maps[2m > [22m[2mshould return maps with game plans for authenticated user with team
[22m[39m[DB] Client acquired from pool

[90mstdout[2m | tests/integration/maps.test.ts[2m > [22m[2mMaps API[2m > [22m[2mGET /api/maps[2m > [22m[2mshould return maps with game plans for authenticated user with team
[22m[39m[DB] Client acquired from pool

[90mstdout[2m | tests/integration/maps.test.ts[2m > [22m[2mMaps API[2m > [22m[2mGET /api/maps[2m > [22m[2mshould return maps with game plans for authenticated user with team
[22m[39m[DB] Client acquired from pool

[90mstdout[2m | tests/integration/maps.test.ts[2m > [22m[2mMaps API[2m > [22m[2mGET /api/maps[2m > [22m[2mshould return maps with game plans for authenticated user with team
[22m[39m[AUTH] Middleware: Token valid for player test-1769875192216@example.com team: cml2hzql40003pouil6eqi2kh
[API] GET /api/maps for team: cml2hzql40003pouil6eqi2kh

[90mstdout[2m | tests/integration/maps.test.ts[2m > [22m[2mMaps API[2m > [22m[2mGET /api/maps[2m > [22m[2mshould return maps with game plans for authenticated user with team
[22m[39m[DB] Client acquired from pool

[90mstdout[2m | tests/integration/maps.test.ts[2m > [22m[2mMaps API[2m > [22m[2mGET /api/maps[2m > [22m[2mshould return maps with game plans for authenticated user with team
[22m[39m[DB] Client acquired from pool

[90mstdout[2m | tests/integration/maps.test.ts[2m > [22m[2mMaps API[2m > [22m[2mGET /api/maps[2m > [22m[2mshould return maps with game plans for authenticated user with team
[22m[39m[DB] Client acquired from pool

[90mstdout[2m | tests/integration/maps.test.ts[2m > [22m[2mMaps API[2m > [22m[2mGET /api/maps[2m > [22m[2mshould return maps with game plans for authenticated user with team
[22m[39m[DB] Client acquired from pool

[90mstdout[2m | tests/integration/maps.test.ts[2m > [22m[2mMaps API[2m > [22m[2mGET /api/maps[2m > [22m[2mshould return maps with game plans for authenticated user with team
[22m[39m[DB] Client acquired from pool

[90mstdout[2m | tests/integration/maps.test.ts[2m > [22m[2mMaps API[2m > [22m[2mGET /api/maps[2m > [22m[2mshould return maps with game plans for authenticated user with team
[22m[39m[API] Returning [33m2[39m maps

[90mstdout[2m | tests/integration/maps.test.ts[2m > [22m[2mMaps API[2m > [22m[2mGET /api/maps[2m > [22m[2mshould reject without authentication
[22m[39m[DB] Client acquired from pool

[90mstdout[2m | tests/integration/maps.test.ts[2m > [22m[2mMaps API[2m > [22m[2mGET /api/maps[2m > [22m[2mshould reject without authentication
[22m[39m[DB] Client acquired from pool

[90mstdout[2m | tests/integration/maps.test.ts[2m > [22m[2mMaps API[2m > [22m[2mGET /api/maps[2m > [22m[2mshould reject without authentication
[22m[39m[DB] Client acquired from pool

[90mstdout[2m | tests/integration/maps.test.ts[2m > [22m[2mMaps API[2m > [22m[2mGET /api/maps[2m > [22m[2mshould reject without authentication
[22m[39m[DB] Client acquired from pool

[90mstdout[2m | tests/integration/maps.test.ts[2m > [22m[2mMaps API[2m > [22m[2mGET /api/maps[2m > [22m[2mshould reject without authentication
[22m[39m[DB] Client acquired from pool

[90mstdout[2m | tests/integration/maps.test.ts[2m > [22m[2mMaps API[2m > [22m[2mGET /api/maps[2m > [22m[2mshould reject without authentication
[22m[39m[DB] Client acquired from pool

[90mstdout[2m | tests/integration/maps.test.ts[2m > [22m[2mMaps API[2m > [22m[2mGET /api/maps[2m > [22m[2mshould reject without authentication
[22m[39m[DB] Client acquired from pool

[90mstdout[2m | tests/integration/maps.test.ts[2m > [22m[2mMaps API[2m > [22m[2mGET /api/maps[2m > [22m[2mshould reject without authentication
[22m[39m[DB] Client acquired from pool

[90mstdout[2m | tests/integration/maps.test.ts[2m > [22m[2mMaps API[2m > [22m[2mGET /api/maps[2m > [22m[2mshould reject without authentication
[22m[39m[DB] Client acquired from pool

[90mstdout[2m | tests/integration/maps.test.ts[2m > [22m[2mMaps API[2m > [22m[2mGET /api/maps[2m > [22m[2mshould reject without authentication
[22m[39m[AUTH] Middleware: Missing or invalid Authorization header

[90mstdout[2m | tests/integration/maps.test.ts[2m > [22m[2mMaps API[2m > [22m[2mGET /api/maps[2m > [22m[2mshould reject user without team
[22m[39m[DB] Client acquired from pool

[90mstdout[2m | tests/integration/maps.test.ts[2m > [22m[2mMaps API[2m > [22m[2mGET /api/maps[2m > [22m[2mshould reject user without team
[22m[39m[DB] Client acquired from pool

[90mstdout[2m | tests/integration/maps.test.ts[2m > [22m[2mMaps API[2m > [22m[2mGET /api/maps[2m > [22m[2mshould reject user without team
[22m[39m[DB] Client acquired from pool

[90mstdout[2m | tests/integration/maps.test.ts[2m > [22m[2mMaps API[2m > [22m[2mGET /api/maps[2m > [22m[2mshould reject user without team
[22m[39m[DB] Client acquired from pool

[90mstdout[2m | tests/integration/maps.test.ts[2m > [22m[2mMaps API[2m > [22m[2mGET /api/maps[2m > [22m[2mshould reject user without team
[22m[39m[DB] Client acquired from pool

[90mstdout[2m | tests/integration/maps.test.ts[2m > [22m[2mMaps API[2m > [22m[2mGET /api/maps[2m > [22m[2mshould reject user without team
[22m[39m[DB] Client acquired from pool

[90mstdout[2m | tests/integration/maps.test.ts[2m > [22m[2mMaps API[2m > [22m[2mGET /api/maps[2m > [22m[2mshould reject user without team
[22m[39m[DB] Client acquired from pool

[90mstdout[2m | tests/integration/maps.test.ts[2m > [22m[2mMaps API[2m > [22m[2mGET /api/maps[2m > [22m[2mshould reject user without team
[22m[39m[DB] Client acquired from pool

[90mstdout[2m | tests/integration/maps.test.ts[2m > [22m[2mMaps API[2m > [22m[2mGET /api/maps[2m > [22m[2mshould reject user without team
[22m[39m[DB] Client acquired from pool

[90mstdout[2m | tests/integration/maps.test.ts[2m > [22m[2mMaps API[2m > [22m[2mGET /api/maps[2m > [22m[2mshould reject user without team
[22m[39m[AUTH] POST /api/auth/register

[90mstdout[2m | tests/integration/maps.test.ts[2m > [22m[2mMaps API[2m > [22m[2mGET /api/maps[2m > [22m[2mshould reject user without team
[22m[39m[DB] Client acquired from pool

[90mstdout[2m | tests/integration/maps.test.ts[2m > [22m[2mMaps API[2m > [22m[2mGET /api/maps[2m > [22m[2mshould reject user without team
[22m[39m[DB] Client acquired from pool

[90mstdout[2m | tests/integration/maps.test.ts[2m > [22m[2mMaps API[2m > [22m[2mGET /api/maps[2m > [22m[2mshould reject user without team
[22m[39m[DB] Client acquired from pool

[90mstdout[2m | tests/integration/maps.test.ts[2m > [22m[2mMaps API[2m > [22m[2mGET /api/maps[2m > [22m[2mshould reject user without team
[22m[39m[AUTH] Register success for: test-1769875192456@example.com

[90mstdout[2m | tests/integration/maps.test.ts[2m > [22m[2mMaps API[2m > [22m[2mGET /api/maps[2m > [22m[2mshould reject user without team
[22m[39m[DB] Client acquired from pool

[90mstdout[2m | tests/integration/maps.test.ts[2m > [22m[2mMaps API[2m > [22m[2mGET /api/maps[2m > [22m[2mshould reject user without team
[22m[39m[AUTH] POST /api/auth/login
[AUTH] Login attempt for: test-1769875192456@example.com

[90mstdout[2m | tests/integration/maps.test.ts[2m > [22m[2mMaps API[2m > [22m[2mGET /api/maps[2m > [22m[2mshould reject user without team
[22m[39m[DB] Client acquired from pool

[90mstdout[2m | tests/integration/maps.test.ts[2m > [22m[2mMaps API[2m > [22m[2mGET /api/maps[2m > [22m[2mshould reject user without team
[22m[39m[DB] Client acquired from pool
[DB] Client acquired from pool
[DB] Client acquired from pool

[90mstdout[2m | tests/integration/maps.test.ts[2m > [22m[2mMaps API[2m > [22m[2mGET /api/maps[2m > [22m[2mshould reject user without team
[22m[39m[DB] Client acquired from pool

[90mstdout[2m | tests/integration/maps.test.ts[2m > [22m[2mMaps API[2m > [22m[2mGET /api/maps[2m > [22m[2mshould reject user without team
[22m[39m[DB] Client acquired from pool

[90mstdout[2m | tests/integration/maps.test.ts[2m > [22m[2mMaps API[2m > [22m[2mGET /api/maps[2m > [22m[2mshould reject user without team
[22m[39m[DB] Client acquired from pool

[90mstdout[2m | tests/integration/maps.test.ts[2m > [22m[2mMaps API[2m > [22m[2mGET /api/maps[2m > [22m[2mshould reject user without team
[22m[39m[DB] Client acquired from pool

[90mstdout[2m | tests/integration/maps.test.ts[2m > [22m[2mMaps API[2m > [22m[2mGET /api/maps[2m > [22m[2mshould reject user without team
[22m[39m[DB] Client acquired from pool
[DB] Client acquired from pool
[DB] Client acquired from pool

[90mstdout[2m | tests/integration/maps.test.ts[2m > [22m[2mMaps API[2m > [22m[2mGET /api/maps[2m > [22m[2mshould reject user without team
[22m[39m[DB] Client acquired from pool

[90mstdout[2m | tests/integration/maps.test.ts[2m > [22m[2mMaps API[2m > [22m[2mGET /api/maps[2m > [22m[2mshould reject user without team
[22m[39m[AUTH] Login success for: test-1769875192456@example.com

[90mstdout[2m | tests/integration/maps.test.ts[2m > [22m[2mMaps API[2m > [22m[2mGET /api/maps[2m > [22m[2mshould reject user without team
[22m[39m[DB] Client acquired from pool

[90mstdout[2m | tests/integration/maps.test.ts[2m > [22m[2mMaps API[2m > [22m[2mGET /api/maps[2m > [22m[2mshould reject user without team
[22m[39m[AUTH] Middleware: Token valid for player test-1769875192456@example.com team: [90mundefined[39m

[90mstdout[2m | tests/integration/maps.test.ts[2m > [22m[2mMaps API[2m > [22m[2mGET /api/maps[2m > [22m[2mshould isolate game plans by team
[22m[39m[DB] Client acquired from pool

[90mstdout[2m | tests/integration/maps.test.ts[2m > [22m[2mMaps API[2m > [22m[2mGET /api/maps[2m > [22m[2mshould isolate game plans by team
[22m[39m[DB] Client acquired from pool

[90mstdout[2m | tests/integration/maps.test.ts[2m > [22m[2mMaps API[2m > [22m[2mGET /api/maps[2m > [22m[2mshould isolate game plans by team
[22m[39m[DB] Client acquired from pool

[90mstdout[2m | tests/integration/maps.test.ts[2m > [22m[2mMaps API[2m > [22m[2mGET /api/maps[2m > [22m[2mshould isolate game plans by team
[22m[39m[DB] Client acquired from pool

[90mstdout[2m | tests/integration/maps.test.ts[2m > [22m[2mMaps API[2m > [22m[2mGET /api/maps[2m > [22m[2mshould isolate game plans by team
[22m[39m[DB] Client acquired from pool

[90mstdout[2m | tests/integration/maps.test.ts[2m > [22m[2mMaps API[2m > [22m[2mGET /api/maps[2m > [22m[2mshould isolate game plans by team
[22m[39m[DB] Client acquired from pool

[90mstdout[2m | tests/integration/maps.test.ts[2m > [22m[2mMaps API[2m > [22m[2mGET /api/maps[2m > [22m[2mshould isolate game plans by team
[22m[39m[DB] Client acquired from pool

[90mstdout[2m | tests/integration/maps.test.ts[2m > [22m[2mMaps API[2m > [22m[2mGET /api/maps[2m > [22m[2mshould isolate game plans by team
[22m[39m[DB] Client acquired from pool

[90mstdout[2m | tests/integration/maps.test.ts[2m > [22m[2mMaps API[2m > [22m[2mGET /api/maps[2m > [22m[2mshould isolate game plans by team
[22m[39m[DB] Client acquired from pool

[90mstdout[2m | tests/integration/maps.test.ts[2m > [22m[2mMaps API[2m > [22m[2mGET /api/maps[2m > [22m[2mshould isolate game plans by team
[22m[39m[AUTH] POST /api/auth/register

[90mstdout[2m | tests/integration/maps.test.ts[2m > [22m[2mMaps API[2m > [22m[2mGET /api/maps[2m > [22m[2mshould isolate game plans by team
[22m[39m[DB] Client acquired from pool

[90mstdout[2m | tests/integration/maps.test.ts[2m > [22m[2mMaps API[2m > [22m[2mGET /api/maps[2m > [22m[2mshould isolate game plans by team
[22m[39m[DB] Client acquired from pool

[90mstdout[2m | tests/integration/maps.test.ts[2m > [22m[2mMaps API[2m > [22m[2mGET /api/maps[2m > [22m[2mshould isolate game plans by team
[22m[39m[DB] Client acquired from pool

[90mstdout[2m | tests/integration/maps.test.ts[2m > [22m[2mMaps API[2m > [22m[2mGET /api/maps[2m > [22m[2mshould isolate game plans by team
[22m[39m[AUTH] Register success for: team1@example.com

[90mstdout[2m | tests/integration/maps.test.ts[2m > [22m[2mMaps API[2m > [22m[2mGET /api/maps[2m > [22m[2mshould isolate game plans by team
[22m[39m[DB] Client acquired from pool

[90mstdout[2m | tests/integration/maps.test.ts[2m > [22m[2mMaps API[2m > [22m[2mGET /api/maps[2m > [22m[2mshould isolate game plans by team
[22m[39m[AUTH] POST /api/auth/login
[AUTH] Login attempt for: team1@example.com

[90mstdout[2m | tests/integration/maps.test.ts[2m > [22m[2mMaps API[2m > [22m[2mGET /api/maps[2m > [22m[2mshould isolate game plans by team
[22m[39m[DB] Client acquired from pool

[90mstdout[2m | tests/integration/maps.test.ts[2m > [22m[2mMaps API[2m > [22m[2mGET /api/maps[2m > [22m[2mshould isolate game plans by team
[22m[39m[DB] Client acquired from pool
[DB] Client acquired from pool
[DB] Client acquired from pool

[90mstdout[2m | tests/integration/maps.test.ts[2m > [22m[2mMaps API[2m > [22m[2mGET /api/maps[2m > [22m[2mshould isolate game plans by team
[22m[39m[DB] Client acquired from pool

[90mstdout[2m | tests/integration/maps.test.ts[2m > [22m[2mMaps API[2m > [22m[2mGET /api/maps[2m > [22m[2mshould isolate game plans by team
[22m[39m[DB] Client acquired from pool

[90mstdout[2m | tests/integration/maps.test.ts[2m > [22m[2mMaps API[2m > [22m[2mGET /api/maps[2m > [22m[2mshould isolate game plans by team
[22m[39m[DB] Client acquired from pool

[90mstdout[2m | tests/integration/maps.test.ts[2m > [22m[2mMaps API[2m > [22m[2mGET /api/maps[2m > [22m[2mshould isolate game plans by team
[22m[39m[DB] Client acquired from pool

[90mstdout[2m | tests/integration/maps.test.ts[2m > [22m[2mMaps API[2m > [22m[2mGET /api/maps[2m > [22m[2mshould isolate game plans by team
[22m[39m[DB] Client acquired from pool
[DB] Client acquired from pool
[DB] Client acquired from pool

[90mstdout[2m | tests/integration/maps.test.ts[2m > [22m[2mMaps API[2m > [22m[2mGET /api/maps[2m > [22m[2mshould isolate game plans by team
[22m[39m[DB] Client acquired from pool

[90mstdout[2m | tests/integration/maps.test.ts[2m > [22m[2mMaps API[2m > [22m[2mGET /api/maps[2m > [22m[2mshould isolate game plans by team
[22m[39m[AUTH] Login success for: team1@example.com

[90mstdout[2m | tests/integration/maps.test.ts[2m > [22m[2mMaps API[2m > [22m[2mGET /api/maps[2m > [22m[2mshould isolate game plans by team
[22m[39m[DB] Client acquired from pool

[90mstdout[2m | tests/integration/maps.test.ts[2m > [22m[2mMaps API[2m > [22m[2mGET /api/maps[2m > [22m[2mshould isolate game plans by team
[22m[39m[AUTH] Middleware: Token valid for player team1@example.com team: [90mundefined[39m

[90mstdout[2m | tests/integration/maps.test.ts[2m > [22m[2mMaps API[2m > [22m[2mGET /api/maps[2m > [22m[2mshould isolate game plans by team
[22m[39m[DB] Client acquired from pool

[90mstdout[2m | tests/integration/maps.test.ts[2m > [22m[2mMaps API[2m > [22m[2mGET /api/maps[2m > [22m[2mshould isolate game plans by team
[22m[39m[DB] Client acquired from pool

[90mstdout[2m | tests/integration/maps.test.ts[2m > [22m[2mMaps API[2m > [22m[2mGET /api/maps[2m > [22m[2mshould isolate game plans by team
[22m[39m[DB] Client acquired from pool

[90mstdout[2m | tests/integration/maps.test.ts[2m > [22m[2mMaps API[2m > [22m[2mGET /api/maps[2m > [22m[2mshould isolate game plans by team
[22m[39m[DB] Client acquired from pool

[90mstdout[2m | tests/integration/maps.test.ts[2m > [22m[2mMaps API[2m > [22m[2mGET /api/maps[2m > [22m[2mshould isolate game plans by team
[22m[39m[DB] Client acquired from pool

[90mstdout[2m | tests/integration/maps.test.ts[2m > [22m[2mMaps API[2m > [22m[2mGET /api/maps[2m > [22m[2mshould isolate game plans by team
[22m[39m[DB] Client acquired from pool

[90mstdout[2m | tests/integration/maps.test.ts[2m > [22m[2mMaps API[2m > [22m[2mGET /api/maps[2m > [22m[2mshould isolate game plans by team
[22m[39m[DB] Client acquired from pool

[90mstdout[2m | tests/integration/maps.test.ts[2m > [22m[2mMaps API[2m > [22m[2mGET /api/maps[2m > [22m[2mshould isolate game plans by team
[22m[39m[AUTH] POST /api/auth/register

[90mstdout[2m | tests/integration/maps.test.ts[2m > [22m[2mMaps API[2m > [22m[2mGET /api/maps[2m > [22m[2mshould isolate game plans by team
[22m[39m[DB] Client acquired from pool

[90mstdout[2m | tests/integration/maps.test.ts[2m > [22m[2mMaps API[2m > [22m[2mGET /api/maps[2m > [22m[2mshould isolate game plans by team
[22m[39m[DB] Client acquired from pool

[90mstdout[2m | tests/integration/maps.test.ts[2m > [22m[2mMaps API[2m > [22m[2mGET /api/maps[2m > [22m[2mshould isolate game plans by team
[22m[39m[DB] Client acquired from pool

[90mstdout[2m | tests/integration/maps.test.ts[2m > [22m[2mMaps API[2m > [22m[2mGET /api/maps[2m > [22m[2mshould isolate game plans by team
[22m[39m[AUTH] Register success for: team2@example.com

[90mstdout[2m | tests/integration/maps.test.ts[2m > [22m[2mMaps API[2m > [22m[2mGET /api/maps[2m > [22m[2mshould isolate game plans by team
[22m[39m[DB] Client acquired from pool

[90mstdout[2m | tests/integration/maps.test.ts[2m > [22m[2mMaps API[2m > [22m[2mGET /api/maps[2m > [22m[2mshould isolate game plans by team
[22m[39m[AUTH] POST /api/auth/login
[AUTH] Login attempt for: team2@example.com

[90mstdout[2m | tests/integration/maps.test.ts[2m > [22m[2mMaps API[2m > [22m[2mGET /api/maps[2m > [22m[2mshould isolate game plans by team
[22m[39m[DB] Client acquired from pool

[90mstdout[2m | tests/integration/maps.test.ts[2m > [22m[2mMaps API[2m > [22m[2mGET /api/maps[2m > [22m[2mshould isolate game plans by team
[22m[39m[DB] Client acquired from pool
[DB] Client acquired from pool
[DB] Client acquired from pool

[90mstdout[2m | tests/integration/maps.test.ts[2m > [22m[2mMaps API[2m > [22m[2mGET /api/maps[2m > [22m[2mshould isolate game plans by team
[22m[39m[DB] Client acquired from pool

[90mstdout[2m | tests/integration/maps.test.ts[2m > [22m[2mMaps API[2m > [22m[2mGET /api/maps[2m > [22m[2mshould isolate game plans by team
[22m[39m[DB] Client acquired from pool

[90mstdout[2m | tests/integration/maps.test.ts[2m > [22m[2mMaps API[2m > [22m[2mGET /api/maps[2m > [22m[2mshould isolate game plans by team
[22m[39m[DB] Client acquired from pool

[90mstdout[2m | tests/integration/maps.test.ts[2m > [22m[2mMaps API[2m > [22m[2mGET /api/maps[2m > [22m[2mshould isolate game plans by team
[22m[39m[DB] Client acquired from pool

[90mstdout[2m | tests/integration/maps.test.ts[2m > [22m[2mMaps API[2m > [22m[2mGET /api/maps[2m > [22m[2mshould isolate game plans by team
[22m[39m[DB] Client acquired from pool
[DB] Client acquired from pool
[DB] Client acquired from pool

[90mstdout[2m | tests/integration/maps.test.ts[2m > [22m[2mMaps API[2m > [22m[2mGET /api/maps[2m > [22m[2mshould isolate game plans by team
[22m[39m[DB] Client acquired from pool

[90mstdout[2m | tests/integration/maps.test.ts[2m > [22m[2mMaps API[2m > [22m[2mGET /api/maps[2m > [22m[2mshould isolate game plans by team
[22m[39m[AUTH] Login success for: team2@example.com

[90mstdout[2m | tests/integration/maps.test.ts[2m > [22m[2mMaps API[2m > [22m[2mGET /api/maps[2m > [22m[2mshould isolate game plans by team
[22m[39m[DB] Client acquired from pool

[90mstdout[2m | tests/integration/maps.test.ts[2m > [22m[2mMaps API[2m > [22m[2mGET /api/maps[2m > [22m[2mshould isolate game plans by team
[22m[39m[AUTH] Middleware: Token valid for player team2@example.com team: [90mundefined[39m

[90mstdout[2m | tests/integration/maps.test.ts[2m > [22m[2mMaps API[2m > [22m[2mGET /api/maps[2m > [22m[2mshould isolate game plans by team
[22m[39m[DB] Client acquired from pool

[90mstdout[2m | tests/integration/maps.test.ts[2m > [22m[2mMaps API[2m > [22m[2mGET /api/maps[2m > [22m[2mshould isolate game plans by team
[22m[39m[DB] Client acquired from pool

[90mstdout[2m | tests/integration/maps.test.ts[2m > [22m[2mMaps API[2m > [22m[2mGET /api/maps[2m > [22m[2mshould isolate game plans by team
[22m[39m[DB] Client acquired from pool

[90mstdout[2m | tests/integration/maps.test.ts[2m > [22m[2mMaps API[2m > [22m[2mGET /api/maps[2m > [22m[2mshould isolate game plans by team
[22m[39m[DB] Client acquired from pool

[90mstdout[2m | tests/integration/maps.test.ts[2m > [22m[2mMaps API[2m > [22m[2mGET /api/maps[2m > [22m[2mshould isolate game plans by team
[22m[39m[DB] Client acquired from pool

[90mstdout[2m | tests/integration/maps.test.ts[2m > [22m[2mMaps API[2m > [22m[2mGET /api/maps[2m > [22m[2mshould isolate game plans by team
[22m[39m[DB] Client acquired from pool

[90mstdout[2m | tests/integration/maps.test.ts[2m > [22m[2mMaps API[2m > [22m[2mGET /api/maps[2m > [22m[2mshould isolate game plans by team
[22m[39m[DB] Client acquired from pool

[90mstdout[2m | tests/integration/maps.test.ts[2m > [22m[2mMaps API[2m > [22m[2mGET /api/maps[2m > [22m[2mshould isolate game plans by team
[22m[39m[DB] Client acquired from pool

[90mstdout[2m | tests/integration/maps.test.ts[2m > [22m[2mMaps API[2m > [22m[2mGET /api/maps[2m > [22m[2mshould isolate game plans by team
[22m[39m[DB] Client acquired from pool

[90mstdout[2m | tests/integration/maps.test.ts[2m > [22m[2mMaps API[2m > [22m[2mGET /api/maps[2m > [22m[2mshould isolate game plans by team
[22m[39m[DB] Client acquired from pool

[90mstdout[2m | tests/integration/maps.test.ts[2m > [22m[2mMaps API[2m > [22m[2mGET /api/maps[2m > [22m[2mshould isolate game plans by team
[22m[39m[DB] Client acquired from pool

[90mstdout[2m | tests/integration/maps.test.ts[2m > [22m[2mMaps API[2m > [22m[2mGET /api/maps[2m > [22m[2mshould isolate game plans by team
[22m[39m[DB] Client acquired from pool

[90mstdout[2m | tests/integration/maps.test.ts[2m > [22m[2mMaps API[2m > [22m[2mGET /api/maps[2m > [22m[2mshould isolate game plans by team
[22m[39m[AUTH] Middleware: Token valid for player team1@example.com team: cml2hzqu3000cpouizrcuv0xv
[API] GET /api/maps for team: cml2hzqu3000cpouizrcuv0xv

[90mstdout[2m | tests/integration/maps.test.ts[2m > [22m[2mMaps API[2m > [22m[2mGET /api/maps[2m > [22m[2mshould isolate game plans by team
[22m[39m[DB] Client acquired from pool

[90mstdout[2m | tests/integration/maps.test.ts[2m > [22m[2mMaps API[2m > [22m[2mGET /api/maps[2m > [22m[2mshould isolate game plans by team
[22m[39m[DB] Client acquired from pool

[90mstdout[2m | tests/integration/maps.test.ts[2m > [22m[2mMaps API[2m > [22m[2mGET /api/maps[2m > [22m[2mshould isolate game plans by team
[22m[39m[DB] Client acquired from pool

[90mstdout[2m | tests/integration/maps.test.ts[2m > [22m[2mMaps API[2m > [22m[2mGET /api/maps[2m > [22m[2mshould isolate game plans by team
[22m[39m[DB] Client acquired from pool

[90mstdout[2m | tests/integration/maps.test.ts[2m > [22m[2mMaps API[2m > [22m[2mGET /api/maps[2m > [22m[2mshould isolate game plans by team
[22m[39m[DB] Client acquired from pool

[90mstdout[2m | tests/integration/maps.test.ts[2m > [22m[2mMaps API[2m > [22m[2mGET /api/maps[2m > [22m[2mshould isolate game plans by team
[22m[39m[API] Returning [33m2[39m maps

[90mstdout[2m | tests/integration/maps.test.ts[2m > [22m[2mMaps API[2m > [22m[2mGET /api/maps[2m > [22m[2mshould isolate game plans by team
[22m[39m[DB] Client acquired from pool

[90mstdout[2m | tests/integration/maps.test.ts[2m > [22m[2mMaps API[2m > [22m[2mGET /api/maps[2m > [22m[2mshould isolate game plans by team
[22m[39m[AUTH] Middleware: Token valid for player team2@example.com team: cml2hzqy5000ipouidsjiqwhu
[API] GET /api/maps for team: cml2hzqy5000ipouidsjiqwhu

[90mstdout[2m | tests/integration/maps.test.ts[2m > [22m[2mMaps API[2m > [22m[2mGET /api/maps[2m > [22m[2mshould isolate game plans by team
[22m[39m[DB] Client acquired from pool

[90mstdout[2m | tests/integration/maps.test.ts[2m > [22m[2mMaps API[2m > [22m[2mGET /api/maps[2m > [22m[2mshould isolate game plans by team
[22m[39m[DB] Client acquired from pool

[90mstdout[2m | tests/integration/maps.test.ts[2m > [22m[2mMaps API[2m > [22m[2mGET /api/maps[2m > [22m[2mshould isolate game plans by team
[22m[39m[DB] Client acquired from pool

[90mstdout[2m | tests/integration/maps.test.ts[2m > [22m[2mMaps API[2m > [22m[2mGET /api/maps[2m > [22m[2mshould isolate game plans by team
[22m[39m[DB] Client acquired from pool

[90mstdout[2m | tests/integration/maps.test.ts[2m > [22m[2mMaps API[2m > [22m[2mGET /api/maps[2m > [22m[2mshould isolate game plans by team
[22m[39m[DB] Client acquired from pool

[90mstdout[2m | tests/integration/maps.test.ts[2m > [22m[2mMaps API[2m > [22m[2mGET /api/maps[2m > [22m[2mshould isolate game plans by team
[22m[39m[API] Returning [33m2[39m maps

[90mstdout[2m | tests/integration/maps.test.ts
[22m[39m[DB] Client acquired from pool

[90mstdout[2m | tests/integration/maps.test.ts
[22m[39m[DB] Client acquired from pool

[90mstdout[2m | tests/integration/maps.test.ts
[22m[39m[DB] Client acquired from pool

[90mstdout[2m | tests/integration/maps.test.ts
[22m[39m[DB] Client acquired from pool

[90mstdout[2m | tests/integration/maps.test.ts
[22m[39m[DB] Client acquired from pool

[90mstdout[2m | tests/integration/maps.test.ts
[22m[39m[DB] Client acquired from pool

[90mstdout[2m | tests/integration/maps.test.ts
[22m[39m[DB] Client acquired from pool

[90mstdout[2m | tests/integration/maps.test.ts
[22m[39m[DB] Client acquired from pool

[90mstdout[2m | tests/integration/maps.test.ts
[22m[39m[DB] Client acquired from pool

 [32mÔ£ô[39m tests/integration/maps.test.ts [2m([22m[2m4 tests[22m[2m)[22m[33m 754[2mms[22m[39m
       [33m[2mÔ£ô[22m[39m should isolate game plans by team [33m 322[2mms[22m[39m
node.exe : 
Au caractère D:\SOFTS\Node\npm.ps1:29 : 3
+   & $NODE_EXE $NPM_CLI_JS $args
+   ~~~~~~~~~~~~~~~~~~~~~~~~~~~~~
    + CategoryInfo          : NotSpecified: (:String) [], RemoteException
    + FullyQualifiedErrorId : NativeCommandError
 
[31mÔÄ»ÔÄ»ÔÄ»ÔÄ»ÔÄ»ÔÄ»ÔÄ»[39m[1m[41m Failed Tests 1 [49m[22m[31mÔÄ»ÔÄ»ÔÄ»ÔÄ»ÔÄ»ÔÄ»ÔÄ»[39m

[41m[1m FAIL [22m[49m tests/integration/auth.test.ts[2m > [22mAuth API[2m > [22mPOST /api/auth/login[2m > [22mshould login successfully with valid credentials
[31m[1mAssertionError[22m: expected { ÔÇª(2) } to have property "user"[39m
[36m [2mÔØ»[22m tests/integration/auth.test.ts:[2m114:24[22m[39m
    [90m112| [39m
    [90m113| [39m      [34mexpect[39m(res[33m.[39mstatus)[33m.[39m[34mtoBe[39m([34m200[39m)[33m;[39m
    [90m114| [39m      [34mexpect[39m(res[33m.[39mbody)[33m.[39m[34mtoHaveProperty[39m([32m'user'[39m)[33m;[39m
    [90m   | [39m                       [31m^[39m
    [90m115| [39m      [34mexpect[39m(res[33m.[39mbody[33m.[39muser[33m.[39memail)[33m.[39m[34mtoBe[39m([32m'login@example.com'[39m)[33m;[39m
    [90m116| [39m

[31m[2mÔÄ»ÔÄ»ÔÄ»ÔÄ»ÔÄ»ÔÄ»ÔÄ»ÔÄ»ÔÄ»ÔÄ»ÔÄ»ÔÄ»ÔÄ»ÔÄ»ÔÄ»ÔÄ»ÔÄ»ÔÄ»ÔÄ»ÔÄ»ÔÄ»ÔÄ»ÔÄ»ÔÄ»[1/1]ÔÄ»[22m[39m


[2m Test Files [22m [1m[31m1 failed[39m[22m[2m | [22m[1m[32m3 passed[39m[22m[90m (4)[39m
[2m      Tests [22m [1m[31m1 failed[39m[22m[2m | [22m[1m[32m58 passed[39m[22m[90m (59)[39m
[2m   Start at [22m 16:59:42
[2m   Duration [22m 10.44s[2m (transform 233ms, setup 317ms, import 1.08s, tests 8.63s, environment 0ms)[22m

